Java HotSpot(TM) 64-Bit Server VM (25.251-b08) for windows-amd64 JRE (1.8.0_251-b08), built on Mar 12 2020 06:31:49 by "" with MS VC++ 10.0 (VS2010)
Memory: 4k page, physical 16474744k(10579832k free), swap 22504056k(15672108k free)
CommandLine flags: -XX:InitialHeapSize=209715200 -XX:MaxHeapSize=209715200 -XX:MaxNewSize=104857600 -XX:MaxTenuringThreshold=15 -XX:NewSize=104857600 -XX:OldPLABSize=16 -XX:PretenureSizeThreshold=3145728 -XX:+PrintGC -XX:+PrintGCDetails -XX:+PrintGCTimeStamps -XX:SurvivorRatio=8 -XX:+UseCompressedClassPointers -XX:+UseCompressedOops -XX:+UseConcMarkSweepGC -XX:-UseLargePagesIndividualAllocation -XX:+UseParNewGC 
31.403: [GC (Allocation Failure) 31.404: [ParNew: 80898K->2677K(92160K), 0.0021138 secs] 80898K->2677K(194560K), 0.0023872 secs] [Times: user=0.00 sys=0.00, real=0.00 secs] 
33.410: [GC (Allocation Failure) 33.410: [ParNew: 84122K->1848K(92160K), 0.0025233 secs] 84122K->1848K(194560K), 0.0026339 secs] [Times: user=0.00 sys=0.00, real=0.00 secs] 
34.425: [GC (Allocation Failure) 34.425: [ParNew: 82899K->2915K(92160K), 0.0023677 secs] 82899K->2915K(194560K), 0.0025518 secs] [Times: user=0.00 sys=0.00, real=0.00 secs] 
36.441: [GC (Allocation Failure) 36.441: [ParNew: 84378K->2800K(92160K), 0.0035269 secs] 84378K->2800K(194560K), 0.0036837 secs] [Times: user=0.00 sys=0.00, real=0.00 secs] 
37.454: [GC (Allocation Failure) 37.455: [ParNew: 84276K->2811K(92160K), 0.0024296 secs] 84276K->2811K(194560K), 0.0025412 secs] [Times: user=0.00 sys=0.00, real=0.00 secs] 
39.471: [GC (Allocation Failure) 39.471: [ParNew: 84295K->2813K(92160K), 0.0027796 secs] 84295K->2813K(194560K), 0.0029113 secs] [Times: user=0.00 sys=0.00, real=0.00 secs] 
40.484: [GC (Allocation Failure) 40.484: [ParNew: 84303K->2814K(92160K), 0.0012500 secs] 84303K->2814K(194560K), 0.0013048 secs] [Times: user=0.13 sys=0.00, real=0.00 secs] 
42.498: [GC (Allocation Failure) 42.498: [ParNew: 84307K->2814K(92160K), 0.0034241 secs] 84307K->2814K(194560K), 0.0035871 secs] [Times: user=0.13 sys=0.00, real=0.00 secs] 
44.519: [GC (Allocation Failure) 44.519: [ParNew: 84310K->2814K(92160K), 0.0011663 secs] 84310K->2814K(194560K), 0.0012712 secs] [Times: user=0.00 sys=0.00, real=0.00 secs] 
45.525: [GC (Allocation Failure) 45.525: [ParNew: 84311K->2977K(92160K), 0.0011082 secs] 84311K->2977K(194560K), 0.0011635 secs] [Times: user=0.00 sys=0.00, real=0.00 secs] 
47.534: [GC (Allocation Failure) 47.534: [ParNew: 84475K->2977K(92160K), 0.0011304 secs] 84475K->2977K(194560K), 0.0011915 secs] [Times: user=0.00 sys=0.00, real=0.00 secs] 
48.535: [GC (Allocation Failure) 48.535: [ParNew: 84475K->2814K(92160K), 0.0011788 secs] 84475K->2814K(194560K), 0.0012317 secs] [Times: user=0.00 sys=0.00, real=0.00 secs] 
50.541: [GC (Allocation Failure) 50.541: [ParNew: 84313K->2814K(92160K), 0.0009186 secs] 84313K->2814K(194560K), 0.0009773 secs] [Times: user=0.00 sys=0.00, real=0.00 secs] 
51.554: [GC (Allocation Failure) 51.554: [ParNew: 84313K->2814K(92160K), 0.0012286 secs] 84313K->2814K(194560K), 0.0012999 secs] [Times: user=0.00 sys=0.00, real=0.00 secs] 
53.557: [GC (Allocation Failure) 53.557: [ParNew: 84314K->2814K(92160K), 0.0013278 secs] 84314K->2814K(194560K), 0.0013991 secs] [Times: user=0.00 sys=0.00, real=0.00 secs] 
55.566: [GC (Allocation Failure) 55.566: [ParNew: 84314K->1024K(92160K), 0.0090188 secs] 84314K->2442K(194560K), 0.0090938 secs] [Times: user=0.00 sys=0.00, real=0.00 secs] 
56.567: [GC (Allocation Failure) 56.567: [ParNew: 82523K->1024K(92160K), 0.0007275 secs] 83941K->2442K(194560K), 0.0007783 secs] [Times: user=0.00 sys=0.00, real=0.00 secs] 
58.574: [GC (Allocation Failure) 58.574: [ParNew: 82523K->1024K(92160K), 0.0004446 secs] 83941K->2442K(194560K), 0.0005157 secs] [Times: user=0.00 sys=0.00, real=0.00 secs] 
59.580: [GC (Allocation Failure) 59.580: [ParNew: 82523K->1024K(92160K), 0.0005620 secs] 83941K->2442K(194560K), 0.0006311 secs] [Times: user=0.00 sys=0.00, real=0.00 secs] 
61.588: [GC (Allocation Failure) 61.588: [ParNew: 82523K->1024K(92160K), 0.0007088 secs] 83941K->2442K(194560K), 0.0007769 secs] [Times: user=0.00 sys=0.00, real=0.00 secs] 
62.601: [GC (Allocation Failure) 62.601: [ParNew: 82523K->1024K(92160K), 0.0006004 secs] 83941K->2442K(194560K), 0.0006896 secs] [Times: user=0.00 sys=0.00, real=0.00 secs] 
64.605: [GC (Allocation Failure) 64.605: [ParNew: 82523K->1024K(92160K), 0.0007751 secs] 83941K->2442K(194560K), 0.0008442 secs] [Times: user=0.00 sys=0.00, real=0.00 secs] 
66.614: [GC (Allocation Failure) 66.614: [ParNew: 82523K->1024K(92160K), 0.0008532 secs] 83941K->2442K(194560K), 0.0009270 secs] [Times: user=0.00 sys=0.00, real=0.00 secs] 
67.623: [GC (Allocation Failure) 67.623: [ParNew: 82523K->1024K(92160K), 0.0007271 secs] 83941K->2442K(194560K), 0.0008111 secs] [Times: user=0.00 sys=0.00, real=0.00 secs] 
69.644: [GC (Allocation Failure) 69.644: [ParNew: 82523K->1024K(92160K), 0.0007632 secs] 83941K->2442K(194560K), 0.0008404 secs] [Times: user=0.00 sys=0.00, real=0.00 secs] 
70.647: [GC (Allocation Failure) 70.647: [ParNew: 82523K->1024K(92160K), 0.0008561 secs] 83941K->2442K(194560K), 0.0009332 secs] [Times: user=0.00 sys=0.00, real=0.00 secs] 
72.655: [GC (Allocation Failure) 72.655: [ParNew: 82523K->1024K(92160K), 0.0007007 secs] 83941K->2442K(194560K), 0.0007530 secs] [Times: user=0.00 sys=0.00, real=0.00 secs] 
74.669: [GC (Allocation Failure) 74.669: [ParNew: 82523K->1024K(92160K), 0.0006087 secs] 83941K->2442K(194560K), 0.0006853 secs] [Times: user=0.00 sys=0.00, real=0.00 secs] 
75.677: [GC (Allocation Failure) 75.677: [ParNew: 82523K->1024K(92160K), 0.0008242 secs] 83941K->2442K(194560K), 0.0009005 secs] [Times: user=0.00 sys=0.00, real=0.00 secs] 
77.706: [GC (Allocation Failure) 77.706: [ParNew: 82523K->1024K(92160K), 0.0008062 secs] 83941K->2442K(194560K), 0.0008877 secs] [Times: user=0.00 sys=0.00, real=0.00 secs] 
78.710: [GC (Allocation Failure) 78.710: [ParNew: 82523K->1024K(92160K), 0.0008762 secs] 83941K->2442K(194560K), 0.0009542 secs] [Times: user=0.00 sys=0.00, real=0.00 secs] 
80.717: [GC (Allocation Failure) 80.717: [ParNew: 82523K->1024K(92160K), 0.0010443 secs] 83941K->2442K(194560K), 0.0011254 secs] [Times: user=0.00 sys=0.00, real=0.00 secs] 
81.742: [GC (Allocation Failure) 81.742: [ParNew: 82523K->1024K(92160K), 0.0012364 secs] 83941K->2442K(194560K), 0.0013258 secs] [Times: user=0.00 sys=0.00, real=0.00 secs] 
83.741: [GC (Allocation Failure) 83.741: [ParNew: 82523K->1024K(92160K), 0.0007597 secs] 83941K->2442K(194560K), 0.0008124 secs] [Times: user=0.00 sys=0.00, real=0.00 secs] 
85.753: [GC (Allocation Failure) 85.753: [ParNew: 82523K->1024K(92160K), 0.0006730 secs] 83941K->2442K(194560K), 0.0007501 secs] [Times: user=0.00 sys=0.00, real=0.00 secs] 
86.757: [GC (Allocation Failure) 86.757: [ParNew: 82523K->1024K(92160K), 0.0010538 secs] 83941K->2442K(194560K), 0.0011444 secs] [Times: user=0.00 sys=0.00, real=0.00 secs] 
88.765: [GC (Allocation Failure) 88.765: [ParNew: 82523K->1024K(92160K), 0.0007802 secs] 83941K->2442K(194560K), 0.0008473 secs] [Times: user=0.00 sys=0.00, real=0.00 secs] 
89.786: [GC (Allocation Failure) 89.786: [ParNew: 82523K->1024K(92160K), 0.0006349 secs] 83941K->2442K(194560K), 0.0006954 secs] [Times: user=0.00 sys=0.00, real=0.00 secs] 
91.792: [GC (Allocation Failure) 91.792: [ParNew: 82523K->1024K(92160K), 0.0011553 secs] 83941K->2442K(194560K), 0.0012566 secs] [Times: user=0.00 sys=0.00, real=0.00 secs] 
93.815: [GC (Allocation Failure) 93.815: [ParNew: 82523K->0K(92160K), 0.0011625 secs] 83941K->1418K(194560K), 0.0013030 secs] [Times: user=0.00 sys=0.00, real=0.00 secs] 
94.818: [GC (Allocation Failure) 94.818: [ParNew: 81499K->1024K(92160K), 0.0005269 secs] 82917K->2442K(194560K), 0.0005994 secs] [Times: user=0.00 sys=0.00, real=0.00 secs] 
96.827: [GC (Allocation Failure) 96.827: [ParNew: 82523K->1024K(92160K), 0.0007747 secs] 83941K->2442K(194560K), 0.0008430 secs] [Times: user=0.00 sys=0.00, real=0.00 secs] 
97.837: [GC (Allocation Failure) 97.837: [ParNew: 82523K->1024K(92160K), 0.0008932 secs] 83941K->2442K(194560K), 0.0010171 secs] [Times: user=0.00 sys=0.00, real=0.00 secs] 
99.846: [GC (Allocation Failure) 99.846: [ParNew: 82523K->1024K(92160K), 0.0006295 secs] 83941K->2442K(194560K), 0.0007000 secs] [Times: user=0.00 sys=0.00, real=0.00 secs] 
100.869: [GC (Allocation Failure) 100.869: [ParNew: 82523K->1024K(92160K), 0.0012928 secs] 83941K->2442K(194560K), 0.0014018 secs] [Times: user=0.00 sys=0.00, real=0.00 secs] 
102.874: [GC (Allocation Failure) 102.874: [ParNew: 82523K->1024K(92160K), 0.0013294 secs] 83941K->2442K(194560K), 0.0014290 secs] [Times: user=0.00 sys=0.00, real=0.00 secs] 
104.885: [GC (Allocation Failure) 104.885: [ParNew: 82523K->1024K(92160K), 0.0007445 secs] 83941K->2442K(194560K), 0.0008228 secs] [Times: user=0.00 sys=0.00, real=0.00 secs] 
105.895: [GC (Allocation Failure) 105.895: [ParNew: 82523K->1024K(92160K), 0.0007314 secs] 83941K->2442K(194560K), 0.0008024 secs] [Times: user=0.00 sys=0.00, real=0.00 secs] 
107.909: [GC (Allocation Failure) 107.909: [ParNew: 82523K->1024K(92160K), 0.0006576 secs] 83941K->2442K(194560K), 0.0007260 secs] [Times: user=0.00 sys=0.00, real=0.00 secs] 
108.916: [GC (Allocation Failure) 108.916: [ParNew: 82523K->1024K(92160K), 0.0005792 secs] 83941K->2442K(194560K), 0.0006329 secs] [Times: user=0.00 sys=0.00, real=0.00 secs] 
110.929: [GC (Allocation Failure) 110.929: [ParNew: 82523K->1024K(92160K), 0.0013654 secs] 83941K->2442K(194560K), 0.0014722 secs] [Times: user=0.00 sys=0.00, real=0.00 secs] 
111.944: [GC (Allocation Failure) 111.944: [ParNew: 82523K->1024K(92160K), 0.0011782 secs] 83941K->2442K(194560K), 0.0012904 secs] [Times: user=0.00 sys=0.00, real=0.00 secs] 
113.956: [GC (Allocation Failure) 113.956: [ParNew: 82523K->1024K(92160K), 0.0007673 secs] 83941K->2442K(194560K), 0.0008192 secs] [Times: user=0.00 sys=0.00, real=0.00 secs] 
115.972: [GC (Allocation Failure) 115.972: [ParNew: 82523K->1024K(92160K), 0.0009626 secs] 83941K->2442K(194560K), 0.0010825 secs] [Times: user=0.00 sys=0.00, real=0.00 secs] 
116.987: [GC (Allocation Failure) 116.987: [ParNew: 82523K->1024K(92160K), 0.0012396 secs] 83941K->2442K(194560K), 0.0013693 secs] [Times: user=0.00 sys=0.00, real=0.00 secs] 
119.003: [GC (Allocation Failure) 119.003: [ParNew: 82523K->1024K(92160K), 0.0015224 secs] 83941K->2442K(194560K), 0.0016834 secs] [Times: user=0.00 sys=0.00, real=0.00 secs] 
120.014: [GC (Allocation Failure) 120.014: [ParNew: 82523K->1024K(92160K), 0.0007301 secs] 83941K->2442K(194560K), 0.0007820 secs] [Times: user=0.00 sys=0.00, real=0.00 secs] 
122.034: [GC (Allocation Failure) 122.035: [ParNew: 82523K->1024K(92160K), 0.0005611 secs] 83941K->2442K(194560K), 0.0006342 secs] [Times: user=0.00 sys=0.00, real=0.00 secs] 
124.037: [GC (Allocation Failure) 124.037: [ParNew: 82523K->1024K(92160K), 0.0006623 secs] 83941K->2442K(194560K), 0.0007348 secs] [Times: user=0.00 sys=0.00, real=0.00 secs] 
125.047: [GC (Allocation Failure) 125.047: [ParNew: 82523K->1024K(92160K), 0.0010627 secs] 83941K->2442K(194560K), 0.0011931 secs] [Times: user=0.02 sys=0.00, real=0.00 secs] 
127.055: [GC (Allocation Failure) 127.055: [ParNew: 82523K->1024K(92160K), 0.0008659 secs] 83941K->2442K(194560K), 0.0009358 secs] [Times: user=0.00 sys=0.00, real=0.00 secs] 
128.063: [GC (Allocation Failure) 128.063: [ParNew: 82523K->1024K(92160K), 0.0005633 secs] 83941K->2442K(194560K), 0.0006326 secs] [Times: user=0.00 sys=0.00, real=0.00 secs] 
130.088: [GC (Allocation Failure) 130.088: [ParNew: 82523K->1024K(92160K), 0.0006551 secs] 83941K->2442K(194560K), 0.0007247 secs] [Times: user=0.00 sys=0.00, real=0.00 secs] 
131.096: [GC (Allocation Failure) 131.096: [ParNew: 82523K->1024K(92160K), 0.0007913 secs] 83941K->2442K(194560K), 0.0008534 secs] [Times: user=0.00 sys=0.00, real=0.00 secs] 
133.122: [GC (Allocation Failure) 133.122: [ParNew: 82523K->1024K(92160K), 0.0021367 secs] 83941K->2442K(194560K), 0.0022968 secs] [Times: user=0.00 sys=0.00, real=0.00 secs] 
135.137: [GC (Allocation Failure) 135.137: [ParNew: 82523K->0K(92160K), 0.0008847 secs] 83941K->1418K(194560K), 0.0009503 secs] [Times: user=0.00 sys=0.00, real=0.00 secs] 
136.149: [GC (Allocation Failure) 136.149: [ParNew: 81499K->0K(92160K), 0.0006925 secs] 82917K->1418K(194560K), 0.0007644 secs] [Times: user=0.00 sys=0.00, real=0.00 secs] 
138.161: [GC (Allocation Failure) 138.161: [ParNew: 81503K->0K(92160K), 0.0005244 secs] 82921K->1418K(194560K), 0.0005933 secs] [Times: user=0.00 sys=0.00, real=0.00 secs] 
139.166: [GC (Allocation Failure) 139.166: [ParNew: 81502K->0K(92160K), 0.0005774 secs] 82920K->1418K(194560K), 0.0006536 secs] [Times: user=0.00 sys=0.00, real=0.00 secs] 
141.176: [GC (Allocation Failure) 141.176: [ParNew: 81501K->0K(92160K), 0.0009090 secs] 82919K->1418K(194560K), 0.0009780 secs] [Times: user=0.00 sys=0.00, real=0.00 secs] 
142.195: [GC (Allocation Failure) 142.195: [ParNew: 81500K->0K(92160K), 0.0007185 secs] 82918K->1418K(194560K), 0.0007875 secs] [Times: user=0.00 sys=0.00, real=0.00 secs] 
144.200: [GC (Allocation Failure) 144.200: [ParNew: 81500K->0K(92160K), 0.0006672 secs] 82918K->1418K(194560K), 0.0007478 secs] [Times: user=0.00 sys=0.00, real=0.00 secs] 
146.211: [GC (Allocation Failure) 146.211: [ParNew: 81499K->0K(92160K), 0.0009495 secs] 82918K->1418K(194560K), 0.0010316 secs] [Times: user=0.00 sys=0.00, real=0.00 secs] 
147.224: [GC (Allocation Failure) 147.224: [ParNew: 81499K->0K(92160K), 0.0006276 secs] 82917K->1418K(194560K), 0.0007082 secs] [Times: user=0.00 sys=0.00, real=0.00 secs] 
149.238: [GC (Allocation Failure) 149.238: [ParNew: 81499K->0K(92160K), 0.0006445 secs] 82917K->1418K(194560K), 0.0007134 secs] [Times: user=0.00 sys=0.00, real=0.00 secs] 
150.241: [GC (Allocation Failure) 150.241: [ParNew: 81499K->0K(92160K), 0.0007881 secs] 82917K->1418K(194560K), 0.0008472 secs] [Times: user=0.00 sys=0.00, real=0.00 secs] 
152.250: [GC (Allocation Failure) 152.250: [ParNew: 81499K->0K(92160K), 0.0006943 secs] 82917K->1418K(194560K), 0.0007638 secs] [Times: user=0.01 sys=0.00, real=0.00 secs] 
154.260: [GC (Allocation Failure) 154.260: [ParNew: 81499K->0K(92160K), 0.0011717 secs] 82917K->1418K(194560K), 0.0012435 secs] [Times: user=0.00 sys=0.00, real=0.00 secs] 
155.271: [GC (Allocation Failure) 155.271: [ParNew: 81499K->0K(92160K), 0.0006654 secs] 82917K->1418K(194560K), 0.0007355 secs] [Times: user=0.00 sys=0.00, real=0.00 secs] 
157.284: [GC (Allocation Failure) 157.284: [ParNew: 81499K->0K(92160K), 0.0009786 secs] 82917K->1418K(194560K), 0.0010504 secs] [Times: user=0.00 sys=0.00, real=0.00 secs] 
158.295: [GC (Allocation Failure) 158.295: [ParNew: 81499K->0K(92160K), 0.0008974 secs] 82917K->1418K(194560K), 0.0009702 secs] [Times: user=0.00 sys=0.00, real=0.00 secs] 
160.306: [GC (Allocation Failure) 160.306: [ParNew: 81499K->0K(92160K), 0.0005789 secs] 82917K->1418K(194560K), 0.0006543 secs] [Times: user=0.00 sys=0.00, real=0.00 secs] 
161.316: [GC (Allocation Failure) 161.316: [ParNew: 81499K->0K(92160K), 0.0006137 secs] 82917K->1418K(194560K), 0.0006777 secs] [Times: user=0.00 sys=0.00, real=0.00 secs] 
163.333: [GC (Allocation Failure) 163.333: [ParNew: 81499K->0K(92160K), 0.0009074 secs] 82917K->1418K(194560K), 0.0009896 secs] [Times: user=0.00 sys=0.00, real=0.00 secs] 
165.338: [GC (Allocation Failure) 165.338: [ParNew: 81499K->0K(92160K), 0.0006827 secs] 82917K->1418K(194560K), 0.0007636 secs] [Times: user=0.00 sys=0.00, real=0.00 secs] 
166.349: [GC (Allocation Failure) 166.349: [ParNew: 81499K->0K(92160K), 0.0009312 secs] 82917K->1418K(194560K), 0.0010096 secs] [Times: user=0.00 sys=0.00, real=0.00 secs] 
168.362: [GC (Allocation Failure) 168.362: [ParNew: 81499K->0K(92160K), 0.0005972 secs] 82917K->1418K(194560K), 0.0006734 secs] [Times: user=0.00 sys=0.00, real=0.00 secs] 
169.375: [GC (Allocation Failure) 169.375: [ParNew: 81499K->0K(92160K), 0.0008235 secs] 82917K->1418K(194560K), 0.0009255 secs] [Times: user=0.00 sys=0.00, real=0.00 secs] 
171.394: [GC (Allocation Failure) 171.394: [ParNew: 81499K->0K(92160K), 0.0007006 secs] 82917K->1418K(194560K), 0.0007758 secs] [Times: user=0.00 sys=0.00, real=0.00 secs] 
173.400: [GC (Allocation Failure) 173.400: [ParNew: 81499K->0K(92160K), 0.0011083 secs] 82917K->1418K(194560K), 0.0011888 secs] [Times: user=0.00 sys=0.00, real=0.00 secs] 
174.413: [GC (Allocation Failure) 174.413: [ParNew: 81499K->0K(92160K), 0.0011938 secs] 82917K->1418K(194560K), 0.0013030 secs] [Times: user=0.00 sys=0.00, real=0.00 secs] 
176.425: [GC (Allocation Failure) 176.425: [ParNew: 81499K->0K(92160K), 0.0007832 secs] 82917K->1418K(194560K), 0.0008831 secs] [Times: user=0.00 sys=0.00, real=0.00 secs] 
177.440: [GC (Allocation Failure) 177.440: [ParNew: 81499K->0K(92160K), 0.0009854 secs] 82917K->1418K(194560K), 0.0011036 secs] [Times: user=0.00 sys=0.00, real=0.00 secs] 
179.458: [GC (Allocation Failure) 179.459: [ParNew: 81499K->0K(92160K), 0.0016428 secs] 82917K->1418K(194560K), 0.0018036 secs] [Times: user=0.00 sys=0.00, real=0.00 secs] 
180.464: [GC (Allocation Failure) 180.464: [ParNew: 81499K->0K(92160K), 0.0015198 secs] 82917K->1418K(194560K), 0.0016488 secs] [Times: user=0.00 sys=0.00, real=0.00 secs] 
182.479: [GC (Allocation Failure) 182.479: [ParNew: 81499K->0K(92160K), 0.0013083 secs] 82917K->1418K(194560K), 0.0014262 secs] [Times: user=0.00 sys=0.00, real=0.00 secs] 
184.486: [GC (Allocation Failure) 184.486: [ParNew: 81499K->0K(92160K), 0.0008510 secs] 82917K->1418K(194560K), 0.0009276 secs] [Times: user=0.00 sys=0.00, real=0.00 secs] 
185.498: [GC (Allocation Failure) 185.498: [ParNew: 81499K->0K(92160K), 0.0009080 secs] 82917K->1418K(194560K), 0.0009888 secs] [Times: user=0.00 sys=0.00, real=0.00 secs] 
187.511: [GC (Allocation Failure) 187.511: [ParNew: 81499K->0K(92160K), 0.0010013 secs] 82917K->1418K(194560K), 0.0010803 secs] [Times: user=0.00 sys=0.00, real=0.00 secs] 
188.523: [GC (Allocation Failure) 188.524: [ParNew: 81499K->0K(92160K), 0.0010173 secs] 82917K->1418K(194560K), 0.0010982 secs] [Times: user=0.00 sys=0.00, real=0.00 secs] 
190.536: [GC (Allocation Failure) 190.536: [ParNew: 81499K->0K(92160K), 0.0010300 secs] 82917K->1418K(194560K), 0.0011199 secs] [Times: user=0.00 sys=0.00, real=0.00 secs] 
191.558: [GC (Allocation Failure) 191.558: [ParNew: 81499K->0K(92160K), 0.0014239 secs] 82917K->1418K(194560K), 0.0015550 secs] [Times: user=0.00 sys=0.00, real=0.00 secs] 
193.570: [GC (Allocation Failure) 193.570: [ParNew: 81499K->0K(92160K), 0.0016929 secs] 82917K->1418K(194560K), 0.0018645 secs] [Times: user=0.00 sys=0.00, real=0.00 secs] 
195.596: [GC (Allocation Failure) 195.596: [ParNew: 81499K->0K(92160K), 0.0010689 secs] 82917K->1418K(194560K), 0.0011619 secs] [Times: user=0.00 sys=0.00, real=0.00 secs] 
196.600: [GC (Allocation Failure) 196.600: [ParNew: 81499K->0K(92160K), 0.0008412 secs] 82917K->1418K(194560K), 0.0009281 secs] [Times: user=0.00 sys=0.00, real=0.00 secs] 
198.608: [GC (Allocation Failure) 198.608: [ParNew: 81499K->0K(92160K), 0.0009956 secs] 82917K->1418K(194560K), 0.0010776 secs] [Times: user=0.02 sys=0.00, real=0.00 secs] 
199.633: [GC (Allocation Failure) 199.633: [ParNew: 81499K->0K(92160K), 0.0010779 secs] 82917K->1418K(194560K), 0.0011588 secs] [Times: user=0.00 sys=0.00, real=0.00 secs] 
201.636: [GC (Allocation Failure) 201.636: [ParNew: 81499K->0K(92160K), 0.0009954 secs] 82917K->1418K(194560K), 0.0010726 secs] [Times: user=0.00 sys=0.00, real=0.00 secs] 
203.647: [GC (Allocation Failure) 203.647: [ParNew: 81499K->0K(92160K), 0.0006841 secs] 82917K->1418K(194560K), 0.0007592 secs] [Times: user=0.00 sys=0.00, real=0.00 secs] 
204.662: [GC (Allocation Failure) 204.662: [ParNew: 81499K->0K(92160K), 0.0013634 secs] 82917K->1418K(194560K), 0.0015222 secs] [Times: user=0.00 sys=0.00, real=0.00 secs] 
206.689: [GC (Allocation Failure) 206.690: [ParNew: 81499K->0K(92160K), 0.0006105 secs] 82917K->1418K(194560K), 0.0006922 secs] [Times: user=0.00 sys=0.00, real=0.00 secs] 
207.694: [GC (Allocation Failure) 207.694: [ParNew: 81499K->0K(92160K), 0.0010808 secs] 82917K->1418K(194560K), 0.0011603 secs] [Times: user=0.00 sys=0.00, real=0.00 secs] 
209.708: [GC (Allocation Failure) 209.708: [ParNew: 81499K->0K(92160K), 0.0008781 secs] 82917K->1418K(194560K), 0.0009890 secs] [Times: user=0.00 sys=0.00, real=0.00 secs] 
210.721: [GC (Allocation Failure) 210.721: [ParNew: 81499K->0K(92160K), 0.0005105 secs] 82917K->1418K(194560K), 0.0005829 secs] [Times: user=0.00 sys=0.00, real=0.00 secs] 
212.733: [GC (Allocation Failure) 212.733: [ParNew: 81499K->0K(92160K), 0.0006751 secs] 82917K->1418K(194560K), 0.0007572 secs] [Times: user=0.00 sys=0.00, real=0.00 secs] 
214.751: [GC (Allocation Failure) 214.751: [ParNew: 81499K->0K(92160K), 0.0009543 secs] 82917K->1418K(194560K), 0.0010360 secs] [Times: user=0.00 sys=0.00, real=0.00 secs] 
215.763: [GC (Allocation Failure) 215.763: [ParNew: 81499K->0K(92160K), 0.0007712 secs] 82917K->1418K(194560K), 0.0009024 secs] [Times: user=0.00 sys=0.00, real=0.00 secs] 
217.776: [GC (Allocation Failure) 217.777: [ParNew: 81499K->0K(92160K), 0.0015025 secs] 82917K->1418K(194560K), 0.0016562 secs] [Times: user=0.00 sys=0.00, real=0.00 secs] 
218.794: [GC (Allocation Failure) 218.794: [ParNew: 81499K->0K(92160K), 0.0009895 secs] 82917K->1418K(194560K), 0.0010703 secs] [Times: user=0.00 sys=0.00, real=0.00 secs] 
220.806: [GC (Allocation Failure) 220.806: [ParNew: 81499K->0K(92160K), 0.0009171 secs] 82917K->1418K(194560K), 0.0010068 secs] [Times: user=0.00 sys=0.00, real=0.00 secs] 
221.819: [GC (Allocation Failure) 221.819: [ParNew: 81499K->0K(92160K), 0.0010161 secs] 82917K->1418K(194560K), 0.0011074 secs] [Times: user=0.00 sys=0.00, real=0.00 secs] 
223.834: [GC (Allocation Failure) 223.834: [ParNew: 81499K->0K(92160K), 0.0009207 secs] 82917K->1418K(194560K), 0.0009999 secs] [Times: user=0.00 sys=0.00, real=0.00 secs] 
225.847: [GC (Allocation Failure) 225.847: [ParNew: 81499K->0K(92160K), 0.0009627 secs] 82917K->1418K(194560K), 0.0010398 secs] [Times: user=0.00 sys=0.00, real=0.00 secs] 
226.860: [GC (Allocation Failure) 226.860: [ParNew: 81499K->0K(92160K), 0.0012743 secs] 82917K->1418K(194560K), 0.0013771 secs] [Times: user=0.00 sys=0.00, real=0.00 secs] 
228.878: [GC (Allocation Failure) 228.878: [ParNew: 81499K->0K(92160K), 0.0008031 secs] 82917K->1418K(194560K), 0.0008842 secs] [Times: user=0.00 sys=0.00, real=0.00 secs] 
229.882: [GC (Allocation Failure) 229.882: [ParNew: 81499K->0K(92160K), 0.0009211 secs] 82917K->1418K(194560K), 0.0010004 secs] [Times: user=0.00 sys=0.00, real=0.00 secs] 
231.894: [GC (Allocation Failure) 231.894: [ParNew: 81499K->0K(92160K), 0.0007813 secs] 82917K->1418K(194560K), 0.0008614 secs] [Times: user=0.00 sys=0.00, real=0.00 secs] 
233.907: [GC (Allocation Failure) 233.907: [ParNew: 81499K->0K(92160K), 0.0017896 secs] 82917K->1418K(194560K), 0.0019601 secs] [Times: user=0.00 sys=0.00, real=0.00 secs] 
234.924: [GC (Allocation Failure) 234.924: [ParNew: 81499K->0K(92160K), 0.0006363 secs] 82917K->1418K(194560K), 0.0007120 secs] [Times: user=0.00 sys=0.00, real=0.00 secs] 
236.940: [GC (Allocation Failure) 236.940: [ParNew: 81499K->0K(92160K), 0.0011605 secs] 82917K->1418K(194560K), 0.0012390 secs] [Times: user=0.00 sys=0.00, real=0.00 secs] 
237.952: [GC (Allocation Failure) 237.952: [ParNew: 81499K->0K(92160K), 0.0006736 secs] 82917K->1418K(194560K), 0.0007533 secs] [Times: user=0.00 sys=0.00, real=0.00 secs] 
239.968: [GC (Allocation Failure) 239.968: [ParNew: 81499K->0K(92160K), 0.0017563 secs] 82917K->1418K(194560K), 0.0019271 secs] [Times: user=0.13 sys=0.00, real=0.00 secs] 
240.981: [GC (Allocation Failure) 240.981: [ParNew: 81499K->0K(92160K), 0.0006617 secs] 82917K->1418K(194560K), 0.0007391 secs] [Times: user=0.00 sys=0.00, real=0.00 secs] 
243.006: [GC (Allocation Failure) 243.006: [ParNew: 81499K->0K(92160K), 0.0007637 secs] 82917K->1418K(194560K), 0.0008433 secs] [Times: user=0.00 sys=0.00, real=0.00 secs] 
245.010: [GC (Allocation Failure) 245.010: [ParNew: 81499K->0K(92160K), 0.0007236 secs] 82917K->1418K(194560K), 0.0008003 secs] [Times: user=0.00 sys=0.00, real=0.00 secs] 
246.020: [GC (Allocation Failure) 246.020: [ParNew: 81499K->0K(92160K), 0.0008150 secs] 82917K->1418K(194560K), 0.0008891 secs] [Times: user=0.00 sys=0.00, real=0.00 secs] 
248.031: [GC (Allocation Failure) 248.031: [ParNew: 81499K->0K(92160K), 0.0009701 secs] 82917K->1418K(194560K), 0.0010451 secs] [Times: user=0.01 sys=0.00, real=0.00 secs] 
249.042: [GC (Allocation Failure) 249.042: [ParNew: 81499K->0K(92160K), 0.0007269 secs] 82917K->1418K(194560K), 0.0008759 secs] [Times: user=0.00 sys=0.00, real=0.00 secs] 
251.067: [GC (Allocation Failure) 251.067: [ParNew: 81499K->0K(92160K), 0.0006131 secs] 82917K->1418K(194560K), 0.0006861 secs] [Times: user=0.00 sys=0.00, real=0.00 secs] 
253.078: [GC (Allocation Failure) 253.078: [ParNew: 81499K->0K(92160K), 0.0006328 secs] 82917K->1418K(194560K), 0.0007786 secs] [Times: user=0.00 sys=0.00, real=0.00 secs] 
254.099: [GC (Allocation Failure) 254.099: [ParNew: 81499K->0K(92160K), 0.0008792 secs] 82917K->1418K(194560K), 0.0009442 secs] [Times: user=0.00 sys=0.00, real=0.00 secs] 
256.109: [GC (Allocation Failure) 256.109: [ParNew: 81499K->0K(92160K), 0.0009951 secs] 82917K->1418K(194560K), 0.0010620 secs] [Times: user=0.00 sys=0.00, real=0.00 secs] 
257.130: [GC (Allocation Failure) 257.130: [ParNew: 81499K->0K(92160K), 0.0010344 secs] 82917K->1418K(194560K), 0.0011049 secs] [Times: user=0.00 sys=0.00, real=0.00 secs] 
259.134: [GC (Allocation Failure) 259.134: [ParNew: 81499K->0K(92160K), 0.0007608 secs] 82917K->1418K(194560K), 0.0008306 secs] [Times: user=0.00 sys=0.00, real=0.00 secs] 
260.145: [GC (Allocation Failure) 260.146: [ParNew: 81499K->0K(92160K), 0.0011693 secs] 82917K->1418K(194560K), 0.0012476 secs] [Times: user=0.00 sys=0.00, real=0.00 secs] 
262.156: [GC (Allocation Failure) 262.156: [ParNew: 81499K->0K(92160K), 0.0007737 secs] 82917K->1418K(194560K), 0.0008431 secs] [Times: user=0.00 sys=0.00, real=0.00 secs] 
264.167: [GC (Allocation Failure) 264.167: [ParNew: 81499K->0K(92160K), 0.0010215 secs] 82917K->1418K(194560K), 0.0010933 secs] [Times: user=0.00 sys=0.00, real=0.00 secs] 
265.179: [GC (Allocation Failure) 265.179: [ParNew: 81499K->0K(92160K), 0.0007570 secs] 82917K->1418K(194560K), 0.0008313 secs] [Times: user=0.00 sys=0.00, real=0.00 secs] 
267.206: [GC (Allocation Failure) 267.206: [ParNew: 81499K->0K(92160K), 0.0009959 secs] 82917K->1418K(194560K), 0.0011151 secs] [Times: user=0.00 sys=0.00, real=0.00 secs] 
268.209: [GC (Allocation Failure) 268.209: [ParNew: 81499K->0K(92160K), 0.0005478 secs] 82917K->1418K(194560K), 0.0006323 secs] [Times: user=0.00 sys=0.00, real=0.00 secs] 
270.219: [GC (Allocation Failure) 270.219: [ParNew: 81499K->0K(92160K), 0.0006655 secs] 82917K->1418K(194560K), 0.0007274 secs] [Times: user=0.00 sys=0.00, real=0.00 secs] 
271.229: [GC (Allocation Failure) 271.229: [ParNew: 81499K->0K(92160K), 0.0005841 secs] 82917K->1418K(194560K), 0.0006404 secs] [Times: user=0.00 sys=0.00, real=0.00 secs] 
273.239: [GC (Allocation Failure) 273.239: [ParNew: 81499K->0K(92160K), 0.0006506 secs] 82917K->1418K(194560K), 0.0007137 secs] [Times: user=0.00 sys=0.00, real=0.00 secs] 
275.248: [GC (Allocation Failure) 275.248: [ParNew: 81499K->0K(92160K), 0.0008401 secs] 82917K->1418K(194560K), 0.0009024 secs] [Times: user=0.00 sys=0.00, real=0.00 secs] 
276.259: [GC (Allocation Failure) 276.259: [ParNew: 81499K->0K(92160K), 0.0006033 secs] 82917K->1418K(194560K), 0.0006672 secs] [Times: user=0.00 sys=0.00, real=0.00 secs] 
278.271: [GC (Allocation Failure) 278.271: [ParNew: 81499K->0K(92160K), 0.0006473 secs] 82917K->1418K(194560K), 0.0007252 secs] [Times: user=0.00 sys=0.00, real=0.00 secs] 
279.283: [GC (Allocation Failure) 279.283: [ParNew: 81499K->0K(92160K), 0.0010147 secs] 82917K->1418K(194560K), 0.0010858 secs] [Times: user=0.00 sys=0.00, real=0.00 secs] 
281.301: [GC (Allocation Failure) 281.301: [ParNew: 81499K->0K(92160K), 0.0003796 secs] 82917K->1418K(194560K), 0.0004316 secs] [Times: user=0.00 sys=0.00, real=0.00 secs] 
283.304: [GC (Allocation Failure) 283.304: [ParNew: 81499K->0K(92160K), 0.0007795 secs] 82917K->1418K(194560K), 0.0008493 secs] [Times: user=0.00 sys=0.00, real=0.00 secs] 
284.318: [GC (Allocation Failure) 284.318: [ParNew: 81499K->0K(92160K), 0.0010117 secs] 82917K->1418K(194560K), 0.0011071 secs] [Times: user=0.00 sys=0.00, real=0.00 secs] 
286.335: [GC (Allocation Failure) 286.335: [ParNew: 81499K->0K(92160K), 0.0012692 secs] 82917K->1418K(194560K), 0.0013881 secs] [Times: user=0.00 sys=0.00, real=0.00 secs] 
287.354: [GC (Allocation Failure) 287.354: [ParNew: 81499K->0K(92160K), 0.0008663 secs] 82917K->1418K(194560K), 0.0009468 secs] [Times: user=0.00 sys=0.00, real=0.00 secs] 
289.364: [GC (Allocation Failure) 289.364: [ParNew: 81499K->0K(92160K), 0.0010637 secs] 82917K->1418K(194560K), 0.0011539 secs] [Times: user=0.00 sys=0.00, real=0.00 secs] 
290.380: [GC (Allocation Failure) 290.380: [ParNew: 81499K->0K(92160K), 0.0009080 secs] 82917K->1418K(194560K), 0.0010222 secs] [Times: user=0.00 sys=0.00, real=0.00 secs] 
292.392: [GC (Allocation Failure) 292.392: [ParNew: 81499K->0K(92160K), 0.0009667 secs] 82917K->1418K(194560K), 0.0010781 secs] [Times: user=0.00 sys=0.00, real=0.00 secs] 
294.406: [GC (Allocation Failure) 294.407: [ParNew: 81499K->0K(92160K), 0.0012350 secs] 82917K->1418K(194560K), 0.0013384 secs] [Times: user=0.00 sys=0.01, real=0.00 secs] 
295.432: [GC (Allocation Failure) 295.432: [ParNew: 81499K->0K(92160K), 0.0015014 secs] 82917K->1418K(194560K), 0.0016279 secs] [Times: user=0.00 sys=0.00, real=0.00 secs] 
297.435: [GC (Allocation Failure) 297.435: [ParNew: 81499K->0K(92160K), 0.0005144 secs] 82917K->1418K(194560K), 0.0005742 secs] [Times: user=0.00 sys=0.00, real=0.00 secs] 
298.446: [GC (Allocation Failure) 298.446: [ParNew: 81499K->0K(92160K), 0.0004913 secs] 82917K->1418K(194560K), 0.0005569 secs] [Times: user=0.00 sys=0.00, real=0.00 secs] 
300.459: [GC (Allocation Failure) 300.459: [ParNew: 81499K->0K(92160K), 0.0012879 secs] 82917K->1418K(194560K), 0.0014032 secs] [Times: user=0.00 sys=0.00, real=0.00 secs] 
301.475: [GC (Allocation Failure) 301.475: [ParNew: 81499K->0K(92160K), 0.0012667 secs] 82917K->1418K(194560K), 0.0013552 secs] [Times: user=0.00 sys=0.00, real=0.00 secs] 
303.491: [GC (Allocation Failure) 303.491: [ParNew: 81499K->0K(92160K), 0.0013911 secs] 82917K->1418K(194560K), 0.0015539 secs] [Times: user=0.00 sys=0.00, real=0.00 secs] 
305.513: [GC (Allocation Failure) 305.513: [ParNew: 81499K->0K(92160K), 0.0013071 secs] 82917K->1418K(194560K), 0.0014239 secs] [Times: user=0.00 sys=0.00, real=0.00 secs] 
306.543: [GC (Allocation Failure) 306.543: [ParNew: 81499K->0K(92160K), 0.0019468 secs] 82917K->1418K(194560K), 0.0020960 secs] [Times: user=0.00 sys=0.00, real=0.00 secs] 
308.567: [GC (Allocation Failure) 308.567: [ParNew: 81499K->0K(92160K), 0.0012532 secs] 82917K->1418K(194560K), 0.0014136 secs] [Times: user=0.00 sys=0.00, real=0.00 secs] 
309.584: [GC (Allocation Failure) 309.584: [ParNew: 81499K->0K(92160K), 0.0013551 secs] 82917K->1418K(194560K), 0.0015107 secs] [Times: user=0.00 sys=0.00, real=0.00 secs] 
311.605: [GC (Allocation Failure) 311.605: [ParNew: 81499K->0K(92160K), 0.0016022 secs] 82917K->1418K(194560K), 0.0017547 secs] [Times: user=0.00 sys=0.00, real=0.00 secs] 
313.628: [GC (Allocation Failure) 313.628: [ParNew: 81499K->0K(92160K), 0.0016810 secs] 82917K->1418K(194560K), 0.0018408 secs] [Times: user=0.00 sys=0.00, real=0.00 secs] 
314.633: [GC (Allocation Failure) 314.633: [ParNew: 81499K->0K(92160K), 0.0006077 secs] 82917K->1418K(194560K), 0.0006894 secs] [Times: user=0.00 sys=0.00, real=0.00 secs] 
316.650: [GC (Allocation Failure) 316.650: [ParNew: 81499K->0K(92160K), 0.0017593 secs] 82917K->1418K(194560K), 0.0019199 secs] [Times: user=0.00 sys=0.00, real=0.00 secs] 
317.672: [GC (Allocation Failure) 317.672: [ParNew: 81499K->0K(92160K), 0.0008879 secs] 82917K->1418K(194560K), 0.0009380 secs] [Times: user=0.00 sys=0.00, real=0.00 secs] 
319.693: [GC (Allocation Failure) 319.693: [ParNew: 81499K->0K(92160K), 0.0014928 secs] 82917K->1418K(194560K), 0.0016564 secs] [Times: user=0.00 sys=0.00, real=0.00 secs] 
320.718: [GC (Allocation Failure) 320.718: [ParNew: 81499K->0K(92160K), 0.0018966 secs] 82917K->1418K(194560K), 0.0020535 secs] [Times: user=0.00 sys=0.00, real=0.00 secs] 
322.721: [GC (Allocation Failure) 322.721: [ParNew: 81499K->0K(92160K), 0.0010022 secs] 82917K->1418K(194560K), 0.0010935 secs] [Times: user=0.00 sys=0.00, real=0.00 secs] 
324.739: [GC (Allocation Failure) 324.740: [ParNew: 81499K->0K(92160K), 0.0013031 secs] 82917K->1418K(194560K), 0.0013990 secs] [Times: user=0.00 sys=0.00, real=0.00 secs] 
325.757: [GC (Allocation Failure) 325.758: [ParNew: 81499K->0K(92160K), 0.0018290 secs] 82917K->1418K(194560K), 0.0019883 secs] [Times: user=0.00 sys=0.00, real=0.00 secs] 
327.787: [GC (Allocation Failure) 327.787: [ParNew: 81499K->0K(92160K), 0.0014946 secs] 82917K->1418K(194560K), 0.0016498 secs] [Times: user=0.00 sys=0.00, real=0.00 secs] 
328.794: [GC (Allocation Failure) 328.794: [ParNew: 81499K->0K(92160K), 0.0008253 secs] 82917K->1418K(194560K), 0.0008761 secs] [Times: user=0.00 sys=0.00, real=0.00 secs] 
330.806: [GC (Allocation Failure) 330.806: [ParNew: 81499K->0K(92160K), 0.0006682 secs] 82917K->1418K(194560K), 0.0007482 secs] [Times: user=0.00 sys=0.00, real=0.00 secs] 
332.820: [GC (Allocation Failure) 332.820: [ParNew: 81499K->0K(92160K), 0.0018420 secs] 82917K->1418K(194560K), 0.0020046 secs] [Times: user=0.00 sys=0.00, real=0.00 secs] 
333.839: [GC (Allocation Failure) 333.839: [ParNew: 81499K->0K(92160K), 0.0018997 secs] 82917K->1418K(194560K), 0.0020558 secs] [Times: user=0.00 sys=0.00, real=0.00 secs] 
335.848: [GC (Allocation Failure) 335.849: [ParNew: 81499K->0K(92160K), 0.0018652 secs] 82917K->1418K(194560K), 0.0020269 secs] [Times: user=0.00 sys=0.00, real=0.00 secs] 
336.867: [GC (Allocation Failure) 336.867: [ParNew: 81499K->0K(92160K), 0.0021296 secs] 82917K->1418K(194560K), 0.0022863 secs] [Times: user=0.00 sys=0.00, real=0.00 secs] 
338.886: [GC (Allocation Failure) 338.886: [ParNew: 81499K->0K(92160K), 0.0016928 secs] 82917K->1418K(194560K), 0.0018524 secs] [Times: user=0.00 sys=0.00, real=0.00 secs] 
339.906: [GC (Allocation Failure) 339.906: [ParNew: 81499K->0K(92160K), 0.0008307 secs] 82917K->1418K(194560K), 0.0009042 secs] [Times: user=0.00 sys=0.00, real=0.00 secs] 
341.931: [GC (Allocation Failure) 341.931: [ParNew: 81499K->0K(92160K), 0.0012800 secs] 82917K->1418K(194560K), 0.0014397 secs] [Times: user=0.00 sys=0.00, real=0.00 secs] 
343.934: [GC (Allocation Failure) 343.934: [ParNew: 81499K->0K(92160K), 0.0016584 secs] 82917K->1418K(194560K), 0.0018121 secs] [Times: user=0.00 sys=0.00, real=0.00 secs] 
344.955: [GC (Allocation Failure) 344.955: [ParNew: 81499K->0K(92160K), 0.0008651 secs] 82917K->1418K(194560K), 0.0009154 secs] [Times: user=0.00 sys=0.00, real=0.00 secs] 
346.972: [GC (Allocation Failure) 346.972: [ParNew: 81499K->0K(92160K), 0.0018126 secs] 82917K->1418K(194560K), 0.0019765 secs] [Times: user=0.00 sys=0.00, real=0.00 secs] 
347.989: [GC (Allocation Failure) 347.989: [ParNew: 81499K->0K(92160K), 0.0014422 secs] 82917K->1418K(194560K), 0.0015981 secs] [Times: user=0.00 sys=0.00, real=0.00 secs] 
350.008: [GC (Allocation Failure) 350.008: [ParNew: 81499K->0K(92160K), 0.0017143 secs] 82917K->1418K(194560K), 0.0018710 secs] [Times: user=0.00 sys=0.00, real=0.00 secs] 
351.027: [GC (Allocation Failure) 351.027: [ParNew: 81499K->0K(92160K), 0.0008303 secs] 82917K->1418K(194560K), 0.0008832 secs] [Times: user=0.00 sys=0.00, real=0.00 secs] 
353.048: [GC (Allocation Failure) 353.048: [ParNew: 81499K->0K(92160K), 0.0018165 secs] 82917K->1418K(194560K), 0.0020463 secs] [Times: user=0.00 sys=0.00, real=0.00 secs] 
355.067: [GC (Allocation Failure) 355.067: [ParNew: 81499K->0K(92160K), 0.0016977 secs] 82917K->1418K(194560K), 0.0018506 secs] [Times: user=0.00 sys=0.00, real=0.00 secs] 
356.087: [GC (Allocation Failure) 356.087: [ParNew: 81499K->0K(92160K), 0.0017071 secs] 82917K->1418K(194560K), 0.0018652 secs] [Times: user=0.00 sys=0.00, real=0.00 secs] 
358.112: [GC (Allocation Failure) 358.112: [ParNew: 81499K->0K(92160K), 0.0017567 secs] 82917K->1418K(194560K), 0.0019261 secs] [Times: user=0.00 sys=0.00, real=0.00 secs] 
359.130: [GC (Allocation Failure) 359.130: [ParNew: 81499K->0K(92160K), 0.0016693 secs] 82917K->1418K(194560K), 0.0018264 secs] [Times: user=0.00 sys=0.00, real=0.00 secs] 
361.145: [GC (Allocation Failure) 361.146: [ParNew: 81499K->0K(92160K), 0.0005709 secs] 82917K->1418K(194560K), 0.0006418 secs] [Times: user=0.00 sys=0.00, real=0.00 secs] 
363.162: [GC (Allocation Failure) 363.162: [ParNew: 81499K->0K(92160K), 0.0017560 secs] 82917K->1418K(194560K), 0.0019180 secs] [Times: user=0.00 sys=0.00, real=0.00 secs] 
364.181: [GC (Allocation Failure) 364.181: [ParNew: 81499K->0K(92160K), 0.0005913 secs] 82917K->1418K(194560K), 0.0006612 secs] [Times: user=0.00 sys=0.00, real=0.00 secs] 
366.194: [GC (Allocation Failure) 366.194: [ParNew: 81499K->0K(92160K), 0.0013493 secs] 82917K->1418K(194560K), 0.0015106 secs] [Times: user=0.00 sys=0.00, real=0.00 secs] 
367.226: [GC (Allocation Failure) 367.226: [ParNew: 81499K->0K(92160K), 0.0008763 secs] 82917K->1418K(194560K), 0.0009318 secs] [Times: user=0.00 sys=0.00, real=0.00 secs] 
369.229: [GC (Allocation Failure) 369.229: [ParNew: 81499K->0K(92160K), 0.0004782 secs] 82917K->1418K(194560K), 0.0005510 secs] [Times: user=0.00 sys=0.00, real=0.00 secs] 
370.238: [GC (Allocation Failure) 370.238: [ParNew: 81499K->0K(92160K), 0.0007893 secs] 82917K->1418K(194560K), 0.0008418 secs] [Times: user=0.00 sys=0.00, real=0.00 secs] 
372.254: [GC (Allocation Failure) 372.254: [ParNew: 81499K->0K(92160K), 0.0005506 secs] 82917K->1418K(194560K), 0.0006231 secs] [Times: user=0.00 sys=0.00, real=0.00 secs] 
374.265: [GC (Allocation Failure) 374.265: [ParNew: 81499K->0K(92160K), 0.0008018 secs] 82917K->1418K(194560K), 0.0008705 secs] [Times: user=0.00 sys=0.00, real=0.00 secs] 
375.276: [GC (Allocation Failure) 375.276: [ParNew: 81499K->0K(92160K), 0.0010967 secs] 82917K->1418K(194560K), 0.0011629 secs] [Times: user=0.00 sys=0.00, real=0.00 secs] 
377.287: [GC (Allocation Failure) 377.287: [ParNew: 81499K->0K(92160K), 0.0006486 secs] 82917K->1418K(194560K), 0.0007180 secs] [Times: user=0.00 sys=0.00, real=0.00 secs] 
378.297: [GC (Allocation Failure) 378.297: [ParNew: 81499K->0K(92160K), 0.0008873 secs] 82917K->1418K(194560K), 0.0009591 secs] [Times: user=0.00 sys=0.02, real=0.00 secs] 
380.317: [GC (Allocation Failure) 380.317: [ParNew: 81499K->0K(92160K), 0.0009240 secs] 82917K->1418K(194560K), 0.0010026 secs] [Times: user=0.00 sys=0.00, real=0.00 secs] 
381.328: [GC (Allocation Failure) 381.328: [ParNew: 81499K->0K(92160K), 0.0004746 secs] 82917K->1418K(194560K), 0.0005404 secs] [Times: user=0.00 sys=0.00, real=0.00 secs] 
383.350: [GC (Allocation Failure) 383.350: [ParNew: 81499K->0K(92160K), 0.0007495 secs] 82917K->1418K(194560K), 0.0008350 secs] [Times: user=0.00 sys=0.00, real=0.00 secs] 
385.356: [GC (Allocation Failure) 385.356: [ParNew: 81499K->0K(92160K), 0.0011103 secs] 82917K->1418K(194560K), 0.0011854 secs] [Times: user=0.00 sys=0.00, real=0.00 secs] 
386.367: [GC (Allocation Failure) 386.367: [ParNew: 81499K->0K(92160K), 0.0009008 secs] 82917K->1418K(194560K), 0.0009885 secs] [Times: user=0.00 sys=0.00, real=0.00 secs] 
388.380: [GC (Allocation Failure) 388.380: [ParNew: 81499K->0K(92160K), 0.0004893 secs] 82917K->1418K(194560K), 0.0005563 secs] [Times: user=0.00 sys=0.00, real=0.00 secs] 
389.390: [GC (Allocation Failure) 389.390: [ParNew: 81499K->0K(92160K), 0.0009740 secs] 82917K->1418K(194560K), 0.0010411 secs] [Times: user=0.00 sys=0.00, real=0.00 secs] 
391.411: [GC (Allocation Failure) 391.411: [ParNew: 81499K->0K(92160K), 0.0007051 secs] 82917K->1418K(194560K), 0.0007747 secs] [Times: user=0.00 sys=0.00, real=0.00 secs] 
393.415: [GC (Allocation Failure) 393.415: [ParNew: 81499K->0K(92160K), 0.0006943 secs] 82917K->1418K(194560K), 0.0007616 secs] [Times: user=0.00 sys=0.00, real=0.00 secs] 
394.426: [GC (Allocation Failure) 394.426: [ParNew: 81499K->0K(92160K), 0.0010667 secs] 82917K->1418K(194560K), 0.0012881 secs] [Times: user=0.00 sys=0.00, real=0.00 secs] 
396.441: [GC (Allocation Failure) 396.441: [ParNew: 81499K->0K(92160K), 0.0007679 secs] 82917K->1418K(194560K), 0.0008390 secs] [Times: user=0.00 sys=0.00, real=0.00 secs] 
397.452: [GC (Allocation Failure) 397.452: [ParNew: 81499K->0K(92160K), 0.0005114 secs] 82917K->1418K(194560K), 0.0005730 secs] [Times: user=0.00 sys=0.00, real=0.00 secs] 
399.474: [GC (Allocation Failure) 399.474: [ParNew: 81499K->0K(92160K), 0.0007795 secs] 82917K->1418K(194560K), 0.0008564 secs] [Times: user=0.00 sys=0.00, real=0.00 secs] 
400.477: [GC (Allocation Failure) 400.477: [ParNew: 81499K->0K(92160K), 0.0005047 secs] 82917K->1418K(194560K), 0.0005588 secs] [Times: user=0.00 sys=0.00, real=0.00 secs] 
402.489: [GC (Allocation Failure) 402.489: [ParNew: 81499K->0K(92160K), 0.0009107 secs] 82917K->1418K(194560K), 0.0009888 secs] [Times: user=0.00 sys=0.00, real=0.00 secs] 
404.501: [GC (Allocation Failure) 404.501: [ParNew: 81499K->0K(92160K), 0.0009360 secs] 82917K->1418K(194560K), 0.0010150 secs] [Times: user=0.00 sys=0.00, real=0.00 secs] 
405.513: [GC (Allocation Failure) 405.513: [ParNew: 81499K->0K(92160K), 0.0006568 secs] 82917K->1418K(194560K), 0.0007363 secs] [Times: user=0.00 sys=0.00, real=0.00 secs] 
407.527: [GC (Allocation Failure) 407.527: [ParNew: 81499K->0K(92160K), 0.0008973 secs] 82917K->1418K(194560K), 0.0009899 secs] [Times: user=0.00 sys=0.00, real=0.00 secs] 
408.541: [GC (Allocation Failure) 408.541: [ParNew: 81499K->0K(92160K), 0.0009587 secs] 82917K->1418K(194560K), 0.0010474 secs] [Times: user=0.00 sys=0.00, real=0.00 secs] 
410.567: [GC (Allocation Failure) 410.568: [ParNew: 81499K->0K(92160K), 0.0007185 secs] 82917K->1418K(194560K), 0.0008152 secs] [Times: user=0.00 sys=0.00, real=0.00 secs] 
412.571: [GC (Allocation Failure) 412.571: [ParNew: 81499K->0K(92160K), 0.0008666 secs] 82917K->1418K(194560K), 0.0010144 secs] [Times: user=0.00 sys=0.00, real=0.00 secs] 
413.587: [GC (Allocation Failure) 413.587: [ParNew: 81499K->0K(92160K), 0.0007784 secs] 82917K->1418K(194560K), 0.0008719 secs] [Times: user=0.00 sys=0.00, real=0.00 secs] 
415.597: [GC (Allocation Failure) 415.597: [ParNew: 81499K->0K(92160K), 0.0011627 secs] 82917K->1418K(194560K), 0.0013090 secs] [Times: user=0.00 sys=0.00, real=0.00 secs] 
416.611: [GC (Allocation Failure) 416.611: [ParNew: 81499K->0K(92160K), 0.0011172 secs] 82917K->1418K(194560K), 0.0012216 secs] [Times: user=0.00 sys=0.00, real=0.00 secs] 
418.626: [GC (Allocation Failure) 418.626: [ParNew: 81499K->0K(92160K), 0.0010922 secs] 82917K->1418K(194560K), 0.0011848 secs] [Times: user=0.00 sys=0.00, real=0.00 secs] 
419.640: [GC (Allocation Failure) 419.640: [ParNew: 81499K->0K(92160K), 0.0012021 secs] 82917K->1418K(194560K), 0.0013122 secs] [Times: user=0.13 sys=0.00, real=0.00 secs] 
421.665: [GC (Allocation Failure) 421.665: [ParNew: 81499K->0K(92160K), 0.0010143 secs] 82917K->1418K(194560K), 0.0011521 secs] [Times: user=0.00 sys=0.00, real=0.00 secs] 
423.671: [GC (Allocation Failure) 423.671: [ParNew: 81499K->0K(92160K), 0.0010089 secs] 82917K->1418K(194560K), 0.0011144 secs] [Times: user=0.00 sys=0.00, real=0.00 secs] 
424.689: [GC (Allocation Failure) 424.689: [ParNew: 81499K->0K(92160K), 0.0017139 secs] 82917K->1418K(194560K), 0.0018739 secs] [Times: user=0.00 sys=0.00, real=0.00 secs] 
426.707: [GC (Allocation Failure) 426.707: [ParNew: 81499K->0K(92160K), 0.0017368 secs] 82917K->1418K(194560K), 0.0018993 secs] [Times: user=0.00 sys=0.00, real=0.00 secs] 
427.729: [GC (Allocation Failure) 427.730: [ParNew: 81499K->0K(92160K), 0.0004545 secs] 82917K->1418K(194560K), 0.0005366 secs] [Times: user=0.00 sys=0.00, real=0.00 secs] 
429.741: [GC (Allocation Failure) 429.742: [ParNew: 81499K->0K(92160K), 0.0017392 secs] 82917K->1418K(194560K), 0.0018984 secs] [Times: user=0.00 sys=0.00, real=0.00 secs] 
430.763: [GC (Allocation Failure) 430.763: [ParNew: 81499K->0K(92160K), 0.0016223 secs] 82917K->1418K(194560K), 0.0017807 secs] [Times: user=0.00 sys=0.00, real=0.00 secs] 
432.783: [GC (Allocation Failure) 432.783: [ParNew: 81499K->0K(92160K), 0.0017555 secs] 82917K->1418K(194560K), 0.0019189 secs] [Times: user=0.00 sys=0.00, real=0.00 secs] 
434.804: [GC (Allocation Failure) 434.804: [ParNew: 81499K->0K(92160K), 0.0015395 secs] 82917K->1418K(194560K), 0.0016887 secs] [Times: user=0.00 sys=0.00, real=0.00 secs] 
435.839: [GC (Allocation Failure) 435.839: [ParNew: 81499K->0K(92160K), 0.0018147 secs] 82917K->1418K(194560K), 0.0019760 secs] [Times: user=0.00 sys=0.00, real=0.00 secs] 
437.865: [GC (Allocation Failure) 437.865: [ParNew: 81499K->0K(92160K), 0.0012842 secs] 82917K->1418K(194560K), 0.0014476 secs] [Times: user=0.00 sys=0.00, real=0.00 secs] 
438.884: [GC (Allocation Failure) 438.885: [ParNew: 81499K->0K(92160K), 0.0012863 secs] 82917K->1418K(194560K), 0.0014495 secs] [Times: user=0.00 sys=0.00, real=0.00 secs] 
440.913: [GC (Allocation Failure) 440.913: [ParNew: 81499K->0K(92160K), 0.0016799 secs] 82917K->1418K(194560K), 0.0018419 secs] [Times: user=0.00 sys=0.00, real=0.00 secs] 
442.913: [GC (Allocation Failure) 442.913: [ParNew: 81499K->0K(92160K), 0.0003794 secs] 82917K->1418K(194560K), 0.0004293 secs] [Times: user=0.00 sys=0.00, real=0.00 secs] 
443.921: [GC (Allocation Failure) 443.922: [ParNew: 81499K->0K(92160K), 0.0007843 secs] 82917K->1418K(194560K), 0.0008478 secs] [Times: user=0.02 sys=0.00, real=0.00 secs] 
445.928: [GC (Allocation Failure) 445.928: [ParNew: 81499K->0K(92160K), 0.0016090 secs] 82917K->1418K(194560K), 0.0017762 secs] [Times: user=0.00 sys=0.00, real=0.00 secs] 
446.950: [GC (Allocation Failure) 446.950: [ParNew: 81499K->0K(92160K), 0.0004925 secs] 82917K->1418K(194560K), 0.0006473 secs] [Times: user=0.00 sys=0.00, real=0.00 secs] 
448.972: [GC (Allocation Failure) 448.972: [ParNew: 81499K->0K(92160K), 0.0008158 secs] 82917K->1418K(194560K), 0.0008958 secs] [Times: user=0.00 sys=0.00, real=0.00 secs] 
449.976: [GC (Allocation Failure) 449.976: [ParNew: 81499K->0K(92160K), 0.0007618 secs] 82917K->1418K(194560K), 0.0008133 secs] [Times: user=0.00 sys=0.00, real=0.00 secs] 
451.997: [GC (Allocation Failure) 451.997: [ParNew: 81499K->0K(92160K), 0.0017482 secs] 82917K->1418K(194560K), 0.0019109 secs] [Times: user=0.00 sys=0.00, real=0.00 secs] 
454.017: [GC (Allocation Failure) 454.017: [ParNew: 81499K->0K(92160K), 0.0019054 secs] 82917K->1418K(194560K), 0.0020631 secs] [Times: user=0.00 sys=0.00, real=0.00 secs] 
455.041: [GC (Allocation Failure) 455.041: [ParNew: 81499K->0K(92160K), 0.0006753 secs] 82917K->1418K(194560K), 0.0007306 secs] [Times: user=0.00 sys=0.00, real=0.00 secs] 
457.060: [GC (Allocation Failure) 457.060: [ParNew: 81499K->0K(92160K), 0.0013955 secs] 82917K->1418K(194560K), 0.0015191 secs] [Times: user=0.00 sys=0.00, real=0.00 secs] 
458.074: [GC (Allocation Failure) 458.074: [ParNew: 81499K->0K(92160K), 0.0013128 secs] 82917K->1418K(194560K), 0.0014079 secs] [Times: user=0.00 sys=0.00, real=0.00 secs] 
460.096: [GC (Allocation Failure) 460.096: [ParNew: 81499K->0K(92160K), 0.0008946 secs] 82917K->1418K(194560K), 0.0010022 secs] [Times: user=0.00 sys=0.00, real=0.00 secs] 
461.106: [GC (Allocation Failure) 461.106: [ParNew: 81499K->0K(92160K), 0.0007251 secs] 82917K->1418K(194560K), 0.0007782 secs] [Times: user=0.00 sys=0.00, real=0.00 secs] 
463.115: [GC (Allocation Failure) 463.115: [ParNew: 81499K->0K(92160K), 0.0004731 secs] 82917K->1418K(194560K), 0.0005562 secs] [Times: user=0.00 sys=0.00, real=0.00 secs] 
465.131: [GC (Allocation Failure) 465.131: [ParNew: 81499K->0K(92160K), 0.0017947 secs] 82917K->1418K(194560K), 0.0019618 secs] [Times: user=0.00 sys=0.00, real=0.00 secs] 
466.167: [GC (Allocation Failure) 466.167: [ParNew: 81499K->0K(92160K), 0.0018291 secs] 82917K->1418K(194560K), 0.0019870 secs] [Times: user=0.00 sys=0.00, real=0.00 secs] 
468.169: [GC (Allocation Failure) 468.169: [ParNew: 81499K->0K(92160K), 0.0021302 secs] 82917K->1418K(194560K), 0.0024373 secs] [Times: user=0.00 sys=0.00, real=0.00 secs] 
469.188: [GC (Allocation Failure) 469.188: [ParNew: 81499K->0K(92160K), 0.0017996 secs] 82917K->1418K(194560K), 0.0019558 secs] [Times: user=0.03 sys=0.02, real=0.00 secs] 
471.210: [GC (Allocation Failure) 471.210: [ParNew: 81499K->0K(92160K), 0.0017238 secs] 82917K->1418K(194560K), 0.0019240 secs] [Times: user=0.00 sys=0.00, real=0.00 secs] 
473.236: [GC (Allocation Failure) 473.236: [ParNew: 81499K->0K(92160K), 0.0006881 secs] 82917K->1418K(194560K), 0.0007813 secs] [Times: user=0.00 sys=0.00, real=0.00 secs] 
474.240: [GC (Allocation Failure) 474.240: [ParNew: 81499K->0K(92160K), 0.0004991 secs] 82917K->1418K(194560K), 0.0005551 secs] [Times: user=0.00 sys=0.00, real=0.00 secs] 
476.249: [GC (Allocation Failure) 476.249: [ParNew: 81499K->0K(92160K), 0.0004515 secs] 82917K->1418K(194560K), 0.0005236 secs] [Times: user=0.00 sys=0.00, real=0.00 secs] 
477.259: [GC (Allocation Failure) 477.259: [ParNew: 81499K->0K(92160K), 0.0005139 secs] 82917K->1418K(194560K), 0.0005655 secs] [Times: user=0.00 sys=0.00, real=0.00 secs] 
479.270: [GC (Allocation Failure) 479.270: [ParNew: 81499K->0K(92160K), 0.0005257 secs] 82917K->1418K(194560K), 0.0005932 secs] [Times: user=0.00 sys=0.00, real=0.00 secs] 
480.279: [GC (Allocation Failure) 480.279: [ParNew: 81499K->0K(92160K), 0.0011432 secs] 82917K->1418K(194560K), 0.0012127 secs] [Times: user=0.00 sys=0.00, real=0.00 secs] 
482.286: [GC (Allocation Failure) 482.286: [ParNew: 81499K->0K(92160K), 0.0009877 secs] 82917K->1418K(194560K), 0.0010600 secs] [Times: user=0.00 sys=0.00, real=0.00 secs] 
484.298: [GC (Allocation Failure) 484.298: [ParNew: 81499K->0K(92160K), 0.0010514 secs] 82917K->1418K(194560K), 0.0011241 secs] [Times: user=0.00 sys=0.00, real=0.00 secs] 
485.320: [GC (Allocation Failure) 485.320: [ParNew: 81499K->0K(92160K), 0.0008424 secs] 82917K->1418K(194560K), 0.0009219 secs] [Times: user=0.00 sys=0.00, real=0.00 secs] 
487.323: [GC (Allocation Failure) 487.323: [ParNew: 81499K->0K(92160K), 0.0007243 secs] 82917K->1418K(194560K), 0.0008068 secs] [Times: user=0.00 sys=0.00, real=0.00 secs] 
488.335: [GC (Allocation Failure) 488.335: [ParNew: 81499K->0K(92160K), 0.0015392 secs] 82917K->1418K(194560K), 0.0016162 secs] [Times: user=0.00 sys=0.00, real=0.00 secs] 
490.348: [GC (Allocation Failure) 490.348: [ParNew: 81499K->0K(92160K), 0.0009371 secs] 82917K->1418K(194560K), 0.0010277 secs] [Times: user=0.00 sys=0.00, real=0.00 secs] 
492.360: [GC (Allocation Failure) 492.360: [ParNew: 81499K->0K(92160K), 0.0008198 secs] 82917K->1418K(194560K), 0.0008918 secs] [Times: user=0.00 sys=0.00, real=0.00 secs] 
493.381: [GC (Allocation Failure) 493.381: [ParNew: 81499K->0K(92160K), 0.0011469 secs] 82917K->1418K(194560K), 0.0012486 secs] [Times: user=0.00 sys=0.00, real=0.00 secs] 
495.385: [GC (Allocation Failure) 495.385: [ParNew: 81499K->0K(92160K), 0.0010455 secs] 82917K->1418K(194560K), 0.0011506 secs] [Times: user=0.00 sys=0.00, real=0.00 secs] 
496.400: [GC (Allocation Failure) 496.400: [ParNew: 81499K->0K(92160K), 0.0012467 secs] 82917K->1418K(194560K), 0.0013884 secs] [Times: user=0.00 sys=0.00, real=0.00 secs] 
498.417: [GC (Allocation Failure) 498.417: [ParNew: 81499K->0K(92160K), 0.0016521 secs] 82917K->1418K(194560K), 0.0018181 secs] [Times: user=0.00 sys=0.00, real=0.00 secs] 
499.437: [GC (Allocation Failure) 499.437: [ParNew: 81499K->0K(92160K), 0.0009060 secs] 82917K->1418K(194560K), 0.0010150 secs] [Times: user=0.00 sys=0.00, real=0.00 secs] 
501.460: [GC (Allocation Failure) 501.460: [ParNew: 81499K->0K(92160K), 0.0010243 secs] 82917K->1418K(194560K), 0.0011221 secs] [Times: user=0.00 sys=0.00, real=0.00 secs] 
503.466: [GC (Allocation Failure) 503.466: [ParNew: 81499K->0K(92160K), 0.0016005 secs] 82917K->1418K(194560K), 0.0017626 secs] [Times: user=0.00 sys=0.00, real=0.00 secs] 
504.487: [GC (Allocation Failure) 504.487: [ParNew: 81499K->0K(92160K), 0.0006648 secs] 82917K->1418K(194560K), 0.0007613 secs] [Times: user=0.00 sys=0.00, real=0.00 secs] 
506.504: [GC (Allocation Failure) 506.504: [ParNew: 81499K->0K(92160K), 0.0013987 secs] 82917K->1418K(194560K), 0.0015228 secs] [Times: user=0.00 sys=0.00, real=0.00 secs] 
507.522: [GC (Allocation Failure) 507.522: [ParNew: 81499K->0K(92160K), 0.0014146 secs] 82917K->1418K(194560K), 0.0015487 secs] [Times: user=0.00 sys=0.00, real=0.00 secs] 
509.552: [GC (Allocation Failure) 509.552: [ParNew: 81499K->0K(92160K), 0.0004435 secs] 82917K->1418K(194560K), 0.0004986 secs] [Times: user=0.00 sys=0.00, real=0.00 secs] 
510.555: [GC (Allocation Failure) 510.555: [ParNew: 81499K->0K(92160K), 0.0006843 secs] 82917K->1418K(194560K), 0.0007543 secs] [Times: user=0.00 sys=0.00, real=0.00 secs] 
512.575: [GC (Allocation Failure) 512.575: [ParNew: 81499K->0K(92160K), 0.0018426 secs] 82917K->1418K(194560K), 0.0020051 secs] [Times: user=0.00 sys=0.00, real=0.00 secs] 
514.597: [GC (Allocation Failure) 514.598: [ParNew: 81499K->0K(92160K), 0.0015599 secs] 82917K->1418K(194560K), 0.0017343 secs] [Times: user=0.00 sys=0.00, real=0.00 secs] 
515.615: [GC (Allocation Failure) 515.615: [ParNew: 81499K->0K(92160K), 0.0008418 secs] 82917K->1418K(194560K), 0.0009148 secs] [Times: user=0.00 sys=0.00, real=0.00 secs] 
517.647: [GC (Allocation Failure) 517.648: [ParNew: 81499K->0K(92160K), 0.0016376 secs] 82917K->1418K(194560K), 0.0017973 secs] [Times: user=0.00 sys=0.00, real=0.00 secs] 
518.655: [GC (Allocation Failure) 518.655: [ParNew: 81499K->0K(92160K), 0.0017833 secs] 82917K->1418K(194560K), 0.0019475 secs] [Times: user=0.00 sys=0.00, real=0.00 secs] 
520.669: [GC (Allocation Failure) 520.669: [ParNew: 81499K->0K(92160K), 0.0012600 secs] 82917K->1418K(194560K), 0.0013475 secs] [Times: user=0.00 sys=0.00, real=0.00 secs] 
522.689: [GC (Allocation Failure) 522.689: [ParNew: 81499K->0K(92160K), 0.0017268 secs] 82917K->1418K(194560K), 0.0018777 secs] [Times: user=0.00 sys=0.00, real=0.00 secs] 
523.709: [GC (Allocation Failure) 523.709: [ParNew: 81499K->0K(92160K), 0.0008580 secs] 82917K->1418K(194560K), 0.0009310 secs] [Times: user=0.00 sys=0.00, real=0.00 secs] 
525.728: [GC (Allocation Failure) 525.728: [ParNew: 81499K->0K(92160K), 0.0012147 secs] 82917K->1418K(194560K), 0.0013240 secs] [Times: user=0.00 sys=0.00, real=0.00 secs] 
526.747: [GC (Allocation Failure) 526.747: [ParNew: 81499K->0K(92160K), 0.0018289 secs] 82917K->1418K(194560K), 0.0019802 secs] [Times: user=0.00 sys=0.00, real=0.00 secs] 
528.763: [GC (Allocation Failure) 528.763: [ParNew: 81499K->0K(92160K), 0.0004291 secs] 82917K->1418K(194560K), 0.0004837 secs] [Times: user=0.00 sys=0.00, real=0.00 secs] 
529.774: [GC (Allocation Failure) 529.774: [ParNew: 81499K->0K(92160K), 0.0008675 secs] 82917K->1418K(194560K), 0.0009428 secs] [Times: user=0.00 sys=0.00, real=0.00 secs] 
531.801: [GC (Allocation Failure) 531.801: [ParNew: 81499K->0K(92160K), 0.0006675 secs] 82917K->1418K(194560K), 0.0007384 secs] [Times: user=0.00 sys=0.00, real=0.00 secs] 
533.806: [GC (Allocation Failure) 533.806: [ParNew: 81499K->0K(92160K), 0.0011931 secs] 82917K->1418K(194560K), 0.0012708 secs] [Times: user=0.00 sys=0.00, real=0.00 secs] 
534.817: [GC (Allocation Failure) 534.817: [ParNew: 81499K->0K(92160K), 0.0008104 secs] 82917K->1418K(194560K), 0.0008711 secs] [Times: user=0.00 sys=0.00, real=0.00 secs] 
536.827: [GC (Allocation Failure) 536.827: [ParNew: 81499K->0K(92160K), 0.0010136 secs] 82917K->1418K(194560K), 0.0010836 secs] [Times: user=0.00 sys=0.00, real=0.00 secs] 
537.839: [GC (Allocation Failure) 537.839: [ParNew: 81499K->0K(92160K), 0.0008890 secs] 82917K->1418K(194560K), 0.0009613 secs] [Times: user=0.00 sys=0.00, real=0.00 secs] 
539.849: [GC (Allocation Failure) 539.849: [ParNew: 81499K->0K(92160K), 0.0006245 secs] 82917K->1418K(194560K), 0.0007000 secs] [Times: user=0.00 sys=0.00, real=0.00 secs] 
540.860: [GC (Allocation Failure) 540.860: [ParNew: 81499K->0K(92160K), 0.0007611 secs] 82917K->1418K(194560K), 0.0008132 secs] [Times: user=0.00 sys=0.00, real=0.00 secs] 
542.871: [GC (Allocation Failure) 542.871: [ParNew: 81499K->0K(92160K), 0.0009306 secs] 82917K->1418K(194560K), 0.0010098 secs] [Times: user=0.00 sys=0.00, real=0.00 secs] 
544.882: [GC (Allocation Failure) 544.882: [ParNew: 81499K->0K(92160K), 0.0009338 secs] 82917K->1418K(194560K), 0.0010134 secs] [Times: user=0.00 sys=0.00, real=0.00 secs] 
545.897: [GC (Allocation Failure) 545.897: [ParNew: 81499K->0K(92160K), 0.0006367 secs] 82917K->1418K(194560K), 0.0007184 secs] [Times: user=0.00 sys=0.00, real=0.00 secs] 
547.900: [GC (Allocation Failure) 547.900: [ParNew: 81499K->0K(92160K), 0.0006547 secs] 82917K->1418K(194560K), 0.0007337 secs] [Times: user=0.00 sys=0.00, real=0.00 secs] 
548.913: [GC (Allocation Failure) 548.913: [ParNew: 81499K->0K(92160K), 0.0009889 secs] 82917K->1418K(194560K), 0.0010831 secs] [Times: user=0.00 sys=0.00, real=0.00 secs] 
550.924: [GC (Allocation Failure) 550.924: [ParNew: 81499K->0K(92160K), 0.0007181 secs] 82917K->1418K(194560K), 0.0007930 secs] [Times: user=0.00 sys=0.00, real=0.00 secs] 
552.939: [GC (Allocation Failure) 552.939: [ParNew: 81499K->0K(92160K), 0.0010067 secs] 82917K->1418K(194560K), 0.0011078 secs] [Times: user=0.00 sys=0.00, real=0.00 secs] 
553.945: [GC (Allocation Failure) 553.945: [ParNew: 81499K->0K(92160K), 0.0008667 secs] 82917K->1418K(194560K), 0.0010205 secs] [Times: user=0.00 sys=0.00, real=0.00 secs] 
555.958: [GC (Allocation Failure) 555.958: [ParNew: 81499K->0K(92160K), 0.0007704 secs] 82917K->1418K(194560K), 0.0008530 secs] [Times: user=0.00 sys=0.00, real=0.00 secs] 
556.969: [GC (Allocation Failure) 556.969: [ParNew: 81499K->0K(92160K), 0.0004562 secs] 82917K->1418K(194560K), 0.0005297 secs] [Times: user=0.00 sys=0.00, real=0.00 secs] 
558.978: [GC (Allocation Failure) 558.978: [ParNew: 81499K->0K(92160K), 0.0006284 secs] 82917K->1418K(194560K), 0.0007070 secs] [Times: user=0.00 sys=0.00, real=0.00 secs] 
559.994: [GC (Allocation Failure) 559.994: [ParNew: 81499K->0K(92160K), 0.0011685 secs] 82917K->1418K(194560K), 0.0012764 secs] [Times: user=0.00 sys=0.00, real=0.00 secs] 
562.000: [GC (Allocation Failure) 562.000: [ParNew: 81499K->0K(92160K), 0.0012456 secs] 82917K->1418K(194560K), 0.0013618 secs] [Times: user=0.02 sys=0.00, real=0.00 secs] 
564.015: [GC (Allocation Failure) 564.015: [ParNew: 81499K->0K(92160K), 0.0011956 secs] 82917K->1418K(194560K), 0.0013009 secs] [Times: user=0.00 sys=0.00, real=0.00 secs] 
565.029: [GC (Allocation Failure) 565.029: [ParNew: 81499K->0K(92160K), 0.0004278 secs] 82917K->1418K(194560K), 0.0005119 secs] [Times: user=0.00 sys=0.00, real=0.00 secs] 
567.039: [GC (Allocation Failure) 567.039: [ParNew: 81499K->0K(92160K), 0.0003660 secs] 82917K->1418K(194560K), 0.0004260 secs] [Times: user=0.00 sys=0.00, real=0.00 secs] 
568.047: [GC (Allocation Failure) 568.047: [ParNew: 81499K->0K(92160K), 0.0006513 secs] 82917K->1418K(194560K), 0.0007031 secs] [Times: user=0.00 sys=0.00, real=0.00 secs] 
570.068: [GC (Allocation Failure) 570.068: [ParNew: 81499K->0K(92160K), 0.0009404 secs] 82917K->1418K(194560K), 0.0009970 secs] [Times: user=0.00 sys=0.00, real=0.00 secs] 
572.078: [GC (Allocation Failure) 572.079: [ParNew: 81499K->0K(92160K), 0.0004306 secs] 82917K->1418K(194560K), 0.0004935 secs] [Times: user=0.00 sys=0.00, real=0.00 secs] 
573.098: [GC (Allocation Failure) 573.098: [ParNew: 81499K->0K(92160K), 0.0005505 secs] 82917K->1418K(194560K), 0.0006154 secs] [Times: user=0.00 sys=0.00, real=0.00 secs] 
575.111: [GC (Allocation Failure) 575.112: [ParNew: 81499K->0K(92160K), 0.0008535 secs] 82917K->1418K(194560K), 0.0009663 secs] [Times: user=0.00 sys=0.00, real=0.00 secs] 
576.122: [GC (Allocation Failure) 576.122: [ParNew: 81499K->0K(92160K), 0.0007183 secs] 82917K->1418K(194560K), 0.0007724 secs] [Times: user=0.00 sys=0.00, real=0.00 secs] 
578.128: [GC (Allocation Failure) 578.128: [ParNew: 81499K->0K(92160K), 0.0005195 secs] 82917K->1418K(194560K), 0.0005885 secs] [Times: user=0.00 sys=0.00, real=0.00 secs] 
579.138: [GC (Allocation Failure) 579.139: [ParNew: 81499K->0K(92160K), 0.0005508 secs] 82917K->1418K(194560K), 0.0006200 secs] [Times: user=0.00 sys=0.00, real=0.00 secs] 
581.165: [GC (Allocation Failure) 581.165: [ParNew: 81499K->0K(92160K), 0.0018128 secs] 82917K->1418K(194560K), 0.0019720 secs] [Times: user=0.00 sys=0.00, real=0.00 secs] 
583.181: [GC (Allocation Failure) 583.181: [ParNew: 81499K->0K(92160K), 0.0005620 secs] 82917K->1418K(194560K), 0.0006389 secs] [Times: user=0.00 sys=0.00, real=0.00 secs] 
584.194: [GC (Allocation Failure) 584.194: [ParNew: 81499K->0K(92160K), 0.0004415 secs] 82917K->1418K(194560K), 0.0005295 secs] [Times: user=0.00 sys=0.00, real=0.00 secs] 
586.208: [GC (Allocation Failure) 586.208: [ParNew: 81499K->0K(92160K), 0.0009013 secs] 82917K->1418K(194560K), 0.0009830 secs] [Times: user=0.00 sys=0.00, real=0.00 secs] 
587.222: [GC (Allocation Failure) 587.222: [ParNew: 81499K->0K(92160K), 0.0008380 secs] 82917K->1418K(194560K), 0.0008998 secs] [Times: user=0.00 sys=0.00, real=0.00 secs] 
589.238: [GC (Allocation Failure) 589.238: [ParNew: 81499K->0K(92160K), 0.0004152 secs] 82917K->1418K(194560K), 0.0004676 secs] [Times: user=0.00 sys=0.00, real=0.00 secs] 
590.241: [GC (Allocation Failure) 590.241: [ParNew: 81499K->0K(92160K), 0.0007615 secs] 82917K->1418K(194560K), 0.0008475 secs] [Times: user=0.00 sys=0.00, real=0.00 secs] 
592.259: [GC (Allocation Failure) 592.259: [ParNew: 81499K->0K(92160K), 0.0007097 secs] 82917K->1418K(194560K), 0.0007771 secs] [Times: user=0.00 sys=0.00, real=0.00 secs] 
594.269: [GC (Allocation Failure) 594.269: [ParNew: 81499K->0K(92160K), 0.0007797 secs] 82917K->1418K(194560K), 0.0008492 secs] [Times: user=0.00 sys=0.00, real=0.00 secs] 
595.280: [GC (Allocation Failure) 595.280: [ParNew: 81499K->0K(92160K), 0.0010917 secs] 82917K->1418K(194560K), 0.0011589 secs] [Times: user=0.00 sys=0.00, real=0.00 secs] 
597.290: [GC (Allocation Failure) 597.290: [ParNew: 81499K->0K(92160K), 0.0008572 secs] 82917K->1418K(194560K), 0.0009341 secs] [Times: user=0.00 sys=0.00, real=0.00 secs] 
598.301: [GC (Allocation Failure) 598.302: [ParNew: 81499K->0K(92160K), 0.0006119 secs] 82917K->1418K(194560K), 0.0006842 secs] [Times: user=0.00 sys=0.00, real=0.00 secs] 
600.333: [GC (Allocation Failure) 600.333: [ParNew: 81499K->0K(92160K), 0.0005950 secs] 82917K->1418K(194560K), 0.0006769 secs] [Times: user=0.00 sys=0.00, real=0.00 secs] 
602.336: [GC (Allocation Failure) 602.336: [ParNew: 81499K->0K(92160K), 0.0007214 secs] 82917K->1418K(194560K), 0.0008004 secs] [Times: user=0.00 sys=0.00, real=0.00 secs] 
603.347: [GC (Allocation Failure) 603.347: [ParNew: 81499K->0K(92160K), 0.0007221 secs] 82917K->1418K(194560K), 0.0008113 secs] [Times: user=0.00 sys=0.00, real=0.00 secs] 
605.364: [GC (Allocation Failure) 605.364: [ParNew: 81499K->0K(92160K), 0.0007931 secs] 82917K->1418K(194560K), 0.0008742 secs] [Times: user=0.00 sys=0.00, real=0.00 secs] 
606.375: [GC (Allocation Failure) 606.375: [ParNew: 81499K->0K(92160K), 0.0007671 secs] 82917K->1418K(194560K), 0.0008386 secs] [Times: user=0.03 sys=0.00, real=0.00 secs] 
608.396: [GC (Allocation Failure) 608.396: [ParNew: 81499K->0K(92160K), 0.0010588 secs] 82917K->1418K(194560K), 0.0011595 secs] [Times: user=0.00 sys=0.00, real=0.00 secs] 
609.399: [GC (Allocation Failure) 609.399: [ParNew: 81499K->0K(92160K), 0.0009832 secs] 82917K->1418K(194560K), 0.0010534 secs] [Times: user=0.00 sys=0.00, real=0.00 secs] 
611.411: [GC (Allocation Failure) 611.411: [ParNew: 81499K->0K(92160K), 0.0008597 secs] 82917K->1418K(194560K), 0.0009320 secs] [Times: user=0.00 sys=0.00, real=0.00 secs] 
613.425: [GC (Allocation Failure) 613.425: [ParNew: 81499K->0K(92160K), 0.0017950 secs] 82917K->1418K(194560K), 0.0019430 secs] [Times: user=0.00 sys=0.00, real=0.00 secs] 
614.445: [GC (Allocation Failure) 614.445: [ParNew: 81499K->0K(92160K), 0.0004010 secs] 82917K->1418K(194560K), 0.0004847 secs] [Times: user=0.00 sys=0.00, real=0.00 secs] 
616.456: [GC (Allocation Failure) 616.456: [ParNew: 81499K->0K(92160K), 0.0009849 secs] 82917K->1418K(194560K), 0.0010617 secs] [Times: user=0.00 sys=0.00, real=0.00 secs] 
617.468: [GC (Allocation Failure) 617.468: [ParNew: 81499K->0K(92160K), 0.0009072 secs] 82917K->1418K(194560K), 0.0009821 secs] [Times: user=0.01 sys=0.00, real=0.00 secs] 
619.487: [GC (Allocation Failure) 619.487: [ParNew: 81499K->0K(92160K), 0.0006887 secs] 82917K->1418K(194560K), 0.0007644 secs] [Times: user=0.00 sys=0.00, real=0.00 secs] 
620.491: [GC (Allocation Failure) 620.491: [ParNew: 81499K->0K(92160K), 0.0007308 secs] 82917K->1418K(194560K), 0.0008067 secs] [Times: user=0.00 sys=0.00, real=0.00 secs] 
622.503: [GC (Allocation Failure) 622.503: [ParNew: 81499K->0K(92160K), 0.0005893 secs] 82917K->1418K(194560K), 0.0006627 secs] [Times: user=0.00 sys=0.00, real=0.00 secs] 
624.513: [GC (Allocation Failure) 624.513: [ParNew: 81499K->0K(92160K), 0.0009894 secs] 82917K->1418K(194560K), 0.0011475 secs] [Times: user=0.00 sys=0.00, real=0.00 secs] 
625.525: [GC (Allocation Failure) 625.525: [ParNew: 81499K->0K(92160K), 0.0012221 secs] 82917K->1418K(194560K), 0.0012958 secs] [Times: user=0.00 sys=0.00, real=0.00 secs] 
627.536: [GC (Allocation Failure) 627.536: [ParNew: 81499K->0K(92160K), 0.0006456 secs] 82917K->1418K(194560K), 0.0007210 secs] [Times: user=0.00 sys=0.00, real=0.00 secs] 
628.551: [GC (Allocation Failure) 628.551: [ParNew: 81499K->0K(92160K), 0.0012046 secs] 82917K->1418K(194560K), 0.0013422 secs] [Times: user=0.00 sys=0.00, real=0.00 secs] 
630.567: [GC (Allocation Failure) 630.567: [ParNew: 81499K->0K(92160K), 0.0007840 secs] 82917K->1418K(194560K), 0.0008596 secs] [Times: user=0.00 sys=0.00, real=0.00 secs] 
632.577: [GC (Allocation Failure) 632.577: [ParNew: 81499K->0K(92160K), 0.0009923 secs] 82917K->1418K(194560K), 0.0010708 secs] [Times: user=0.00 sys=0.00, real=0.00 secs] 
633.590: [GC (Allocation Failure) 633.590: [ParNew: 81499K->0K(92160K), 0.0012412 secs] 82917K->1418K(194560K), 0.0013150 secs] [Times: user=0.00 sys=0.00, real=0.00 secs] 
635.600: [GC (Allocation Failure) 635.600: [ParNew: 81499K->0K(92160K), 0.0011188 secs] 82917K->1418K(194560K), 0.0011929 secs] [Times: user=0.00 sys=0.00, real=0.00 secs] 
636.616: [GC (Allocation Failure) 636.616: [ParNew: 81499K->0K(92160K), 0.0009068 secs] 82917K->1418K(194560K), 0.0009813 secs] [Times: user=0.00 sys=0.00, real=0.00 secs] 
638.622: [GC (Allocation Failure) 638.622: [ParNew: 81499K->0K(92160K), 0.0017129 secs] 82917K->1418K(194560K), 0.0018931 secs] [Times: user=0.00 sys=0.00, real=0.00 secs] 
639.635: [GC (Allocation Failure) 639.635: [ParNew: 81499K->0K(92160K), 0.0008172 secs] 82917K->1418K(194560K), 0.0008909 secs] [Times: user=0.00 sys=0.00, real=0.00 secs] 
641.646: [GC (Allocation Failure) 641.646: [ParNew: 81499K->0K(92160K), 0.0009705 secs] 82917K->1418K(194560K), 0.0010476 secs] [Times: user=0.00 sys=0.00, real=0.00 secs] 
643.658: [GC (Allocation Failure) 643.659: [ParNew: 81499K->0K(92160K), 0.0010682 secs] 82917K->1418K(194560K), 0.0011735 secs] [Times: user=0.00 sys=0.00, real=0.00 secs] 
644.663: [GC (Allocation Failure) 644.663: [ParNew: 81499K->0K(92160K), 0.0010081 secs] 82917K->1418K(194560K), 0.0010979 secs] [Times: user=0.00 sys=0.00, real=0.00 secs] 
646.675: [GC (Allocation Failure) 646.675: [ParNew: 81499K->0K(92160K), 0.0006925 secs] 82917K->1418K(194560K), 0.0007793 secs] [Times: user=0.00 sys=0.00, real=0.00 secs] 
647.695: [GC (Allocation Failure) 647.695: [ParNew: 81499K->0K(92160K), 0.0007928 secs] 82917K->1418K(194560K), 0.0008633 secs] [Times: user=0.00 sys=0.00, real=0.00 secs] 
649.699: [GC (Allocation Failure) 649.699: [ParNew: 81499K->0K(92160K), 0.0008448 secs] 82917K->1418K(194560K), 0.0009169 secs] [Times: user=0.00 sys=0.00, real=0.00 secs] 
651.719: [GC (Allocation Failure) 651.719: [ParNew: 81499K->0K(92160K), 0.0007980 secs] 82917K->1418K(194560K), 0.0008965 secs] [Times: user=0.00 sys=0.00, real=0.00 secs] 
652.723: [GC (Allocation Failure) 652.723: [ParNew: 81499K->0K(92160K), 0.0008018 secs] 82917K->1418K(194560K), 0.0008715 secs] [Times: user=0.00 sys=0.00, real=0.00 secs] 
654.739: [GC (Allocation Failure) 654.739: [ParNew: 81499K->0K(92160K), 0.0005679 secs] 82917K->1418K(194560K), 0.0006800 secs] [Times: user=0.00 sys=0.00, real=0.00 secs] 
655.750: [GC (Allocation Failure) 655.750: [ParNew: 81499K->0K(92160K), 0.0008700 secs] 82917K->1418K(194560K), 0.0009389 secs] [Times: user=0.00 sys=0.00, real=0.00 secs] 
657.761: [GC (Allocation Failure) 657.761: [ParNew: 81499K->0K(92160K), 0.0008245 secs] 82917K->1418K(194560K), 0.0008934 secs] [Times: user=0.00 sys=0.00, real=0.00 secs] 
658.772: [GC (Allocation Failure) 658.772: [ParNew: 81499K->0K(92160K), 0.0007378 secs] 82917K->1418K(194560K), 0.0008047 secs] [Times: user=0.00 sys=0.00, real=0.00 secs] 
660.775: [GC (Allocation Failure) 660.776: [ParNew: 81499K->0K(92160K), 0.0003859 secs] 82917K->1418K(194560K), 0.0004438 secs] [Times: user=0.00 sys=0.00, real=0.00 secs] 
662.785: [GC (Allocation Failure) 662.785: [ParNew: 81499K->0K(92160K), 0.0007376 secs] 82917K->1418K(194560K), 0.0007903 secs] [Times: user=0.00 sys=0.00, real=0.00 secs] 
663.796: [GC (Allocation Failure) 663.796: [ParNew: 81499K->0K(92160K), 0.0006666 secs] 82917K->1418K(194560K), 0.0007339 secs] [Times: user=0.00 sys=0.00, real=0.00 secs] 
665.815: [GC (Allocation Failure) 665.815: [ParNew: 81499K->0K(92160K), 0.0004000 secs] 82917K->1418K(194560K), 0.0004647 secs] [Times: user=0.00 sys=0.00, real=0.00 secs] 
666.823: [GC (Allocation Failure) 666.823: [ParNew: 81499K->0K(92160K), 0.0008177 secs] 82917K->1418K(194560K), 0.0008700 secs] [Times: user=0.00 sys=0.00, real=0.00 secs] 
668.834: [GC (Allocation Failure) 668.834: [ParNew: 81499K->0K(92160K), 0.0005859 secs] 82917K->1418K(194560K), 0.0006532 secs] [Times: user=0.00 sys=0.00, real=0.00 secs] 
669.863: [GC (Allocation Failure) 669.863: [ParNew: 81499K->0K(92160K), 0.0004934 secs] 82917K->1418K(194560K), 0.0005450 secs] [Times: user=0.00 sys=0.00, real=0.00 secs] 
671.874: [GC (Allocation Failure) 671.874: [ParNew: 81499K->0K(92160K), 0.0007908 secs] 82917K->1418K(194560K), 0.0008462 secs] [Times: user=0.00 sys=0.00, real=0.00 secs] 
673.894: [GC (Allocation Failure) 673.894: [ParNew: 81499K->0K(92160K), 0.0017860 secs] 82917K->1418K(194560K), 0.0019435 secs] [Times: user=0.00 sys=0.00, real=0.00 secs] 
674.902: [GC (Allocation Failure) 674.902: [ParNew: 81499K->0K(92160K), 0.0019147 secs] 82917K->1418K(194560K), 0.0020693 secs] [Times: user=0.00 sys=0.00, real=0.00 secs] 
676.921: [GC (Allocation Failure) 676.921: [ParNew: 81499K->0K(92160K), 0.0016200 secs] 82917K->1418K(194560K), 0.0017834 secs] [Times: user=0.11 sys=0.02, real=0.00 secs] 
677.950: [GC (Allocation Failure) 677.950: [ParNew: 81499K->0K(92160K), 0.0016910 secs] 82917K->1418K(194560K), 0.0018515 secs] [Times: user=0.00 sys=0.00, real=0.00 secs] 
679.964: [GC (Allocation Failure) 679.964: [ParNew: 81499K->0K(92160K), 0.0005008 secs] 82917K->1418K(194560K), 0.0005575 secs] [Times: user=0.00 sys=0.00, real=0.00 secs] 
681.974: [GC (Allocation Failure) 681.974: [ParNew: 81499K->0K(92160K), 0.0007821 secs] 82917K->1418K(194560K), 0.0008367 secs] [Times: user=0.00 sys=0.00, real=0.00 secs] 
682.989: [GC (Allocation Failure) 682.989: [ParNew: 81499K->0K(92160K), 0.0015910 secs] 82917K->1418K(194560K), 0.0017497 secs] [Times: user=0.00 sys=0.00, real=0.00 secs] 
685.003: [GC (Allocation Failure) 685.003: [ParNew: 81499K->0K(92160K), 0.0019109 secs] 82917K->1418K(194560K), 0.0020693 secs] [Times: user=0.00 sys=0.00, real=0.00 secs] 
686.021: [GC (Allocation Failure) 686.022: [ParNew: 81499K->0K(92160K), 0.0006605 secs] 82917K->1418K(194560K), 0.0007392 secs] [Times: user=0.00 sys=0.00, real=0.00 secs] 
688.031: [GC (Allocation Failure) 688.031: [ParNew: 81499K->0K(92160K), 0.0009321 secs] 82917K->1418K(194560K), 0.0009846 secs] [Times: user=0.00 sys=0.00, real=0.00 secs] 
689.047: [GC (Allocation Failure) 689.047: [ParNew: 81499K->0K(92160K), 0.0009242 secs] 82917K->1418K(194560K), 0.0009971 secs] [Times: user=0.00 sys=0.00, real=0.00 secs] 
691.060: [GC (Allocation Failure) 691.060: [ParNew: 81499K->0K(92160K), 0.0007302 secs] 82917K->1418K(194560K), 0.0008197 secs] [Times: user=0.00 sys=0.00, real=0.00 secs] 
693.066: [GC (Allocation Failure) 693.066: [ParNew: 81499K->0K(92160K), 0.0012933 secs] 82917K->1418K(194560K), 0.0014518 secs] [Times: user=0.00 sys=0.00, real=0.00 secs] 
694.087: [GC (Allocation Failure) 694.087: [ParNew: 81499K->0K(92160K), 0.0019073 secs] 82917K->1418K(194560K), 0.0020966 secs] [Times: user=0.00 sys=0.00, real=0.00 secs] 
696.102: [GC (Allocation Failure) 696.102: [ParNew: 81499K->0K(92160K), 0.0005849 secs] 82917K->1418K(194560K), 0.0006622 secs] [Times: user=0.00 sys=0.00, real=0.00 secs] 
697.111: [GC (Allocation Failure) 697.111: [ParNew: 81499K->0K(92160K), 0.0004499 secs] 82917K->1418K(194560K), 0.0005237 secs] [Times: user=0.00 sys=0.00, real=0.00 secs] 
699.132: [GC (Allocation Failure) 699.132: [ParNew: 81499K->0K(92160K), 0.0020782 secs] 82917K->1418K(194560K), 0.0022391 secs] [Times: user=0.00 sys=0.00, real=0.00 secs] 
700.148: [GC (Allocation Failure) 700.148: [ParNew: 81499K->0K(92160K), 0.0006001 secs] 82917K->1418K(194560K), 0.0006737 secs] [Times: user=0.00 sys=0.00, real=0.00 secs] 
702.159: [GC (Allocation Failure) 702.159: [ParNew: 81499K->0K(92160K), 0.0004236 secs] 82917K->1418K(194560K), 0.0004989 secs] [Times: user=0.00 sys=0.00, real=0.00 secs] 
704.174: [GC (Allocation Failure) 704.174: [ParNew: 81499K->0K(92160K), 0.0006150 secs] 82917K->1418K(194560K), 0.0006927 secs] [Times: user=0.00 sys=0.00, real=0.00 secs] 
705.185: [GC (Allocation Failure) 705.185: [ParNew: 81499K->0K(92160K), 0.0007760 secs] 82917K->1418K(194560K), 0.0008291 secs] [Times: user=0.00 sys=0.00, real=0.00 secs] 
707.209: [GC (Allocation Failure) 707.209: [ParNew: 81499K->0K(92160K), 0.0004815 secs] 82917K->1418K(194560K), 0.0005475 secs] [Times: user=0.00 sys=0.00, real=0.00 secs] 
708.212: [GC (Allocation Failure) 708.212: [ParNew: 81499K->0K(92160K), 0.0008567 secs] 82917K->1418K(194560K), 0.0009181 secs] [Times: user=0.00 sys=0.00, real=0.00 secs] 
710.221: [GC (Allocation Failure) 710.221: [ParNew: 81499K->0K(92160K), 0.0003869 secs] 82917K->1418K(194560K), 0.0004399 secs] [Times: user=0.00 sys=0.00, real=0.00 secs] 
712.235: [GC (Allocation Failure) 712.235: [ParNew: 81499K->0K(92160K), 0.0007263 secs] 82917K->1418K(194560K), 0.0007877 secs] [Times: user=0.00 sys=0.00, real=0.00 secs] 
713.246: [GC (Allocation Failure) 713.246: [ParNew: 81499K->0K(92160K), 0.0004223 secs] 82917K->1418K(194560K), 0.0004855 secs] [Times: user=0.00 sys=0.00, real=0.00 secs] 
715.269: [GC (Allocation Failure) 715.269: [ParNew: 81499K->0K(92160K), 0.0006491 secs] 82917K->1418K(194560K), 0.0007442 secs] [Times: user=0.00 sys=0.00, real=0.00 secs] 
716.273: [GC (Allocation Failure) 716.273: [ParNew: 81499K->0K(92160K), 0.0006090 secs] 82917K->1418K(194560K), 0.0006761 secs] [Times: user=0.00 sys=0.00, real=0.00 secs] 
718.283: [GC (Allocation Failure) 718.283: [ParNew: 81499K->0K(92160K), 0.0010667 secs] 82917K->1418K(194560K), 0.0011360 secs] [Times: user=0.00 sys=0.00, real=0.00 secs] 
719.295: [GC (Allocation Failure) 719.296: [ParNew: 81499K->0K(92160K), 0.0009361 secs] 82917K->1418K(194560K), 0.0010066 secs] [Times: user=0.00 sys=0.00, real=0.00 secs] 
721.306: [GC (Allocation Failure) 721.306: [ParNew: 81499K->0K(92160K), 0.0004782 secs] 82917K->1418K(194560K), 0.0005362 secs] [Times: user=0.00 sys=0.00, real=0.00 secs] 
723.316: [GC (Allocation Failure) 723.316: [ParNew: 81499K->0K(92160K), 0.0006606 secs] 82917K->1418K(194560K), 0.0007331 secs] [Times: user=0.00 sys=0.00, real=0.00 secs] 
724.328: [GC (Allocation Failure) 724.328: [ParNew: 81499K->0K(92160K), 0.0009576 secs] 82917K->1418K(194560K), 0.0010328 secs] [Times: user=0.06 sys=0.00, real=0.00 secs] 
726.340: [GC (Allocation Failure) 726.340: [ParNew: 81499K->0K(92160K), 0.0009933 secs] 82917K->1418K(194560K), 0.0010723 secs] [Times: user=0.00 sys=0.00, real=0.00 secs] 
727.353: [GC (Allocation Failure) 727.353: [ParNew: 81499K->0K(92160K), 0.0011410 secs] 82917K->1418K(194560K), 0.0012335 secs] [Times: user=0.00 sys=0.00, real=0.00 secs] 
729.366: [GC (Allocation Failure) 729.366: [ParNew: 81499K->0K(92160K), 0.0006979 secs] 82917K->1418K(194560K), 0.0007909 secs] [Times: user=0.00 sys=0.00, real=0.00 secs] 
731.370: [GC (Allocation Failure) 731.370: [ParNew: 81499K->0K(92160K), 0.0005514 secs] 82917K->1418K(194560K), 0.0006212 secs] [Times: user=0.00 sys=0.00, real=0.00 secs] 
732.381: [GC (Allocation Failure) 732.381: [ParNew: 81499K->0K(92160K), 0.0008912 secs] 82917K->1418K(194560K), 0.0009914 secs] [Times: user=0.00 sys=0.00, real=0.00 secs] 
734.395: [GC (Allocation Failure) 734.395: [ParNew: 81499K->0K(92160K), 0.0010870 secs] 82917K->1418K(194560K), 0.0011838 secs] [Times: user=0.00 sys=0.00, real=0.00 secs] 
735.409: [GC (Allocation Failure) 735.409: [ParNew: 81499K->0K(92160K), 0.0009500 secs] 82917K->1418K(194560K), 0.0010518 secs] [Times: user=0.00 sys=0.00, real=0.00 secs] 
737.426: [GC (Allocation Failure) 737.427: [ParNew: 81499K->0K(92160K), 0.0007565 secs] 82917K->1418K(194560K), 0.0008589 secs] [Times: user=0.00 sys=0.00, real=0.00 secs] 
738.429: [GC (Allocation Failure) 738.429: [ParNew: 81499K->0K(92160K), 0.0008902 secs] 82917K->1418K(194560K), 0.0009625 secs] [Times: user=0.00 sys=0.00, real=0.00 secs] 
740.442: [GC (Allocation Failure) 740.442: [ParNew: 81499K->0K(92160K), 0.0008256 secs] 82917K->1418K(194560K), 0.0009292 secs] [Times: user=0.00 sys=0.00, real=0.00 secs] 
742.455: [GC (Allocation Failure) 742.455: [ParNew: 81499K->0K(92160K), 0.0009864 secs] 82917K->1418K(194560K), 0.0010809 secs] [Times: user=0.00 sys=0.00, real=0.00 secs] 
743.469: [GC (Allocation Failure) 743.469: [ParNew: 81499K->0K(92160K), 0.0009999 secs] 82917K->1418K(194560K), 0.0011090 secs] [Times: user=0.00 sys=0.00, real=0.00 secs] 
745.504: [GC (Allocation Failure) 745.504: [ParNew: 81499K->0K(92160K), 0.0008883 secs] 82917K->1418K(194560K), 0.0010034 secs] [Times: user=0.00 sys=0.00, real=0.00 secs] 
746.510: [GC (Allocation Failure) 746.510: [ParNew: 81499K->0K(92160K), 0.0013207 secs] 82917K->1418K(194560K), 0.0014401 secs] [Times: user=0.00 sys=0.00, real=0.00 secs] 
748.523: [GC (Allocation Failure) 748.523: [ParNew: 81499K->0K(92160K), 0.0011613 secs] 82917K->1418K(194560K), 0.0012558 secs] [Times: user=0.00 sys=0.00, real=0.00 secs] 
749.546: [GC (Allocation Failure) 749.546: [ParNew: 81499K->0K(92160K), 0.0020457 secs] 82917K->1418K(194560K), 0.0022096 secs] [Times: user=0.00 sys=0.00, real=0.00 secs] 
751.565: [GC (Allocation Failure) 751.565: [ParNew: 81499K->0K(92160K), 0.0016408 secs] 82917K->1418K(194560K), 0.0017722 secs] [Times: user=0.00 sys=0.00, real=0.00 secs] 
753.583: [GC (Allocation Failure) 753.583: [ParNew: 81499K->0K(92160K), 0.0015317 secs] 82917K->1418K(194560K), 0.0016926 secs] [Times: user=0.00 sys=0.00, real=0.00 secs] 
754.590: [GC (Allocation Failure) 754.590: [ParNew: 81499K->0K(92160K), 0.0016131 secs] 82917K->1418K(194560K), 0.0017730 secs] [Times: user=0.00 sys=0.00, real=0.00 secs] 
756.609: [GC (Allocation Failure) 756.610: [ParNew: 81499K->0K(92160K), 0.0018761 secs] 82917K->1418K(194560K), 0.0020459 secs] [Times: user=0.02 sys=0.00, real=0.00 secs] 
757.639: [GC (Allocation Failure) 757.639: [ParNew: 81499K->0K(92160K), 0.0012716 secs] 82917K->1418K(194560K), 0.0014268 secs] [Times: user=0.00 sys=0.00, real=0.00 secs] 
759.641: [GC (Allocation Failure) 759.641: [ParNew: 81499K->0K(92160K), 0.0010854 secs] 82917K->1418K(194560K), 0.0011785 secs] [Times: user=0.00 sys=0.00, real=0.00 secs] 
761.659: [GC (Allocation Failure) 761.659: [ParNew: 81499K->0K(92160K), 0.0010723 secs] 82917K->1418K(194560K), 0.0011754 secs] [Times: user=0.00 sys=0.00, real=0.00 secs] 
762.664: [GC (Allocation Failure) 762.664: [ParNew: 81499K->0K(92160K), 0.0010663 secs] 82917K->1418K(194560K), 0.0011636 secs] [Times: user=0.00 sys=0.00, real=0.00 secs] 
764.677: [GC (Allocation Failure) 764.677: [ParNew: 81499K->0K(92160K), 0.0009131 secs] 82917K->1418K(194560K), 0.0010109 secs] [Times: user=0.00 sys=0.00, real=0.00 secs] 
765.697: [GC (Allocation Failure) 765.697: [ParNew: 81499K->0K(92160K), 0.0007578 secs] 82917K->1418K(194560K), 0.0008517 secs] [Times: user=0.00 sys=0.00, real=0.00 secs] 
767.702: [GC (Allocation Failure) 767.702: [ParNew: 81499K->0K(92160K), 0.0007201 secs] 82917K->1418K(194560K), 0.0008205 secs] [Times: user=0.00 sys=0.00, real=0.00 secs] 
768.717: [GC (Allocation Failure) 768.717: [ParNew: 81499K->0K(92160K), 0.0004520 secs] 82917K->1418K(194560K), 0.0005089 secs] [Times: user=0.00 sys=0.00, real=0.00 secs] 
770.725: [GC (Allocation Failure) 770.725: [ParNew: 81499K->0K(92160K), 0.0011675 secs] 82917K->1418K(194560K), 0.0012631 secs] [Times: user=0.00 sys=0.00, real=0.00 secs] 
772.742: [GC (Allocation Failure) 772.742: [ParNew: 81499K->0K(92160K), 0.0012272 secs] 82917K->1418K(194560K), 0.0013284 secs] [Times: user=0.00 sys=0.00, real=0.00 secs] 
773.758: [GC (Allocation Failure) 773.758: [ParNew: 81499K->0K(92160K), 0.0010448 secs] 82917K->1418K(194560K), 0.0011436 secs] [Times: user=0.00 sys=0.00, real=0.00 secs] 
775.773: [GC (Allocation Failure) 775.773: [ParNew: 81499K->0K(92160K), 0.0010647 secs] 82917K->1418K(194560K), 0.0011630 secs] [Times: user=0.00 sys=0.00, real=0.00 secs] 
776.788: [GC (Allocation Failure) 776.788: [ParNew: 81499K->0K(92160K), 0.0011420 secs] 82917K->1418K(194560K), 0.0012395 secs] [Times: user=0.00 sys=0.00, real=0.00 secs] 
778.804: [GC (Allocation Failure) 778.804: [ParNew: 81499K->0K(92160K), 0.0010685 secs] 82917K->1418K(194560K), 0.0011705 secs] [Times: user=0.00 sys=0.00, real=0.00 secs] 
779.819: [GC (Allocation Failure) 779.819: [ParNew: 81499K->0K(92160K), 0.0007642 secs] 82917K->1418K(194560K), 0.0008261 secs] [Times: user=0.00 sys=0.00, real=0.00 secs] 
781.834: [GC (Allocation Failure) 781.835: [ParNew: 81499K->0K(92160K), 0.0008638 secs] 82917K->1418K(194560K), 0.0009411 secs] [Times: user=0.00 sys=0.00, real=0.00 secs] 
783.841: [GC (Allocation Failure) 783.841: [ParNew: 81499K->0K(92160K), 0.0012829 secs] 82917K->1418K(194560K), 0.0013856 secs] [Times: user=0.00 sys=0.00, real=0.00 secs] 
784.856: [GC (Allocation Failure) 784.856: [ParNew: 81499K->0K(92160K), 0.0010834 secs] 82917K->1418K(194560K), 0.0011905 secs] [Times: user=0.00 sys=0.00, real=0.00 secs] 
786.864: [GC (Allocation Failure) 786.864: [ParNew: 81499K->0K(92160K), 0.0007516 secs] 82917K->1418K(194560K), 0.0008492 secs] [Times: user=0.00 sys=0.00, real=0.00 secs] 
787.878: [GC (Allocation Failure) 787.878: [ParNew: 81499K->0K(92160K), 0.0005616 secs] 82917K->1418K(194560K), 0.0006901 secs] [Times: user=0.00 sys=0.00, real=0.00 secs] 
789.890: [GC (Allocation Failure) 789.890: [ParNew: 81499K->0K(92160K), 0.0009115 secs] 82917K->1418K(194560K), 0.0010098 secs] [Times: user=0.00 sys=0.00, real=0.00 secs] 
791.905: [GC (Allocation Failure) 791.905: [ParNew: 81499K->0K(92160K), 0.0014426 secs] 82917K->1418K(194560K), 0.0015430 secs] [Times: user=0.00 sys=0.00, real=0.00 secs] 
792.920: [GC (Allocation Failure) 792.920: [ParNew: 81499K->0K(92160K), 0.0012655 secs] 82917K->1418K(194560K), 0.0013666 secs] [Times: user=0.00 sys=0.00, real=0.00 secs] 
794.939: [GC (Allocation Failure) 794.939: [ParNew: 81499K->0K(92160K), 0.0010939 secs] 82917K->1418K(194560K), 0.0011863 secs] [Times: user=0.00 sys=0.00, real=0.00 secs] 
795.961: [GC (Allocation Failure) 795.961: [ParNew: 81499K->0K(92160K), 0.0009165 secs] 82917K->1418K(194560K), 0.0010134 secs] [Times: user=0.00 sys=0.00, real=0.00 secs] 
797.975: [GC (Allocation Failure) 797.975: [ParNew: 81492K->0K(92160K), 0.0007838 secs] 82910K->1418K(194560K), 0.0008818 secs] [Times: user=0.00 sys=0.00, real=0.00 secs] 
798.992: [GC (Allocation Failure) 798.992: [ParNew: 81494K->0K(92160K), 0.0015225 secs] 82913K->1418K(194560K), 0.0016828 secs] [Times: user=0.00 sys=0.00, real=0.00 secs] 
801.005: [GC (Allocation Failure) 801.005: [ParNew: 81496K->0K(92160K), 0.0010352 secs] 82914K->1418K(194560K), 0.0011233 secs] [Times: user=0.00 sys=0.00, real=0.00 secs] 
803.008: [GC (Allocation Failure) 803.008: [ParNew: 81497K->0K(92160K), 0.0007889 secs] 82915K->1418K(194560K), 0.0008713 secs] [Times: user=0.00 sys=0.00, real=0.00 secs] 
804.017: [GC (Allocation Failure) 804.017: [ParNew: 81498K->0K(92160K), 0.0008910 secs] 82916K->1418K(194560K), 0.0009720 secs] [Times: user=0.00 sys=0.00, real=0.00 secs] 
806.026: [GC (Allocation Failure) 806.026: [ParNew: 81498K->0K(92160K), 0.0010917 secs] 82916K->1418K(194560K), 0.0011691 secs] [Times: user=0.00 sys=0.00, real=0.00 secs] 
807.041: [GC (Allocation Failure) 807.042: [ParNew: 81499K->0K(92160K), 0.0017641 secs] 82917K->1418K(194560K), 0.0019181 secs] [Times: user=0.00 sys=0.00, real=0.00 secs] 
809.051: [GC (Allocation Failure) 809.051: [ParNew: 81499K->0K(92160K), 0.0011123 secs] 82917K->1418K(194560K), 0.0011910 secs] [Times: user=0.00 sys=0.00, real=0.00 secs] 
811.060: [GC (Allocation Failure) 811.060: [ParNew: 81499K->0K(92160K), 0.0010835 secs] 82917K->1418K(194560K), 0.0011631 secs] [Times: user=0.00 sys=0.00, real=0.00 secs] 
812.069: [GC (Allocation Failure) 812.069: [ParNew: 81499K->0K(92160K), 0.0009703 secs] 82917K->1418K(194560K), 0.0010477 secs] [Times: user=0.00 sys=0.00, real=0.00 secs] 
814.078: [GC (Allocation Failure) 814.079: [ParNew: 81499K->0K(92160K), 0.0009625 secs] 82917K->1418K(194560K), 0.0010378 secs] [Times: user=0.00 sys=0.00, real=0.00 secs] 
815.099: [GC (Allocation Failure) 815.099: [ParNew: 81499K->0K(92160K), 0.0004594 secs] 82917K->1418K(194560K), 0.0005305 secs] [Times: user=0.00 sys=0.00, real=0.00 secs] 
817.107: [GC (Allocation Failure) 817.107: [ParNew: 81499K->0K(92160K), 0.0005697 secs] 82917K->1418K(194560K), 0.0006482 secs] [Times: user=0.00 sys=0.00, real=0.00 secs] 
818.130: [GC (Allocation Failure) 818.130: [ParNew: 81499K->0K(92160K), 0.0010334 secs] 82917K->1418K(194560K), 0.0011076 secs] [Times: user=0.00 sys=0.00, real=0.00 secs] 
820.133: [GC (Allocation Failure) 820.133: [ParNew: 81499K->0K(92160K), 0.0007079 secs] 82917K->1418K(194560K), 0.0007828 secs] [Times: user=0.00 sys=0.00, real=0.00 secs] 
822.141: [GC (Allocation Failure) 822.141: [ParNew: 81499K->0K(92160K), 0.0005618 secs] 82917K->1418K(194560K), 0.0006408 secs] [Times: user=0.00 sys=0.00, real=0.00 secs] 
823.149: [GC (Allocation Failure) 823.149: [ParNew: 81499K->0K(92160K), 0.0008178 secs] 82917K->1418K(194560K), 0.0008921 secs] [Times: user=0.00 sys=0.00, real=0.00 secs] 
825.161: [GC (Allocation Failure) 825.161: [ParNew: 81499K->0K(92160K), 0.0007379 secs] 82917K->1418K(194560K), 0.0008077 secs] [Times: user=0.00 sys=0.00, real=0.00 secs] 
826.164: [GC (Allocation Failure) 826.164: [ParNew: 81499K->0K(92160K), 0.0009281 secs] 82917K->1418K(194560K), 0.0009979 secs] [Times: user=0.00 sys=0.00, real=0.00 secs] 
828.172: [GC (Allocation Failure) 828.172: [ParNew: 81499K->0K(92160K), 0.0008552 secs] 82917K->1418K(194560K), 0.0009336 secs] [Times: user=0.00 sys=0.02, real=0.00 secs] 
829.181: [GC (Allocation Failure) 829.181: [ParNew: 81499K->0K(92160K), 0.0008416 secs] 82917K->1418K(194560K), 0.0009082 secs] [Times: user=0.00 sys=0.00, real=0.00 secs] 
831.189: [GC (Allocation Failure) 831.189: [ParNew: 81499K->0K(92160K), 0.0009113 secs] 82917K->1418K(194560K), 0.0009772 secs] [Times: user=0.00 sys=0.00, real=0.00 secs] 
833.207: [GC (Allocation Failure) 833.207: [ParNew: 81499K->0K(92160K), 0.0006981 secs] 82917K->1418K(194560K), 0.0007766 secs] [Times: user=0.00 sys=0.00, real=0.00 secs] 
834.217: [GC (Allocation Failure) 834.217: [ParNew: 81499K->0K(92160K), 0.0007767 secs] 82917K->1418K(194560K), 0.0008506 secs] [Times: user=0.00 sys=0.00, real=0.00 secs] 
836.222: [GC (Allocation Failure) 836.222: [ParNew: 81499K->0K(92160K), 0.0004346 secs] 82917K->1418K(194560K), 0.0005062 secs] [Times: user=0.00 sys=0.00, real=0.00 secs] 
837.227: [GC (Allocation Failure) 837.227: [ParNew: 81499K->0K(92160K), 0.0005577 secs] 82917K->1418K(194560K), 0.0006295 secs] [Times: user=0.00 sys=0.00, real=0.00 secs] 
839.238: [GC (Allocation Failure) 839.238: [ParNew: 81499K->0K(92160K), 0.0003504 secs] 82917K->1418K(194560K), 0.0004035 secs] [Times: user=0.00 sys=0.00, real=0.00 secs] 
841.238: [GC (Allocation Failure) 841.238: [ParNew: 81499K->0K(92160K), 0.0004329 secs] 82917K->1418K(194560K), 0.0004783 secs] [Times: user=0.00 sys=0.00, real=0.00 secs] 
842.243: [GC (Allocation Failure) 842.243: [ParNew: 81499K->0K(92160K), 0.0004388 secs] 82917K->1418K(194560K), 0.0005135 secs] [Times: user=0.00 sys=0.00, real=0.00 secs] 
844.249: [GC (Allocation Failure) 844.249: [ParNew: 81499K->0K(92160K), 0.0008291 secs] 82917K->1418K(194560K), 0.0008946 secs] [Times: user=0.00 sys=0.00, real=0.00 secs] 
845.257: [GC (Allocation Failure) 845.257: [ParNew: 81499K->0K(92160K), 0.0007260 secs] 82917K->1418K(194560K), 0.0007938 secs] [Times: user=0.00 sys=0.00, real=0.00 secs] 
847.268: [GC (Allocation Failure) 847.268: [ParNew: 81499K->0K(92160K), 0.0006440 secs] 82917K->1418K(194560K), 0.0007104 secs] [Times: user=0.00 sys=0.00, real=0.00 secs] 
848.271: [GC (Allocation Failure) 848.271: [ParNew: 81499K->0K(92160K), 0.0005736 secs] 82917K->1418K(194560K), 0.0006405 secs] [Times: user=0.00 sys=0.00, real=0.00 secs] 
850.279: [GC (Allocation Failure) 850.279: [ParNew: 81499K->0K(92160K), 0.0008930 secs] 82917K->1418K(194560K), 0.0009589 secs] [Times: user=0.00 sys=0.00, real=0.00 secs] 
852.283: [GC (Allocation Failure) 852.283: [ParNew: 81499K->0K(92160K), 0.0009005 secs] 82917K->1418K(194560K), 0.0009733 secs] [Times: user=0.00 sys=0.00, real=0.00 secs] 
853.292: [GC (Allocation Failure) 853.292: [ParNew: 81499K->0K(92160K), 0.0007942 secs] 82917K->1418K(194560K), 0.0008675 secs] [Times: user=0.00 sys=0.00, real=0.00 secs] 
855.317: [GC (Allocation Failure) 855.317: [ParNew: 81499K->0K(92160K), 0.0007426 secs] 82917K->1418K(194560K), 0.0008186 secs] [Times: user=0.00 sys=0.00, real=0.00 secs] 
856.319: [GC (Allocation Failure) 856.319: [ParNew: 81499K->0K(92160K), 0.0005050 secs] 82917K->1418K(194560K), 0.0005562 secs] [Times: user=0.00 sys=0.00, real=0.00 secs] 
858.329: [GC (Allocation Failure) 858.329: [ParNew: 81499K->0K(92160K), 0.0007650 secs] 82917K->1418K(194560K), 0.0008462 secs] [Times: user=0.00 sys=0.00, real=0.00 secs] 
859.352: [GC (Allocation Failure) 859.352: [ParNew: 81499K->0K(92160K), 0.0006829 secs] 82917K->1418K(194560K), 0.0007711 secs] [Times: user=0.00 sys=0.00, real=0.00 secs] 
861.354: [GC (Allocation Failure) 861.354: [ParNew: 81499K->0K(92160K), 0.0006146 secs] 82917K->1418K(194560K), 0.0006729 secs] [Times: user=0.00 sys=0.00, real=0.00 secs] 
863.365: [GC (Allocation Failure) 863.365: [ParNew: 81499K->0K(92160K), 0.0012901 secs] 82917K->1418K(194560K), 0.0013827 secs] [Times: user=0.00 sys=0.00, real=0.00 secs] 
864.376: [GC (Allocation Failure) 864.376: [ParNew: 81499K->0K(92160K), 0.0005731 secs] 82917K->1418K(194560K), 0.0006410 secs] [Times: user=0.00 sys=0.00, real=0.00 secs] 
866.385: [GC (Allocation Failure) 866.385: [ParNew: 81499K->0K(92160K), 0.0008501 secs] 82917K->1418K(194560K), 0.0009231 secs] [Times: user=0.00 sys=0.00, real=0.00 secs] 
867.400: [GC (Allocation Failure) 867.400: [ParNew: 81499K->0K(92160K), 0.0013629 secs] 82917K->1418K(194560K), 0.0014760 secs] [Times: user=0.00 sys=0.00, real=0.00 secs] 
869.411: [GC (Allocation Failure) 869.412: [ParNew: 81499K->0K(92160K), 0.0006010 secs] 82917K->1418K(194560K), 0.0006676 secs] [Times: user=0.00 sys=0.00, real=0.00 secs] 
871.424: [GC (Allocation Failure) 871.424: [ParNew: 81499K->0K(92160K), 0.0008592 secs] 82917K->1418K(194560K), 0.0009350 secs] [Times: user=0.00 sys=0.00, real=0.00 secs] 
872.429: [GC (Allocation Failure) 872.429: [ParNew: 81499K->0K(92160K), 0.0012450 secs] 82917K->1418K(194560K), 0.0013553 secs] [Times: user=0.00 sys=0.00, real=0.00 secs] 
874.439: [GC (Allocation Failure) 874.439: [ParNew: 81499K->0K(92160K), 0.0008163 secs] 82917K->1418K(194560K), 0.0008835 secs] [Times: user=0.00 sys=0.00, real=0.00 secs] 
875.458: [GC (Allocation Failure) 875.458: [ParNew: 81499K->0K(92160K), 0.0007265 secs] 82917K->1418K(194560K), 0.0007926 secs] [Times: user=0.00 sys=0.00, real=0.00 secs] 
877.463: [GC (Allocation Failure) 877.463: [ParNew: 81499K->0K(92160K), 0.0008824 secs] 82917K->1418K(194560K), 0.0009516 secs] [Times: user=0.00 sys=0.00, real=0.00 secs] 
878.473: [GC (Allocation Failure) 878.473: [ParNew: 81499K->0K(92160K), 0.0007181 secs] 82917K->1418K(194560K), 0.0007905 secs] [Times: user=0.00 sys=0.00, real=0.00 secs] 
880.490: [GC (Allocation Failure) 880.490: [ParNew: 81499K->0K(92160K), 0.0007778 secs] 82917K->1418K(194560K), 0.0008438 secs] [Times: user=0.00 sys=0.00, real=0.00 secs] 
882.497: [GC (Allocation Failure) 882.497: [ParNew: 81499K->0K(92160K), 0.0007990 secs] 82917K->1418K(194560K), 0.0008671 secs] [Times: user=0.00 sys=0.00, real=0.00 secs] 
883.504: [GC (Allocation Failure) 883.504: [ParNew: 81499K->0K(92160K), 0.0006256 secs] 82917K->1418K(194560K), 0.0006916 secs] [Times: user=0.00 sys=0.00, real=0.00 secs] 
885.506: [GC (Allocation Failure) 885.506: [ParNew: 81499K->0K(92160K), 0.0003534 secs] 82917K->1418K(194560K), 0.0004073 secs] [Times: user=0.00 sys=0.00, real=0.00 secs] 
886.529: [GC (Allocation Failure) 886.529: [ParNew: 81499K->0K(92160K), 0.0008417 secs] 82917K->1418K(194560K), 0.0009518 secs] [Times: user=0.00 sys=0.00, real=0.00 secs] 
888.528: [GC (Allocation Failure) 888.528: [ParNew: 81499K->0K(92160K), 0.0004622 secs] 82917K->1418K(194560K), 0.0005338 secs] [Times: user=0.00 sys=0.00, real=0.00 secs] 
890.533: [GC (Allocation Failure) 890.533: [ParNew: 81499K->0K(92160K), 0.0015202 secs] 82917K->1418K(194560K), 0.0017087 secs] [Times: user=0.00 sys=0.00, real=0.00 secs] 
891.538: [GC (Allocation Failure) 891.538: [ParNew: 81499K->0K(92160K), 0.0012040 secs] 82917K->1418K(194560K), 0.0013204 secs] [Times: user=0.00 sys=0.00, real=0.00 secs] 
893.553: [GC (Allocation Failure) 893.554: [ParNew: 81499K->0K(92160K), 0.0013577 secs] 82917K->1418K(194560K), 0.0014682 secs] [Times: user=0.00 sys=0.00, real=0.00 secs] 
894.566: [GC (Allocation Failure) 894.566: [ParNew: 81499K->0K(92160K), 0.0013420 secs] 82917K->1418K(194560K), 0.0014995 secs] [Times: user=0.00 sys=0.00, real=0.00 secs] 
896.585: [GC (Allocation Failure) 896.585: [ParNew: 81499K->0K(92160K), 0.0008559 secs] 82917K->1418K(194560K), 0.0009906 secs] [Times: user=0.00 sys=0.00, real=0.00 secs] 
897.593: [GC (Allocation Failure) 897.593: [ParNew: 81499K->0K(92160K), 0.0010119 secs] 82917K->1418K(194560K), 0.0010613 secs] [Times: user=0.00 sys=0.01, real=0.00 secs] 
899.598: [GC (Allocation Failure) 899.598: [ParNew: 81499K->0K(92160K), 0.0006539 secs] 82917K->1418K(194560K), 0.0007239 secs] [Times: user=0.00 sys=0.00, real=0.00 secs] 
901.613: [GC (Allocation Failure) 901.613: [ParNew: 81499K->0K(92160K), 0.0015186 secs] 82917K->1418K(194560K), 0.0016831 secs] [Times: user=0.00 sys=0.00, real=0.00 secs] 
902.630: [GC (Allocation Failure) 902.630: [ParNew: 81499K->0K(92160K), 0.0009918 secs] 82917K->1418K(194560K), 0.0010698 secs] [Times: user=0.00 sys=0.00, real=0.00 secs] 
904.640: [GC (Allocation Failure) 904.641: [ParNew: 81499K->0K(92160K), 0.0017883 secs] 82917K->1418K(194560K), 0.0019441 secs] [Times: user=0.02 sys=0.00, real=0.00 secs] 
905.654: [GC (Allocation Failure) 905.654: [ParNew: 81499K->0K(92160K), 0.0016644 secs] 82917K->1418K(194560K), 0.0017697 secs] [Times: user=0.00 sys=0.00, real=0.00 secs] 
907.680: [GC (Allocation Failure) 907.680: [ParNew: 81499K->0K(92160K), 0.0017528 secs] 82917K->1418K(194560K), 0.0019117 secs] [Times: user=0.00 sys=0.00, real=0.00 secs] 
908.693: [GC (Allocation Failure) 908.693: [ParNew: 81499K->0K(92160K), 0.0007021 secs] 82917K->1418K(194560K), 0.0007660 secs] [Times: user=0.00 sys=0.00, real=0.00 secs] 
910.711: [GC (Allocation Failure) 910.711: [ParNew: 81499K->0K(92160K), 0.0018528 secs] 82917K->1418K(194560K), 0.0020163 secs] [Times: user=0.00 sys=0.00, real=0.00 secs] 
912.715: [GC (Allocation Failure) 912.715: [ParNew: 81499K->0K(92160K), 0.0018236 secs] 82917K->1418K(194560K), 0.0019850 secs] [Times: user=0.00 sys=0.00, real=0.00 secs] 
913.730: [GC (Allocation Failure) 913.733: [ParNew: 81499K->0K(92160K), 0.0013586 secs] 82917K->1418K(194560K), 0.0041584 secs] [Times: user=0.00 sys=0.00, real=0.00 secs] 
915.750: [GC (Allocation Failure) 915.750: [ParNew: 81499K->0K(92160K), 0.0018241 secs] 82917K->1418K(194560K), 0.0019341 secs] [Times: user=0.05 sys=0.00, real=0.00 secs] 
916.759: [GC (Allocation Failure) 916.759: [ParNew: 81499K->0K(92160K), 0.0004777 secs] 82917K->1418K(194560K), 0.0005245 secs] [Times: user=0.00 sys=0.00, real=0.00 secs] 
918.786: [GC (Allocation Failure) 918.786: [ParNew: 81499K->0K(92160K), 0.0005627 secs] 82917K->1418K(194560K), 0.0006149 secs] [Times: user=0.00 sys=0.00, real=0.00 secs] 
920.791: [GC (Allocation Failure) 920.791: [ParNew: 81499K->0K(92160K), 0.0006747 secs] 82917K->1418K(194560K), 0.0007280 secs] [Times: user=0.00 sys=0.00, real=0.00 secs] 
921.796: [GC (Allocation Failure) 921.796: [ParNew: 81499K->0K(92160K), 0.0009920 secs] 82917K->1418K(194560K), 0.0010578 secs] [Times: user=0.00 sys=0.00, real=0.00 secs] 
923.805: [GC (Allocation Failure) 923.805: [ParNew: 81499K->0K(92160K), 0.0004893 secs] 82917K->1418K(194560K), 0.0005526 secs] [Times: user=0.00 sys=0.00, real=0.00 secs] 
924.818: [GC (Allocation Failure) 924.818: [ParNew: 81499K->0K(92160K), 0.0006759 secs] 82917K->1418K(194560K), 0.0007401 secs] [Times: user=0.00 sys=0.00, real=0.00 secs] 
926.820: [GC (Allocation Failure) 926.820: [ParNew: 81499K->0K(92160K), 0.0004697 secs] 82917K->1418K(194560K), 0.0005420 secs] [Times: user=0.00 sys=0.00, real=0.00 secs] 
927.827: [GC (Allocation Failure) 927.827: [ParNew: 81499K->0K(92160K), 0.0007451 secs] 82917K->1418K(194560K), 0.0008131 secs] [Times: user=0.00 sys=0.00, real=0.00 secs] 
929.834: [GC (Allocation Failure) 929.834: [ParNew: 81499K->0K(92160K), 0.0005232 secs] 82917K->1418K(194560K), 0.0005751 secs] [Times: user=0.00 sys=0.00, real=0.00 secs] 
931.846: [GC (Allocation Failure) 931.846: [ParNew: 81499K->0K(92160K), 0.0006379 secs] 82917K->1418K(194560K), 0.0007035 secs] [Times: user=0.00 sys=0.00, real=0.00 secs] 
932.848: [GC (Allocation Failure) 932.848: [ParNew: 81499K->0K(92160K), 0.0005605 secs] 82917K->1418K(194560K), 0.0006297 secs] [Times: user=0.00 sys=0.00, real=0.00 secs] 
934.856: [GC (Allocation Failure) 934.856: [ParNew: 81499K->0K(92160K), 0.0005593 secs] 82917K->1418K(194560K), 0.0006286 secs] [Times: user=0.00 sys=0.00, real=0.00 secs] 
935.864: [GC (Allocation Failure) 935.864: [ParNew: 81499K->0K(92160K), 0.0006790 secs] 82917K->1418K(194560K), 0.0007463 secs] [Times: user=0.00 sys=0.00, real=0.00 secs] 
937.871: [GC (Allocation Failure) 937.871: [ParNew: 81499K->0K(92160K), 0.0008198 secs] 82917K->1418K(194560K), 0.0008756 secs] [Times: user=0.00 sys=0.00, real=0.00 secs] 
938.880: [GC (Allocation Failure) 938.881: [ParNew: 81499K->0K(92160K), 0.0008842 secs] 82917K->1418K(194560K), 0.0009521 secs] [Times: user=0.00 sys=0.00, real=0.00 secs] 
940.882: [GC (Allocation Failure) 940.882: [ParNew: 81499K->0K(92160K), 0.0008522 secs] 82917K->1418K(194560K), 0.0009053 secs] [Times: user=0.00 sys=0.00, real=0.00 secs] 
942.889: [GC (Allocation Failure) 942.889: [ParNew: 81499K->0K(92160K), 0.0007242 secs] 82917K->1418K(194560K), 0.0007975 secs] [Times: user=0.00 sys=0.00, real=0.00 secs] 
943.898: [GC (Allocation Failure) 943.898: [ParNew: 81499K->0K(92160K), 0.0008908 secs] 82917K->1418K(194560K), 0.0009590 secs] [Times: user=0.00 sys=0.00, real=0.00 secs] 
945.906: [GC (Allocation Failure) 945.906: [ParNew: 81499K->0K(92160K), 0.0014069 secs] 82917K->1418K(194560K), 0.0014823 secs] [Times: user=0.13 sys=0.00, real=0.00 secs] 
946.915: [GC (Allocation Failure) 946.915: [ParNew: 81499K->0K(92160K), 0.0005726 secs] 82917K->1418K(194560K), 0.0006526 secs] [Times: user=0.00 sys=0.00, real=0.00 secs] 
948.923: [GC (Allocation Failure) 948.923: [ParNew: 81499K->0K(92160K), 0.0008930 secs] 82917K->1418K(194560K), 0.0009720 secs] [Times: user=0.00 sys=0.00, real=0.00 secs] 
950.938: [GC (Allocation Failure) 950.938: [ParNew: 81499K->0K(92160K), 0.0008349 secs] 82917K->1418K(194560K), 0.0009021 secs] [Times: user=0.00 sys=0.00, real=0.00 secs] 
951.948: [GC (Allocation Failure) 951.948: [ParNew: 81499K->0K(92160K), 0.0009973 secs] 82917K->1418K(194560K), 0.0010893 secs] [Times: user=0.00 sys=0.00, real=0.00 secs] 
953.957: [GC (Allocation Failure) 953.957: [ParNew: 81499K->0K(92160K), 0.0004881 secs] 82917K->1418K(194560K), 0.0005413 secs] [Times: user=0.00 sys=0.00, real=0.00 secs] 
954.966: [GC (Allocation Failure) 954.966: [ParNew: 81499K->0K(92160K), 0.0007470 secs] 82917K->1418K(194560K), 0.0008355 secs] [Times: user=0.00 sys=0.00, real=0.00 secs] 
956.987: [GC (Allocation Failure) 956.988: [ParNew: 81499K->0K(92160K), 0.0008788 secs] 82917K->1418K(194560K), 0.0009666 secs] [Times: user=0.00 sys=0.00, real=0.00 secs] 
957.991: [GC (Allocation Failure) 957.991: [ParNew: 81499K->0K(92160K), 0.0011747 secs] 82917K->1418K(194560K), 0.0012679 secs] [Times: user=0.00 sys=0.00, real=0.00 secs] 
959.999: [GC (Allocation Failure) 959.999: [ParNew: 81499K->0K(92160K), 0.0008844 secs] 82917K->1418K(194560K), 0.0009423 secs] [Times: user=0.00 sys=0.00, real=0.00 secs] 
962.010: [GC (Allocation Failure) 962.010: [ParNew: 81499K->0K(92160K), 0.0008487 secs] 82917K->1418K(194560K), 0.0009179 secs] [Times: user=0.00 sys=0.00, real=0.00 secs] 
963.018: [GC (Allocation Failure) 963.018: [ParNew: 81499K->0K(92160K), 0.0007929 secs] 82917K->1418K(194560K), 0.0008644 secs] [Times: user=0.00 sys=0.00, real=0.00 secs] 
965.035: [GC (Allocation Failure) 965.035: [ParNew: 81499K->0K(92160K), 0.0009221 secs] 82917K->1418K(194560K), 0.0009986 secs] [Times: user=0.00 sys=0.00, real=0.00 secs] 
966.044: [GC (Allocation Failure) 966.044: [ParNew: 81499K->0K(92160K), 0.0008698 secs] 82917K->1418K(194560K), 0.0009473 secs] [Times: user=0.00 sys=0.00, real=0.00 secs] 
968.067: [GC (Allocation Failure) 968.067: [ParNew: 81499K->0K(92160K), 0.0011445 secs] 82917K->1418K(194560K), 0.0012561 secs] [Times: user=0.00 sys=0.00, real=0.00 secs] 
970.068: [GC (Allocation Failure) 970.068: [ParNew: 81499K->0K(92160K), 0.0007285 secs] 82917K->1418K(194560K), 0.0008205 secs] [Times: user=0.00 sys=0.00, real=0.00 secs] 
971.076: [GC (Allocation Failure) 971.076: [ParNew: 81499K->0K(92160K), 0.0007723 secs] 82917K->1418K(194560K), 0.0008430 secs] [Times: user=0.00 sys=0.00, real=0.00 secs] 
973.084: [GC (Allocation Failure) 973.084: [ParNew: 81499K->0K(92160K), 0.0009271 secs] 82917K->1418K(194560K), 0.0009945 secs] [Times: user=0.00 sys=0.00, real=0.00 secs] 
974.090: [GC (Allocation Failure) 974.090: [ParNew: 81499K->0K(92160K), 0.0004016 secs] 82917K->1418K(194560K), 0.0004677 secs] [Times: user=0.00 sys=0.00, real=0.00 secs] 
976.101: [GC (Allocation Failure) 976.101: [ParNew: 81499K->0K(92160K), 0.0011175 secs] 82917K->1418K(194560K), 0.0012673 secs] [Times: user=0.00 sys=0.00, real=0.00 secs] 
977.113: [GC (Allocation Failure) 977.113: [ParNew: 81499K->0K(92160K), 0.0007951 secs] 82917K->1418K(194560K), 0.0008852 secs] [Times: user=0.00 sys=0.00, real=0.00 secs] 
979.127: [GC (Allocation Failure) 979.127: [ParNew: 81499K->0K(92160K), 0.0010344 secs] 82917K->1418K(194560K), 0.0011511 secs] [Times: user=0.00 sys=0.00, real=0.00 secs] 
981.136: [GC (Allocation Failure) 981.136: [ParNew: 81499K->0K(92160K), 0.0006728 secs] 82917K->1418K(194560K), 0.0007507 secs] [Times: user=0.00 sys=0.00, real=0.00 secs] 
982.146: [GC (Allocation Failure) 982.146: [ParNew: 81499K->0K(92160K), 0.0007633 secs] 82917K->1418K(194560K), 0.0008329 secs] [Times: user=0.00 sys=0.00, real=0.00 secs] 
984.159: [GC (Allocation Failure) 984.159: [ParNew: 81499K->0K(92160K), 0.0008741 secs] 82917K->1418K(194560K), 0.0009461 secs] [Times: user=0.00 sys=0.00, real=0.00 secs] 
985.161: [GC (Allocation Failure) 985.161: [ParNew: 81499K->0K(92160K), 0.0005329 secs] 82917K->1418K(194560K), 0.0006029 secs] [Times: user=0.00 sys=0.00, real=0.00 secs] 
987.174: [GC (Allocation Failure) 987.174: [ParNew: 81499K->0K(92160K), 0.0007057 secs] 82917K->1418K(194560K), 0.0007718 secs] [Times: user=0.00 sys=0.00, real=0.00 secs] 
988.182: [GC (Allocation Failure) 988.182: [ParNew: 81499K->0K(92160K), 0.0009040 secs] 82917K->1418K(194560K), 0.0009732 secs] [Times: user=0.00 sys=0.00, real=0.00 secs] 
990.190: [GC (Allocation Failure) 990.190: [ParNew: 81499K->0K(92160K), 0.0007676 secs] 82917K->1418K(194560K), 0.0008374 secs] [Times: user=0.00 sys=0.00, real=0.00 secs] 
992.207: [GC (Allocation Failure) 992.207: [ParNew: 81499K->0K(92160K), 0.0007106 secs] 82917K->1418K(194560K), 0.0008046 secs] [Times: user=0.00 sys=0.00, real=0.00 secs] 
993.215: [GC (Allocation Failure) 993.216: [ParNew: 81499K->0K(92160K), 0.0007658 secs] 82917K->1418K(194560K), 0.0008426 secs] [Times: user=0.00 sys=0.00, real=0.00 secs] 
995.223: [GC (Allocation Failure) 995.223: [ParNew: 81499K->0K(92160K), 0.0004708 secs] 82917K->1418K(194560K), 0.0005218 secs] [Times: user=0.00 sys=0.00, real=0.00 secs] 
996.229: [GC (Allocation Failure) 996.229: [ParNew: 81499K->0K(92160K), 0.0006926 secs] 82917K->1418K(194560K), 0.0007422 secs] [Times: user=0.00 sys=0.00, real=0.00 secs] 
998.238: [GC (Allocation Failure) 998.238: [ParNew: 81499K->0K(92160K), 0.0006372 secs] 82917K->1418K(194560K), 0.0006971 secs] [Times: user=0.00 sys=0.00, real=0.00 secs] 
1000.240: [GC (Allocation Failure) 1000.240: [ParNew: 81499K->0K(92160K), 0.0006947 secs] 82917K->1418K(194560K), 0.0007570 secs] [Times: user=0.00 sys=0.00, real=0.00 secs] 
1001.248: [GC (Allocation Failure) 1001.248: [ParNew: 81499K->0K(92160K), 0.0004483 secs] 82917K->1418K(194560K), 0.0004959 secs] [Times: user=0.00 sys=0.00, real=0.00 secs] 
1003.255: [GC (Allocation Failure) 1003.255: [ParNew: 81499K->0K(92160K), 0.0005731 secs] 82917K->1418K(194560K), 0.0006412 secs] [Times: user=0.00 sys=0.00, real=0.00 secs] 
1004.262: [GC (Allocation Failure) 1004.262: [ParNew: 81499K->0K(92160K), 0.0008820 secs] 82917K->1418K(194560K), 0.0009479 secs] [Times: user=0.00 sys=0.00, real=0.00 secs] 
1006.283: [GC (Allocation Failure) 1006.283: [ParNew: 81499K->0K(92160K), 0.0006180 secs] 82917K->1418K(194560K), 0.0006843 secs] [Times: user=0.00 sys=0.00, real=0.00 secs] 
1007.286: [GC (Allocation Failure) 1007.286: [ParNew: 81499K->0K(92160K), 0.0007623 secs] 82917K->1418K(194560K), 0.0008319 secs] [Times: user=0.00 sys=0.00, real=0.00 secs] 
1009.293: [GC (Allocation Failure) 1009.293: [ParNew: 81499K->0K(92160K), 0.0007285 secs] 82917K->1418K(194560K), 0.0007972 secs] [Times: user=0.00 sys=0.00, real=0.00 secs] 
1011.302: [GC (Allocation Failure) 1011.302: [ParNew: 81499K->0K(92160K), 0.0006573 secs] 82917K->1418K(194560K), 0.0007053 secs] [Times: user=0.00 sys=0.00, real=0.00 secs] 
1012.308: [GC (Allocation Failure) 1012.308: [ParNew: 81499K->0K(92160K), 0.0005184 secs] 82917K->1418K(194560K), 0.0005891 secs] [Times: user=0.00 sys=0.00, real=0.00 secs] 
1014.315: [GC (Allocation Failure) 1014.315: [ParNew: 81499K->0K(92160K), 0.0011192 secs] 82917K->1418K(194560K), 0.0011961 secs] [Times: user=0.00 sys=0.00, real=0.00 secs] 
1015.324: [GC (Allocation Failure) 1015.324: [ParNew: 81499K->0K(92160K), 0.0007752 secs] 82917K->1418K(194560K), 0.0008421 secs] [Times: user=0.00 sys=0.00, real=0.00 secs] 
1017.333: [GC (Allocation Failure) 1017.333: [ParNew: 81499K->0K(92160K), 0.0013283 secs] 82917K->1418K(194560K), 0.0014110 secs] [Times: user=0.00 sys=0.00, real=0.00 secs] 
1018.343: [GC (Allocation Failure) 1018.343: [ParNew: 81499K->0K(92160K), 0.0010905 secs] 82917K->1418K(194560K), 0.0011694 secs] [Times: user=0.13 sys=0.00, real=0.00 secs] 
1020.365: [GC (Allocation Failure) 1020.365: [ParNew: 81499K->0K(92160K), 0.0008154 secs] 82917K->1418K(194560K), 0.0009122 secs] [Times: user=0.00 sys=0.00, real=0.00 secs] 
1022.366: [GC (Allocation Failure) 1022.366: [ParNew: 81499K->0K(92160K), 0.0009552 secs] 82917K->1418K(194560K), 0.0010396 secs] [Times: user=0.00 sys=0.00, real=0.00 secs] 
1023.377: [GC (Allocation Failure) 1023.377: [ParNew: 81499K->0K(92160K), 0.0011204 secs] 82917K->1418K(194560K), 0.0012107 secs] [Times: user=0.00 sys=0.00, real=0.00 secs] 
1025.393: [GC (Allocation Failure) 1025.393: [ParNew: 81499K->0K(92160K), 0.0007883 secs] 82917K->1418K(194560K), 0.0008542 secs] [Times: user=0.00 sys=0.00, real=0.00 secs] 
1026.404: [GC (Allocation Failure) 1026.404: [ParNew: 81499K->0K(92160K), 0.0012195 secs] 82917K->1418K(194560K), 0.0013198 secs] [Times: user=0.00 sys=0.00, real=0.00 secs] 
1028.414: [GC (Allocation Failure) 1028.414: [ParNew: 81499K->0K(92160K), 0.0007139 secs] 82917K->1418K(194560K), 0.0007866 secs] [Times: user=0.00 sys=0.00, real=0.00 secs] 
1030.423: [GC (Allocation Failure) 1030.423: [ParNew: 81499K->0K(92160K), 0.0017417 secs] 82917K->1418K(194560K), 0.0018419 secs] [Times: user=0.00 sys=0.00, real=0.00 secs] 
1031.442: [GC (Allocation Failure) 1031.442: [ParNew: 81499K->0K(92160K), 0.0006229 secs] 82917K->1418K(194560K), 0.0007046 secs] [Times: user=0.00 sys=0.00, real=0.00 secs] 
1033.449: [GC (Allocation Failure) 1033.449: [ParNew: 81499K->0K(92160K), 0.0012841 secs] 82917K->1418K(194560K), 0.0013622 secs] [Times: user=0.00 sys=0.00, real=0.00 secs] 
1034.459: [GC (Allocation Failure) 1034.459: [ParNew: 81499K->0K(92160K), 0.0009761 secs] 82917K->1418K(194560K), 0.0010570 secs] [Times: user=0.00 sys=0.00, real=0.00 secs] 
1036.474: [GC (Allocation Failure) 1036.474: [ParNew: 81499K->0K(92160K), 0.0009370 secs] 82917K->1418K(194560K), 0.0010204 secs] [Times: user=0.00 sys=0.00, real=0.00 secs] 
1037.483: [GC (Allocation Failure) 1037.483: [ParNew: 81499K->0K(92160K), 0.0006603 secs] 82917K->1418K(194560K), 0.0007453 secs] [Times: user=0.00 sys=0.00, real=0.00 secs] 
1039.497: [GC (Allocation Failure) 1039.497: [ParNew: 81499K->0K(92160K), 0.0007884 secs] 82917K->1418K(194560K), 0.0008673 secs] [Times: user=0.00 sys=0.00, real=0.00 secs] 
1041.512: [GC (Allocation Failure) 1041.512: [ParNew: 81499K->0K(92160K), 0.0010020 secs] 82917K->1418K(194560K), 0.0011199 secs] [Times: user=0.00 sys=0.00, real=0.00 secs] 
1042.522: [GC (Allocation Failure) 1042.522: [ParNew: 81499K->0K(92160K), 0.0005709 secs] 82917K->1418K(194560K), 0.0006362 secs] [Times: user=0.00 sys=0.00, real=0.00 secs] 
1044.532: [GC (Allocation Failure) 1044.532: [ParNew: 81499K->0K(92160K), 0.0004246 secs] 82917K->1418K(194560K), 0.0004735 secs] [Times: user=0.00 sys=0.00, real=0.00 secs] 
1045.538: [GC (Allocation Failure) 1045.538: [ParNew: 81499K->0K(92160K), 0.0006282 secs] 82917K->1418K(194560K), 0.0007081 secs] [Times: user=0.00 sys=0.00, real=0.00 secs] 
1047.549: [GC (Allocation Failure) 1047.549: [ParNew: 81499K->0K(92160K), 0.0013536 secs] 82917K->1418K(194560K), 0.0014643 secs] [Times: user=0.00 sys=0.00, real=0.00 secs] 
1049.579: [GC (Allocation Failure) 1049.579: [ParNew: 81499K->0K(92160K), 0.0009315 secs] 82917K->1418K(194560K), 0.0010314 secs] [Times: user=0.00 sys=0.00, real=0.00 secs] 
1050.582: [GC (Allocation Failure) 1050.583: [ParNew: 81499K->0K(92160K), 0.0010067 secs] 82917K->1418K(194560K), 0.0010868 secs] [Times: user=0.00 sys=0.00, real=0.00 secs] 
1052.593: [GC (Allocation Failure) 1052.593: [ParNew: 81499K->0K(92160K), 0.0022399 secs] 82917K->1418K(194560K), 0.0024015 secs] [Times: user=0.13 sys=0.00, real=0.00 secs] 
1053.620: [GC (Allocation Failure) 1053.620: [ParNew: 81499K->0K(92160K), 0.0018683 secs] 82917K->1418K(194560K), 0.0020222 secs] [Times: user=0.00 sys=0.00, real=0.00 secs] 
1055.617: [GC (Allocation Failure) 1055.617: [ParNew: 81499K->0K(92160K), 0.0008329 secs] 82917K->1418K(194560K), 0.0008813 secs] [Times: user=0.00 sys=0.00, real=0.00 secs] 
1056.624: [GC (Allocation Failure) 1056.624: [ParNew: 81499K->0K(92160K), 0.0007858 secs] 82917K->1418K(194560K), 0.0008624 secs] [Times: user=0.00 sys=0.00, real=0.00 secs] 
1058.629: [GC (Allocation Failure) 1058.629: [ParNew: 81499K->0K(92160K), 0.0006976 secs] 82917K->1418K(194560K), 0.0007754 secs] [Times: user=0.00 sys=0.00, real=0.00 secs] 
1060.637: [GC (Allocation Failure) 1060.637: [ParNew: 81499K->0K(92160K), 0.0009301 secs] 82917K->1418K(194560K), 0.0010057 secs] [Times: user=0.00 sys=0.00, real=0.00 secs] 
1061.651: [GC (Allocation Failure) 1061.651: [ParNew: 81499K->0K(92160K), 0.0019767 secs] 82917K->1418K(194560K), 0.0021340 secs] [Times: user=0.00 sys=0.00, real=0.00 secs] 
1063.660: [GC (Allocation Failure) 1063.660: [ParNew: 81499K->0K(92160K), 0.0007535 secs] 82917K->1418K(194560K), 0.0008291 secs] [Times: user=0.00 sys=0.00, real=0.00 secs] 
1064.679: [GC (Allocation Failure) 1064.679: [ParNew: 81499K->0K(92160K), 0.0011078 secs] 82917K->1418K(194560K), 0.0012041 secs] [Times: user=0.00 sys=0.00, real=0.00 secs] 
1066.680: [GC (Allocation Failure) 1066.680: [ParNew: 81499K->0K(92160K), 0.0005852 secs] 82917K->1418K(194560K), 0.0006608 secs] [Times: user=0.00 sys=0.00, real=0.00 secs] 
1067.688: [GC (Allocation Failure) 1067.688: [ParNew: 81499K->0K(92160K), 0.0008317 secs] 82917K->1418K(194560K), 0.0009010 secs] [Times: user=0.00 sys=0.00, real=0.00 secs] 
1069.693: [GC (Allocation Failure) 1069.693: [ParNew: 81499K->0K(92160K), 0.0007524 secs] 82917K->1418K(194560K), 0.0008212 secs] [Times: user=0.00 sys=0.00, real=0.00 secs] 
1071.702: [GC (Allocation Failure) 1071.702: [ParNew: 81499K->0K(92160K), 0.0012542 secs] 82917K->1418K(194560K), 0.0013243 secs] [Times: user=0.01 sys=0.00, real=0.00 secs] 
1072.723: [GC (Allocation Failure) 1072.723: [ParNew: 81499K->0K(92160K), 0.0006451 secs] 82917K->1418K(194560K), 0.0007123 secs] [Times: user=0.00 sys=0.00, real=0.00 secs] 
1074.727: [GC (Allocation Failure) 1074.727: [ParNew: 81499K->0K(92160K), 0.0004950 secs] 82917K->1418K(194560K), 0.0005599 secs] [Times: user=0.00 sys=0.00, real=0.00 secs] 
1075.734: [GC (Allocation Failure) 1075.734: [ParNew: 81499K->0K(92160K), 0.0004821 secs] 82917K->1418K(194560K), 0.0005455 secs] [Times: user=0.09 sys=0.02, real=0.00 secs] 
1077.739: [GC (Allocation Failure) 1077.739: [ParNew: 81499K->0K(92160K), 0.0004430 secs] 82917K->1418K(194560K), 0.0005133 secs] [Times: user=0.00 sys=0.00, real=0.00 secs] 
1079.744: [GC (Allocation Failure) 1079.744: [ParNew: 81499K->0K(92160K), 0.0005284 secs] 82917K->1418K(194560K), 0.0005994 secs] [Times: user=0.00 sys=0.00, real=0.00 secs] 
1080.759: [GC (Allocation Failure) 1080.759: [ParNew: 81499K->0K(92160K), 0.0018762 secs] 82917K->1418K(194560K), 0.0020304 secs] [Times: user=0.00 sys=0.00, real=0.00 secs] 
1082.758: [GC (Allocation Failure) 1082.758: [ParNew: 81499K->0K(92160K), 0.0016184 secs] 82917K->1418K(194560K), 0.0017715 secs] [Times: user=0.00 sys=0.00, real=0.00 secs] 
1083.774: [GC (Allocation Failure) 1083.774: [ParNew: 81499K->0K(92160K), 0.0020158 secs] 82917K->1418K(194560K), 0.0021743 secs] [Times: user=0.00 sys=0.00, real=0.00 secs] 
1085.788: [GC (Allocation Failure) 1085.788: [ParNew: 81499K->0K(92160K), 0.0017247 secs] 82917K->1418K(194560K), 0.0018643 secs] [Times: user=0.00 sys=0.00, real=0.00 secs] 
1086.795: [GC (Allocation Failure) 1086.795: [ParNew: 81499K->0K(92160K), 0.0007476 secs] 82917K->1418K(194560K), 0.0008150 secs] [Times: user=0.00 sys=0.00, real=0.00 secs] 
1088.821: [GC (Allocation Failure) 1088.821: [ParNew: 81499K->0K(92160K), 0.0017211 secs] 82917K->1418K(194560K), 0.0018797 secs] [Times: user=0.00 sys=0.00, real=0.00 secs] 
1090.835: [GC (Allocation Failure) 1090.835: [ParNew: 81499K->0K(92160K), 0.0018171 secs] 82917K->1418K(194560K), 0.0019791 secs] [Times: user=0.00 sys=0.00, real=0.00 secs] 
1091.837: [GC (Allocation Failure) 1091.838: [ParNew: 81499K->0K(92160K), 0.0009232 secs] 82917K->1418K(194560K), 0.0010000 secs] [Times: user=0.00 sys=0.00, real=0.00 secs] 
1093.848: [GC (Allocation Failure) 1093.848: [ParNew: 81499K->0K(92160K), 0.0017546 secs] 82917K->1418K(194560K), 0.0019123 secs] [Times: user=0.00 sys=0.00, real=0.00 secs] 
1094.867: [GC (Allocation Failure) 1094.867: [ParNew: 81499K->0K(92160K), 0.0016429 secs] 82917K->1418K(194560K), 0.0017899 secs] [Times: user=0.00 sys=0.00, real=0.00 secs] 
1096.884: [GC (Allocation Failure) 1096.884: [ParNew: 81499K->0K(92160K), 0.0007922 secs] 82917K->1418K(194560K), 0.0008717 secs] [Times: user=0.00 sys=0.00, real=0.00 secs] 
1097.892: [GC (Allocation Failure) 1097.892: [ParNew: 81499K->0K(92160K), 0.0011832 secs] 82917K->1418K(194560K), 0.0012573 secs] [Times: user=0.00 sys=0.00, real=0.00 secs] 
1099.914: [GC (Allocation Failure) 1099.914: [ParNew: 81499K->0K(92160K), 0.0020130 secs] 82917K->1418K(194560K), 0.0021702 secs] [Times: user=0.00 sys=0.00, real=0.00 secs] 
1101.919: [GC (Allocation Failure) 1101.919: [ParNew: 81499K->0K(92160K), 0.0009924 secs] 82917K->1418K(194560K), 0.0010860 secs] [Times: user=0.00 sys=0.00, real=0.00 secs] 
1102.935: [GC (Allocation Failure) 1102.935: [ParNew: 81499K->0K(92160K), 0.0016543 secs] 82917K->1418K(194560K), 0.0018072 secs] [Times: user=0.00 sys=0.00, real=0.00 secs] 
1104.953: [GC (Allocation Failure) 1104.953: [ParNew: 81499K->0K(92160K), 0.0012003 secs] 82917K->1418K(194560K), 0.0013033 secs] [Times: user=0.00 sys=0.00, real=0.00 secs] 
1105.961: [GC (Allocation Failure) 1105.961: [ParNew: 81499K->0K(92160K), 0.0004745 secs] 82917K->1418K(194560K), 0.0005220 secs] [Times: user=0.00 sys=0.00, real=0.00 secs] 
1107.977: [GC (Allocation Failure) 1107.978: [ParNew: 81499K->0K(92160K), 0.0013121 secs] 82917K->1418K(194560K), 0.0014251 secs] [Times: user=0.00 sys=0.00, real=0.00 secs] 
1109.992: [GC (Allocation Failure) 1109.992: [ParNew: 81499K->0K(92160K), 0.0017267 secs] 82917K->1418K(194560K), 0.0018879 secs] [Times: user=0.00 sys=0.00, real=0.00 secs] 
1111.011: [GC (Allocation Failure) 1111.011: [ParNew: 81499K->0K(92160K), 0.0007886 secs] 82917K->1418K(194560K), 0.0008380 secs] [Times: user=0.00 sys=0.00, real=0.00 secs] 
1113.020: [GC (Allocation Failure) 1113.020: [ParNew: 81499K->0K(92160K), 0.0006786 secs] 82917K->1418K(194560K), 0.0007381 secs] [Times: user=0.00 sys=0.00, real=0.00 secs] 
1114.041: [GC (Allocation Failure) 1114.041: [ParNew: 81499K->0K(92160K), 0.0015881 secs] 82917K->1418K(194560K), 0.0017386 secs] [Times: user=0.00 sys=0.00, real=0.00 secs] 
1116.045: [GC (Allocation Failure) 1116.045: [ParNew: 81499K->0K(92160K), 0.0004845 secs] 82917K->1418K(194560K), 0.0005491 secs] [Times: user=0.00 sys=0.00, real=0.00 secs] 
1117.059: [GC (Allocation Failure) 1117.059: [ParNew: 81499K->0K(92160K), 0.0016653 secs] 82917K->1418K(194560K), 0.0018240 secs] [Times: user=0.00 sys=0.00, real=0.00 secs] 
1119.076: [GC (Allocation Failure) 1119.076: [ParNew: 81499K->0K(92160K), 0.0009585 secs] 82917K->1418K(194560K), 0.0010273 secs] [Times: user=0.00 sys=0.00, real=0.00 secs] 
1121.083: [GC (Allocation Failure) 1121.083: [ParNew: 81499K->0K(92160K), 0.0016214 secs] 82917K->1418K(194560K), 0.0017460 secs] [Times: user=0.00 sys=0.00, real=0.00 secs] 
1122.096: [GC (Allocation Failure) 1122.096: [ParNew: 81499K->0K(92160K), 0.0015327 secs] 82917K->1418K(194560K), 0.0016844 secs] [Times: user=0.00 sys=0.00, real=0.00 secs] 
1124.113: [GC (Allocation Failure) 1124.113: [ParNew: 81499K->0K(92160K), 0.0004568 secs] 82917K->1418K(194560K), 0.0005253 secs] [Times: user=0.00 sys=0.00, real=0.00 secs] 
1125.118: [GC (Allocation Failure) 1125.118: [ParNew: 81499K->0K(92160K), 0.0006246 secs] 82917K->1418K(194560K), 0.0007266 secs] [Times: user=0.00 sys=0.00, real=0.00 secs] 
1127.132: [GC (Allocation Failure) 1127.132: [ParNew: 81499K->0K(92160K), 0.0016794 secs] 82917K->1418K(194560K), 0.0018355 secs] [Times: user=0.00 sys=0.00, real=0.00 secs] 
1129.132: [GC (Allocation Failure) 1129.132: [ParNew: 81499K->0K(92160K), 0.0012467 secs] 82917K->1418K(194560K), 0.0014024 secs] [Times: user=0.00 sys=0.00, real=0.00 secs] 
1130.153: [GC (Allocation Failure) 1130.153: [ParNew: 81499K->0K(92160K), 0.0017639 secs] 82917K->1418K(194560K), 0.0019266 secs] [Times: user=0.00 sys=0.00, real=0.00 secs] 
1132.174: [GC (Allocation Failure) 1132.174: [ParNew: 81499K->0K(92160K), 0.0011256 secs] 82917K->1418K(194560K), 0.0012339 secs] [Times: user=0.00 sys=0.00, real=0.00 secs] 
1133.183: [GC (Allocation Failure) 1133.183: [ParNew: 81499K->0K(92160K), 0.0008678 secs] 82917K->1418K(194560K), 0.0009167 secs] [Times: user=0.00 sys=0.00, real=0.00 secs] 
1135.194: [GC (Allocation Failure) 1135.194: [ParNew: 81499K->0K(92160K), 0.0020356 secs] 82917K->1418K(194560K), 0.0021902 secs] [Times: user=0.00 sys=0.00, real=0.00 secs] 
1136.195: [GC (Allocation Failure) 1136.195: [ParNew: 81499K->0K(92160K), 0.0009447 secs] 82917K->1418K(194560K), 0.0010222 secs] [Times: user=0.00 sys=0.00, real=0.00 secs] 
1138.207: [GC (Allocation Failure) 1138.207: [ParNew: 81499K->0K(92160K), 0.0018350 secs] 82917K->1418K(194560K), 0.0019928 secs] [Times: user=0.00 sys=0.00, real=0.00 secs] 
1140.221: [GC (Allocation Failure) 1140.221: [ParNew: 81499K->0K(92160K), 0.0007316 secs] 82917K->1418K(194560K), 0.0007828 secs] [Times: user=0.00 sys=0.00, real=0.00 secs] 
1141.229: [GC (Allocation Failure) 1141.229: [ParNew: 81499K->0K(92160K), 0.0005319 secs] 82917K->1418K(194560K), 0.0005979 secs] [Times: user=0.00 sys=0.00, real=0.00 secs] 
1143.233: [GC (Allocation Failure) 1143.233: [ParNew: 81499K->0K(92160K), 0.0007082 secs] 82917K->1418K(194560K), 0.0007584 secs] [Times: user=0.00 sys=0.00, real=0.00 secs] 
1144.240: [GC (Allocation Failure) 1144.240: [ParNew: 81499K->0K(92160K), 0.0004820 secs] 82917K->1418K(194560K), 0.0005348 secs] [Times: user=0.00 sys=0.00, real=0.00 secs] 
1146.253: [GC (Allocation Failure) 1146.253: [ParNew: 81499K->0K(92160K), 0.0005852 secs] 82917K->1418K(194560K), 0.0006499 secs] [Times: user=0.00 sys=0.00, real=0.00 secs] 
1147.256: [GC (Allocation Failure) 1147.256: [ParNew: 81499K->0K(92160K), 0.0007373 secs] 82917K->1418K(194560K), 0.0008061 secs] [Times: user=0.00 sys=0.00, real=0.00 secs] 
1149.264: [GC (Allocation Failure) 1149.264: [ParNew: 81499K->0K(92160K), 0.0006899 secs] 82917K->1418K(194560K), 0.0007557 secs] [Times: user=0.00 sys=0.00, real=0.00 secs] 
1151.272: [GC (Allocation Failure) 1151.272: [ParNew: 81499K->0K(92160K), 0.0005526 secs] 82917K->1418K(194560K), 0.0006003 secs] [Times: user=0.00 sys=0.00, real=0.00 secs] 
1152.280: [GC (Allocation Failure) 1152.280: [ParNew: 81499K->0K(92160K), 0.0005733 secs] 82917K->1418K(194560K), 0.0006427 secs] [Times: user=0.00 sys=0.00, real=0.00 secs] 
1154.285: [GC (Allocation Failure) 1154.285: [ParNew: 81499K->0K(92160K), 0.0007197 secs] 82917K->1418K(194560K), 0.0007904 secs] [Times: user=0.00 sys=0.00, real=0.00 secs] 
1155.292: [GC (Allocation Failure) 1155.292: [ParNew: 81499K->0K(92160K), 0.0003924 secs] 82917K->1418K(194560K), 0.0004476 secs] [Times: user=0.00 sys=0.00, real=0.00 secs] 
1157.298: [GC (Allocation Failure) 1157.298: [ParNew: 81499K->0K(92160K), 0.0004118 secs] 82917K->1418K(194560K), 0.0004762 secs] [Times: user=0.00 sys=0.00, real=0.00 secs] 
1159.303: [GC (Allocation Failure) 1159.303: [ParNew: 81499K->0K(92160K), 0.0008250 secs] 82917K->1418K(194560K), 0.0008998 secs] [Times: user=0.00 sys=0.00, real=0.00 secs] 
1160.312: [GC (Allocation Failure) 1160.312: [ParNew: 81499K->0K(92160K), 0.0008344 secs] 82917K->1418K(194560K), 0.0009033 secs] [Times: user=0.00 sys=0.00, real=0.00 secs] 
1162.330: [GC (Allocation Failure) 1162.330: [ParNew: 81499K->0K(92160K), 0.0007567 secs] 82917K->1418K(194560K), 0.0008296 secs] [Times: user=0.00 sys=0.00, real=0.00 secs] 
1163.338: [GC (Allocation Failure) 1163.338: [ParNew: 81499K->0K(92160K), 0.0008662 secs] 82917K->1418K(194560K), 0.0009452 secs] [Times: user=0.00 sys=0.00, real=0.00 secs] 
1165.347: [GC (Allocation Failure) 1165.347: [ParNew: 81499K->0K(92160K), 0.0010641 secs] 82917K->1418K(194560K), 0.0011674 secs] [Times: user=0.00 sys=0.00, real=0.00 secs] 
1166.359: [GC (Allocation Failure) 1166.359: [ParNew: 81499K->0K(92160K), 0.0005958 secs] 82917K->1418K(194560K), 0.0006768 secs] [Times: user=0.00 sys=0.00, real=0.00 secs] 
1168.380: [GC (Allocation Failure) 1168.380: [ParNew: 81499K->0K(92160K), 0.0011016 secs] 82917K->1418K(194560K), 0.0012018 secs] [Times: user=0.00 sys=0.00, real=0.00 secs] 
1170.382: [GC (Allocation Failure) 1170.382: [ParNew: 81499K->0K(92160K), 0.0006242 secs] 82917K->1418K(194560K), 0.0007284 secs] [Times: user=0.00 sys=0.00, real=0.00 secs] 
1171.389: [GC (Allocation Failure) 1171.392: [ParNew: 81499K->0K(92160K), 0.0009052 secs] 82917K->1418K(194560K), 0.0036279 secs] [Times: user=0.00 sys=0.00, real=0.00 secs] 
1173.410: [GC (Allocation Failure) 1173.410: [ParNew: 81499K->0K(92160K), 0.0005867 secs] 82917K->1418K(194560K), 0.0006541 secs] [Times: user=0.00 sys=0.00, real=0.00 secs] 
1174.418: [GC (Allocation Failure) 1174.418: [ParNew: 81499K->0K(92160K), 0.0007955 secs] 82917K->1418K(194560K), 0.0008623 secs] [Times: user=0.00 sys=0.00, real=0.00 secs] 
1176.441: [GC (Allocation Failure) 1176.441: [ParNew: 81499K->0K(92160K), 0.0007514 secs] 82917K->1418K(194560K), 0.0008330 secs] [Times: user=0.00 sys=0.00, real=0.00 secs] 
1177.444: [GC (Allocation Failure) 1177.444: [ParNew: 81499K->0K(92160K), 0.0007880 secs] 82917K->1418K(194560K), 0.0008543 secs] [Times: user=0.00 sys=0.00, real=0.00 secs] 
1179.452: [GC (Allocation Failure) 1179.452: [ParNew: 81499K->0K(92160K), 0.0008807 secs] 82917K->1418K(194560K), 0.0009640 secs] [Times: user=0.00 sys=0.00, real=0.00 secs] 
1181.465: [GC (Allocation Failure) 1181.465: [ParNew: 81499K->0K(92160K), 0.0009763 secs] 82917K->1418K(194560K), 0.0010611 secs] [Times: user=0.00 sys=0.00, real=0.00 secs] 
1182.473: [GC (Allocation Failure) 1182.473: [ParNew: 81499K->0K(92160K), 0.0008232 secs] 82917K->1418K(194560K), 0.0008889 secs] [Times: user=0.00 sys=0.00, real=0.00 secs] 
1184.487: [GC (Allocation Failure) 1184.487: [ParNew: 81499K->0K(92160K), 0.0011689 secs] 82917K->1418K(194560K), 0.0012673 secs] [Times: user=0.00 sys=0.00, real=0.00 secs] 
1185.498: [GC (Allocation Failure) 1185.498: [ParNew: 81499K->0K(92160K), 0.0008488 secs] 82917K->1418K(194560K), 0.0009235 secs] [Times: user=0.00 sys=0.00, real=0.00 secs] 
1187.518: [GC (Allocation Failure) 1187.518: [ParNew: 81499K->0K(92160K), 0.0004736 secs] 82917K->1418K(194560K), 0.0005263 secs] [Times: user=0.00 sys=0.00, real=0.00 secs] 
1189.522: [GC (Allocation Failure) 1189.522: [ParNew: 81499K->0K(92160K), 0.0010254 secs] 82917K->1418K(194560K), 0.0010970 secs] [Times: user=0.00 sys=0.00, real=0.00 secs] 
1190.529: [GC (Allocation Failure) 1190.529: [ParNew: 81499K->0K(92160K), 0.0008110 secs] 82917K->1418K(194560K), 0.0008768 secs] [Times: user=0.00 sys=0.00, real=0.00 secs] 
1192.538: [GC (Allocation Failure) 1192.538: [ParNew: 81499K->0K(92160K), 0.0005441 secs] 82917K->1418K(194560K), 0.0006094 secs] [Times: user=0.00 sys=0.00, real=0.00 secs] 
1193.547: [GC (Allocation Failure) 1193.547: [ParNew: 81499K->0K(92160K), 0.0007015 secs] 82917K->1418K(194560K), 0.0007824 secs] [Times: user=0.11 sys=0.00, real=0.00 secs] 
1195.581: [GC (Allocation Failure) 1195.581: [ParNew: 81499K->0K(92160K), 0.0004930 secs] 82917K->1418K(194560K), 0.0005578 secs] [Times: user=0.00 sys=0.00, real=0.00 secs] 
1196.584: [GC (Allocation Failure) 1196.584: [ParNew: 81499K->0K(92160K), 0.0005721 secs] 82917K->1418K(194560K), 0.0006356 secs] [Times: user=0.00 sys=0.00, real=0.00 secs] 
1198.593: [GC (Allocation Failure) 1198.593: [ParNew: 81499K->0K(92160K), 0.0008517 secs] 82917K->1418K(194560K), 0.0009175 secs] [Times: user=0.00 sys=0.00, real=0.00 secs] 
1200.611: [GC (Allocation Failure) 1200.611: [ParNew: 81499K->0K(92160K), 0.0009829 secs] 82917K->1418K(194560K), 0.0010628 secs] [Times: user=0.00 sys=0.00, real=0.00 secs] 
1201.619: [GC (Allocation Failure) 1201.619: [ParNew: 81499K->0K(92160K), 0.0004410 secs] 82917K->1418K(194560K), 0.0004948 secs] [Times: user=0.00 sys=0.00, real=0.00 secs] 
1203.629: [GC (Allocation Failure) 1203.629: [ParNew: 81499K->0K(92160K), 0.0011333 secs] 82917K->1418K(194560K), 0.0012275 secs] [Times: user=0.00 sys=0.00, real=0.00 secs] 
1204.639: [GC (Allocation Failure) 1204.639: [ParNew: 81499K->0K(92160K), 0.0005272 secs] 82917K->1418K(194560K), 0.0005960 secs] [Times: user=0.00 sys=0.00, real=0.00 secs] 
1206.660: [GC (Allocation Failure) 1206.660: [ParNew: 81499K->0K(92160K), 0.0006395 secs] 82917K->1418K(194560K), 0.0007106 secs] [Times: user=0.00 sys=0.00, real=0.00 secs] 
1208.663: [GC (Allocation Failure) 1208.663: [ParNew: 81499K->0K(92160K), 0.0006302 secs] 82917K->1418K(194560K), 0.0006965 secs] [Times: user=0.00 sys=0.00, real=0.00 secs] 
1209.673: [GC (Allocation Failure) 1209.673: [ParNew: 81499K->0K(92160K), 0.0008312 secs] 82917K->1418K(194560K), 0.0009312 secs] [Times: user=0.00 sys=0.00, real=0.00 secs] 
1211.689: [GC (Allocation Failure) 1211.690: [ParNew: 81499K->0K(92160K), 0.0010902 secs] 82917K->1418K(194560K), 0.0011581 secs] [Times: user=0.00 sys=0.00, real=0.00 secs] 
1212.697: [GC (Allocation Failure) 1212.697: [ParNew: 81499K->0K(92160K), 0.0009508 secs] 82917K->1418K(194560K), 0.0010221 secs] [Times: user=0.00 sys=0.00, real=0.00 secs] 
1214.706: [GC (Allocation Failure) 1214.706: [ParNew: 81499K->0K(92160K), 0.0009175 secs] 82917K->1418K(194560K), 0.0010316 secs] [Times: user=0.00 sys=0.00, real=0.00 secs] 
1215.716: [GC (Allocation Failure) 1215.716: [ParNew: 81499K->0K(92160K), 0.0008881 secs] 82917K->1418K(194560K), 0.0009592 secs] [Times: user=0.00 sys=0.00, real=0.00 secs] 
1217.739: [GC (Allocation Failure) 1217.739: [ParNew: 81499K->0K(92160K), 0.0011799 secs] 82917K->1418K(194560K), 0.0012859 secs] [Times: user=0.00 sys=0.00, real=0.00 secs] 
1219.751: [GC (Allocation Failure) 1219.751: [ParNew: 81499K->0K(92160K), 0.0007762 secs] 82917K->1418K(194560K), 0.0008707 secs] [Times: user=0.00 sys=0.00, real=0.00 secs] 
1220.759: [GC (Allocation Failure) 1220.759: [ParNew: 81499K->0K(92160K), 0.0004205 secs] 82917K->1418K(194560K), 0.0005285 secs] [Times: user=0.00 sys=0.00, real=0.00 secs] 
1222.767: [GC (Allocation Failure) 1222.767: [ParNew: 81499K->0K(92160K), 0.0007715 secs] 82917K->1418K(194560K), 0.0008416 secs] [Times: user=0.00 sys=0.00, real=0.00 secs] 
1223.770: [GC (Allocation Failure) 1223.770: [ParNew: 81499K->0K(92160K), 0.0008255 secs] 82917K->1418K(194560K), 0.0008955 secs] [Times: user=0.00 sys=0.00, real=0.00 secs] 
1225.776: [GC (Allocation Failure) 1225.776: [ParNew: 81499K->0K(92160K), 0.0003995 secs] 82917K->1418K(194560K), 0.0004526 secs] [Times: user=0.00 sys=0.00, real=0.00 secs] 
1226.783: [GC (Allocation Failure) 1226.784: [ParNew: 81499K->0K(92160K), 0.0007237 secs] 82917K->1418K(194560K), 0.0008660 secs] [Times: user=0.00 sys=0.00, real=0.00 secs] 
1228.797: [GC (Allocation Failure) 1228.797: [ParNew: 81499K->0K(92160K), 0.0009928 secs] 82917K->1418K(194560K), 0.0010678 secs] [Times: user=0.00 sys=0.00, real=0.00 secs] 
1230.816: [GC (Allocation Failure) 1230.816: [ParNew: 81499K->0K(92160K), 0.0007225 secs] 82917K->1418K(194560K), 0.0007959 secs] [Times: user=0.00 sys=0.00, real=0.00 secs] 
1231.824: [GC (Allocation Failure) 1231.824: [ParNew: 81499K->0K(92160K), 0.0007797 secs] 82917K->1418K(194560K), 0.0008501 secs] [Times: user=0.00 sys=0.00, real=0.00 secs] 
1233.832: [GC (Allocation Failure) 1233.832: [ParNew: 81499K->0K(92160K), 0.0005390 secs] 82917K->1418K(194560K), 0.0006058 secs] [Times: user=0.00 sys=0.00, real=0.00 secs] 
1234.836: [GC (Allocation Failure) 1234.836: [ParNew: 81499K->0K(92160K), 0.0010634 secs] 82917K->1418K(194560K), 0.0011529 secs] [Times: user=0.00 sys=0.00, real=0.00 secs] 
1236.844: [GC (Allocation Failure) 1236.844: [ParNew: 81499K->0K(92160K), 0.0003968 secs] 82917K->1418K(194560K), 0.0004413 secs] [Times: user=0.00 sys=0.00, real=0.00 secs] 
1238.861: [GC (Allocation Failure) 1238.861: [ParNew: 81499K->0K(92160K), 0.0004360 secs] 82917K->1418K(194560K), 0.0004847 secs] [Times: user=0.00 sys=0.00, real=0.00 secs] 
1239.867: [GC (Allocation Failure) 1239.867: [ParNew: 81499K->0K(92160K), 0.0005462 secs] 82917K->1418K(194560K), 0.0006210 secs] [Times: user=0.00 sys=0.00, real=0.00 secs] 
1241.877: [GC (Allocation Failure) 1241.877: [ParNew: 81499K->0K(92160K), 0.0014064 secs] 82917K->1418K(194560K), 0.0015391 secs] [Times: user=0.00 sys=0.00, real=0.00 secs] 
1242.890: [GC (Allocation Failure) 1242.890: [ParNew: 81499K->0K(92160K), 0.0008245 secs] 82917K->1418K(194560K), 0.0008995 secs] [Times: user=0.00 sys=0.00, real=0.00 secs] 
1244.909: [GC (Allocation Failure) 1244.909: [ParNew: 81499K->0K(92160K), 0.0006450 secs] 82917K->1418K(194560K), 0.0007164 secs] [Times: user=0.00 sys=0.00, real=0.00 secs] 
1245.912: [GC (Allocation Failure) 1245.912: [ParNew: 81499K->0K(92160K), 0.0005954 secs] 82917K->1418K(194560K), 0.0006700 secs] [Times: user=0.00 sys=0.00, real=0.00 secs] 
1247.924: [GC (Allocation Failure) 1247.924: [ParNew: 81499K->0K(92160K), 0.0006599 secs] 82917K->1418K(194560K), 0.0007338 secs] [Times: user=0.00 sys=0.00, real=0.00 secs] 
1249.939: [GC (Allocation Failure) 1249.939: [ParNew: 81499K->0K(92160K), 0.0006757 secs] 82917K->1418K(194560K), 0.0007310 secs] [Times: user=0.00 sys=0.00, real=0.00 secs] 
1250.946: [GC (Allocation Failure) 1250.946: [ParNew: 81499K->0K(92160K), 0.0005567 secs] 82917K->1418K(194560K), 0.0006318 secs] [Times: user=0.00 sys=0.00, real=0.00 secs] 
1252.957: [GC (Allocation Failure) 1252.957: [ParNew: 81499K->0K(92160K), 0.0010947 secs] 82917K->1418K(194560K), 0.0012043 secs] [Times: user=0.00 sys=0.00, real=0.00 secs] 
1253.968: [GC (Allocation Failure) 1253.968: [ParNew: 81499K->0K(92160K), 0.0005284 secs] 82917K->1418K(194560K), 0.0005998 secs] [Times: user=0.00 sys=0.00, real=0.00 secs] 
1255.987: [GC (Allocation Failure) 1255.987: [ParNew: 81499K->0K(92160K), 0.0008083 secs] 82917K->1418K(194560K), 0.0008910 secs] [Times: user=0.00 sys=0.00, real=0.00 secs] 
1256.991: [GC (Allocation Failure) 1256.991: [ParNew: 81499K->0K(92160K), 0.0009294 secs] 82917K->1418K(194560K), 0.0010251 secs] [Times: user=0.00 sys=0.00, real=0.00 secs] 
1258.999: [GC (Allocation Failure) 1258.999: [ParNew: 81499K->0K(92160K), 0.0005942 secs] 82917K->1418K(194560K), 0.0006712 secs] [Times: user=0.00 sys=0.00, real=0.00 secs] 
1261.008: [GC (Allocation Failure) 1261.008: [ParNew: 81499K->0K(92160K), 0.0009251 secs] 82917K->1418K(194560K), 0.0010024 secs] [Times: user=0.00 sys=0.00, real=0.00 secs] 
1262.018: [GC (Allocation Failure) 1262.018: [ParNew: 81499K->0K(92160K), 0.0010597 secs] 82917K->1418K(194560K), 0.0011624 secs] [Times: user=0.00 sys=0.00, real=0.00 secs] 
1264.034: [GC (Allocation Failure) 1264.034: [ParNew: 81499K->0K(92160K), 0.0009751 secs] 82917K->1418K(194560K), 0.0010550 secs] [Times: user=0.00 sys=0.00, real=0.00 secs] 
1265.045: [GC (Allocation Failure) 1265.045: [ParNew: 81499K->0K(92160K), 0.0011841 secs] 82917K->1418K(194560K), 0.0012983 secs] [Times: user=0.00 sys=0.00, real=0.00 secs] 
1267.053: [GC (Allocation Failure) 1267.053: [ParNew: 81499K->0K(92160K), 0.0007610 secs] 82917K->1418K(194560K), 0.0008400 secs] [Times: user=0.00 sys=0.00, real=0.00 secs] 
1269.062: [GC (Allocation Failure) 1269.062: [ParNew: 81499K->0K(92160K), 0.0008742 secs] 82917K->1418K(194560K), 0.0009544 secs] [Times: user=0.13 sys=0.00, real=0.00 secs] 
1270.083: [GC (Allocation Failure) 1270.083: [ParNew: 81499K->0K(92160K), 0.0008047 secs] 82917K->1418K(194560K), 0.0008770 secs] [Times: user=0.00 sys=0.00, real=0.00 secs] 
1272.088: [GC (Allocation Failure) 1272.088: [ParNew: 81499K->0K(92160K), 0.0007796 secs] 82917K->1418K(194560K), 0.0008575 secs] [Times: user=0.00 sys=0.00, real=0.00 secs] 
1273.097: [GC (Allocation Failure) 1273.097: [ParNew: 81499K->0K(92160K), 0.0005891 secs] 82917K->1418K(194560K), 0.0006529 secs] [Times: user=0.00 sys=0.00, real=0.00 secs] 
1275.105: [GC (Allocation Failure) 1275.105: [ParNew: 81499K->0K(92160K), 0.0013835 secs] 82917K->1418K(194560K), 0.0014910 secs] [Times: user=0.00 sys=0.00, real=0.00 secs] 
1276.115: [GC (Allocation Failure) 1276.115: [ParNew: 81499K->0K(92160K), 0.0008379 secs] 82917K->1418K(194560K), 0.0008865 secs] [Times: user=0.00 sys=0.00, real=0.00 secs] 
1278.124: [GC (Allocation Failure) 1278.124: [ParNew: 81499K->0K(92160K), 0.0006541 secs] 82917K->1418K(194560K), 0.0007318 secs] [Times: user=0.00 sys=0.00, real=0.00 secs] 
1280.142: [GC (Allocation Failure) 1280.142: [ParNew: 81499K->0K(92160K), 0.0010592 secs] 82917K->1418K(194560K), 0.0011265 secs] [Times: user=0.00 sys=0.00, real=0.00 secs] 
1281.152: [GC (Allocation Failure) 1281.152: [ParNew: 81499K->0K(92160K), 0.0009997 secs] 82917K->1418K(194560K), 0.0010872 secs] [Times: user=0.00 sys=0.00, real=0.00 secs] 
1283.162: [GC (Allocation Failure) 1283.162: [ParNew: 81499K->0K(92160K), 0.0007311 secs] 82917K->1418K(194560K), 0.0008002 secs] [Times: user=0.00 sys=0.00, real=0.00 secs] 
1284.170: [GC (Allocation Failure) 1284.170: [ParNew: 81499K->0K(92160K), 0.0010052 secs] 82917K->1418K(194560K), 0.0010763 secs] [Times: user=0.00 sys=0.00, real=0.00 secs] 
1286.180: [GC (Allocation Failure) 1286.180: [ParNew: 81499K->0K(92160K), 0.0007313 secs] 82917K->1418K(194560K), 0.0008033 secs] [Times: user=0.00 sys=0.00, real=0.00 secs] 
1288.190: [GC (Allocation Failure) 1288.190: [ParNew: 81499K->0K(92160K), 0.0008129 secs] 82917K->1418K(194560K), 0.0008938 secs] [Times: user=0.00 sys=0.00, real=0.00 secs] 
1289.209: [GC (Allocation Failure) 1289.209: [ParNew: 81499K->0K(92160K), 0.0012033 secs] 82917K->1418K(194560K), 0.0013061 secs] [Times: user=0.00 sys=0.00, real=0.00 secs] 
1291.222: [GC (Allocation Failure) 1291.222: [ParNew: 81499K->0K(92160K), 0.0017114 secs] 82917K->1418K(194560K), 0.0018805 secs] [Times: user=0.00 sys=0.00, real=0.00 secs] 
1292.231: [GC (Allocation Failure) 1292.231: [ParNew: 81499K->0K(92160K), 0.0004961 secs] 82917K->1418K(194560K), 0.0005460 secs] [Times: user=0.00 sys=0.00, real=0.00 secs] 
1294.237: [GC (Allocation Failure) 1294.237: [ParNew: 81499K->0K(92160K), 0.0006565 secs] 82917K->1418K(194560K), 0.0007168 secs] [Times: user=0.00 sys=0.00, real=0.00 secs] 
1295.239: [GC (Allocation Failure) 1295.239: [ParNew: 81499K->0K(92160K), 0.0005198 secs] 82917K->1418K(194560K), 0.0005926 secs] [Times: user=0.00 sys=0.00, real=0.00 secs] 
1297.245: [GC (Allocation Failure) 1297.245: [ParNew: 81499K->0K(92160K), 0.0004600 secs] 82917K->1418K(194560K), 0.0005392 secs] [Times: user=0.00 sys=0.00, real=0.00 secs] 
1299.251: [GC (Allocation Failure) 1299.251: [ParNew: 81499K->0K(92160K), 0.0006402 secs] 82917K->1418K(194560K), 0.0007095 secs] [Times: user=0.00 sys=0.00, real=0.00 secs] 
1300.259: [GC (Allocation Failure) 1300.259: [ParNew: 81499K->0K(92160K), 0.0006855 secs] 82917K->1418K(194560K), 0.0007505 secs] [Times: user=0.00 sys=0.00, real=0.00 secs] 
1302.269: [GC (Allocation Failure) 1302.269: [ParNew: 81499K->0K(92160K), 0.0005753 secs] 82917K->1418K(194560K), 0.0006607 secs] [Times: user=0.00 sys=0.00, real=0.00 secs] 
1303.272: [GC (Allocation Failure) 1303.272: [ParNew: 81499K->0K(92160K), 0.0008562 secs] 82917K->1418K(194560K), 0.0009226 secs] [Times: user=0.00 sys=0.00, real=0.00 secs] 
1305.279: [GC (Allocation Failure) 1305.279: [ParNew: 81499K->0K(92160K), 0.0007618 secs] 82917K->1418K(194560K), 0.0008293 secs] [Times: user=0.00 sys=0.00, real=0.00 secs] 
1306.287: [GC (Allocation Failure) 1306.287: [ParNew: 81499K->0K(92160K), 0.0006188 secs] 82917K->1418K(194560K), 0.0006904 secs] [Times: user=0.00 sys=0.00, real=0.00 secs] 
1308.294: [GC (Allocation Failure) 1308.294: [ParNew: 81499K->0K(92160K), 0.0007119 secs] 82917K->1418K(194560K), 0.0007846 secs] [Times: user=0.00 sys=0.00, real=0.00 secs] 
1310.314: [GC (Allocation Failure) 1310.314: [ParNew: 81499K->0K(92160K), 0.0008015 secs] 82917K->1418K(194560K), 0.0008760 secs] [Times: user=0.00 sys=0.00, real=0.00 secs] 
1311.316: [GC (Allocation Failure) 1311.316: [ParNew: 81499K->0K(92160K), 0.0005057 secs] 82917K->1418K(194560K), 0.0005528 secs] [Times: user=0.00 sys=0.00, real=0.00 secs] 
1313.323: [GC (Allocation Failure) 1313.323: [ParNew: 81499K->0K(92160K), 0.0008600 secs] 82917K->1418K(194560K), 0.0010050 secs] [Times: user=0.00 sys=0.00, real=0.00 secs] 
1314.332: [GC (Allocation Failure) 1314.332: [ParNew: 81499K->0K(92160K), 0.0007888 secs] 82917K->1418K(194560K), 0.0008641 secs] [Times: user=0.00 sys=0.00, real=0.00 secs] 
1316.342: [GC (Allocation Failure) 1316.342: [ParNew: 81499K->0K(92160K), 0.0010327 secs] 82917K->1418K(194560K), 0.0011234 secs] [Times: user=0.00 sys=0.00, real=0.00 secs] 
1318.361: [GC (Allocation Failure) 1318.361: [ParNew: 81499K->0K(92160K), 0.0005448 secs] 82917K->1418K(194560K), 0.0006173 secs] [Times: user=0.00 sys=0.00, real=0.00 secs] 
1319.371: [GC (Allocation Failure) 1319.371: [ParNew: 81499K->0K(92160K), 0.0007023 secs] 82917K->1418K(194560K), 0.0007982 secs] [Times: user=0.00 sys=0.00, real=0.00 secs] 
1321.393: [GC (Allocation Failure) 1321.393: [ParNew: 81499K->0K(92160K), 0.0006742 secs] 82917K->1418K(194560K), 0.0007493 secs] [Times: user=0.00 sys=0.00, real=0.00 secs] 
1322.398: [GC (Allocation Failure) 1322.398: [ParNew: 81499K->0K(92160K), 0.0012203 secs] 82917K->1418K(194560K), 0.0013290 secs] [Times: user=0.00 sys=0.00, real=0.00 secs] 
1324.412: [GC (Allocation Failure) 1324.412: [ParNew: 81499K->0K(92160K), 0.0013941 secs] 82917K->1418K(194560K), 0.0015084 secs] [Times: user=0.00 sys=0.00, real=0.00 secs] 
1325.432: [GC (Allocation Failure) 1325.433: [ParNew: 81499K->0K(92160K), 0.0009031 secs] 82917K->1418K(194560K), 0.0010175 secs] [Times: user=0.00 sys=0.00, real=0.00 secs] 
1327.436: [GC (Allocation Failure) 1327.436: [ParNew: 81499K->0K(92160K), 0.0010134 secs] 82917K->1418K(194560K), 0.0011133 secs] [Times: user=0.00 sys=0.00, real=0.00 secs] 
1329.457: [GC (Allocation Failure) 1329.457: [ParNew: 81499K->0K(92160K), 0.0016401 secs] 82917K->1418K(194560K), 0.0017959 secs] [Times: user=0.00 sys=0.00, real=0.00 secs] 
1330.462: [GC (Allocation Failure) 1330.462: [ParNew: 81499K->0K(92160K), 0.0013690 secs] 82917K->1418K(194560K), 0.0014973 secs] [Times: user=0.00 sys=0.00, real=0.00 secs] 
1332.476: [GC (Allocation Failure) 1332.476: [ParNew: 81499K->0K(92160K), 0.0012248 secs] 82917K->1418K(194560K), 0.0013858 secs] [Times: user=0.00 sys=0.00, real=0.00 secs] 
1333.511: [GC (Allocation Failure) 1333.511: [ParNew: 81499K->0K(92160K), 0.0012600 secs] 82917K->1418K(194560K), 0.0014088 secs] [Times: user=0.00 sys=0.00, real=0.00 secs] 
1335.514: [GC (Allocation Failure) 1335.514: [ParNew: 81499K->0K(92160K), 0.0013728 secs] 82917K->1418K(194560K), 0.0014969 secs] [Times: user=0.00 sys=0.00, real=0.00 secs] 
1336.524: [GC (Allocation Failure) 1336.524: [ParNew: 81499K->0K(92160K), 0.0008776 secs] 82917K->1418K(194560K), 0.0009755 secs] [Times: user=0.00 sys=0.00, real=0.00 secs] 
1338.545: [GC (Allocation Failure) 1338.545: [ParNew: 81499K->0K(92160K), 0.0006680 secs] 82917K->1418K(194560K), 0.0007329 secs] [Times: user=0.00 sys=0.00, real=0.00 secs] 
1340.555: [GC (Allocation Failure) 1340.555: [ParNew: 81499K->0K(92160K), 0.0014609 secs] 82917K->1418K(194560K), 0.0016127 secs] [Times: user=0.00 sys=0.00, real=0.00 secs] 
1341.589: [GC (Allocation Failure) 1341.589: [ParNew: 81499K->0K(92160K), 0.0017089 secs] 82917K->1418K(194560K), 0.0018640 secs] [Times: user=0.00 sys=0.00, real=0.00 secs] 
1343.588: [GC (Allocation Failure) 1343.588: [ParNew: 81499K->0K(92160K), 0.0015394 secs] 82917K->1418K(194560K), 0.0016647 secs] [Times: user=0.00 sys=0.00, real=0.00 secs] 
1344.605: [GC (Allocation Failure) 1344.605: [ParNew: 81499K->0K(92160K), 0.0018522 secs] 82917K->1418K(194560K), 0.0020075 secs] [Times: user=0.00 sys=0.00, real=0.00 secs] 
1346.617: [GC (Allocation Failure) 1346.617: [ParNew: 81499K->0K(92160K), 0.0018342 secs] 82917K->1418K(194560K), 0.0019918 secs] [Times: user=0.00 sys=0.00, real=0.00 secs] 
1348.631: [GC (Allocation Failure) 1348.631: [ParNew: 81499K->0K(92160K), 0.0014134 secs] 82917K->1418K(194560K), 0.0015421 secs] [Times: user=0.00 sys=0.00, real=0.00 secs] 
1349.647: [GC (Allocation Failure) 1349.647: [ParNew: 81499K->0K(92160K), 0.0017746 secs] 82917K->1418K(194560K), 0.0018967 secs] [Times: user=0.00 sys=0.00, real=0.00 secs] 
1351.653: [GC (Allocation Failure) 1351.653: [ParNew: 81499K->0K(92160K), 0.0019301 secs] 82917K->1418K(194560K), 0.0020888 secs] [Times: user=0.00 sys=0.00, real=0.00 secs] 
1352.672: [GC (Allocation Failure) 1352.672: [ParNew: 81499K->0K(92160K), 0.0014160 secs] 82917K->1418K(194560K), 0.0015466 secs] [Times: user=0.00 sys=0.00, real=0.00 secs] 
1354.688: [GC (Allocation Failure) 1354.688: [ParNew: 81499K->0K(92160K), 0.0021659 secs] 82917K->1418K(194560K), 0.0023184 secs] [Times: user=0.05 sys=0.02, real=0.00 secs] 
1355.707: [GC (Allocation Failure) 1355.707: [ParNew: 81499K->0K(92160K), 0.0008217 secs] 82917K->1418K(194560K), 0.0008702 secs] [Times: user=0.00 sys=0.00, real=0.00 secs] 
1357.728: [GC (Allocation Failure) 1357.728: [ParNew: 81499K->0K(92160K), 0.0016808 secs] 82917K->1418K(194560K), 0.0018356 secs] [Times: user=0.00 sys=0.00, real=0.00 secs] 
1359.748: [GC (Allocation Failure) 1359.748: [ParNew: 81499K->0K(92160K), 0.0012484 secs] 82917K->1418K(194560K), 0.0014008 secs] [Times: user=0.00 sys=0.00, real=0.00 secs] 
1360.775: [GC (Allocation Failure) 1360.775: [ParNew: 81499K->0K(92160K), 0.0018385 secs] 82917K->1418K(194560K), 0.0019912 secs] [Times: user=0.00 sys=0.00, real=0.00 secs] 
1362.780: [GC (Allocation Failure) 1362.780: [ParNew: 81499K->0K(92160K), 0.0018471 secs] 82917K->1418K(194560K), 0.0020009 secs] [Times: user=0.02 sys=0.00, real=0.00 secs] 
1363.797: [GC (Allocation Failure) 1363.797: [ParNew: 81499K->0K(92160K), 0.0008141 secs] 82917K->1418K(194560K), 0.0008647 secs] [Times: user=0.00 sys=0.00, real=0.00 secs] 
1365.815: [GC (Allocation Failure) 1365.816: [ParNew: 81499K->0K(92160K), 0.0012409 secs] 82917K->1418K(194560K), 0.0014012 secs] [Times: user=0.00 sys=0.00, real=0.00 secs] 
1367.834: [GC (Allocation Failure) 1367.834: [ParNew: 81499K->0K(92160K), 0.0018292 secs] 82917K->1418K(194560K), 0.0020438 secs] [Times: user=0.00 sys=0.00, real=0.00 secs] 
1368.852: [GC (Allocation Failure) 1368.852: [ParNew: 81499K->0K(92160K), 0.0008867 secs] 82917K->1418K(194560K), 0.0009340 secs] [Times: user=0.00 sys=0.00, real=0.00 secs] 
1370.860: [GC (Allocation Failure) 1370.861: [ParNew: 81499K->0K(92160K), 0.0018030 secs] 82917K->1418K(194560K), 0.0019627 secs] [Times: user=0.00 sys=0.00, real=0.00 secs] 
1371.886: [GC (Allocation Failure) 1371.886: [ParNew: 81499K->0K(92160K), 0.0017135 secs] 82917K->1418K(194560K), 0.0018644 secs] [Times: user=0.00 sys=0.00, real=0.00 secs] 
1373.884: [GC (Allocation Failure) 1373.884: [ParNew: 81499K->0K(92160K), 0.0010657 secs] 82917K->1418K(194560K), 0.0011552 secs] [Times: user=0.00 sys=0.00, real=0.00 secs] 
1374.898: [GC (Allocation Failure) 1374.898: [ParNew: 81499K->0K(92160K), 0.0017032 secs] 82917K->1418K(194560K), 0.0018299 secs] [Times: user=0.00 sys=0.00, real=0.00 secs] 
1376.913: [GC (Allocation Failure) 1376.913: [ParNew: 81499K->0K(92160K), 0.0011688 secs] 82917K->1418K(194560K), 0.0012837 secs] [Times: user=0.00 sys=0.00, real=0.00 secs] 
1378.924: [GC (Allocation Failure) 1378.924: [ParNew: 81499K->0K(92160K), 0.0016565 secs] 82917K->1418K(194560K), 0.0018175 secs] [Times: user=0.00 sys=0.00, real=0.00 secs] 
1379.940: [GC (Allocation Failure) 1379.940: [ParNew: 81499K->0K(92160K), 0.0005142 secs] 82917K->1418K(194560K), 0.0005609 secs] [Times: user=0.00 sys=0.00, real=0.00 secs] 
1381.951: [GC (Allocation Failure) 1381.951: [ParNew: 81499K->0K(92160K), 0.0009044 secs] 82917K->1418K(194560K), 0.0009749 secs] [Times: user=0.00 sys=0.00, real=0.00 secs] 
1382.959: [GC (Allocation Failure) 1382.959: [ParNew: 81499K->0K(92160K), 0.0007781 secs] 82917K->1418K(194560K), 0.0008512 secs] [Times: user=0.00 sys=0.00, real=0.00 secs] 
1384.977: [GC (Allocation Failure) 1384.977: [ParNew: 81499K->0K(92160K), 0.0008142 secs] 82917K->1418K(194560K), 0.0008734 secs] [Times: user=0.00 sys=0.00, real=0.00 secs] 
1385.991: [GC (Allocation Failure) 1385.991: [ParNew: 81499K->0K(92160K), 0.0015725 secs] 82917K->1418K(194560K), 0.0017302 secs] [Times: user=0.00 sys=0.00, real=0.00 secs] 
1388.004: [GC (Allocation Failure) 1388.005: [ParNew: 81499K->0K(92160K), 0.0009148 secs] 82917K->1418K(194560K), 0.0010060 secs] [Times: user=0.00 sys=0.00, real=0.00 secs] 
1390.020: [GC (Allocation Failure) 1390.020: [ParNew: 81499K->0K(92160K), 0.0005542 secs] 82917K->1418K(194560K), 0.0006211 secs] [Times: user=0.00 sys=0.00, real=0.00 secs] 
1391.034: [GC (Allocation Failure) 1391.034: [ParNew: 81499K->0K(92160K), 0.0004552 secs] 82917K->1418K(194560K), 0.0005285 secs] [Times: user=0.00 sys=0.00, real=0.00 secs] 
1393.048: [GC (Allocation Failure) 1393.048: [ParNew: 81499K->0K(92160K), 0.0007521 secs] 82917K->1418K(194560K), 0.0008150 secs] [Times: user=0.00 sys=0.00, real=0.00 secs] 
1394.073: [GC (Allocation Failure) 1394.073: [ParNew: 81499K->0K(92160K), 0.0014626 secs] 82917K->1418K(194560K), 0.0016171 secs] [Times: user=0.00 sys=0.00, real=0.00 secs] 
1396.078: [GC (Allocation Failure) 1396.078: [ParNew: 81499K->0K(92160K), 0.0016488 secs] 82917K->1418K(194560K), 0.0017992 secs] [Times: user=0.09 sys=0.00, real=0.00 secs] 
1398.096: [GC (Allocation Failure) 1398.096: [ParNew: 81499K->0K(92160K), 0.0017522 secs] 82917K->1418K(194560K), 0.0019195 secs] [Times: user=0.00 sys=0.00, real=0.00 secs] 
1399.116: [GC (Allocation Failure) 1399.116: [ParNew: 81499K->0K(92160K), 0.0016537 secs] 82917K->1418K(194560K), 0.0018156 secs] [Times: user=0.00 sys=0.00, real=0.00 secs] 
1401.132: [GC (Allocation Failure) 1401.132: [ParNew: 81499K->0K(92160K), 0.0016239 secs] 82917K->1418K(194560K), 0.0017864 secs] [Times: user=0.00 sys=0.00, real=0.00 secs] 
1402.149: [GC (Allocation Failure) 1402.149: [ParNew: 81499K->0K(92160K), 0.0021516 secs] 82917K->1418K(194560K), 0.0023132 secs] [Times: user=0.00 sys=0.00, real=0.00 secs] 
1404.167: [GC (Allocation Failure) 1404.167: [ParNew: 81499K->0K(92160K), 0.0007664 secs] 82917K->1418K(194560K), 0.0008603 secs] [Times: user=0.00 sys=0.00, real=0.00 secs] 
1405.182: [GC (Allocation Failure) 1405.183: [ParNew: 81499K->0K(92160K), 0.0014338 secs] 82917K->1418K(194560K), 0.0016032 secs] [Times: user=0.00 sys=0.00, real=0.00 secs] 
1407.212: [GC (Allocation Failure) 1407.212: [ParNew: 81499K->0K(92160K), 0.0015347 secs] 82917K->1418K(194560K), 0.0016947 secs] [Times: user=0.00 sys=0.00, real=0.00 secs] 
1409.212: [GC (Allocation Failure) 1409.212: [ParNew: 81499K->0K(92160K), 0.0011422 secs] 82917K->1418K(194560K), 0.0012402 secs] [Times: user=0.00 sys=0.00, real=0.00 secs] 
1410.221: [GC (Allocation Failure) 1410.221: [ParNew: 81499K->0K(92160K), 0.0005911 secs] 82917K->1418K(194560K), 0.0006670 secs] [Times: user=0.00 sys=0.00, real=0.00 secs] 
1412.237: [GC (Allocation Failure) 1412.237: [ParNew: 81499K->0K(92160K), 0.0006860 secs] 82917K->1418K(194560K), 0.0007595 secs] [Times: user=0.00 sys=0.00, real=0.00 secs] 
1413.243: [GC (Allocation Failure) 1413.243: [ParNew: 81499K->0K(92160K), 0.0007108 secs] 82917K->1418K(194560K), 0.0007741 secs] [Times: user=0.00 sys=0.00, real=0.00 secs] 
1415.254: [GC (Allocation Failure) 1415.254: [ParNew: 81499K->0K(92160K), 0.0006107 secs] 82917K->1418K(194560K), 0.0006768 secs] [Times: user=0.00 sys=0.00, real=0.00 secs] 
1416.257: [GC (Allocation Failure) 1416.257: [ParNew: 81499K->0K(92160K), 0.0010397 secs] 82917K->1418K(194560K), 0.0011076 secs] [Times: user=0.00 sys=0.00, real=0.00 secs] 
1418.266: [GC (Allocation Failure) 1418.266: [ParNew: 81499K->0K(92160K), 0.0009473 secs] 82917K->1418K(194560K), 0.0010157 secs] [Times: user=0.13 sys=0.00, real=0.00 secs] 
1420.283: [GC (Allocation Failure) 1420.283: [ParNew: 81499K->0K(92160K), 0.0006132 secs] 82917K->1418K(194560K), 0.0006872 secs] [Times: user=0.00 sys=0.00, real=0.00 secs] 
1421.290: [GC (Allocation Failure) 1421.290: [ParNew: 81499K->0K(92160K), 0.0007058 secs] 82917K->1418K(194560K), 0.0007542 secs] [Times: user=0.00 sys=0.00, real=0.00 secs] 
1423.296: [GC (Allocation Failure) 1423.296: [ParNew: 81499K->0K(92160K), 0.0006355 secs] 82917K->1418K(194560K), 0.0007057 secs] [Times: user=0.13 sys=0.00, real=0.00 secs] 
1424.305: [GC (Allocation Failure) 1424.305: [ParNew: 81499K->0K(92160K), 0.0005982 secs] 82917K->1418K(194560K), 0.0006797 secs] [Times: user=0.00 sys=0.00, real=0.00 secs] 
1426.316: [GC (Allocation Failure) 1426.316: [ParNew: 81499K->0K(92160K), 0.0008331 secs] 82917K->1418K(194560K), 0.0009119 secs] [Times: user=0.00 sys=0.00, real=0.00 secs] 
1428.317: [GC (Allocation Failure) 1428.317: [ParNew: 81499K->0K(92160K), 0.0006520 secs] 82917K->1418K(194560K), 0.0007265 secs] [Times: user=0.00 sys=0.00, real=0.00 secs] 
1429.326: [GC (Allocation Failure) 1429.326: [ParNew: 81499K->0K(92160K), 0.0008934 secs] 82917K->1418K(194560K), 0.0009660 secs] [Times: user=0.00 sys=0.00, real=0.00 secs] 
1431.335: [GC (Allocation Failure) 1431.335: [ParNew: 81499K->0K(92160K), 0.0005361 secs] 82917K->1418K(194560K), 0.0006033 secs] [Times: user=0.00 sys=0.00, real=0.00 secs] 
1432.345: [GC (Allocation Failure) 1432.345: [ParNew: 81499K->0K(92160K), 0.0009707 secs] 82917K->1418K(194560K), 0.0010631 secs] [Times: user=0.00 sys=0.00, real=0.00 secs] 
1434.364: [GC (Allocation Failure) 1434.364: [ParNew: 81499K->0K(92160K), 0.0010150 secs] 82917K->1418K(194560K), 0.0010952 secs] [Times: user=0.00 sys=0.00, real=0.00 secs] 
1435.375: [GC (Allocation Failure) 1435.375: [ParNew: 81499K->0K(92160K), 0.0008105 secs] 82917K->1418K(194560K), 0.0009111 secs] [Times: user=0.00 sys=0.02, real=0.00 secs] 
1437.398: [GC (Allocation Failure) 1437.399: [ParNew: 81499K->0K(92160K), 0.0012807 secs] 82917K->1418K(194560K), 0.0013979 secs] [Times: user=0.00 sys=0.00, real=0.00 secs] 
1439.403: [GC (Allocation Failure) 1439.403: [ParNew: 81499K->0K(92160K), 0.0012958 secs] 82917K->1418K(194560K), 0.0014227 secs] [Times: user=0.00 sys=0.00, real=0.00 secs] 
1440.417: [GC (Allocation Failure) 1440.417: [ParNew: 81499K->0K(92160K), 0.0013683 secs] 82917K->1418K(194560K), 0.0014844 secs] [Times: user=0.00 sys=0.00, real=0.00 secs] 
1442.429: [GC (Allocation Failure) 1442.429: [ParNew: 81499K->0K(92160K), 0.0008248 secs] 82917K->1418K(194560K), 0.0009368 secs] [Times: user=0.00 sys=0.00, real=0.00 secs] 
1443.441: [GC (Allocation Failure) 1443.441: [ParNew: 81499K->0K(92160K), 0.0004782 secs] 82917K->1418K(194560K), 0.0005505 secs] [Times: user=0.00 sys=0.00, real=0.00 secs] 
1445.459: [GC (Allocation Failure) 1445.459: [ParNew: 81499K->0K(92160K), 0.0012875 secs] 82917K->1418K(194560K), 0.0014202 secs] [Times: user=0.00 sys=0.00, real=0.00 secs] 
1447.464: [GC (Allocation Failure) 1447.464: [ParNew: 81499K->0K(92160K), 0.0009540 secs] 82917K->1418K(194560K), 0.0010715 secs] [Times: user=0.00 sys=0.00, real=0.00 secs] 
1448.479: [GC (Allocation Failure) 1448.479: [ParNew: 81499K->0K(92160K), 0.0016307 secs] 82917K->1418K(194560K), 0.0017903 secs] [Times: user=0.00 sys=0.00, real=0.00 secs] 
1450.504: [GC (Allocation Failure) 1450.504: [ParNew: 81499K->0K(92160K), 0.0019233 secs] 82917K->1418K(194560K), 0.0020814 secs] [Times: user=0.00 sys=0.00, real=0.00 secs] 
1451.518: [GC (Allocation Failure) 1451.518: [ParNew: 81499K->0K(92160K), 0.0009440 secs] 82917K->1418K(194560K), 0.0010620 secs] [Times: user=0.00 sys=0.00, real=0.00 secs] 
1453.551: [GC (Allocation Failure) 1453.552: [ParNew: 81499K->0K(92160K), 0.0016739 secs] 82917K->1418K(194560K), 0.0018222 secs] [Times: user=0.00 sys=0.00, real=0.00 secs] 
1454.557: [GC (Allocation Failure) 1454.557: [ParNew: 81499K->0K(92160K), 0.0008993 secs] 82917K->1418K(194560K), 0.0009486 secs] [Times: user=0.00 sys=0.00, real=0.00 secs] 
1456.575: [GC (Allocation Failure) 1456.575: [ParNew: 81499K->0K(92160K), 0.0013819 secs] 82917K->1418K(194560K), 0.0015399 secs] [Times: user=0.00 sys=0.00, real=0.00 secs] 
1458.594: [GC (Allocation Failure) 1458.594: [ParNew: 81499K->0K(92160K), 0.0012706 secs] 82917K->1418K(194560K), 0.0014236 secs] [Times: user=0.00 sys=0.00, real=0.00 secs] 
1459.612: [GC (Allocation Failure) 1459.612: [ParNew: 81499K->0K(92160K), 0.0007790 secs] 82917K->1418K(194560K), 0.0008280 secs] [Times: user=0.00 sys=0.00, real=0.00 secs] 
1461.626: [GC (Allocation Failure) 1461.626: [ParNew: 81499K->0K(92160K), 0.0011914 secs] 82917K->1418K(194560K), 0.0012945 secs] [Times: user=0.00 sys=0.00, real=0.00 secs] 
1462.637: [GC (Allocation Failure) 1462.637: [ParNew: 81499K->0K(92160K), 0.0008329 secs] 82917K->1418K(194560K), 0.0009038 secs] [Times: user=0.00 sys=0.00, real=0.00 secs] 
1464.668: [GC (Allocation Failure) 1464.668: [ParNew: 81499K->0K(92160K), 0.0016700 secs] 82917K->1418K(194560K), 0.0018240 secs] [Times: user=0.00 sys=0.00, real=0.00 secs] 
1465.669: [GC (Allocation Failure) 1465.669: [ParNew: 81499K->0K(92160K), 0.0007299 secs] 82917K->1418K(194560K), 0.0008004 secs] [Times: user=0.00 sys=0.00, real=0.00 secs] 
1467.688: [GC (Allocation Failure) 1467.688: [ParNew: 81499K->0K(92160K), 0.0016330 secs] 82917K->1418K(194560K), 0.0017938 secs] [Times: user=0.00 sys=0.00, real=0.00 secs] 
1469.705: [GC (Allocation Failure) 1469.705: [ParNew: 81499K->0K(92160K), 0.0011506 secs] 82917K->1418K(194560K), 0.0012561 secs] [Times: user=0.00 sys=0.00, real=0.00 secs] 
1470.719: [GC (Allocation Failure) 1470.719: [ParNew: 81499K->0K(92160K), 0.0004487 secs] 82917K->1418K(194560K), 0.0005186 secs] [Times: user=0.13 sys=0.00, real=0.00 secs] 
1472.731: [GC (Allocation Failure) 1472.731: [ParNew: 81499K->0K(92160K), 0.0017099 secs] 82917K->1418K(194560K), 0.0018620 secs] [Times: user=0.00 sys=0.00, real=0.00 secs] 
1473.749: [GC (Allocation Failure) 1473.749: [ParNew: 81499K->0K(92160K), 0.0006862 secs] 82917K->1418K(194560K), 0.0007561 secs] [Times: user=0.00 sys=0.00, real=0.00 secs] 
1475.773: [GC (Allocation Failure) 1475.773: [ParNew: 81499K->0K(92160K), 0.0013160 secs] 82917K->1418K(194560K), 0.0014699 secs] [Times: user=0.00 sys=0.00, real=0.00 secs] 
1477.775: [GC (Allocation Failure) 1477.775: [ParNew: 81499K->0K(92160K), 0.0015914 secs] 82917K->1418K(194560K), 0.0017447 secs] [Times: user=0.00 sys=0.00, real=0.00 secs] 
1478.795: [GC (Allocation Failure) 1478.795: [ParNew: 81499K->0K(92160K), 0.0015440 secs] 82917K->1418K(194560K), 0.0016947 secs] [Times: user=0.00 sys=0.00, real=0.00 secs] 
1480.817: [GC (Allocation Failure) 1480.817: [ParNew: 81499K->0K(92160K), 0.0015127 secs] 82917K->1418K(194560K), 0.0016674 secs] [Times: user=0.00 sys=0.00, real=0.00 secs] 
1481.837: [GC (Allocation Failure) 1481.837: [ParNew: 81499K->0K(92160K), 0.0016695 secs] 82917K->1418K(194560K), 0.0017909 secs] [Times: user=0.00 sys=0.00, real=0.00 secs] 
1483.865: [GC (Allocation Failure) 1483.865: [ParNew: 81499K->0K(92160K), 0.0017587 secs] 82917K->1418K(194560K), 0.0019158 secs] [Times: user=0.00 sys=0.00, real=0.00 secs] 
1484.872: [GC (Allocation Failure) 1484.872: [ParNew: 81499K->0K(92160K), 0.0017806 secs] 82917K->1418K(194560K), 0.0019322 secs] [Times: user=0.00 sys=0.00, real=0.00 secs] 
1486.902: [GC (Allocation Failure) 1486.902: [ParNew: 81499K->0K(92160K), 0.0012557 secs] 82917K->1418K(194560K), 0.0013791 secs] [Times: user=0.00 sys=0.00, real=0.00 secs] 
1488.911: [GC (Allocation Failure) 1488.911: [ParNew: 81499K->0K(92160K), 0.0016941 secs] 82917K->1418K(194560K), 0.0018468 secs] [Times: user=0.00 sys=0.00, real=0.00 secs] 
1489.923: [GC (Allocation Failure) 1489.923: [ParNew: 81499K->0K(92160K), 0.0007436 secs] 82917K->1418K(194560K), 0.0007890 secs] [Times: user=0.00 sys=0.00, real=0.00 secs] 
1491.942: [GC (Allocation Failure) 1491.942: [ParNew: 81499K->0K(92160K), 0.0016724 secs] 82917K->1418K(194560K), 0.0018246 secs] [Times: user=0.00 sys=0.00, real=0.00 secs] 
1492.963: [GC (Allocation Failure) 1492.963: [ParNew: 81499K->0K(92160K), 0.0017525 secs] 82917K->1418K(194560K), 0.0018610 secs] [Times: user=0.00 sys=0.00, real=0.00 secs] 
1494.982: [GC (Allocation Failure) 1494.982: [ParNew: 81499K->0K(92160K), 0.0018484 secs] 82917K->1418K(194560K), 0.0020026 secs] [Times: user=0.00 sys=0.00, real=0.00 secs] 
1496.002: [GC (Allocation Failure) 1496.002: [ParNew: 81499K->0K(92160K), 0.0017001 secs] 82917K->1418K(194560K), 0.0018530 secs] [Times: user=0.00 sys=0.00, real=0.00 secs] 
1498.024: [GC (Allocation Failure) 1498.024: [ParNew: 81499K->0K(92160K), 0.0018695 secs] 82917K->1418K(194560K), 0.0020278 secs] [Times: user=0.00 sys=0.00, real=0.00 secs] 
1500.029: [GC (Allocation Failure) 1500.029: [ParNew: 81499K->0K(92160K), 0.0008882 secs] 82917K->1418K(194560K), 0.0009601 secs] [Times: user=0.00 sys=0.00, real=0.00 secs] 
1501.040: [GC (Allocation Failure) 1501.040: [ParNew: 81499K->0K(92160K), 0.0013090 secs] 82917K->1418K(194560K), 0.0014252 secs] [Times: user=0.00 sys=0.00, real=0.00 secs] 
1503.051: [GC (Allocation Failure) 1503.052: [ParNew: 81499K->0K(92160K), 0.0017738 secs] 82917K->1418K(194560K), 0.0019379 secs] [Times: user=0.00 sys=0.00, real=0.00 secs] 
1504.073: [GC (Allocation Failure) 1504.073: [ParNew: 81499K->0K(92160K), 0.0017374 secs] 82917K->1418K(194560K), 0.0018891 secs] [Times: user=0.00 sys=0.00, real=0.00 secs] 
1506.090: [GC (Allocation Failure) 1506.090: [ParNew: 81499K->0K(92160K), 0.0016616 secs] 82917K->1418K(194560K), 0.0018124 secs] [Times: user=0.00 sys=0.00, real=0.00 secs] 
1508.111: [GC (Allocation Failure) 1508.111: [ParNew: 81499K->0K(92160K), 0.0017472 secs] 82917K->1418K(194560K), 0.0019063 secs] [Times: user=0.00 sys=0.00, real=0.00 secs] 
1509.112: [GC (Allocation Failure) 1509.112: [ParNew: 81499K->0K(92160K), 0.0005071 secs] 82917K->1418K(194560K), 0.0005759 secs] [Times: user=0.00 sys=0.00, real=0.00 secs] 
1511.122: [GC (Allocation Failure) 1511.122: [ParNew: 81499K->0K(92160K), 0.0018834 secs] 82917K->1418K(194560K), 0.0020410 secs] [Times: user=0.00 sys=0.00, real=0.00 secs] 
1512.153: [GC (Allocation Failure) 1512.153: [ParNew: 81499K->0K(92160K), 0.0012871 secs] 82917K->1418K(194560K), 0.0014426 secs] [Times: user=0.00 sys=0.00, real=0.00 secs] 
1514.150: [GC (Allocation Failure) 1514.151: [ParNew: 81499K->0K(92160K), 0.0007418 secs] 82917K->1418K(194560K), 0.0008426 secs] [Times: user=0.00 sys=0.00, real=0.00 secs] 
1515.162: [GC (Allocation Failure) 1515.162: [ParNew: 81499K->0K(92160K), 0.0004772 secs] 82917K->1418K(194560K), 0.0005485 secs] [Times: user=0.00 sys=0.00, real=0.00 secs] 
1517.178: [GC (Allocation Failure) 1517.178: [ParNew: 81499K->0K(92160K), 0.0007703 secs] 82917K->1418K(194560K), 0.0008426 secs] [Times: user=0.00 sys=0.00, real=0.00 secs] 
1519.194: [GC (Allocation Failure) 1519.194: [ParNew: 81499K->0K(92160K), 0.0018305 secs] 82917K->1418K(194560K), 0.0019909 secs] [Times: user=0.00 sys=0.00, real=0.00 secs] 
1520.212: [GC (Allocation Failure) 1520.212: [ParNew: 81499K->0K(92160K), 0.0009762 secs] 82917K->1418K(194560K), 0.0010850 secs] [Times: user=0.00 sys=0.00, real=0.00 secs] 
1522.222: [GC (Allocation Failure) 1522.222: [ParNew: 81499K->0K(92160K), 0.0006177 secs] 82917K->1418K(194560K), 0.0007002 secs] [Times: user=0.00 sys=0.00, real=0.00 secs] 
1523.239: [GC (Allocation Failure) 1523.239: [ParNew: 81499K->0K(92160K), 0.0004706 secs] 82917K->1418K(194560K), 0.0005235 secs] [Times: user=0.00 sys=0.00, real=0.00 secs] 
1525.240: [GC (Allocation Failure) 1525.241: [ParNew: 81499K->0K(92160K), 0.0006655 secs] 82917K->1418K(194560K), 0.0007569 secs] [Times: user=0.00 sys=0.00, real=0.00 secs] 
1527.246: [GC (Allocation Failure) 1527.246: [ParNew: 81499K->0K(92160K), 0.0005273 secs] 82917K->1418K(194560K), 0.0005813 secs] [Times: user=0.00 sys=0.00, real=0.00 secs] 
1528.252: [GC (Allocation Failure) 1528.252: [ParNew: 81499K->0K(92160K), 0.0004265 secs] 82917K->1418K(194560K), 0.0004800 secs] [Times: user=0.00 sys=0.00, real=0.00 secs] 
1530.268: [GC (Allocation Failure) 1530.268: [ParNew: 81499K->0K(92160K), 0.0007586 secs] 82917K->1418K(194560K), 0.0008292 secs] [Times: user=0.00 sys=0.00, real=0.00 secs] 
1531.284: [GC (Allocation Failure) 1531.285: [ParNew: 81499K->0K(92160K), 0.0004557 secs] 82917K->1418K(194560K), 0.0005019 secs] [Times: user=0.00 sys=0.00, real=0.00 secs] 
1533.289: [GC (Allocation Failure) 1533.289: [ParNew: 81499K->0K(92160K), 0.0006596 secs] 82917K->1418K(194560K), 0.0007279 secs] [Times: user=0.00 sys=0.00, real=0.00 secs] 
1534.297: [GC (Allocation Failure) 1534.297: [ParNew: 81499K->0K(92160K), 0.0005841 secs] 82917K->1418K(194560K), 0.0006596 secs] [Times: user=0.00 sys=0.00, real=0.00 secs] 
1536.301: [GC (Allocation Failure) 1536.301: [ParNew: 81499K->0K(92160K), 0.0006681 secs] 82917K->1418K(194560K), 0.0007577 secs] [Times: user=0.00 sys=0.00, real=0.00 secs] 
1538.310: [GC (Allocation Failure) 1538.310: [ParNew: 81499K->0K(92160K), 0.0008289 secs] 82917K->1418K(194560K), 0.0009028 secs] [Times: user=0.00 sys=0.00, real=0.00 secs] 
1539.334: [GC (Allocation Failure) 1539.334: [ParNew: 81499K->0K(92160K), 0.0007018 secs] 82917K->1418K(194560K), 0.0007896 secs] [Times: user=0.00 sys=0.00, real=0.00 secs] 
1541.337: [GC (Allocation Failure) 1541.337: [ParNew: 81499K->0K(92160K), 0.0006842 secs] 82917K->1418K(194560K), 0.0007444 secs] [Times: user=0.00 sys=0.00, real=0.00 secs] 
1542.345: [GC (Allocation Failure) 1542.346: [ParNew: 81499K->0K(92160K), 0.0010960 secs] 82917K->1418K(194560K), 0.0011771 secs] [Times: user=0.00 sys=0.00, real=0.00 secs] 
1544.363: [GC (Allocation Failure) 1544.363: [ParNew: 81499K->0K(92160K), 0.0011561 secs] 82917K->1418K(194560K), 0.0012473 secs] [Times: user=0.00 sys=0.00, real=0.00 secs] 
1545.373: [GC (Allocation Failure) 1545.373: [ParNew: 81499K->0K(92160K), 0.0009676 secs] 82917K->1418K(194560K), 0.0010476 secs] [Times: user=0.00 sys=0.00, real=0.00 secs] 
1547.384: [GC (Allocation Failure) 1547.384: [ParNew: 81499K->0K(92160K), 0.0008624 secs] 82917K->1418K(194560K), 0.0009418 secs] [Times: user=0.00 sys=0.00, real=0.00 secs] 
1549.395: [GC (Allocation Failure) 1549.395: [ParNew: 81499K->0K(92160K), 0.0008053 secs] 82917K->1418K(194560K), 0.0009089 secs] [Times: user=0.00 sys=0.00, real=0.00 secs] 
1550.406: [GC (Allocation Failure) 1550.406: [ParNew: 81499K->0K(92160K), 0.0009650 secs] 82917K->1418K(194560K), 0.0010826 secs] [Times: user=0.03 sys=0.00, real=0.00 secs] 
1552.416: [GC (Allocation Failure) 1552.416: [ParNew: 81499K->0K(92160K), 0.0010641 secs] 82917K->1418K(194560K), 0.0011776 secs] [Times: user=0.00 sys=0.00, real=0.00 secs] 
1553.445: [GC (Allocation Failure) 1553.445: [ParNew: 81499K->0K(92160K), 0.0008577 secs] 82917K->1418K(194560K), 0.0009672 secs] [Times: user=0.00 sys=0.00, real=0.00 secs] 
1555.453: [GC (Allocation Failure) 1555.453: [ParNew: 81499K->0K(92160K), 0.0014607 secs] 82917K->1418K(194560K), 0.0015916 secs] [Times: user=0.00 sys=0.00, real=0.00 secs] 
1557.471: [GC (Allocation Failure) 1557.471: [ParNew: 81499K->0K(92160K), 0.0014051 secs] 82917K->1418K(194560K), 0.0015555 secs] [Times: user=0.00 sys=0.00, real=0.00 secs] 
1558.477: [GC (Allocation Failure) 1558.477: [ParNew: 81499K->0K(92160K), 0.0010214 secs] 82917K->1418K(194560K), 0.0011564 secs] [Times: user=0.00 sys=0.00, real=0.00 secs] 
1560.490: [GC (Allocation Failure) 1560.490: [ParNew: 81499K->0K(92160K), 0.0005368 secs] 82917K->1418K(194560K), 0.0005899 secs] [Times: user=0.00 sys=0.00, real=0.00 secs] 
1561.506: [GC (Allocation Failure) 1561.506: [ParNew: 81499K->0K(92160K), 0.0012662 secs] 82917K->1418K(194560K), 0.0013674 secs] [Times: user=0.00 sys=0.00, real=0.00 secs] 
1563.510: [GC (Allocation Failure) 1563.510: [ParNew: 81499K->0K(92160K), 0.0012623 secs] 82917K->1418K(194560K), 0.0014230 secs] [Times: user=0.00 sys=0.00, real=0.00 secs] 
1564.525: [GC (Allocation Failure) 1564.525: [ParNew: 81499K->0K(92160K), 0.0004664 secs] 82917K->1418K(194560K), 0.0005249 secs] [Times: user=0.00 sys=0.00, real=0.00 secs] 
1566.538: [GC (Allocation Failure) 1566.538: [ParNew: 81499K->0K(92160K), 0.0014347 secs] 82917K->1418K(194560K), 0.0015945 secs] [Times: user=0.00 sys=0.00, real=0.00 secs] 
1568.565: [GC (Allocation Failure) 1568.565: [ParNew: 81499K->0K(92160K), 0.0015393 secs] 82917K->1418K(194560K), 0.0016708 secs] [Times: user=0.00 sys=0.00, real=0.00 secs] 
1569.572: [GC (Allocation Failure) 1569.573: [ParNew: 81499K->0K(92160K), 0.0013625 secs] 82917K->1418K(194560K), 0.0015271 secs] [Times: user=0.00 sys=0.00, real=0.00 secs] 
1571.589: [GC (Allocation Failure) 1571.589: [ParNew: 81499K->0K(92160K), 0.0015100 secs] 82917K->1418K(194560K), 0.0016235 secs] [Times: user=0.00 sys=0.00, real=0.00 secs] 
1572.621: [GC (Allocation Failure) 1572.622: [ParNew: 81499K->0K(92160K), 0.0012798 secs] 82917K->1418K(194560K), 0.0014376 secs] [Times: user=0.00 sys=0.00, real=0.00 secs] 
1574.622: [GC (Allocation Failure) 1574.622: [ParNew: 81499K->0K(92160K), 0.0006074 secs] 82917K->1418K(194560K), 0.0006838 secs] [Times: user=0.00 sys=0.00, real=0.00 secs] 
1575.637: [GC (Allocation Failure) 1575.638: [ParNew: 81499K->0K(92160K), 0.0016360 secs] 82917K->1418K(194560K), 0.0017962 secs] [Times: user=0.00 sys=0.00, real=0.00 secs] 
1577.649: [GC (Allocation Failure) 1577.649: [ParNew: 81499K->0K(92160K), 0.0004412 secs] 82917K->1418K(194560K), 0.0005349 secs] [Times: user=0.00 sys=0.00, real=0.00 secs] 
1579.665: [GC (Allocation Failure) 1579.665: [ParNew: 81499K->0K(92160K), 0.0016937 secs] 82917K->1418K(194560K), 0.0018597 secs] [Times: user=0.00 sys=0.00, real=0.00 secs] 
1580.683: [GC (Allocation Failure) 1580.683: [ParNew: 81499K->0K(92160K), 0.0018049 secs] 82917K->1418K(194560K), 0.0019617 secs] [Times: user=0.00 sys=0.00, real=0.00 secs] 
1582.698: [GC (Allocation Failure) 1582.698: [ParNew: 81499K->0K(92160K), 0.0011833 secs] 82917K->1418K(194560K), 0.0012826 secs] [Times: user=0.00 sys=0.00, real=0.00 secs] 
1583.715: [GC (Allocation Failure) 1583.715: [ParNew: 81499K->0K(92160K), 0.0016317 secs] 82917K->1418K(194560K), 0.0017848 secs] [Times: user=0.00 sys=0.00, real=0.00 secs] 
1585.725: [GC (Allocation Failure) 1585.726: [ParNew: 81499K->0K(92160K), 0.0013143 secs] 82917K->1418K(194560K), 0.0014168 secs] [Times: user=0.00 sys=0.00, real=0.00 secs] 
1587.752: [GC (Allocation Failure) 1587.753: [ParNew: 81499K->0K(92160K), 0.0015463 secs] 82917K->1418K(194560K), 0.0017023 secs] [Times: user=0.00 sys=0.00, real=0.00 secs] 
1588.758: [GC (Allocation Failure) 1588.758: [ParNew: 81499K->0K(92160K), 0.0009038 secs] 82917K->1418K(194560K), 0.0010186 secs] [Times: user=0.00 sys=0.00, real=0.00 secs] 
1590.770: [GC (Allocation Failure) 1590.770: [ParNew: 81499K->0K(92160K), 0.0006314 secs] 82917K->1418K(194560K), 0.0007105 secs] [Times: user=0.00 sys=0.00, real=0.00 secs] 
1591.792: [GC (Allocation Failure) 1591.792: [ParNew: 81499K->0K(92160K), 0.0016524 secs] 82917K->1418K(194560K), 0.0018129 secs] [Times: user=0.00 sys=0.00, real=0.00 secs] 
1593.796: [GC (Allocation Failure) 1593.796: [ParNew: 81499K->0K(92160K), 0.0009690 secs] 82917K->1418K(194560K), 0.0010409 secs] [Times: user=0.00 sys=0.00, real=0.00 secs] 
1594.807: [GC (Allocation Failure) 1594.807: [ParNew: 81499K->0K(92160K), 0.0010751 secs] 82917K->1418K(194560K), 0.0011762 secs] [Times: user=0.00 sys=0.00, real=0.00 secs] 
1596.820: [GC (Allocation Failure) 1596.820: [ParNew: 81499K->0K(92160K), 0.0012639 secs] 82917K->1418K(194560K), 0.0014160 secs] [Times: user=0.00 sys=0.00, real=0.00 secs] 
1598.835: [GC (Allocation Failure) 1598.835: [ParNew: 81499K->0K(92160K), 0.0016879 secs] 82917K->1418K(194560K), 0.0018477 secs] [Times: user=0.00 sys=0.00, real=0.00 secs] 
1599.855: [GC (Allocation Failure) 1599.855: [ParNew: 81499K->0K(92160K), 0.0012548 secs] 82917K->1418K(194560K), 0.0014135 secs] [Times: user=0.00 sys=0.00, real=0.00 secs] 
1601.875: [GC (Allocation Failure) 1601.875: [ParNew: 81499K->0K(92160K), 0.0012755 secs] 82917K->1418K(194560K), 0.0014343 secs] [Times: user=0.11 sys=0.00, real=0.00 secs] 
1602.902: [GC (Allocation Failure) 1602.902: [ParNew: 81499K->0K(92160K), 0.0012727 secs] 82917K->1418K(194560K), 0.0014272 secs] [Times: user=0.00 sys=0.00, real=0.00 secs] 
1604.908: [GC (Allocation Failure) 1604.908: [ParNew: 81499K->0K(92160K), 0.0017655 secs] 82917K->1418K(194560K), 0.0018872 secs] [Times: user=0.00 sys=0.00, real=0.00 secs] 
1606.939: [GC (Allocation Failure) 1606.939: [ParNew: 81499K->0K(92160K), 0.0017589 secs] 82917K->1418K(194560K), 0.0019220 secs] [Times: user=0.00 sys=0.00, real=0.00 secs] 
1607.946: [GC (Allocation Failure) 1607.946: [ParNew: 81499K->0K(92160K), 0.0017998 secs] 82917K->1418K(194560K), 0.0019570 secs] [Times: user=0.00 sys=0.00, real=0.00 secs] 
1609.961: [GC (Allocation Failure) 1609.961: [ParNew: 81499K->0K(92160K), 0.0004878 secs] 82917K->1418K(194560K), 0.0005364 secs] [Times: user=0.00 sys=0.00, real=0.00 secs] 
1610.978: [GC (Allocation Failure) 1610.978: [ParNew: 81499K->0K(92160K), 0.0014063 secs] 82917K->1418K(194560K), 0.0015610 secs] [Times: user=0.00 sys=0.00, real=0.00 secs] 
1612.984: [GC (Allocation Failure) 1612.985: [ParNew: 81499K->0K(92160K), 0.0008281 secs] 82917K->1418K(194560K), 0.0009450 secs] [Times: user=0.00 sys=0.00, real=0.00 secs] 
1613.998: [GC (Allocation Failure) 1613.998: [ParNew: 81499K->0K(92160K), 0.0016772 secs] 82917K->1418K(194560K), 0.0018367 secs] [Times: user=0.00 sys=0.00, real=0.00 secs] 
1616.018: [GC (Allocation Failure) 1616.018: [ParNew: 81499K->0K(92160K), 0.0017504 secs] 82917K->1418K(194560K), 0.0019169 secs] [Times: user=0.00 sys=0.00, real=0.00 secs] 
1618.038: [GC (Allocation Failure) 1618.038: [ParNew: 81499K->0K(92160K), 0.0018618 secs] 82917K->1418K(194560K), 0.0020175 secs] [Times: user=0.00 sys=0.00, real=0.00 secs] 
1619.059: [GC (Allocation Failure) 1619.059: [ParNew: 81499K->0K(92160K), 0.0021685 secs] 82917K->1418K(194560K), 0.0023231 secs] [Times: user=0.00 sys=0.00, real=0.00 secs] 
1621.082: [GC (Allocation Failure) 1621.082: [ParNew: 81499K->0K(92160K), 0.0020144 secs] 82917K->1418K(194560K), 0.0021674 secs] [Times: user=0.00 sys=0.00, real=0.00 secs] 
1622.084: [GC (Allocation Failure) 1622.084: [ParNew: 81499K->0K(92160K), 0.0007094 secs] 82917K->1418K(194560K), 0.0007961 secs] [Times: user=0.00 sys=0.00, real=0.00 secs] 
1624.098: [GC (Allocation Failure) 1624.098: [ParNew: 81499K->0K(92160K), 0.0016908 secs] 82917K->1418K(194560K), 0.0018462 secs] [Times: user=0.00 sys=0.00, real=0.00 secs] 
1625.110: [GC (Allocation Failure) 1625.110: [ParNew: 81499K->0K(92160K), 0.0007283 secs] 82917K->1418K(194560K), 0.0007773 secs] [Times: user=0.00 sys=0.00, real=0.00 secs] 
1627.129: [GC (Allocation Failure) 1627.129: [ParNew: 81499K->0K(92160K), 0.0016583 secs] 82917K->1418K(194560K), 0.0018108 secs] [Times: user=0.00 sys=0.00, real=0.00 secs] 
1629.144: [GC (Allocation Failure) 1629.144: [ParNew: 81499K->0K(92160K), 0.0008490 secs] 82917K->1418K(194560K), 0.0009174 secs] [Times: user=0.00 sys=0.00, real=0.00 secs] 
1630.155: [GC (Allocation Failure) 1630.155: [ParNew: 81499K->0K(92160K), 0.0013496 secs] 82917K->1418K(194560K), 0.0014623 secs] [Times: user=0.00 sys=0.00, real=0.00 secs] 
1632.179: [GC (Allocation Failure) 1632.179: [ParNew: 81499K->0K(92160K), 0.0019295 secs] 82917K->1418K(194560K), 0.0020931 secs] [Times: user=0.00 sys=0.00, real=0.00 secs] 
1633.179: [GC (Allocation Failure) 1633.179: [ParNew: 81499K->0K(92160K), 0.0006889 secs] 82917K->1418K(194560K), 0.0007585 secs] [Times: user=0.00 sys=0.00, real=0.00 secs] 
1635.197: [GC (Allocation Failure) 1635.197: [ParNew: 81499K->0K(92160K), 0.0013573 secs] 82917K->1418K(194560K), 0.0015116 secs] [Times: user=0.00 sys=0.00, real=0.00 secs] 
1637.205: [GC (Allocation Failure) 1637.205: [ParNew: 81499K->0K(92160K), 0.0010427 secs] 82917K->1418K(194560K), 0.0011167 secs] [Times: user=0.00 sys=0.00, real=0.00 secs] 
1638.219: [GC (Allocation Failure) 1638.220: [ParNew: 81499K->0K(92160K), 0.0016977 secs] 82917K->1418K(194560K), 0.0018566 secs] [Times: user=0.00 sys=0.00, real=0.00 secs] 
1640.237: [GC (Allocation Failure) 1640.237: [ParNew: 81499K->0K(92160K), 0.0004892 secs] 82917K->1418K(194560K), 0.0005546 secs] [Times: user=0.00 sys=0.00, real=0.00 secs] 
1641.239: [GC (Allocation Failure) 1641.239: [ParNew: 81499K->0K(92160K), 0.0006543 secs] 82917K->1418K(194560K), 0.0007119 secs] [Times: user=0.00 sys=0.00, real=0.00 secs] 
1643.246: [GC (Allocation Failure) 1643.246: [ParNew: 81499K->0K(92160K), 0.0006075 secs] 82917K->1418K(194560K), 0.0006597 secs] [Times: user=0.00 sys=0.00, real=0.00 secs] 
1644.254: [GC (Allocation Failure) 1644.254: [ParNew: 81499K->0K(92160K), 0.0005037 secs] 82917K->1418K(194560K), 0.0005528 secs] [Times: user=0.00 sys=0.00, real=0.00 secs] 
1646.257: [GC (Allocation Failure) 1646.257: [ParNew: 81499K->0K(92160K), 0.0007172 secs] 82917K->1418K(194560K), 0.0007677 secs] [Times: user=0.00 sys=0.00, real=0.00 secs] 
1648.263: [GC (Allocation Failure) 1648.263: [ParNew: 81499K->0K(92160K), 0.0008958 secs] 82917K->1418K(194560K), 0.0009661 secs] [Times: user=0.00 sys=0.00, real=0.00 secs] 
1649.271: [GC (Allocation Failure) 1649.271: [ParNew: 81499K->0K(92160K), 0.0007099 secs] 82917K->1418K(194560K), 0.0007807 secs] [Times: user=0.00 sys=0.00, real=0.00 secs] 
1651.283: [GC (Allocation Failure) 1651.283: [ParNew: 81499K->0K(92160K), 0.0004497 secs] 82917K->1418K(194560K), 0.0004997 secs] [Times: user=0.00 sys=0.00, real=0.00 secs] 
1652.302: [GC (Allocation Failure) 1652.302: [ParNew: 81499K->0K(92160K), 0.0006954 secs] 82917K->1418K(194560K), 0.0007702 secs] [Times: user=0.00 sys=0.00, real=0.00 secs] 
1654.306: [GC (Allocation Failure) 1654.306: [ParNew: 81499K->0K(92160K), 0.0007478 secs] 82917K->1418K(194560K), 0.0008188 secs] [Times: user=0.00 sys=0.00, real=0.00 secs] 
1655.312: [GC (Allocation Failure) 1655.312: [ParNew: 81499K->0K(92160K), 0.0007205 secs] 82917K->1418K(194560K), 0.0007699 secs] [Times: user=0.00 sys=0.00, real=0.00 secs] 
1657.317: [GC (Allocation Failure) 1657.317: [ParNew: 81499K->0K(92160K), 0.0005215 secs] 82917K->1418K(194560K), 0.0005910 secs] [Times: user=0.00 sys=0.00, real=0.00 secs] 
1659.326: [GC (Allocation Failure) 1659.326: [ParNew: 81499K->0K(92160K), 0.0009772 secs] 82917K->1418K(194560K), 0.0010592 secs] [Times: user=0.00 sys=0.00, real=0.00 secs] 
1660.349: [GC (Allocation Failure) 1660.349: [ParNew: 81499K->0K(92160K), 0.0010054 secs] 82917K->1418K(194560K), 0.0010933 secs] [Times: user=0.00 sys=0.00, real=0.00 secs] 
1662.351: [GC (Allocation Failure) 1662.351: [ParNew: 81499K->0K(92160K), 0.0009495 secs] 82917K->1418K(194560K), 0.0010350 secs] [Times: user=0.00 sys=0.00, real=0.00 secs] 
1663.361: [GC (Allocation Failure) 1663.361: [ParNew: 81499K->0K(92160K), 0.0011184 secs] 82917K->1418K(194560K), 0.0012115 secs] [Times: user=0.00 sys=0.00, real=0.00 secs] 
1665.381: [GC (Allocation Failure) 1665.381: [ParNew: 81499K->0K(92160K), 0.0010841 secs] 82917K->1418K(194560K), 0.0011816 secs] [Times: user=0.00 sys=0.00, real=0.00 secs] 
1667.392: [GC (Allocation Failure) 1667.392: [ParNew: 81499K->0K(92160K), 0.0011936 secs] 82917K->1418K(194560K), 0.0012970 secs] [Times: user=0.00 sys=0.00, real=0.00 secs] 
1668.413: [GC (Allocation Failure) 1668.413: [ParNew: 81499K->0K(92160K), 0.0011368 secs] 82917K->1418K(194560K), 0.0012521 secs] [Times: user=0.00 sys=0.00, real=0.00 secs] 
1670.417: [GC (Allocation Failure) 1670.417: [ParNew: 81499K->0K(92160K), 0.0010664 secs] 82917K->1418K(194560K), 0.0011607 secs] [Times: user=0.00 sys=0.00, real=0.00 secs] 
1671.427: [GC (Allocation Failure) 1671.427: [ParNew: 81499K->0K(92160K), 0.0004942 secs] 82917K->1418K(194560K), 0.0005660 secs] [Times: user=0.00 sys=0.00, real=0.00 secs] 
1673.442: [GC (Allocation Failure) 1673.442: [ParNew: 81499K->0K(92160K), 0.0012215 secs] 82917K->1418K(194560K), 0.0013375 secs] [Times: user=0.00 sys=0.00, real=0.00 secs] 
1674.457: [GC (Allocation Failure) 1674.457: [ParNew: 81499K->0K(92160K), 0.0011356 secs] 82917K->1418K(194560K), 0.0012623 secs] [Times: user=0.00 sys=0.00, real=0.00 secs] 
1676.474: [GC (Allocation Failure) 1676.474: [ParNew: 81499K->0K(92160K), 0.0016707 secs] 82917K->1418K(194560K), 0.0018311 secs] [Times: user=0.00 sys=0.00, real=0.00 secs] 
1678.484: [GC (Allocation Failure) 1678.484: [ParNew: 81499K->0K(92160K), 0.0006755 secs] 82917K->1418K(194560K), 0.0007288 secs] [Times: user=0.00 sys=0.00, real=0.00 secs] 
1679.496: [GC (Allocation Failure) 1679.496: [ParNew: 81499K->0K(92160K), 0.0015946 secs] 82917K->1418K(194560K), 0.0017510 secs] [Times: user=0.00 sys=0.00, real=0.00 secs] 
1681.513: [GC (Allocation Failure) 1681.513: [ParNew: 81499K->0K(92160K), 0.0008143 secs] 82917K->1418K(194560K), 0.0009173 secs] [Times: user=0.00 sys=0.00, real=0.00 secs] 
1682.535: [GC (Allocation Failure) 1682.535: [ParNew: 81499K->0K(92160K), 0.0006041 secs] 82917K->1418K(194560K), 0.0006656 secs] [Times: user=0.00 sys=0.00, real=0.00 secs] 
1684.542: [GC (Allocation Failure) 1684.542: [ParNew: 81499K->0K(92160K), 0.0015262 secs] 82917K->1418K(194560K), 0.0017690 secs] [Times: user=0.00 sys=0.00, real=0.00 secs] 
1686.565: [GC (Allocation Failure) 1686.565: [ParNew: 81499K->0K(92160K), 0.0018016 secs] 82917K->1418K(194560K), 0.0019646 secs] [Times: user=0.00 sys=0.00, real=0.00 secs] 
1687.567: [GC (Allocation Failure) 1687.567: [ParNew: 81499K->0K(92160K), 0.0006166 secs] 82917K->1418K(194560K), 0.0006860 secs] [Times: user=0.00 sys=0.00, real=0.00 secs] 
1689.577: [GC (Allocation Failure) 1689.577: [ParNew: 81499K->0K(92160K), 0.0019347 secs] 82917K->1418K(194560K), 0.0020937 secs] [Times: user=0.13 sys=0.00, real=0.00 secs] 
1690.603: [GC (Allocation Failure) 1690.603: [ParNew: 81499K->0K(92160K), 0.0012509 secs] 82917K->1418K(194560K), 0.0014032 secs] [Times: user=0.00 sys=0.00, real=0.00 secs] 
1692.605: [GC (Allocation Failure) 1692.605: [ParNew: 81499K->0K(92160K), 0.0018436 secs] 82917K->1418K(194560K), 0.0020013 secs] [Times: user=0.00 sys=0.00, real=0.00 secs] 
1693.621: [GC (Allocation Failure) 1693.621: [ParNew: 81499K->0K(92160K), 0.0009728 secs] 82917K->1418K(194560K), 0.0010659 secs] [Times: user=0.00 sys=0.00, real=0.00 secs] 
1695.629: [GC (Allocation Failure) 1695.629: [ParNew: 81499K->0K(92160K), 0.0007116 secs] 82917K->1418K(194560K), 0.0007879 secs] [Times: user=0.00 sys=0.00, real=0.00 secs] 
1697.643: [GC (Allocation Failure) 1697.643: [ParNew: 81499K->0K(92160K), 0.0019063 secs] 82917K->1418K(194560K), 0.0020694 secs] [Times: user=0.00 sys=0.00, real=0.00 secs] 
1698.662: [GC (Allocation Failure) 1698.662: [ParNew: 81499K->0K(92160K), 0.0014195 secs] 82917K->1418K(194560K), 0.0015158 secs] [Times: user=0.00 sys=0.00, real=0.00 secs] 
1700.671: [GC (Allocation Failure) 1700.671: [ParNew: 81499K->0K(92160K), 0.0012081 secs] 82917K->1418K(194560K), 0.0012791 secs] [Times: user=0.00 sys=0.00, real=0.00 secs] 
1701.685: [GC (Allocation Failure) 1701.685: [ParNew: 81499K->0K(92160K), 0.0006891 secs] 82917K->1418K(194560K), 0.0007645 secs] [Times: user=0.00 sys=0.00, real=0.00 secs] 
1703.694: [GC (Allocation Failure) 1703.694: [ParNew: 81499K->0K(92160K), 0.0012480 secs] 82917K->1418K(194560K), 0.0013635 secs] [Times: user=0.00 sys=0.00, real=0.00 secs] 
1704.710: [GC (Allocation Failure) 1704.710: [ParNew: 81499K->0K(92160K), 0.0004762 secs] 82917K->1418K(194560K), 0.0005283 secs] [Times: user=0.00 sys=0.00, real=0.00 secs] 
1706.729: [GC (Allocation Failure) 1706.729: [ParNew: 81499K->0K(92160K), 0.0012684 secs] 82917K->1418K(194560K), 0.0014406 secs] [Times: user=0.00 sys=0.00, real=0.00 secs] 
1708.747: [GC (Allocation Failure) 1708.747: [ParNew: 81499K->0K(92160K), 0.0009465 secs] 82917K->1418K(194560K), 0.0010626 secs] [Times: user=0.00 sys=0.00, real=0.00 secs] 
1709.757: [GC (Allocation Failure) 1709.757: [ParNew: 81499K->0K(92160K), 0.0004642 secs] 82917K->1418K(194560K), 0.0005099 secs] [Times: user=0.00 sys=0.00, real=0.00 secs] 
1711.774: [GC (Allocation Failure) 1711.774: [ParNew: 81499K->0K(92160K), 0.0017620 secs] 82917K->1418K(194560K), 0.0019187 secs] [Times: user=0.00 sys=0.00, real=0.00 secs] 
1712.790: [GC (Allocation Failure) 1712.790: [ParNew: 81499K->0K(92160K), 0.0016794 secs] 82917K->1418K(194560K), 0.0018016 secs] [Times: user=0.00 sys=0.00, real=0.00 secs] 
1714.803: [GC (Allocation Failure) 1714.803: [ParNew: 81499K->0K(92160K), 0.0013875 secs] 82917K->1418K(194560K), 0.0015470 secs] [Times: user=0.00 sys=0.00, real=0.00 secs] 
1716.816: [GC (Allocation Failure) 1716.816: [ParNew: 81499K->0K(92160K), 0.0012641 secs] 82917K->1418K(194560K), 0.0014378 secs] [Times: user=0.00 sys=0.00, real=0.00 secs] 
1717.837: [GC (Allocation Failure) 1717.837: [ParNew: 81499K->0K(92160K), 0.0012560 secs] 82917K->1418K(194560K), 0.0014141 secs] [Times: user=0.00 sys=0.00, real=0.00 secs] 
1719.843: [GC (Allocation Failure) 1719.843: [ParNew: 81499K->0K(92160K), 0.0016819 secs] 82917K->1418K(194560K), 0.0018329 secs] [Times: user=0.00 sys=0.00, real=0.00 secs] 
1720.863: [GC (Allocation Failure) 1720.863: [ParNew: 81499K->0K(92160K), 0.0016909 secs] 82917K->1418K(194560K), 0.0018428 secs] [Times: user=0.00 sys=0.00, real=0.00 secs] 
1722.881: [GC (Allocation Failure) 1722.881: [ParNew: 81499K->0K(92160K), 0.0017536 secs] 82917K->1418K(194560K), 0.0019097 secs] [Times: user=0.00 sys=0.00, real=0.00 secs] 
1723.898: [GC (Allocation Failure) 1723.898: [ParNew: 81499K->0K(92160K), 0.0014854 secs] 82917K->1418K(194560K), 0.0016588 secs] [Times: user=0.00 sys=0.00, real=0.00 secs] 
1725.929: [GC (Allocation Failure) 1725.929: [ParNew: 81499K->0K(92160K), 0.0015733 secs] 82917K->1418K(194560K), 0.0017266 secs] [Times: user=0.00 sys=0.00, real=0.00 secs] 
1727.933: [GC (Allocation Failure) 1727.933: [ParNew: 81499K->0K(92160K), 0.0012494 secs] 82917K->1418K(194560K), 0.0014062 secs] [Times: user=0.00 sys=0.00, real=0.00 secs] 
1728.952: [GC (Allocation Failure) 1728.952: [ParNew: 81499K->0K(92160K), 0.0017676 secs] 82917K->1418K(194560K), 0.0019209 secs] [Times: user=0.13 sys=0.00, real=0.00 secs] 
1730.962: [GC (Allocation Failure) 1730.962: [ParNew: 81499K->0K(92160K), 0.0016810 secs] 82917K->1418K(194560K), 0.0018501 secs] [Times: user=0.00 sys=0.00, real=0.00 secs] 
1731.983: [GC (Allocation Failure) 1731.983: [ParNew: 81499K->0K(92160K), 0.0016556 secs] 82917K->1418K(194560K), 0.0018138 secs] [Times: user=0.00 sys=0.00, real=0.00 secs] 
1733.993: [GC (Allocation Failure) 1733.993: [ParNew: 81499K->0K(92160K), 0.0017329 secs] 82917K->1418K(194560K), 0.0018888 secs] [Times: user=0.00 sys=0.00, real=0.00 secs] 
1735.011: [GC (Allocation Failure) 1735.011: [ParNew: 81499K->0K(92160K), 0.0006703 secs] 82917K->1418K(194560K), 0.0007196 secs] [Times: user=0.00 sys=0.00, real=0.00 secs] 
1737.031: [GC (Allocation Failure) 1737.032: [ParNew: 81499K->0K(92160K), 0.0018520 secs] 82917K->1418K(194560K), 0.0020038 secs] [Times: user=0.02 sys=0.00, real=0.00 secs] 
1739.045: [GC (Allocation Failure) 1739.045: [ParNew: 81499K->0K(92160K), 0.0012648 secs] 82917K->1418K(194560K), 0.0014171 secs] [Times: user=0.00 sys=0.00, real=0.00 secs] 
1740.067: [GC (Allocation Failure) 1740.067: [ParNew: 81499K->0K(92160K), 0.0008899 secs] 82917K->1418K(194560K), 0.0009678 secs] [Times: user=0.00 sys=0.00, real=0.00 secs] 
1742.069: [GC (Allocation Failure) 1742.069: [ParNew: 81499K->0K(92160K), 0.0005715 secs] 82917K->1418K(194560K), 0.0006447 secs] [Times: user=0.00 sys=0.00, real=0.00 secs] 
1743.083: [GC (Allocation Failure) 1743.083: [ParNew: 81499K->0K(92160K), 0.0017373 secs] 82917K->1418K(194560K), 0.0018911 secs] [Times: user=0.00 sys=0.00, real=0.00 secs] 
1745.103: [GC (Allocation Failure) 1745.103: [ParNew: 81499K->0K(92160K), 0.0006024 secs] 82917K->1418K(194560K), 0.0006542 secs] [Times: user=0.00 sys=0.00, real=0.00 secs] 
1747.117: [GC (Allocation Failure) 1747.117: [ParNew: 81499K->0K(92160K), 0.0015086 secs] 82917K->1418K(194560K), 0.0016671 secs] [Times: user=0.00 sys=0.00, real=0.00 secs] 
1748.132: [GC (Allocation Failure) 1748.132: [ParNew: 81499K->0K(92160K), 0.0012680 secs] 82917K->1418K(194560K), 0.0014202 secs] [Times: user=0.00 sys=0.00, real=0.00 secs] 
1750.150: [GC (Allocation Failure) 1750.150: [ParNew: 81499K->0K(92160K), 0.0008342 secs] 82917K->1418K(194560K), 0.0009639 secs] [Times: user=0.00 sys=0.00, real=0.00 secs] 
1751.162: [GC (Allocation Failure) 1751.162: [ParNew: 81499K->0K(92160K), 0.0011395 secs] 82917K->1418K(194560K), 0.0012104 secs] [Times: user=0.00 sys=0.00, real=0.00 secs] 
1753.193: [GC (Allocation Failure) 1753.193: [ParNew: 81499K->0K(92160K), 0.0011986 secs] 82917K->1418K(194560K), 0.0013477 secs] [Times: user=0.00 sys=0.00, real=0.00 secs] 
1754.216: [GC (Allocation Failure) 1754.216: [ParNew: 81499K->0K(92160K), 0.0017842 secs] 82917K->1418K(194560K), 0.0019318 secs] [Times: user=0.00 sys=0.00, real=0.00 secs] 
1756.212: [GC (Allocation Failure) 1756.212: [ParNew: 81499K->0K(92160K), 0.0008545 secs] 82917K->1418K(194560K), 0.0009547 secs] [Times: user=0.00 sys=0.00, real=0.00 secs] 
1758.237: [GC (Allocation Failure) 1758.237: [ParNew: 81499K->0K(92160K), 0.0008064 secs] 82917K->1418K(194560K), 0.0008743 secs] [Times: user=0.00 sys=0.00, real=0.00 secs] 
1759.239: [GC (Allocation Failure) 1759.239: [ParNew: 81499K->0K(92160K), 0.0005834 secs] 82917K->1418K(194560K), 0.0006347 secs] [Times: user=0.00 sys=0.00, real=0.00 secs] 
1761.245: [GC (Allocation Failure) 1761.245: [ParNew: 81499K->0K(92160K), 0.0006662 secs] 82917K->1418K(194560K), 0.0007131 secs] [Times: user=0.00 sys=0.00, real=0.00 secs] 
1762.255: [GC (Allocation Failure) 1762.255: [ParNew: 81499K->0K(92160K), 0.0007222 secs] 82917K->1418K(194560K), 0.0007881 secs] [Times: user=0.00 sys=0.00, real=0.00 secs] 
1764.257: [GC (Allocation Failure) 1764.257: [ParNew: 81499K->0K(92160K), 0.0009665 secs] 82917K->1418K(194560K), 0.0010563 secs] [Times: user=0.00 sys=0.00, real=0.00 secs] 
1766.268: [GC (Allocation Failure) 1766.268: [ParNew: 81499K->0K(92160K), 0.0006973 secs] 82917K->1418K(194560K), 0.0007875 secs] [Times: user=0.00 sys=0.00, real=0.00 secs] 
1767.271: [GC (Allocation Failure) 1767.271: [ParNew: 81499K->0K(92160K), 0.0007233 secs] 82917K->1418K(194560K), 0.0007901 secs] [Times: user=0.00 sys=0.00, real=0.00 secs] 
1769.279: [GC (Allocation Failure) 1769.279: [ParNew: 81499K->0K(92160K), 0.0005756 secs] 82917K->1418K(194560K), 0.0006440 secs] [Times: user=0.00 sys=0.00, real=0.00 secs] 
1770.303: [GC (Allocation Failure) 1770.303: [ParNew: 81499K->0K(92160K), 0.0008339 secs] 82917K->1418K(194560K), 0.0009087 secs] [Times: user=0.00 sys=0.00, real=0.00 secs] 
1772.304: [GC (Allocation Failure) 1772.304: [ParNew: 81499K->0K(92160K), 0.0006756 secs] 82917K->1418K(194560K), 0.0007472 secs] [Times: user=0.00 sys=0.00, real=0.00 secs] 
1773.312: [GC (Allocation Failure) 1773.312: [ParNew: 81499K->0K(92160K), 0.0008179 secs] 82917K->1418K(194560K), 0.0008965 secs] [Times: user=0.02 sys=0.00, real=0.00 secs] 
1775.318: [GC (Allocation Failure) 1775.318: [ParNew: 81499K->0K(92160K), 0.0005615 secs] 82917K->1418K(194560K), 0.0006335 secs] [Times: user=0.00 sys=0.00, real=0.00 secs] 
1777.327: [GC (Allocation Failure) 1777.327: [ParNew: 81499K->0K(92160K), 0.0009578 secs] 82917K->1418K(194560K), 0.0010363 secs] [Times: user=0.00 sys=0.00, real=0.00 secs] 
1778.338: [GC (Allocation Failure) 1778.338: [ParNew: 81499K->0K(92160K), 0.0010348 secs] 82917K->1418K(194560K), 0.0011143 secs] [Times: user=0.00 sys=0.00, real=0.00 secs] 
1780.349: [GC (Allocation Failure) 1780.349: [ParNew: 81499K->0K(92160K), 0.0007974 secs] 82917K->1418K(194560K), 0.0008794 secs] [Times: user=0.00 sys=0.00, real=0.00 secs] 
1781.366: [GC (Allocation Failure) 1781.366: [ParNew: 81499K->0K(92160K), 0.0008409 secs] 82917K->1418K(194560K), 0.0009088 secs] [Times: user=0.00 sys=0.00, real=0.00 secs] 
1783.372: [GC (Allocation Failure) 1783.372: [ParNew: 81499K->0K(92160K), 0.0010730 secs] 82917K->1418K(194560K), 0.0011670 secs] [Times: user=0.00 sys=0.00, real=0.00 secs] 
1784.385: [GC (Allocation Failure) 1784.385: [ParNew: 81499K->0K(92160K), 0.0010894 secs] 82917K->1418K(194560K), 0.0011816 secs] [Times: user=0.00 sys=0.00, real=0.00 secs] 
1786.396: [GC (Allocation Failure) 1786.396: [ParNew: 81499K->0K(92160K), 0.0011352 secs] 82917K->1418K(194560K), 0.0012388 secs] [Times: user=0.00 sys=0.00, real=0.00 secs] 
1788.407: [GC (Allocation Failure) 1788.407: [ParNew: 81499K->0K(92160K), 0.0011590 secs] 82917K->1418K(194560K), 0.0012652 secs] [Times: user=0.00 sys=0.00, real=0.00 secs] 
1789.432: [GC (Allocation Failure) 1789.432: [ParNew: 81499K->0K(92160K), 0.0015738 secs] 82917K->1418K(194560K), 0.0017022 secs] [Times: user=0.00 sys=0.00, real=0.00 secs] 
1791.435: [GC (Allocation Failure) 1791.435: [ParNew: 81499K->0K(92160K), 0.0012492 secs] 82917K->1418K(194560K), 0.0013370 secs] [Times: user=0.00 sys=0.00, real=0.00 secs] 
1792.448: [GC (Allocation Failure) 1792.448: [ParNew: 81499K->0K(92160K), 0.0012436 secs] 82917K->1418K(194560K), 0.0013505 secs] [Times: user=0.00 sys=0.00, real=0.00 secs] 
1794.460: [GC (Allocation Failure) 1794.460: [ParNew: 81499K->0K(92160K), 0.0015034 secs] 82917K->1418K(194560K), 0.0016304 secs] [Times: user=0.00 sys=0.00, real=0.00 secs] 
1796.476: [GC (Allocation Failure) 1796.476: [ParNew: 81499K->0K(92160K), 0.0010409 secs] 82917K->1418K(194560K), 0.0011674 secs] [Times: user=0.00 sys=0.00, real=0.00 secs] 
1797.493: [GC (Allocation Failure) 1797.493: [ParNew: 81499K->0K(92160K), 0.0012720 secs] 82917K->1418K(194560K), 0.0013992 secs] [Times: user=0.00 sys=0.00, real=0.00 secs] 
1799.500: [GC (Allocation Failure) 1799.500: [ParNew: 81499K->0K(92160K), 0.0015713 secs] 82917K->1418K(194560K), 0.0017355 secs] [Times: user=0.13 sys=0.00, real=0.00 secs] 
1800.513: [GC (Allocation Failure) 1800.513: [ParNew: 81499K->0K(92160K), 0.0017249 secs] 82917K->1418K(194560K), 0.0018456 secs] [Times: user=0.00 sys=0.00, real=0.00 secs] 
1802.536: [GC (Allocation Failure) 1802.536: [ParNew: 81499K->0K(92160K), 0.0016029 secs] 82917K->1418K(194560K), 0.0017339 secs] [Times: user=0.00 sys=0.00, real=0.00 secs] 
1803.550: [GC (Allocation Failure) 1803.550: [ParNew: 81499K->0K(92160K), 0.0009131 secs] 82917K->1418K(194560K), 0.0009620 secs] [Times: user=0.00 sys=0.00, real=0.00 secs] 
1805.568: [GC (Allocation Failure) 1805.568: [ParNew: 81499K->0K(92160K), 0.0012806 secs] 82917K->1418K(194560K), 0.0014536 secs] [Times: user=0.00 sys=0.00, real=0.00 secs] 
1807.582: [GC (Allocation Failure) 1807.582: [ParNew: 81499K->0K(92160K), 0.0013807 secs] 82917K->1418K(194560K), 0.0015406 secs] [Times: user=0.00 sys=0.00, real=0.00 secs] 
1808.602: [GC (Allocation Failure) 1808.602: [ParNew: 81499K->0K(92160K), 0.0018241 secs] 82917K->1418K(194560K), 0.0020533 secs] [Times: user=0.00 sys=0.00, real=0.00 secs] 
1810.620: [GC (Allocation Failure) 1810.620: [ParNew: 81499K->0K(92160K), 0.0019074 secs] 82917K->1418K(194560K), 0.0020670 secs] [Times: user=0.00 sys=0.00, real=0.00 secs] 
1811.635: [GC (Allocation Failure) 1811.635: [ParNew: 81499K->0K(92160K), 0.0008343 secs] 82917K->1418K(194560K), 0.0008936 secs] [Times: user=0.00 sys=0.00, real=0.00 secs] 
1813.654: [GC (Allocation Failure) 1813.654: [ParNew: 81499K->0K(92160K), 0.0015980 secs] 82917K->1418K(194560K), 0.0017578 secs] [Times: user=0.00 sys=0.00, real=0.00 secs] 
1814.681: [GC (Allocation Failure) 1814.681: [ParNew: 81499K->0K(92160K), 0.0011653 secs] 82917K->1418K(194560K), 0.0012590 secs] [Times: user=0.00 sys=0.00, real=0.00 secs] 
1816.696: [GC (Allocation Failure) 1816.696: [ParNew: 81499K->0K(92160K), 0.0004252 secs] 82917K->1418K(194560K), 0.0004935 secs] [Times: user=0.00 sys=0.00, real=0.00 secs] 
1818.711: [GC (Allocation Failure) 1818.711: [ParNew: 81499K->0K(92160K), 0.0016174 secs] 82917K->1418K(194560K), 0.0018068 secs] [Times: user=0.00 sys=0.00, real=0.00 secs] 
1819.726: [GC (Allocation Failure) 1819.726: [ParNew: 81499K->0K(92160K), 0.0010407 secs] 82917K->1418K(194560K), 0.0010897 secs] [Times: user=0.00 sys=0.00, real=0.00 secs] 
1821.743: [GC (Allocation Failure) 1821.744: [ParNew: 81499K->0K(92160K), 0.0014722 secs] 82917K->1418K(194560K), 0.0016356 secs] [Times: user=0.00 sys=0.00, real=0.00 secs] 
1822.775: [GC (Allocation Failure) 1822.775: [ParNew: 81499K->0K(92160K), 0.0010069 secs] 82917K->1418K(194560K), 0.0011313 secs] [Times: user=0.00 sys=0.00, real=0.00 secs] 
1824.784: [GC (Allocation Failure) 1824.784: [ParNew: 81499K->0K(92160K), 0.0013269 secs] 82917K->1418K(194560K), 0.0014895 secs] [Times: user=0.00 sys=0.00, real=0.00 secs] 
1826.805: [GC (Allocation Failure) 1826.805: [ParNew: 81499K->0K(92160K), 0.0015924 secs] 82917K->1418K(194560K), 0.0017482 secs] [Times: user=0.00 sys=0.00, real=0.00 secs] 
1827.822: [GC (Allocation Failure) 1827.822: [ParNew: 81499K->0K(92160K), 0.0005312 secs] 82917K->1418K(194560K), 0.0005965 secs] [Times: user=0.00 sys=0.00, real=0.00 secs] 
1829.832: [GC (Allocation Failure) 1829.832: [ParNew: 81499K->0K(92160K), 0.0015301 secs] 82917K->1418K(194560K), 0.0016911 secs] [Times: user=0.00 sys=0.00, real=0.00 secs] 
1830.839: [GC (Allocation Failure) 1830.839: [ParNew: 81499K->0K(92160K), 0.0015637 secs] 82917K->1418K(194560K), 0.0017162 secs] [Times: user=0.00 sys=0.00, real=0.00 secs] 
1832.856: [GC (Allocation Failure) 1832.856: [ParNew: 81499K->0K(92160K), 0.0004859 secs] 82917K->1418K(194560K), 0.0006598 secs] [Times: user=0.00 sys=0.00, real=0.00 secs] 
1833.865: [GC (Allocation Failure) 1833.865: [ParNew: 81499K->0K(92160K), 0.0005385 secs] 82917K->1418K(194560K), 0.0006071 secs] [Times: user=0.00 sys=0.00, real=0.00 secs] 
1835.878: [GC (Allocation Failure) 1835.878: [ParNew: 81499K->0K(92160K), 0.0017908 secs] 82917K->1418K(194560K), 0.0019703 secs] [Times: user=0.00 sys=0.00, real=0.00 secs] 
1837.895: [GC (Allocation Failure) 1837.895: [ParNew: 81499K->0K(92160K), 0.0017179 secs] 82917K->1418K(194560K), 0.0018697 secs] [Times: user=0.00 sys=0.00, real=0.00 secs] 
1838.898: [GC (Allocation Failure) 1838.898: [ParNew: 81499K->0K(92160K), 0.0008972 secs] 82917K->1418K(194560K), 0.0009732 secs] [Times: user=0.00 sys=0.00, real=0.00 secs] 
1840.914: [GC (Allocation Failure) 1840.914: [ParNew: 81499K->0K(92160K), 0.0017440 secs] 82917K->1418K(194560K), 0.0019015 secs] [Times: user=0.00 sys=0.00, real=0.00 secs] 
1841.948: [GC (Allocation Failure) 1841.948: [ParNew: 81499K->0K(92160K), 0.0016772 secs] 82917K->1418K(194560K), 0.0018285 secs] [Times: user=0.00 sys=0.00, real=0.00 secs] 
1843.953: [GC (Allocation Failure) 1843.953: [ParNew: 81499K->0K(92160K), 0.0010098 secs] 82917K->1418K(194560K), 0.0010909 secs] [Times: user=0.13 sys=0.00, real=0.00 secs] 
1845.969: [GC (Allocation Failure) 1845.969: [ParNew: 81499K->0K(92160K), 0.0016971 secs] 82917K->1418K(194560K), 0.0018602 secs] [Times: user=0.00 sys=0.00, real=0.00 secs] 
1846.988: [GC (Allocation Failure) 1846.989: [ParNew: 81499K->0K(92160K), 0.0017763 secs] 82917K->1418K(194560K), 0.0019539 secs] [Times: user=0.00 sys=0.00, real=0.00 secs] 
1849.018: [GC (Allocation Failure) 1849.018: [ParNew: 81499K->0K(92160K), 0.0012156 secs] 82917K->1418K(194560K), 0.0013138 secs] [Times: user=0.00 sys=0.00, real=0.00 secs] 
1850.021: [GC (Allocation Failure) 1850.021: [ParNew: 81499K->0K(92160K), 0.0007167 secs] 82917K->1418K(194560K), 0.0007841 secs] [Times: user=0.00 sys=0.00, real=0.00 secs] 
1852.036: [GC (Allocation Failure) 1852.037: [ParNew: 81499K->0K(92160K), 0.0019519 secs] 82917K->1418K(194560K), 0.0021056 secs] [Times: user=0.00 sys=0.00, real=0.00 secs] 
1853.057: [GC (Allocation Failure) 1853.057: [ParNew: 81499K->0K(92160K), 0.0004467 secs] 82917K->1418K(194560K), 0.0005294 secs] [Times: user=0.00 sys=0.00, real=0.00 secs] 
1855.072: [GC (Allocation Failure) 1855.072: [ParNew: 81499K->0K(92160K), 0.0017756 secs] 82917K->1418K(194560K), 0.0019465 secs] [Times: user=0.00 sys=0.00, real=0.00 secs] 
1857.081: [GC (Allocation Failure) 1857.081: [ParNew: 81499K->0K(92160K), 0.0016775 secs] 82917K->1418K(194560K), 0.0018357 secs] [Times: user=0.00 sys=0.00, real=0.00 secs] 
1858.102: [GC (Allocation Failure) 1858.102: [ParNew: 81499K->0K(92160K), 0.0019033 secs] 82917K->1418K(194560K), 0.0020621 secs] [Times: user=0.00 sys=0.00, real=0.00 secs] 
1860.118: [GC (Allocation Failure) 1860.118: [ParNew: 81499K->0K(92160K), 0.0007631 secs] 82917K->1418K(194560K), 0.0008588 secs] [Times: user=0.00 sys=0.00, real=0.00 secs] 
1861.130: [GC (Allocation Failure) 1861.130: [ParNew: 81499K->0K(92160K), 0.0009795 secs] 82917K->1418K(194560K), 0.0010884 secs] [Times: user=0.00 sys=0.00, real=0.00 secs] 
1863.142: [GC (Allocation Failure) 1863.142: [ParNew: 81499K->0K(92160K), 0.0007721 secs] 82917K->1418K(194560K), 0.0009318 secs] [Times: user=0.00 sys=0.00, real=0.00 secs] 
1864.158: [GC (Allocation Failure) 1864.158: [ParNew: 81499K->0K(92160K), 0.0017532 secs] 82917K->1418K(194560K), 0.0019140 secs] [Times: user=0.00 sys=0.00, real=0.00 secs] 
1866.168: [GC (Allocation Failure) 1866.168: [ParNew: 81499K->0K(92160K), 0.0006889 secs] 82917K->1418K(194560K), 0.0007533 secs] [Times: user=0.00 sys=0.00, real=0.00 secs] 
1868.178: [GC (Allocation Failure) 1868.178: [ParNew: 81499K->0K(92160K), 0.0011262 secs] 82917K->1418K(194560K), 0.0012242 secs] [Times: user=0.00 sys=0.00, real=0.00 secs] 
1869.198: [GC (Allocation Failure) 1869.198: [ParNew: 81499K->0K(92160K), 0.0016550 secs] 82917K->1418K(194560K), 0.0018104 secs] [Times: user=0.00 sys=0.00, real=0.00 secs] 
1871.199: [GC (Allocation Failure) 1871.199: [ParNew: 81499K->0K(92160K), 0.0012535 secs] 82917K->1418K(194560K), 0.0014169 secs] [Times: user=0.00 sys=0.00, real=0.00 secs] 
1872.219: [GC (Allocation Failure) 1872.219: [ParNew: 81499K->0K(92160K), 0.0015720 secs] 82917K->1418K(194560K), 0.0017283 secs] [Times: user=0.00 sys=0.00, real=0.00 secs] 
1874.228: [GC (Allocation Failure) 1874.228: [ParNew: 81499K->0K(92160K), 0.0009217 secs] 82917K->1418K(194560K), 0.0009722 secs] [Times: user=0.00 sys=0.00, real=0.00 secs] 
1876.233: [GC (Allocation Failure) 1876.233: [ParNew: 81499K->0K(92160K), 0.0006942 secs] 82917K->1418K(194560K), 0.0007458 secs] [Times: user=0.00 sys=0.00, real=0.00 secs] 
1877.239: [GC (Allocation Failure) 1877.239: [ParNew: 81499K->0K(92160K), 0.0006690 secs] 82917K->1418K(194560K), 0.0007263 secs] [Times: user=0.00 sys=0.00, real=0.00 secs] 
1879.252: [GC (Allocation Failure) 1879.252: [ParNew: 81499K->0K(92160K), 0.0005166 secs] 82917K->1418K(194560K), 0.0005864 secs] [Times: user=0.00 sys=0.00, real=0.00 secs] 
1880.270: [GC (Allocation Failure) 1880.270: [ParNew: 81499K->0K(92160K), 0.0008358 secs] 82917K->1418K(194560K), 0.0009029 secs] [Times: user=0.00 sys=0.00, real=0.00 secs] 
1882.272: [GC (Allocation Failure) 1882.272: [ParNew: 81499K->0K(92160K), 0.0007399 secs] 82917K->1418K(194560K), 0.0008083 secs] [Times: user=0.00 sys=0.00, real=0.00 secs] 
1883.280: [GC (Allocation Failure) 1883.280: [ParNew: 81499K->0K(92160K), 0.0005468 secs] 82917K->1418K(194560K), 0.0006117 secs] [Times: user=0.00 sys=0.00, real=0.00 secs] 
1885.286: [GC (Allocation Failure) 1885.286: [ParNew: 81499K->0K(92160K), 0.0005287 secs] 82917K->1418K(194560K), 0.0005995 secs] [Times: user=0.00 sys=0.00, real=0.00 secs] 
1887.294: [GC (Allocation Failure) 1887.294: [ParNew: 81499K->0K(92160K), 0.0009551 secs] 82917K->1418K(194560K), 0.0010280 secs] [Times: user=0.00 sys=0.00, real=0.00 secs] 
1888.303: [GC (Allocation Failure) 1888.303: [ParNew: 81499K->0K(92160K), 0.0006506 secs] 82917K->1418K(194560K), 0.0007181 secs] [Times: user=0.00 sys=0.00, real=0.00 secs] 
1890.306: [GC (Allocation Failure) 1890.306: [ParNew: 81499K->0K(92160K), 0.0006017 secs] 82917K->1418K(194560K), 0.0006748 secs] [Times: user=0.00 sys=0.00, real=0.00 secs] 
1891.314: [GC (Allocation Failure) 1891.314: [ParNew: 81499K->0K(92160K), 0.0004538 secs] 82917K->1418K(194560K), 0.0005045 secs] [Times: user=0.00 sys=0.00, real=0.00 secs] 
1893.332: [GC (Allocation Failure) 1893.332: [ParNew: 81499K->0K(92160K), 0.0007826 secs] 82917K->1418K(194560K), 0.0008627 secs] [Times: user=0.00 sys=0.00, real=0.00 secs] 
1894.341: [GC (Allocation Failure) 1894.341: [ParNew: 81499K->0K(92160K), 0.0006294 secs] 82917K->1418K(194560K), 0.0007050 secs] [Times: user=0.00 sys=0.00, real=0.00 secs] 
1896.350: [GC (Allocation Failure) 1896.350: [ParNew: 81499K->0K(92160K), 0.0010817 secs] 82917K->1418K(194560K), 0.0011769 secs] [Times: user=0.00 sys=0.00, real=0.00 secs] 
1898.360: [GC (Allocation Failure) 1898.360: [ParNew: 81499K->0K(92160K), 0.0010911 secs] 82917K->1418K(194560K), 0.0011883 secs] [Times: user=0.00 sys=0.00, real=0.00 secs] 
1899.382: [GC (Allocation Failure) 1899.382: [ParNew: 81499K->0K(92160K), 0.0011266 secs] 82917K->1418K(194560K), 0.0012232 secs] [Times: user=0.00 sys=0.00, real=0.00 secs] 
1901.386: [GC (Allocation Failure) 1901.386: [ParNew: 81499K->0K(92160K), 0.0007928 secs] 82917K->1418K(194560K), 0.0008609 secs] [Times: user=0.00 sys=0.00, real=0.00 secs] 
1902.395: [GC (Allocation Failure) 1902.395: [ParNew: 81499K->0K(92160K), 0.0006529 secs] 82917K->1418K(194560K), 0.0007394 secs] [Times: user=0.00 sys=0.00, real=0.00 secs] 
1904.408: [GC (Allocation Failure) 1904.408: [ParNew: 81499K->0K(92160K), 0.0010134 secs] 82917K->1418K(194560K), 0.0011189 secs] [Times: user=0.00 sys=0.00, real=0.00 secs] 
1906.425: [GC (Allocation Failure) 1906.426: [ParNew: 81499K->0K(92160K), 0.0014767 secs] 82917K->1418K(194560K), 0.0016091 secs] [Times: user=0.00 sys=0.00, real=0.00 secs] 
1907.431: [GC (Allocation Failure) 1907.431: [ParNew: 81499K->0K(92160K), 0.0005289 secs] 82917K->1418K(194560K), 0.0006345 secs] [Times: user=0.00 sys=0.00, real=0.00 secs] 
1909.442: [GC (Allocation Failure) 1909.442: [ParNew: 81499K->0K(92160K), 0.0012339 secs] 82917K->1418K(194560K), 0.0013521 secs] [Times: user=0.00 sys=0.00, real=0.00 secs] 
1910.457: [GC (Allocation Failure) 1910.457: [ParNew: 81499K->0K(92160K), 0.0010428 secs] 82917K->1418K(194560K), 0.0011687 secs] [Times: user=0.00 sys=0.00, real=0.00 secs] 
1912.470: [GC (Allocation Failure) 1912.470: [ParNew: 81499K->0K(92160K), 0.0018454 secs] 82917K->1418K(194560K), 0.0019705 secs] [Times: user=0.00 sys=0.00, real=0.00 secs] 
1913.497: [GC (Allocation Failure) 1913.497: [ParNew: 81499K->0K(92160K), 0.0018485 secs] 82917K->1418K(194560K), 0.0020054 secs] [Times: user=0.00 sys=0.00, real=0.00 secs] 
1915.499: [GC (Allocation Failure) 1915.499: [ParNew: 81499K->0K(92160K), 0.0015500 secs] 82917K->1418K(194560K), 0.0016831 secs] [Times: user=0.13 sys=0.00, real=0.00 secs] 
1917.517: [GC (Allocation Failure) 1917.517: [ParNew: 81499K->0K(92160K), 0.0010611 secs] 82917K->1418K(194560K), 0.0011353 secs] [Times: user=0.00 sys=0.00, real=0.00 secs] 
1918.529: [GC (Allocation Failure) 1918.529: [ParNew: 81499K->0K(92160K), 0.0004511 secs] 82917K->1418K(194560K), 0.0005215 secs] [Times: user=0.00 sys=0.00, real=0.00 secs] 
1920.552: [GC (Allocation Failure) 1920.552: [ParNew: 81499K->0K(92160K), 0.0015638 secs] 82917K->1418K(194560K), 0.0017297 secs] [Times: user=0.00 sys=0.00, real=0.00 secs] 
1921.557: [GC (Allocation Failure) 1921.557: [ParNew: 81499K->0K(92160K), 0.0010275 secs] 82917K->1418K(194560K), 0.0011533 secs] [Times: user=0.00 sys=0.00, real=0.00 secs] 
1923.576: [GC (Allocation Failure) 1923.576: [ParNew: 81499K->0K(92160K), 0.0016274 secs] 82917K->1418K(194560K), 0.0018577 secs] [Times: user=0.00 sys=0.00, real=0.00 secs] 
1925.592: [GC (Allocation Failure) 1925.592: [ParNew: 81499K->0K(92160K), 0.0019074 secs] 82917K->1418K(194560K), 0.0020656 secs] [Times: user=0.00 sys=0.00, real=0.00 secs] 
1926.611: [GC (Allocation Failure) 1926.612: [ParNew: 81499K->0K(92160K), 0.0018762 secs] 82917K->1418K(194560K), 0.0020339 secs] [Times: user=0.00 sys=0.00, real=0.00 secs] 
1928.630: [GC (Allocation Failure) 1928.630: [ParNew: 81499K->0K(92160K), 0.0013418 secs] 82917K->1418K(194560K), 0.0015038 secs] [Times: user=0.00 sys=0.00, real=0.00 secs] 
1929.649: [GC (Allocation Failure) 1929.649: [ParNew: 81499K->0K(92160K), 0.0008591 secs] 82917K->1418K(194560K), 0.0009108 secs] [Times: user=0.00 sys=0.00, real=0.00 secs] 
1931.666: [GC (Allocation Failure) 1931.666: [ParNew: 81499K->0K(92160K), 0.0019778 secs] 82917K->1418K(194560K), 0.0021368 secs] [Times: user=0.00 sys=0.00, real=0.00 secs] 
1932.686: [GC (Allocation Failure) 1932.686: [ParNew: 81499K->0K(92160K), 0.0015744 secs] 82917K->1418K(194560K), 0.0017282 secs] [Times: user=0.00 sys=0.00, real=0.00 secs] 
1934.708: [GC (Allocation Failure) 1934.708: [ParNew: 81499K->0K(92160K), 0.0014653 secs] 82917K->1418K(194560K), 0.0015705 secs] [Times: user=0.00 sys=0.00, real=0.00 secs] 
1936.717: [GC (Allocation Failure) 1936.717: [ParNew: 81499K->0K(92160K), 0.0015509 secs] 82917K->1418K(194560K), 0.0017160 secs] [Times: user=0.00 sys=0.00, real=0.00 secs] 
1937.732: [GC (Allocation Failure) 1937.732: [ParNew: 81499K->0K(92160K), 0.0007539 secs] 82917K->1418K(194560K), 0.0008038 secs] [Times: user=0.00 sys=0.00, real=0.00 secs] 
1939.748: [GC (Allocation Failure) 1939.748: [ParNew: 81499K->0K(92160K), 0.0013003 secs] 82917K->1418K(194560K), 0.0014721 secs] [Times: user=0.00 sys=0.00, real=0.00 secs] 
1940.763: [GC (Allocation Failure) 1940.763: [ParNew: 81499K->0K(92160K), 0.0007993 secs] 82917K->1418K(194560K), 0.0008660 secs] [Times: user=0.00 sys=0.00, real=0.00 secs] 
1942.771: [GC (Allocation Failure) 1942.771: [ParNew: 81499K->0K(92160K), 0.0015706 secs] 82917K->1418K(194560K), 0.0017107 secs] [Times: user=0.00 sys=0.00, real=0.00 secs] 
1943.788: [GC (Allocation Failure) 1943.788: [ParNew: 81499K->0K(92160K), 0.0005711 secs] 82917K->1418K(194560K), 0.0006417 secs] [Times: user=0.00 sys=0.00, real=0.00 secs] 
1945.808: [GC (Allocation Failure) 1945.808: [ParNew: 81499K->0K(92160K), 0.0015741 secs] 82917K->1418K(194560K), 0.0017326 secs] [Times: user=0.00 sys=0.00, real=0.00 secs] 
1947.825: [GC (Allocation Failure) 1947.826: [ParNew: 81499K->0K(92160K), 0.0020116 secs] 82917K->1418K(194560K), 0.0021659 secs] [Times: user=0.00 sys=0.00, real=0.00 secs] 
1948.854: [GC (Allocation Failure) 1948.854: [ParNew: 81499K->0K(92160K), 0.0012752 secs] 82917K->1418K(194560K), 0.0014304 secs] [Times: user=0.00 sys=0.00, real=0.00 secs] 
1950.861: [GC (Allocation Failure) 1950.861: [ParNew: 81499K->0K(92160K), 0.0016614 secs] 82917K->1418K(194560K), 0.0018207 secs] [Times: user=0.00 sys=0.00, real=0.00 secs] 
1951.882: [GC (Allocation Failure) 1951.882: [ParNew: 81499K->0K(92160K), 0.0007422 secs] 82917K->1418K(194560K), 0.0007933 secs] [Times: user=0.00 sys=0.00, real=0.00 secs] 
1953.900: [GC (Allocation Failure) 1953.900: [ParNew: 81499K->0K(92160K), 0.0015327 secs] 82917K->1418K(194560K), 0.0016883 secs] [Times: user=0.00 sys=0.00, real=0.00 secs] 
1955.924: [GC (Allocation Failure) 1955.924: [ParNew: 81499K->0K(92160K), 0.0017119 secs] 82917K->1418K(194560K), 0.0018771 secs] [Times: user=0.00 sys=0.00, real=0.00 secs] 
1956.931: [GC (Allocation Failure) 1956.931: [ParNew: 81499K->0K(92160K), 0.0013014 secs] 82917K->1418K(194560K), 0.0015991 secs] [Times: user=0.00 sys=0.00, real=0.00 secs] 
1958.948: [GC (Allocation Failure) 1958.948: [ParNew: 81499K->0K(92160K), 0.0017639 secs] 82917K->1418K(194560K), 0.0019211 secs] [Times: user=0.00 sys=0.00, real=0.00 secs] 
1959.961: [GC (Allocation Failure) 1959.961: [ParNew: 81499K->0K(92160K), 0.0004725 secs] 82917K->1418K(194560K), 0.0005204 secs] [Times: user=0.00 sys=0.00, real=0.00 secs] 
1961.974: [GC (Allocation Failure) 1961.974: [ParNew: 81499K->0K(92160K), 0.0016822 secs] 82917K->1418K(194560K), 0.0018415 secs] [Times: user=0.00 sys=0.00, real=0.00 secs] 
1962.997: [GC (Allocation Failure) 1962.997: [ParNew: 81499K->0K(92160K), 0.0016946 secs] 82917K->1418K(194560K), 0.0018482 secs] [Times: user=0.00 sys=0.00, real=0.00 secs] 
1965.001: [GC (Allocation Failure) 1965.002: [ParNew: 81499K->0K(92160K), 0.0012367 secs] 82917K->1418K(194560K), 0.0013956 secs] [Times: user=0.00 sys=0.00, real=0.00 secs] 
1967.020: [GC (Allocation Failure) 1967.020: [ParNew: 81499K->0K(92160K), 0.0015585 secs] 82917K->1418K(194560K), 0.0017081 secs] [Times: user=0.00 sys=0.00, real=0.00 secs] 
1968.036: [GC (Allocation Failure) 1968.036: [ParNew: 81499K->0K(92160K), 0.0007110 secs] 82917K->1418K(194560K), 0.0007761 secs] [Times: user=0.00 sys=0.00, real=0.00 secs] 
1970.064: [GC (Allocation Failure) 1970.064: [ParNew: 81499K->0K(92160K), 0.0006964 secs] 82917K->1418K(194560K), 0.0007730 secs] [Times: user=0.00 sys=0.00, real=0.00 secs] 
1971.070: [GC (Allocation Failure) 1971.070: [ParNew: 81499K->0K(92160K), 0.0006274 secs] 82917K->1418K(194560K), 0.0006793 secs] [Times: user=0.00 sys=0.00, real=0.00 secs] 
1973.087: [GC (Allocation Failure) 1973.087: [ParNew: 81499K->0K(92160K), 0.0013994 secs] 82917K->1418K(194560K), 0.0015896 secs] [Times: user=0.00 sys=0.00, real=0.00 secs] 
1974.110: [GC (Allocation Failure) 1974.110: [ParNew: 81499K->0K(92160K), 0.0005445 secs] 82917K->1418K(194560K), 0.0006145 secs] [Times: user=0.00 sys=0.00, real=0.00 secs] 
1976.120: [GC (Allocation Failure) 1976.120: [ParNew: 81499K->0K(92160K), 0.0007903 secs] 82917K->1418K(194560K), 0.0008375 secs] [Times: user=0.00 sys=0.00, real=0.00 secs] 
1978.127: [GC (Allocation Failure) 1978.127: [ParNew: 81499K->0K(92160K), 0.0004411 secs] 82917K->1418K(194560K), 0.0005027 secs] [Times: user=0.00 sys=0.00, real=0.00 secs] 
1979.133: [GC (Allocation Failure) 1979.133: [ParNew: 81499K->0K(92160K), 0.0005068 secs] 82917K->1418K(194560K), 0.0005723 secs] [Times: user=0.00 sys=0.00, real=0.00 secs] 
1981.146: [GC (Allocation Failure) 1981.146: [ParNew: 81499K->0K(92160K), 0.0015873 secs] 82917K->1418K(194560K), 0.0017466 secs] [Times: user=0.00 sys=0.00, real=0.00 secs] 
1982.146: [GC (Allocation Failure) 1982.146: [ParNew: 81499K->0K(92160K), 0.0006174 secs] 82917K->1418K(194560K), 0.0006946 secs] [Times: user=0.00 sys=0.00, real=0.00 secs] 
1984.154: [GC (Allocation Failure) 1984.154: [ParNew: 81499K->0K(92160K), 0.0007273 secs] 82917K->1418K(194560K), 0.0007925 secs] [Times: user=0.00 sys=0.00, real=0.00 secs] 
1986.163: [GC (Allocation Failure) 1986.163: [ParNew: 81499K->0K(92160K), 0.0015627 secs] 82917K->1418K(194560K), 0.0017232 secs] [Times: user=0.00 sys=0.00, real=0.00 secs] 
1987.186: [GC (Allocation Failure) 1987.186: [ParNew: 81499K->0K(92160K), 0.0014301 secs] 82917K->1418K(194560K), 0.0015901 secs] [Times: user=0.00 sys=0.00, real=0.00 secs] 
1989.207: [GC (Allocation Failure) 1989.207: [ParNew: 81499K->0K(92160K), 0.0009400 secs] 82917K->1418K(194560K), 0.0010100 secs] [Times: user=0.00 sys=0.00, real=0.00 secs] 
1990.219: [GC (Allocation Failure) 1990.219: [ParNew: 81499K->0K(92160K), 0.0012334 secs] 82917K->1418K(194560K), 0.0013293 secs] [Times: user=0.00 sys=0.00, real=0.00 secs] 
1992.238: [GC (Allocation Failure) 1992.238: [ParNew: 81499K->0K(92160K), 0.0004182 secs] 82917K->1418K(194560K), 0.0004716 secs] [Times: user=0.00 sys=0.00, real=0.00 secs] 
1993.240: [GC (Allocation Failure) 1993.240: [ParNew: 81499K->0K(92160K), 0.0004029 secs] 82917K->1418K(194560K), 0.0004778 secs] [Times: user=0.00 sys=0.00, real=0.00 secs] 
1995.246: [GC (Allocation Failure) 1995.246: [ParNew: 81499K->0K(92160K), 0.0008375 secs] 82917K->1418K(194560K), 0.0009123 secs] [Times: user=0.00 sys=0.00, real=0.00 secs] 
1997.252: [GC (Allocation Failure) 1997.252: [ParNew: 81499K->0K(92160K), 0.0004946 secs] 82917K->1418K(194560K), 0.0005618 secs] [Times: user=0.00 sys=0.00, real=0.00 secs] 
1998.258: [GC (Allocation Failure) 1998.258: [ParNew: 81499K->0K(92160K), 0.0008691 secs] 82917K->1418K(194560K), 0.0009189 secs] [Times: user=0.00 sys=0.00, real=0.00 secs] 
2000.284: [GC (Allocation Failure) 2000.284: [ParNew: 81499K->0K(92160K), 0.0007103 secs] 82917K->1418K(194560K), 0.0007785 secs] [Times: user=0.00 sys=0.00, real=0.00 secs] 
2001.285: [GC (Allocation Failure) 2001.285: [ParNew: 81499K->0K(92160K), 0.0004079 secs] 82917K->1418K(194560K), 0.0004585 secs] [Times: user=0.00 sys=0.00, real=0.00 secs] 
2003.292: [GC (Allocation Failure) 2003.292: [ParNew: 81499K->0K(92160K), 0.0009115 secs] 82917K->1418K(194560K), 0.0009805 secs] [Times: user=0.00 sys=0.00, real=0.00 secs] 
2005.298: [GC (Allocation Failure) 2005.299: [ParNew: 81499K->0K(92160K), 0.0004609 secs] 82917K->1418K(194560K), 0.0005365 secs] [Times: user=0.00 sys=0.00, real=0.00 secs] 
2006.305: [GC (Allocation Failure) 2006.305: [ParNew: 81499K->0K(92160K), 0.0005594 secs] 82917K->1418K(194560K), 0.0006325 secs] [Times: user=0.00 sys=0.00, real=0.00 secs] 
2008.315: [GC (Allocation Failure) 2008.315: [ParNew: 81499K->0K(92160K), 0.0007844 secs] 82917K->1418K(194560K), 0.0008618 secs] [Times: user=0.00 sys=0.00, real=0.00 secs] 
2009.319: [GC (Allocation Failure) 2009.319: [ParNew: 81499K->0K(92160K), 0.0014263 secs] 82917K->1418K(194560K), 0.0014999 secs] [Times: user=0.00 sys=0.00, real=0.00 secs] 
2011.328: [GC (Allocation Failure) 2011.328: [ParNew: 81499K->0K(92160K), 0.0004632 secs] 82917K->1418K(194560K), 0.0005092 secs] [Times: user=0.00 sys=0.00, real=0.00 secs] 
2012.351: [GC (Allocation Failure) 2012.351: [ParNew: 81499K->0K(92160K), 0.0010739 secs] 82917K->1418K(194560K), 0.0011686 secs] [Times: user=0.00 sys=0.00, real=0.00 secs] 
2014.354: [GC (Allocation Failure) 2014.354: [ParNew: 81499K->0K(92160K), 0.0010452 secs] 82917K->1418K(194560K), 0.0011336 secs] [Times: user=0.00 sys=0.00, real=0.00 secs] 
2016.379: [GC (Allocation Failure) 2016.379: [ParNew: 81499K->0K(92160K), 0.0008861 secs] 82917K->1418K(194560K), 0.0009832 secs] [Times: user=0.00 sys=0.00, real=0.00 secs] 
2017.380: [GC (Allocation Failure) 2017.380: [ParNew: 81499K->0K(92160K), 0.0007089 secs] 82917K->1418K(194560K), 0.0007823 secs] [Times: user=0.00 sys=0.00, real=0.00 secs] 
2019.389: [GC (Allocation Failure) 2019.389: [ParNew: 81499K->0K(92160K), 0.0007362 secs] 82917K->1418K(194560K), 0.0007894 secs] [Times: user=0.00 sys=0.00, real=0.00 secs] 
2020.395: [GC (Allocation Failure) 2020.395: [ParNew: 81499K->0K(92160K), 0.0005160 secs] 82917K->1418K(194560K), 0.0005691 secs] [Times: user=0.00 sys=0.00, real=0.00 secs] 
2022.400: [GC (Allocation Failure) 2022.400: [ParNew: 81499K->0K(92160K), 0.0010058 secs] 82917K->1418K(194560K), 0.0011764 secs] [Times: user=0.00 sys=0.00, real=0.00 secs] 
2023.408: [GC (Allocation Failure) 2023.408: [ParNew: 81499K->0K(92160K), 0.0004232 secs] 82917K->1418K(194560K), 0.0004731 secs] [Times: user=0.00 sys=0.00, real=0.00 secs] 
2025.417: [GC (Allocation Failure) 2025.417: [ParNew: 81499K->0K(92160K), 0.0007325 secs] 82917K->1418K(194560K), 0.0007816 secs] [Times: user=0.00 sys=0.00, real=0.00 secs] 
2027.440: [GC (Allocation Failure) 2027.440: [ParNew: 81499K->0K(92160K), 0.0004910 secs] 82917K->1418K(194560K), 0.0005518 secs] [Times: user=0.00 sys=0.00, real=0.00 secs] 
2028.443: [GC (Allocation Failure) 2028.443: [ParNew: 81499K->0K(92160K), 0.0006874 secs] 82917K->1418K(194560K), 0.0007383 secs] [Times: user=0.00 sys=0.00, real=0.00 secs] 
2030.455: [GC (Allocation Failure) 2030.455: [ParNew: 81499K->0K(92160K), 0.0007046 secs] 82917K->1418K(194560K), 0.0007755 secs] [Times: user=0.00 sys=0.00, real=0.00 secs] 
2031.476: [GC (Allocation Failure) 2031.476: [ParNew: 81499K->0K(92160K), 0.0010270 secs] 82917K->1418K(194560K), 0.0011238 secs] [Times: user=0.00 sys=0.00, real=0.00 secs] 
2033.480: [GC (Allocation Failure) 2033.480: [ParNew: 81499K->0K(92160K), 0.0006787 secs] 82917K->1418K(194560K), 0.0007310 secs] [Times: user=0.00 sys=0.00, real=0.00 secs] 
2035.487: [GC (Allocation Failure) 2035.487: [ParNew: 81499K->0K(92160K), 0.0010044 secs] 82917K->1418K(194560K), 0.0010573 secs] [Times: user=0.00 sys=0.00, real=0.00 secs] 
2036.494: [GC (Allocation Failure) 2036.494: [ParNew: 81499K->0K(92160K), 0.0005636 secs] 82917K->1418K(194560K), 0.0006389 secs] [Times: user=0.00 sys=0.00, real=0.00 secs] 
2038.503: [GC (Allocation Failure) 2038.503: [ParNew: 81499K->0K(92160K), 0.0010195 secs] 82917K->1418K(194560K), 0.0011184 secs] [Times: user=0.00 sys=0.00, real=0.00 secs] 
2039.511: [GC (Allocation Failure) 2039.511: [ParNew: 81499K->0K(92160K), 0.0016521 secs] 82917K->1418K(194560K), 0.0018017 secs] [Times: user=0.00 sys=0.00, real=0.00 secs] 
2041.521: [GC (Allocation Failure) 2041.521: [ParNew: 81499K->0K(92160K), 0.0007947 secs] 82917K->1418K(194560K), 0.0008827 secs] [Times: user=0.00 sys=0.00, real=0.00 secs] 
2042.534: [GC (Allocation Failure) 2042.534: [ParNew: 81499K->0K(92160K), 0.0004196 secs] 82917K->1418K(194560K), 0.0004794 secs] [Times: user=0.00 sys=0.00, real=0.00 secs] 
2044.552: [GC (Allocation Failure) 2044.552: [ParNew: 81499K->0K(92160K), 0.0013770 secs] 82917K->1418K(194560K), 0.0015047 secs] [Times: user=0.00 sys=0.00, real=0.00 secs] 
2046.565: [GC (Allocation Failure) 2046.565: [ParNew: 81499K->0K(92160K), 0.0005941 secs] 82917K->1418K(194560K), 0.0006845 secs] [Times: user=0.00 sys=0.00, real=0.00 secs] 
2047.577: [GC (Allocation Failure) 2047.577: [ParNew: 81499K->0K(92160K), 0.0019692 secs] 82917K->1418K(194560K), 0.0021227 secs] [Times: user=0.11 sys=0.01, real=0.00 secs] 
2049.593: [GC (Allocation Failure) 2049.593: [ParNew: 81499K->0K(92160K), 0.0010397 secs] 82917K->1418K(194560K), 0.0011437 secs] [Times: user=0.00 sys=0.00, real=0.00 secs] 
2050.601: [GC (Allocation Failure) 2050.601: [ParNew: 81499K->0K(92160K), 0.0004471 secs] 82917K->1418K(194560K), 0.0005164 secs] [Times: user=0.00 sys=0.00, real=0.00 secs] 
2052.613: [GC (Allocation Failure) 2052.613: [ParNew: 81499K->0K(92160K), 0.0009604 secs] 82917K->1418K(194560K), 0.0010548 secs] [Times: user=0.00 sys=0.00, real=0.00 secs] 
2053.615: [GC (Allocation Failure) 2053.615: [ParNew: 81499K->0K(92160K), 0.0005691 secs] 82917K->1418K(194560K), 0.0006422 secs] [Times: user=0.00 sys=0.00, real=0.00 secs] 
2055.628: [GC (Allocation Failure) 2055.628: [ParNew: 81499K->0K(92160K), 0.0015070 secs] 82917K->1418K(194560K), 0.0016591 secs] [Times: user=0.00 sys=0.00, real=0.00 secs] 
2057.646: [GC (Allocation Failure) 2057.646: [ParNew: 81499K->0K(92160K), 0.0014947 secs] 82917K->1418K(194560K), 0.0016939 secs] [Times: user=0.00 sys=0.00, real=0.00 secs] 
2058.658: [GC (Allocation Failure) 2058.658: [ParNew: 81499K->0K(92160K), 0.0005405 secs] 82917K->1418K(194560K), 0.0006059 secs] [Times: user=0.00 sys=0.00, real=0.00 secs] 
2060.677: [GC (Allocation Failure) 2060.677: [ParNew: 81499K->0K(92160K), 0.0018629 secs] 82917K->1418K(194560K), 0.0020475 secs] [Times: user=0.00 sys=0.00, real=0.00 secs] 
2061.683: [GC (Allocation Failure) 2061.683: [ParNew: 81499K->0K(92160K), 0.0017198 secs] 82917K->1418K(194560K), 0.0018791 secs] [Times: user=0.00 sys=0.00, real=0.00 secs] 
2063.697: [GC (Allocation Failure) 2063.697: [ParNew: 81499K->0K(92160K), 0.0022277 secs] 82917K->1418K(194560K), 0.0023776 secs] [Times: user=0.00 sys=0.00, real=0.00 secs] 
2065.722: [GC (Allocation Failure) 2065.722: [ParNew: 81499K->0K(92160K), 0.0016463 secs] 82917K->1418K(194560K), 0.0017934 secs] [Times: user=0.00 sys=0.00, real=0.00 secs] 
2066.736: [GC (Allocation Failure) 2066.736: [ParNew: 81499K->0K(92160K), 0.0008289 secs] 82917K->1418K(194560K), 0.0008983 secs] [Times: user=0.00 sys=0.00, real=0.00 secs] 
2068.756: [GC (Allocation Failure) 2068.756: [ParNew: 81499K->0K(92160K), 0.0013506 secs] 82917K->1418K(194560K), 0.0015855 secs] [Times: user=0.00 sys=0.00, real=0.00 secs] 
2069.761: [GC (Allocation Failure) 2069.761: [ParNew: 81499K->0K(92160K), 0.0007814 secs] 82917K->1418K(194560K), 0.0008513 secs] [Times: user=0.00 sys=0.00, real=0.00 secs] 
2071.779: [GC (Allocation Failure) 2071.779: [ParNew: 81499K->0K(92160K), 0.0018753 secs] 82917K->1418K(194560K), 0.0020314 secs] [Times: user=0.00 sys=0.00, real=0.00 secs] 
2072.809: [GC (Allocation Failure) 2072.809: [ParNew: 81499K->0K(92160K), 0.0018661 secs] 82917K->1418K(194560K), 0.0020210 secs] [Times: user=0.00 sys=0.00, real=0.00 secs] 
2074.812: [GC (Allocation Failure) 2074.812: [ParNew: 81499K->0K(92160K), 0.0018212 secs] 82917K->1418K(194560K), 0.0019853 secs] [Times: user=0.11 sys=0.00, real=0.00 secs] 
2076.847: [GC (Allocation Failure) 2076.847: [ParNew: 81499K->0K(92160K), 0.0005619 secs] 82917K->1418K(194560K), 0.0006236 secs] [Times: user=0.00 sys=0.00, real=0.00 secs] 
2077.851: [GC (Allocation Failure) 2077.851: [ParNew: 81499K->0K(92160K), 0.0004145 secs] 82917K->1418K(194560K), 0.0004749 secs] [Times: user=0.00 sys=0.00, real=0.00 secs] 
2079.860: [GC (Allocation Failure) 2079.860: [ParNew: 81499K->0K(92160K), 0.0004521 secs] 82917K->1418K(194560K), 0.0005121 secs] [Times: user=0.00 sys=0.00, real=0.00 secs] 
2080.872: [GC (Allocation Failure) 2080.872: [ParNew: 81499K->0K(92160K), 0.0018769 secs] 82917K->1418K(194560K), 0.0020303 secs] [Times: user=0.00 sys=0.00, real=0.00 secs] 
2082.890: [GC (Allocation Failure) 2082.890: [ParNew: 81499K->0K(92160K), 0.0009487 secs] 82917K->1418K(194560K), 0.0010248 secs] [Times: user=0.00 sys=0.02, real=0.00 secs] 
2084.893: [GC (Allocation Failure) 2084.893: [ParNew: 81499K->0K(92160K), 0.0017236 secs] 82917K->1418K(194560K), 0.0018942 secs] [Times: user=0.00 sys=0.00, real=0.00 secs] 
2085.913: [GC (Allocation Failure) 2085.913: [ParNew: 81499K->0K(92160K), 0.0017471 secs] 82917K->1418K(194560K), 0.0018995 secs] [Times: user=0.00 sys=0.00, real=0.00 secs] 
2087.947: [GC (Allocation Failure) 2087.947: [ParNew: 81499K->0K(92160K), 0.0018531 secs] 82917K->1418K(194560K), 0.0020167 secs] [Times: user=0.00 sys=0.00, real=0.00 secs] 
2088.954: [GC (Allocation Failure) 2088.954: [ParNew: 81499K->0K(92160K), 0.0012793 secs] 82917K->1418K(194560K), 0.0014329 secs] [Times: user=0.00 sys=0.00, real=0.00 secs] 
2090.974: [GC (Allocation Failure) 2090.974: [ParNew: 81499K->0K(92160K), 0.0017678 secs] 82917K->1418K(194560K), 0.0019238 secs] [Times: user=0.00 sys=0.00, real=0.00 secs] 
2091.996: [GC (Allocation Failure) 2091.996: [ParNew: 81499K->0K(92160K), 0.0018099 secs] 82917K->1418K(194560K), 0.0019615 secs] [Times: user=0.00 sys=0.00, real=0.00 secs] 
2094.003: [GC (Allocation Failure) 2094.003: [ParNew: 81499K->0K(92160K), 0.0015860 secs] 82917K->1418K(194560K), 0.0017424 secs] [Times: user=0.00 sys=0.00, real=0.00 secs] 
2096.033: [GC (Allocation Failure) 2096.033: [ParNew: 81499K->0K(92160K), 0.0010675 secs] 82917K->1418K(194560K), 0.0012053 secs] [Times: user=0.00 sys=0.00, real=0.00 secs] 
2097.039: [GC (Allocation Failure) 2097.040: [ParNew: 81499K->0K(92160K), 0.0017207 secs] 82917K->1418K(194560K), 0.0018794 secs] [Times: user=0.00 sys=0.00, real=0.00 secs] 
2099.057: [GC (Allocation Failure) 2099.057: [ParNew: 81499K->0K(92160K), 0.0018394 secs] 82917K->1418K(194560K), 0.0020027 secs] [Times: user=0.00 sys=0.00, real=0.00 secs] 
2100.083: [GC (Allocation Failure) 2100.083: [ParNew: 81499K->0K(92160K), 0.0005994 secs] 82917K->1418K(194560K), 0.0006764 secs] [Times: user=0.00 sys=0.00, real=0.00 secs] 
2102.085: [GC (Allocation Failure) 2102.085: [ParNew: 81499K->0K(92160K), 0.0004276 secs] 82917K->1418K(194560K), 0.0004803 secs] [Times: user=0.00 sys=0.00, real=0.00 secs] 
2103.098: [GC (Allocation Failure) 2103.098: [ParNew: 81499K->0K(92160K), 0.0013247 secs] 82917K->1418K(194560K), 0.0014879 secs] [Times: user=0.00 sys=0.00, real=0.00 secs] 
2105.113: [GC (Allocation Failure) 2105.113: [ParNew: 81499K->0K(92160K), 0.0008738 secs] 82917K->1418K(194560K), 0.0009233 secs] [Times: user=0.00 sys=0.00, real=0.00 secs] 
2107.127: [GC (Allocation Failure) 2107.127: [ParNew: 81499K->0K(92160K), 0.0006645 secs] 82917K->1418K(194560K), 0.0007306 secs] [Times: user=0.00 sys=0.00, real=0.00 secs] 
2108.138: [GC (Allocation Failure) 2108.138: [ParNew: 81499K->0K(92160K), 0.0006793 secs] 82917K->1418K(194560K), 0.0007388 secs] [Times: user=0.00 sys=0.00, real=0.00 secs] 
2110.146: [GC (Allocation Failure) 2110.146: [ParNew: 81499K->0K(92160K), 0.0011605 secs] 82917K->1418K(194560K), 0.0012687 secs] [Times: user=0.00 sys=0.00, real=0.00 secs] 
2111.147: [GC (Allocation Failure) 2111.147: [ParNew: 81499K->0K(92160K), 0.0006179 secs] 82917K->1418K(194560K), 0.0006868 secs] [Times: user=0.00 sys=0.00, real=0.00 secs] 
2113.156: [GC (Allocation Failure) 2113.156: [ParNew: 81499K->0K(92160K), 0.0017124 secs] 82917K->1418K(194560K), 0.0018717 secs] [Times: user=0.09 sys=0.01, real=0.00 secs] 
2115.173: [GC (Allocation Failure) 2115.173: [ParNew: 81499K->0K(92160K), 0.0008753 secs] 82917K->1418K(194560K), 0.0009425 secs] [Times: user=0.00 sys=0.00, real=0.00 secs] 
2116.187: [GC (Allocation Failure) 2116.187: [ParNew: 81499K->0K(92160K), 0.0018400 secs] 82917K->1418K(194560K), 0.0020035 secs] [Times: user=0.05 sys=0.00, real=0.00 secs] 
2118.199: [GC (Allocation Failure) 2118.199: [ParNew: 81499K->0K(92160K), 0.0006738 secs] 82917K->1418K(194560K), 0.0007372 secs] [Times: user=0.00 sys=0.00, real=0.00 secs] 
2119.206: [GC (Allocation Failure) 2119.206: [ParNew: 81499K->0K(92160K), 0.0004772 secs] 82917K->1418K(194560K), 0.0005520 secs] [Times: user=0.00 sys=0.00, real=0.00 secs] 
2121.225: [GC (Allocation Failure) 2121.225: [ParNew: 81499K->0K(92160K), 0.0005228 secs] 82917K->1418K(194560K), 0.0005991 secs] [Times: user=0.00 sys=0.00, real=0.00 secs] 
2122.226: [GC (Allocation Failure) 2122.226: [ParNew: 81499K->0K(92160K), 0.0006693 secs] 82917K->1418K(194560K), 0.0007202 secs] [Times: user=0.00 sys=0.00, real=0.00 secs] 
2124.232: [GC (Allocation Failure) 2124.232: [ParNew: 81499K->0K(92160K), 0.0007443 secs] 82917K->1418K(194560K), 0.0007964 secs] [Times: user=0.00 sys=0.00, real=0.00 secs] 
2126.235: [GC (Allocation Failure) 2126.235: [ParNew: 81499K->0K(92160K), 0.0006489 secs] 82917K->1418K(194560K), 0.0007017 secs] [Times: user=0.00 sys=0.00, real=0.00 secs] 
2127.240: [GC (Allocation Failure) 2127.240: [ParNew: 81499K->0K(92160K), 0.0007711 secs] 82917K->1418K(194560K), 0.0008474 secs] [Times: user=0.00 sys=0.00, real=0.00 secs] 
2129.246: [GC (Allocation Failure) 2129.246: [ParNew: 81499K->0K(92160K), 0.0006164 secs] 82917K->1418K(194560K), 0.0006691 secs] [Times: user=0.00 sys=0.00, real=0.00 secs] 
2130.257: [GC (Allocation Failure) 2130.257: [ParNew: 81499K->0K(92160K), 0.0010885 secs] 82917K->1418K(194560K), 0.0011955 secs] [Times: user=0.00 sys=0.00, real=0.00 secs] 
2132.270: [GC (Allocation Failure) 2132.270: [ParNew: 81499K->0K(92160K), 0.0004749 secs] 82917K->1418K(194560K), 0.0005262 secs] [Times: user=0.00 sys=0.00, real=0.00 secs] 
2133.272: [GC (Allocation Failure) 2133.272: [ParNew: 81499K->0K(92160K), 0.0006623 secs] 82917K->1418K(194560K), 0.0007276 secs] [Times: user=0.00 sys=0.00, real=0.00 secs] 
2135.280: [GC (Allocation Failure) 2135.280: [ParNew: 81499K->0K(92160K), 0.0006510 secs] 82917K->1418K(194560K), 0.0007224 secs] [Times: user=0.00 sys=0.00, real=0.00 secs] 
2137.289: [GC (Allocation Failure) 2137.289: [ParNew: 81499K->0K(92160K), 0.0006030 secs] 82917K->1418K(194560K), 0.0006980 secs] [Times: user=0.00 sys=0.00, real=0.00 secs] 
2138.302: [GC (Allocation Failure) 2138.302: [ParNew: 81499K->0K(92160K), 0.0009497 secs] 82917K->1418K(194560K), 0.0010215 secs] [Times: user=0.00 sys=0.00, real=0.00 secs] 
2140.316: [GC (Allocation Failure) 2140.316: [ParNew: 81499K->0K(92160K), 0.0009094 secs] 82917K->1418K(194560K), 0.0009921 secs] [Times: user=0.00 sys=0.00, real=0.00 secs] 
2141.323: [GC (Allocation Failure) 2141.323: [ParNew: 81499K->0K(92160K), 0.0005407 secs] 82917K->1418K(194560K), 0.0005884 secs] [Times: user=0.00 sys=0.00, real=0.00 secs] 
2143.333: [GC (Allocation Failure) 2143.334: [ParNew: 81499K->0K(92160K), 0.0006912 secs] 82917K->1418K(194560K), 0.0007703 secs] [Times: user=0.00 sys=0.00, real=0.00 secs] 
2145.336: [GC (Allocation Failure) 2145.336: [ParNew: 81499K->0K(92160K), 0.0005946 secs] 82917K->1418K(194560K), 0.0006727 secs] [Times: user=0.00 sys=0.00, real=0.00 secs] 
2146.344: [GC (Allocation Failure) 2146.344: [ParNew: 81499K->0K(92160K), 0.0008029 secs] 82917K->1418K(194560K), 0.0008795 secs] [Times: user=0.00 sys=0.00, real=0.00 secs] 
2148.362: [GC (Allocation Failure) 2148.362: [ParNew: 81499K->0K(92160K), 0.0010907 secs] 82917K->1418K(194560K), 0.0011926 secs] [Times: user=0.00 sys=0.00, real=0.00 secs] 
2149.374: [GC (Allocation Failure) 2149.374: [ParNew: 81499K->0K(92160K), 0.0006112 secs] 82917K->1418K(194560K), 0.0006616 secs] [Times: user=0.00 sys=0.00, real=0.00 secs] 
2151.396: [GC (Allocation Failure) 2151.396: [ParNew: 81499K->0K(92160K), 0.0007400 secs] 82917K->1418K(194560K), 0.0008142 secs] [Times: user=0.00 sys=0.00, real=0.00 secs] 
2152.400: [GC (Allocation Failure) 2152.400: [ParNew: 81499K->0K(92160K), 0.0005561 secs] 82917K->1418K(194560K), 0.0006065 secs] [Times: user=0.00 sys=0.00, real=0.00 secs] 
2154.412: [GC (Allocation Failure) 2154.412: [ParNew: 81499K->0K(92160K), 0.0006860 secs] 82917K->1418K(194560K), 0.0007755 secs] [Times: user=0.00 sys=0.00, real=0.00 secs] 
2156.426: [GC (Allocation Failure) 2156.426: [ParNew: 81499K->0K(92160K), 0.0016548 secs] 82917K->1418K(194560K), 0.0017871 secs] [Times: user=0.00 sys=0.00, real=0.00 secs] 
2157.442: [GC (Allocation Failure) 2157.442: [ParNew: 81499K->0K(92160K), 0.0011542 secs] 82917K->1418K(194560K), 0.0012619 secs] [Times: user=0.00 sys=0.00, real=0.00 secs] 
2159.456: [GC (Allocation Failure) 2159.456: [ParNew: 81499K->0K(92160K), 0.0004669 secs] 82917K->1418K(194560K), 0.0005333 secs] [Times: user=0.00 sys=0.00, real=0.00 secs] 
2160.457: [GC (Allocation Failure) 2160.457: [ParNew: 81499K->0K(92160K), 0.0007161 secs] 82917K->1418K(194560K), 0.0007665 secs] [Times: user=0.00 sys=0.00, real=0.00 secs] 
2162.468: [GC (Allocation Failure) 2162.468: [ParNew: 81499K->0K(92160K), 0.0011677 secs] 82917K->1418K(194560K), 0.0013178 secs] [Times: user=0.11 sys=0.00, real=0.00 secs] 
2164.481: [GC (Allocation Failure) 2164.481: [ParNew: 81499K->0K(92160K), 0.0008916 secs] 82917K->1418K(194560K), 0.0009581 secs] [Times: user=0.00 sys=0.00, real=0.00 secs] 
2165.492: [GC (Allocation Failure) 2165.492: [ParNew: 81499K->0K(92160K), 0.0013319 secs] 82917K->1418K(194560K), 0.0014517 secs] [Times: user=0.00 sys=0.00, real=0.00 secs] 
2167.520: [GC (Allocation Failure) 2167.520: [ParNew: 81499K->0K(92160K), 0.0007438 secs] 82917K->1418K(194560K), 0.0008248 secs] [Times: user=0.00 sys=0.00, real=0.00 secs] 
2168.526: [GC (Allocation Failure) 2168.526: [ParNew: 81499K->0K(92160K), 0.0004867 secs] 82917K->1418K(194560K), 0.0005557 secs] [Times: user=0.00 sys=0.00, real=0.00 secs] 
2170.534: [GC (Allocation Failure) 2170.534: [ParNew: 81499K->0K(92160K), 0.0006094 secs] 82917K->1418K(194560K), 0.0006802 secs] [Times: user=0.00 sys=0.00, real=0.00 secs] 
2171.553: [GC (Allocation Failure) 2171.553: [ParNew: 81499K->0K(92160K), 0.0005226 secs] 82917K->1418K(194560K), 0.0005721 secs] [Times: user=0.00 sys=0.00, real=0.00 secs] 
2173.561: [GC (Allocation Failure) 2173.561: [ParNew: 81499K->0K(92160K), 0.0004463 secs] 82917K->1418K(194560K), 0.0005188 secs] [Times: user=0.00 sys=0.00, real=0.00 secs] 
2175.580: [GC (Allocation Failure) 2175.580: [ParNew: 81499K->0K(92160K), 0.0017838 secs] 82917K->1418K(194560K), 0.0019160 secs] [Times: user=0.00 sys=0.00, real=0.00 secs] 
2176.586: [GC (Allocation Failure) 2176.586: [ParNew: 81499K->0K(92160K), 0.0004777 secs] 82917K->1418K(194560K), 0.0005508 secs] [Times: user=0.00 sys=0.00, real=0.00 secs] 
2178.605: [GC (Allocation Failure) 2178.605: [ParNew: 81499K->0K(92160K), 0.0017723 secs] 82917K->1418K(194560K), 0.0019268 secs] [Times: user=0.00 sys=0.00, real=0.00 secs] 
2179.632: [GC (Allocation Failure) 2179.632: [ParNew: 81499K->0K(92160K), 0.0014525 secs] 82917K->1418K(194560K), 0.0015522 secs] [Times: user=0.00 sys=0.00, real=0.00 secs] 
2181.635: [GC (Allocation Failure) 2181.635: [ParNew: 81499K->0K(92160K), 0.0004498 secs] 82917K->1418K(194560K), 0.0005218 secs] [Times: user=0.00 sys=0.00, real=0.00 secs] 
2182.642: [GC (Allocation Failure) 2182.642: [ParNew: 81499K->0K(92160K), 0.0009087 secs] 82917K->1418K(194560K), 0.0009846 secs] [Times: user=0.00 sys=0.00, real=0.00 secs] 
2184.653: [GC (Allocation Failure) 2184.653: [ParNew: 81499K->0K(92160K), 0.0011843 secs] 82917K->1418K(194560K), 0.0012863 secs] [Times: user=0.00 sys=0.00, real=0.00 secs] 
2186.676: [GC (Allocation Failure) 2186.676: [ParNew: 81499K->0K(92160K), 0.0006991 secs] 82917K->1418K(194560K), 0.0007709 secs] [Times: user=0.00 sys=0.00, real=0.00 secs] 
2187.678: [GC (Allocation Failure) 2187.678: [ParNew: 81499K->0K(92160K), 0.0004962 secs] 82917K->1418K(194560K), 0.0005676 secs] [Times: user=0.00 sys=0.00, real=0.00 secs] 
2189.686: [GC (Allocation Failure) 2189.686: [ParNew: 81499K->0K(92160K), 0.0007599 secs] 82917K->1418K(194560K), 0.0008208 secs] [Times: user=0.00 sys=0.00, real=0.00 secs] 
2190.698: [GC (Allocation Failure) 2190.698: [ParNew: 81499K->0K(92160K), 0.0014623 secs] 82917K->1418K(194560K), 0.0015769 secs] [Times: user=0.00 sys=0.00, real=0.00 secs] 
2192.716: [GC (Allocation Failure) 2192.716: [ParNew: 81499K->0K(92160K), 0.0016722 secs] 82917K->1418K(194560K), 0.0018699 secs] [Times: user=0.00 sys=0.00, real=0.00 secs] 
2194.721: [GC (Allocation Failure) 2194.721: [ParNew: 81499K->0K(92160K), 0.0011955 secs] 82917K->1418K(194560K), 0.0013116 secs] [Times: user=0.00 sys=0.00, real=0.00 secs] 
2195.739: [GC (Allocation Failure) 2195.739: [ParNew: 81499K->0K(92160K), 0.0018397 secs] 82917K->1418K(194560K), 0.0019926 secs] [Times: user=0.00 sys=0.00, real=0.00 secs] 
2197.755: [GC (Allocation Failure) 2197.755: [ParNew: 81499K->0K(92160K), 0.0009744 secs] 82917K->1418K(194560K), 0.0010432 secs] [Times: user=0.00 sys=0.00, real=0.00 secs] 
2198.769: [GC (Allocation Failure) 2198.769: [ParNew: 81499K->0K(92160K), 0.0017356 secs] 82917K->1418K(194560K), 0.0018869 secs] [Times: user=0.00 sys=0.00, real=0.00 secs] 
2200.786: [GC (Allocation Failure) 2200.787: [ParNew: 81499K->0K(92160K), 0.0016048 secs] 82917K->1418K(194560K), 0.0017646 secs] [Times: user=0.00 sys=0.00, real=0.00 secs] 
2201.813: [GC (Allocation Failure) 2201.813: [ParNew: 81499K->0K(92160K), 0.0018292 secs] 82917K->1418K(194560K), 0.0043438 secs] [Times: user=0.05 sys=0.02, real=0.02 secs] 
2203.832: [GC (Allocation Failure) 2203.832: [ParNew: 81499K->0K(92160K), 0.0018582 secs] 82917K->1418K(194560K), 0.0020266 secs] [Times: user=0.00 sys=0.00, real=0.00 secs] 
2205.846: [GC (Allocation Failure) 2205.847: [ParNew: 81499K->0K(92160K), 0.0017308 secs] 82917K->1418K(194560K), 0.0018846 secs] [Times: user=0.00 sys=0.00, real=0.00 secs] 
2206.854: [GC (Allocation Failure) 2206.854: [ParNew: 81499K->0K(92160K), 0.0017587 secs] 82917K->1418K(194560K), 0.0019210 secs] [Times: user=0.00 sys=0.00, real=0.00 secs] 
2208.873: [GC (Allocation Failure) 2208.873: [ParNew: 81499K->0K(92160K), 0.0016280 secs] 82917K->1418K(194560K), 0.0017819 secs] [Times: user=0.00 sys=0.00, real=0.00 secs] 
2209.896: [GC (Allocation Failure) 2209.896: [ParNew: 81499K->0K(92160K), 0.0008160 secs] 82917K->1418K(194560K), 0.0008628 secs] [Times: user=0.00 sys=0.00, real=0.00 secs] 
2211.907: [GC (Allocation Failure) 2211.907: [ParNew: 81499K->0K(92160K), 0.0011997 secs] 82917K->1418K(194560K), 0.0012478 secs] [Times: user=0.00 sys=0.00, real=0.00 secs] 
2212.914: [GC (Allocation Failure) 2212.914: [ParNew: 81499K->0K(92160K), 0.0007390 secs] 82917K->1418K(194560K), 0.0007868 secs] [Times: user=0.00 sys=0.00, real=0.00 secs] 
2214.930: [GC (Allocation Failure) 2214.930: [ParNew: 81499K->0K(92160K), 0.0017611 secs] 82917K->1418K(194560K), 0.0019321 secs] [Times: user=0.00 sys=0.00, real=0.00 secs] 
2216.948: [GC (Allocation Failure) 2216.948: [ParNew: 81499K->0K(92160K), 0.0017827 secs] 82917K->1418K(194560K), 0.0019473 secs] [Times: user=0.00 sys=0.00, real=0.00 secs] 
2217.963: [GC (Allocation Failure) 2217.963: [ParNew: 81499K->0K(92160K), 0.0007898 secs] 82917K->1418K(194560K), 0.0008384 secs] [Times: user=0.00 sys=0.00, real=0.00 secs] 
2219.973: [GC (Allocation Failure) 2219.973: [ParNew: 81499K->0K(92160K), 0.0004117 secs] 82917K->1418K(194560K), 0.0004611 secs] [Times: user=0.00 sys=0.00, real=0.00 secs] 
2220.980: [GC (Allocation Failure) 2220.980: [ParNew: 81499K->0K(92160K), 0.0004344 secs] 82917K->1418K(194560K), 0.0005025 secs] [Times: user=0.00 sys=0.00, real=0.00 secs] 
2222.991: [GC (Allocation Failure) 2222.991: [ParNew: 81499K->0K(92160K), 0.0017547 secs] 82917K->1418K(194560K), 0.0019163 secs] [Times: user=0.00 sys=0.00, real=0.00 secs] 
2225.003: [GC (Allocation Failure) 2225.003: [ParNew: 81499K->0K(92160K), 0.0016098 secs] 82917K->1418K(194560K), 0.0017632 secs] [Times: user=0.00 sys=0.00, real=0.00 secs] 
2226.016: [GC (Allocation Failure) 2226.016: [ParNew: 81499K->0K(92160K), 0.0016048 secs] 82917K->1418K(194560K), 0.0018228 secs] [Times: user=0.00 sys=0.00, real=0.00 secs] 
2228.050: [GC (Allocation Failure) 2228.050: [ParNew: 81499K->0K(92160K), 0.0003827 secs] 82917K->1418K(194560K), 0.0004674 secs] [Times: user=0.00 sys=0.00, real=0.00 secs] 
2229.055: [GC (Allocation Failure) 2229.055: [ParNew: 81499K->0K(92160K), 0.0006581 secs] 82917K->1418K(194560K), 0.0007446 secs] [Times: user=0.00 sys=0.00, real=0.00 secs] 
2231.064: [GC (Allocation Failure) 2231.064: [ParNew: 81499K->0K(92160K), 0.0007362 secs] 82917K->1418K(194560K), 0.0007977 secs] [Times: user=0.00 sys=0.00, real=0.00 secs] 
2232.082: [GC (Allocation Failure) 2232.082: [ParNew: 81499K->0K(92160K), 0.0005053 secs] 82917K->1418K(194560K), 0.0005586 secs] [Times: user=0.00 sys=0.00, real=0.00 secs] 
2234.089: [GC (Allocation Failure) 2234.089: [ParNew: 81499K->0K(92160K), 0.0005508 secs] 82917K->1418K(194560K), 0.0006366 secs] [Times: user=0.00 sys=0.00, real=0.00 secs] 
2236.097: [GC (Allocation Failure) 2236.097: [ParNew: 81499K->0K(92160K), 0.0017789 secs] 82917K->1418K(194560K), 0.0019730 secs] [Times: user=0.00 sys=0.00, real=0.00 secs] 
2237.109: [GC (Allocation Failure) 2237.110: [ParNew: 81499K->0K(92160K), 0.0016876 secs] 82917K->1418K(194560K), 0.0018505 secs] [Times: user=0.00 sys=0.00, real=0.00 secs] 
2239.131: [GC (Allocation Failure) 2239.131: [ParNew: 81499K->0K(92160K), 0.0016957 secs] 82917K->1418K(194560K), 0.0018504 secs] [Times: user=0.00 sys=0.00, real=0.00 secs] 
2240.144: [GC (Allocation Failure) 2240.144: [ParNew: 81499K->0K(92160K), 0.0010030 secs] 82917K->1418K(194560K), 0.0010822 secs] [Times: user=0.00 sys=0.00, real=0.00 secs] 
2242.159: [GC (Allocation Failure) 2242.159: [ParNew: 81499K->0K(92160K), 0.0004984 secs] 82917K->1418K(194560K), 0.0005458 secs] [Times: user=0.00 sys=0.00, real=0.00 secs] 
2244.161: [GC (Allocation Failure) 2244.161: [ParNew: 81499K->0K(92160K), 0.0003907 secs] 82917K->1418K(194560K), 0.0004424 secs] [Times: user=0.00 sys=0.00, real=0.00 secs] 
2245.167: [GC (Allocation Failure) 2245.167: [ParNew: 81499K->0K(92160K), 0.0003698 secs] 82917K->1418K(194560K), 0.0004167 secs] [Times: user=0.00 sys=0.00, real=0.00 secs] 
2247.174: [GC (Allocation Failure) 2247.174: [ParNew: 81499K->0K(92160K), 0.0008478 secs] 82917K->1418K(194560K), 0.0009178 secs] [Times: user=0.00 sys=0.00, real=0.00 secs] 
2248.181: [GC (Allocation Failure) 2248.181: [ParNew: 81499K->0K(92160K), 0.0003646 secs] 82917K->1418K(194560K), 0.0004115 secs] [Times: user=0.00 sys=0.00, real=0.00 secs] 
2250.193: [GC (Allocation Failure) 2250.193: [ParNew: 81499K->0K(92160K), 0.0005339 secs] 82917K->1418K(194560K), 0.0006045 secs] [Times: user=0.00 sys=0.00, real=0.00 secs] 
2251.204: [GC (Allocation Failure) 2251.204: [ParNew: 81499K->0K(92160K), 0.0006180 secs] 82917K->1418K(194560K), 0.0006713 secs] [Times: user=0.00 sys=0.00, real=0.00 secs] 
2253.218: [GC (Allocation Failure) 2253.218: [ParNew: 81499K->0K(92160K), 0.0004482 secs] 82917K->1418K(194560K), 0.0005191 secs] [Times: user=0.09 sys=0.00, real=0.00 secs] 
2255.225: [GC (Allocation Failure) 2255.225: [ParNew: 81499K->0K(92160K), 0.0004270 secs] 82917K->1418K(194560K), 0.0004919 secs] [Times: user=0.00 sys=0.00, real=0.00 secs] 
2256.238: [GC (Allocation Failure) 2256.238: [ParNew: 81499K->0K(92160K), 0.0003527 secs] 82917K->1418K(194560K), 0.0004042 secs] [Times: user=0.00 sys=0.00, real=0.00 secs] 
2258.239: [GC (Allocation Failure) 2258.239: [ParNew: 81499K->0K(92160K), 0.0008532 secs] 82917K->1418K(194560K), 0.0009031 secs] [Times: user=0.00 sys=0.00, real=0.00 secs] 
2259.245: [GC (Allocation Failure) 2259.245: [ParNew: 81499K->0K(92160K), 0.0006342 secs] 82917K->1418K(194560K), 0.0007014 secs] [Times: user=0.00 sys=0.00, real=0.00 secs] 
2261.251: [GC (Allocation Failure) 2261.251: [ParNew: 81499K->0K(92160K), 0.0006189 secs] 82917K->1418K(194560K), 0.0006664 secs] [Times: user=0.00 sys=0.00, real=0.00 secs] 
2262.258: [GC (Allocation Failure) 2262.258: [ParNew: 81499K->0K(92160K), 0.0007819 secs] 82917K->1418K(194560K), 0.0008326 secs] [Times: user=0.00 sys=0.00, real=0.00 secs] 
2264.270: [GC (Allocation Failure) 2264.270: [ParNew: 81499K->0K(92160K), 0.0006784 secs] 82917K->1418K(194560K), 0.0007441 secs] [Times: user=0.00 sys=0.00, real=0.00 secs] 
2266.278: [GC (Allocation Failure) 2266.278: [ParNew: 81499K->0K(92160K), 0.0005337 secs] 82917K->1418K(194560K), 0.0006005 secs] [Times: user=0.00 sys=0.00, real=0.00 secs] 
2267.287: [GC (Allocation Failure) 2267.287: [ParNew: 81499K->0K(92160K), 0.0006667 secs] 82917K->1418K(194560K), 0.0007355 secs] [Times: user=0.00 sys=0.00, real=0.00 secs] 
2269.290: [GC (Allocation Failure) 2269.290: [ParNew: 81499K->0K(92160K), 0.0009224 secs] 82917K->1418K(194560K), 0.0009938 secs] [Times: user=0.00 sys=0.00, real=0.00 secs] 
2270.298: [GC (Allocation Failure) 2270.298: [ParNew: 81499K->0K(92160K), 0.0009646 secs] 82917K->1418K(194560K), 0.0010402 secs] [Times: user=0.00 sys=0.00, real=0.00 secs] 
2272.305: [GC (Allocation Failure) 2272.305: [ParNew: 81499K->0K(92160K), 0.0006366 secs] 82917K->1418K(194560K), 0.0007101 secs] [Times: user=0.00 sys=0.00, real=0.00 secs] 
2274.314: [GC (Allocation Failure) 2274.314: [ParNew: 81499K->0K(92160K), 0.0006302 secs] 82917K->1418K(194560K), 0.0007225 secs] [Times: user=0.00 sys=0.00, real=0.00 secs] 
2275.333: [GC (Allocation Failure) 2275.333: [ParNew: 81499K->0K(92160K), 0.0007798 secs] 82917K->1418K(194560K), 0.0008557 secs] [Times: user=0.00 sys=0.00, real=0.00 secs] 
2277.336: [GC (Allocation Failure) 2277.336: [ParNew: 81499K->0K(92160K), 0.0006697 secs] 82917K->1418K(194560K), 0.0007534 secs] [Times: user=0.00 sys=0.00, real=0.00 secs] 
2278.345: [GC (Allocation Failure) 2278.345: [ParNew: 81499K->0K(92160K), 0.0008527 secs] 82917K->1418K(194560K), 0.0009272 secs] [Times: user=0.00 sys=0.00, real=0.00 secs] 
2280.363: [GC (Allocation Failure) 2280.363: [ParNew: 81499K->0K(92160K), 0.0008860 secs] 82917K->1418K(194560K), 0.0010119 secs] [Times: user=0.00 sys=0.00, real=0.00 secs] 
2281.373: [GC (Allocation Failure) 2281.373: [ParNew: 81499K->0K(92160K), 0.0007867 secs] 82917K->1418K(194560K), 0.0008533 secs] [Times: user=0.00 sys=0.00, real=0.00 secs] 
2283.397: [GC (Allocation Failure) 2283.397: [ParNew: 81499K->0K(92160K), 0.0008119 secs] 82917K->1418K(194560K), 0.0009237 secs] [Times: user=0.00 sys=0.00, real=0.00 secs] 
2285.400: [GC (Allocation Failure) 2285.400: [ParNew: 81499K->0K(92160K), 0.0007880 secs] 82917K->1418K(194560K), 0.0008565 secs] [Times: user=0.00 sys=0.00, real=0.00 secs] 
2286.410: [GC (Allocation Failure) 2286.410: [ParNew: 81499K->0K(92160K), 0.0008325 secs] 82917K->1418K(194560K), 0.0009359 secs] [Times: user=0.00 sys=0.00, real=0.00 secs] 
2288.425: [GC (Allocation Failure) 2288.426: [ParNew: 81499K->0K(92160K), 0.0015165 secs] 82917K->1418K(194560K), 0.0016249 secs] [Times: user=0.00 sys=0.00, real=0.00 secs] 
2289.437: [GC (Allocation Failure) 2289.437: [ParNew: 81499K->0K(92160K), 0.0007855 secs] 82917K->1418K(194560K), 0.0008536 secs] [Times: user=0.00 sys=0.00, real=0.00 secs] 
2291.457: [GC (Allocation Failure) 2291.457: [ParNew: 81499K->0K(92160K), 0.0008820 secs] 82917K->1418K(194560K), 0.0009748 secs] [Times: user=0.00 sys=0.00, real=0.00 secs] 
2292.460: [GC (Allocation Failure) 2292.460: [ParNew: 81499K->0K(92160K), 0.0006617 secs] 82917K->1418K(194560K), 0.0007285 secs] [Times: user=0.00 sys=0.00, real=0.00 secs] 
2294.468: [GC (Allocation Failure) 2294.468: [ParNew: 81499K->0K(92160K), 0.0009538 secs] 82917K->1418K(194560K), 0.0010226 secs] [Times: user=0.00 sys=0.00, real=0.00 secs] 
2296.476: [GC (Allocation Failure) 2296.476: [ParNew: 81499K->0K(92160K), 0.0007840 secs] 82917K->1418K(194560K), 0.0008530 secs] [Times: user=0.00 sys=0.00, real=0.00 secs] 
2297.484: [GC (Allocation Failure) 2297.484: [ParNew: 81499K->0K(92160K), 0.0008364 secs] 82917K->1418K(194560K), 0.0009047 secs] [Times: user=0.00 sys=0.02, real=0.00 secs] 
2299.503: [GC (Allocation Failure) 2299.503: [ParNew: 81499K->0K(92160K), 0.0006465 secs] 82917K->1418K(194560K), 0.0007141 secs] [Times: user=0.00 sys=0.00, real=0.00 secs] 
2300.505: [GC (Allocation Failure) 2300.505: [ParNew: 81499K->0K(92160K), 0.0007741 secs] 82917K->1418K(194560K), 0.0008396 secs] [Times: user=0.00 sys=0.00, real=0.00 secs] 
2302.515: [GC (Allocation Failure) 2302.515: [ParNew: 81499K->0K(92160K), 0.0003972 secs] 82917K->1418K(194560K), 0.0004443 secs] [Times: user=0.00 sys=0.00, real=0.00 secs] 
2304.521: [GC (Allocation Failure) 2304.521: [ParNew: 81499K->0K(92160K), 0.0006128 secs] 82917K->1418K(194560K), 0.0007232 secs] [Times: user=0.00 sys=0.00, real=0.00 secs] 
2305.529: [GC (Allocation Failure) 2305.529: [ParNew: 81499K->0K(92160K), 0.0006251 secs] 82917K->1418K(194560K), 0.0007069 secs] [Times: user=0.00 sys=0.00, real=0.00 secs] 
2307.535: [GC (Allocation Failure) 2307.536: [ParNew: 81499K->0K(92160K), 0.0003693 secs] 82917K->1418K(194560K), 0.0004233 secs] [Times: user=0.00 sys=0.00, real=0.00 secs] 
2308.548: [GC (Allocation Failure) 2308.548: [ParNew: 81499K->0K(92160K), 0.0017832 secs] 82917K->1418K(194560K), 0.0019402 secs] [Times: user=0.00 sys=0.00, real=0.00 secs] 
2310.564: [GC (Allocation Failure) 2310.564: [ParNew: 81499K->0K(92160K), 0.0005218 secs] 82917K->1418K(194560K), 0.0005771 secs] [Times: user=0.00 sys=0.00, real=0.00 secs] 
2311.567: [GC (Allocation Failure) 2311.567: [ParNew: 81499K->0K(92160K), 0.0003825 secs] 82917K->1418K(194560K), 0.0004358 secs] [Times: user=0.00 sys=0.00, real=0.00 secs] 
2313.572: [GC (Allocation Failure) 2313.572: [ParNew: 81499K->0K(92160K), 0.0004325 secs] 82917K->1418K(194560K), 0.0005037 secs] [Times: user=0.00 sys=0.00, real=0.00 secs] 
2315.582: [GC (Allocation Failure) 2315.582: [ParNew: 81499K->0K(92160K), 0.0018182 secs] 82917K->1418K(194560K), 0.0019826 secs] [Times: user=0.00 sys=0.00, real=0.00 secs] 
2316.598: [GC (Allocation Failure) 2316.598: [ParNew: 81499K->0K(92160K), 0.0008946 secs] 82917K->1418K(194560K), 0.0010197 secs] [Times: user=0.00 sys=0.00, real=0.00 secs] 
2318.614: [GC (Allocation Failure) 2318.614: [ParNew: 81499K->0K(92160K), 0.0014433 secs] 82917K->1418K(194560K), 0.0016024 secs] [Times: user=0.00 sys=0.00, real=0.00 secs] 
2319.621: [GC (Allocation Failure) 2319.621: [ParNew: 81499K->0K(92160K), 0.0007110 secs] 82917K->1418K(194560K), 0.0007615 secs] [Times: user=0.00 sys=0.00, real=0.00 secs] 
2321.642: [GC (Allocation Failure) 2321.642: [ParNew: 81499K->0K(92160K), 0.0012950 secs] 82917K->1418K(194560K), 0.0014536 secs] [Times: user=0.00 sys=0.00, real=0.00 secs] 
2323.654: [GC (Allocation Failure) 2323.654: [ParNew: 81499K->0K(92160K), 0.0017031 secs] 82917K->1418K(194560K), 0.0018631 secs] [Times: user=0.00 sys=0.00, real=0.00 secs] 
2324.663: [GC (Allocation Failure) 2324.663: [ParNew: 81499K->0K(92160K), 0.0004676 secs] 82917K->1418K(194560K), 0.0005367 secs] [Times: user=0.00 sys=0.00, real=0.00 secs] 
2326.676: [GC (Allocation Failure) 2326.676: [ParNew: 81499K->0K(92160K), 0.0019684 secs] 82917K->1418K(194560K), 0.0021263 secs] [Times: user=0.00 sys=0.00, real=0.00 secs] 
2327.688: [GC (Allocation Failure) 2327.688: [ParNew: 81499K->0K(92160K), 0.0011028 secs] 82917K->1418K(194560K), 0.0011947 secs] [Times: user=0.06 sys=0.00, real=0.00 secs] 
2329.708: [GC (Allocation Failure) 2329.708: [ParNew: 81499K->0K(92160K), 0.0016837 secs] 82917K->1418K(194560K), 0.0018457 secs] [Times: user=0.00 sys=0.00, real=0.00 secs] 
2330.712: [GC (Allocation Failure) 2330.712: [ParNew: 81499K->0K(92160K), 0.0007055 secs] 82917K->1418K(194560K), 0.0007583 secs] [Times: user=0.00 sys=0.00, real=0.00 secs] 
2332.725: [GC (Allocation Failure) 2332.725: [ParNew: 81499K->0K(92160K), 0.0012840 secs] 82917K->1418K(194560K), 0.0014403 secs] [Times: user=0.00 sys=0.00, real=0.00 secs] 
2334.742: [GC (Allocation Failure) 2334.742: [ParNew: 81499K->0K(92160K), 0.0016603 secs] 82917K->1418K(194560K), 0.0017755 secs] [Times: user=0.00 sys=0.00, real=0.00 secs] 
2335.752: [GC (Allocation Failure) 2335.752: [ParNew: 81499K->0K(92160K), 0.0005418 secs] 82917K->1418K(194560K), 0.0005933 secs] [Times: user=0.00 sys=0.00, real=0.00 secs] 
2337.763: [GC (Allocation Failure) 2337.763: [ParNew: 81499K->0K(92160K), 0.0018078 secs] 82917K->1418K(194560K), 0.0019632 secs] [Times: user=0.00 sys=0.00, real=0.00 secs] 
2338.783: [GC (Allocation Failure) 2338.783: [ParNew: 81499K->0K(92160K), 0.0005786 secs] 82917K->1418K(194560K), 0.0006452 secs] [Times: user=0.00 sys=0.00, real=0.00 secs] 
2340.804: [GC (Allocation Failure) 2340.804: [ParNew: 81499K->0K(92160K), 0.0004592 secs] 82917K->1418K(194560K), 0.0005308 secs] [Times: user=0.00 sys=0.00, real=0.00 secs] 
2341.811: [GC (Allocation Failure) 2341.811: [ParNew: 81499K->0K(92160K), 0.0004606 secs] 82917K->1418K(194560K), 0.0005205 secs] [Times: user=0.00 sys=0.00, real=0.00 secs] 
2343.819: [GC (Allocation Failure) 2343.819: [ParNew: 81499K->0K(92160K), 0.0006509 secs] 82917K->1418K(194560K), 0.0007014 secs] [Times: user=0.00 sys=0.00, real=0.00 secs] 
2345.835: [GC (Allocation Failure) 2345.835: [ParNew: 81499K->0K(92160K), 0.0018837 secs] 82917K->1418K(194560K), 0.0020393 secs] [Times: user=0.00 sys=0.00, real=0.00 secs] 
2346.854: [GC (Allocation Failure) 2346.854: [ParNew: 81499K->0K(92160K), 0.0017195 secs] 82917K->1418K(194560K), 0.0018617 secs] [Times: user=0.00 sys=0.00, real=0.00 secs] 
2348.861: [GC (Allocation Failure) 2348.861: [ParNew: 81499K->0K(92160K), 0.0012320 secs] 82917K->1418K(194560K), 0.0013894 secs] [Times: user=0.00 sys=0.00, real=0.00 secs] 
2349.874: [GC (Allocation Failure) 2349.874: [ParNew: 81499K->0K(92160K), 0.0008320 secs] 82917K->1418K(194560K), 0.0008913 secs] [Times: user=0.00 sys=0.00, real=0.00 secs] 
2351.884: [GC (Allocation Failure) 2351.884: [ParNew: 81499K->0K(92160K), 0.0008230 secs] 82917K->1418K(194560K), 0.0008831 secs] [Times: user=0.00 sys=0.00, real=0.00 secs] 
2353.908: [GC (Allocation Failure) 2353.908: [ParNew: 81499K->0K(92160K), 0.0019002 secs] 82917K->1418K(194560K), 0.0020554 secs] [Times: user=0.00 sys=0.00, real=0.00 secs] 
2354.926: [GC (Allocation Failure) 2354.926: [ParNew: 81499K->0K(92160K), 0.0008755 secs] 82917K->1418K(194560K), 0.0009507 secs] [Times: user=0.00 sys=0.00, real=0.00 secs] 
2356.935: [GC (Allocation Failure) 2356.936: [ParNew: 81499K->0K(92160K), 0.0016327 secs] 82917K->1418K(194560K), 0.0017885 secs] [Times: user=0.00 sys=0.00, real=0.00 secs] 
2357.955: [GC (Allocation Failure) 2357.955: [ParNew: 81499K->0K(92160K), 0.0008232 secs] 82917K->1418K(194560K), 0.0008722 secs] [Times: user=0.00 sys=0.00, real=0.00 secs] 
2359.964: [GC (Allocation Failure) 2359.964: [ParNew: 81499K->0K(92160K), 0.0004925 secs] 82917K->1418K(194560K), 0.0005485 secs] [Times: user=0.00 sys=0.00, real=0.00 secs] 
2360.972: [GC (Allocation Failure) 2360.972: [ParNew: 81499K->0K(92160K), 0.0008049 secs] 82917K->1418K(194560K), 0.0008535 secs] [Times: user=0.00 sys=0.00, real=0.00 secs] 
2362.986: [GC (Allocation Failure) 2362.986: [ParNew: 81499K->0K(92160K), 0.0016959 secs] 82917K->1418K(194560K), 0.0018637 secs] [Times: user=0.00 sys=0.00, real=0.00 secs] 
2365.018: [GC (Allocation Failure) 2365.019: [ParNew: 81499K->0K(92160K), 0.0011307 secs] 82917K->1418K(194560K), 0.0012274 secs] [Times: user=0.00 sys=0.00, real=0.00 secs] 
2366.020: [GC (Allocation Failure) 2366.020: [ParNew: 81499K->0K(92160K), 0.0006189 secs] 82917K->1418K(194560K), 0.0006964 secs] [Times: user=0.00 sys=0.00, real=0.00 secs] 
2368.030: [GC (Allocation Failure) 2368.030: [ParNew: 81499K->0K(92160K), 0.0019254 secs] 82917K->1418K(194560K), 0.0020830 secs] [Times: user=0.00 sys=0.00, real=0.00 secs] 
2369.051: [GC (Allocation Failure) 2369.051: [ParNew: 81499K->0K(92160K), 0.0004450 secs] 82917K->1418K(194560K), 0.0004989 secs] [Times: user=0.00 sys=0.00, real=0.00 secs] 
2371.054: [GC (Allocation Failure) 2371.054: [ParNew: 81499K->0K(92160K), 0.0005360 secs] 82917K->1418K(194560K), 0.0005840 secs] [Times: user=0.00 sys=0.00, real=0.00 secs] 
2372.068: [GC (Allocation Failure) 2372.068: [ParNew: 81499K->0K(92160K), 0.0018946 secs] 82917K->1418K(194560K), 0.0020491 secs] [Times: user=0.00 sys=0.00, real=0.00 secs] 
2374.083: [GC (Allocation Failure) 2374.083: [ParNew: 81499K->0K(92160K), 0.0008796 secs] 82917K->1418K(194560K), 0.0009505 secs] [Times: user=0.00 sys=0.00, real=0.00 secs] 
2376.096: [GC (Allocation Failure) 2376.096: [ParNew: 81499K->0K(92160K), 0.0005918 secs] 82917K->1418K(194560K), 0.0006533 secs] [Times: user=0.00 sys=0.00, real=0.00 secs] 
2377.108: [GC (Allocation Failure) 2377.108: [ParNew: 81499K->0K(92160K), 0.0005681 secs] 82917K->1418K(194560K), 0.0006387 secs] [Times: user=0.00 sys=0.00, real=0.00 secs] 
2379.131: [GC (Allocation Failure) 2379.131: [ParNew: 81499K->0K(92160K), 0.0012045 secs] 82917K->1418K(194560K), 0.0013675 secs] [Times: user=0.00 sys=0.00, real=0.00 secs] 
2380.131: [GC (Allocation Failure) 2380.131: [ParNew: 81499K->0K(92160K), 0.0006998 secs] 82917K->1418K(194560K), 0.0007752 secs] [Times: user=0.00 sys=0.00, real=0.00 secs] 
2382.150: [GC (Allocation Failure) 2382.150: [ParNew: 81499K->0K(92160K), 0.0016246 secs] 82917K->1418K(194560K), 0.0017825 secs] [Times: user=0.00 sys=0.00, real=0.00 secs] 
2384.159: [GC (Allocation Failure) 2384.159: [ParNew: 81499K->0K(92160K), 0.0006411 secs] 82917K->1418K(194560K), 0.0007066 secs] [Times: user=0.00 sys=0.00, real=0.00 secs] 
2385.171: [GC (Allocation Failure) 2385.171: [ParNew: 81499K->0K(92160K), 0.0013009 secs] 82917K->1418K(194560K), 0.0014558 secs] [Times: user=0.05 sys=0.00, real=0.00 secs] 
2387.189: [GC (Allocation Failure) 2387.189: [ParNew: 81499K->0K(92160K), 0.0007204 secs] 82917K->1418K(194560K), 0.0007921 secs] [Times: user=0.00 sys=0.00, real=0.00 secs] 
2388.199: [GC (Allocation Failure) 2388.199: [ParNew: 81499K->0K(92160K), 0.0004042 secs] 82917K->1418K(194560K), 0.0004824 secs] [Times: user=0.00 sys=0.00, real=0.00 secs] 
2390.221: [GC (Allocation Failure) 2390.222: [ParNew: 81499K->0K(92160K), 0.0006943 secs] 82917K->1418K(194560K), 0.0007454 secs] [Times: user=0.00 sys=0.00, real=0.00 secs] 
2391.226: [GC (Allocation Failure) 2391.226: [ParNew: 81499K->0K(92160K), 0.0007315 secs] 82917K->1418K(194560K), 0.0007919 secs] [Times: user=0.00 sys=0.00, real=0.00 secs] 
2393.232: [GC (Allocation Failure) 2393.232: [ParNew: 81499K->0K(92160K), 0.0008466 secs] 82917K->1418K(194560K), 0.0008968 secs] [Times: user=0.00 sys=0.00, real=0.00 secs] 
2395.238: [GC (Allocation Failure) 2395.238: [ParNew: 81499K->0K(92160K), 0.0007087 secs] 82917K->1418K(194560K), 0.0007591 secs] [Times: user=0.00 sys=0.00, real=0.00 secs] 
2396.243: [GC (Allocation Failure) 2396.243: [ParNew: 81499K->0K(92160K), 0.0006202 secs] 82917K->1418K(194560K), 0.0006709 secs] [Times: user=0.00 sys=0.00, real=0.00 secs] 
2398.249: [GC (Allocation Failure) 2398.249: [ParNew: 81499K->0K(92160K), 0.0004863 secs] 82917K->1418K(194560K), 0.0005500 secs] [Times: user=0.00 sys=0.00, real=0.00 secs] 
2399.256: [GC (Allocation Failure) 2399.256: [ParNew: 81499K->0K(92160K), 0.0006984 secs] 82917K->1418K(194560K), 0.0007492 secs] [Times: user=0.00 sys=0.00, real=0.00 secs] 
2401.268: [GC (Allocation Failure) 2401.269: [ParNew: 81499K->0K(92160K), 0.0004735 secs] 82917K->1418K(194560K), 0.0005200 secs] [Times: user=0.00 sys=0.00, real=0.00 secs] 
2403.279: [GC (Allocation Failure) 2403.279: [ParNew: 81499K->0K(92160K), 0.0008300 secs] 82917K->1418K(194560K), 0.0009159 secs] [Times: user=0.00 sys=0.00, real=0.00 secs] 
2404.282: [GC (Allocation Failure) 2404.282: [ParNew: 81499K->0K(92160K), 0.0009096 secs] 82917K->1418K(194560K), 0.0009809 secs] [Times: user=0.00 sys=0.00, real=0.00 secs] 
2406.300: [GC (Allocation Failure) 2406.300: [ParNew: 81499K->0K(92160K), 0.0009941 secs] 82917K->1418K(194560K), 0.0010863 secs] [Times: user=0.00 sys=0.00, real=0.00 secs] 
2407.309: [GC (Allocation Failure) 2407.309: [ParNew: 81499K->0K(92160K), 0.0009363 secs] 82917K->1418K(194560K), 0.0011303 secs] [Times: user=0.00 sys=0.00, real=0.00 secs] 
2409.331: [GC (Allocation Failure) 2409.332: [ParNew: 81499K->0K(92160K), 0.0008832 secs] 82917K->1418K(194560K), 0.0009648 secs] [Times: user=0.00 sys=0.00, real=0.00 secs] 
2410.336: [GC (Allocation Failure) 2410.336: [ParNew: 81499K->0K(92160K), 0.0011313 secs] 82917K->1418K(194560K), 0.0012209 secs] [Times: user=0.00 sys=0.00, real=0.00 secs] 
2412.343: [GC (Allocation Failure) 2412.343: [ParNew: 81499K->0K(92160K), 0.0006562 secs] 82917K->1418K(194560K), 0.0007291 secs] [Times: user=0.00 sys=0.00, real=0.00 secs] 
2414.352: [GC (Allocation Failure) 2414.352: [ParNew: 81499K->0K(92160K), 0.0008281 secs] 82917K->1418K(194560K), 0.0009064 secs] [Times: user=0.00 sys=0.00, real=0.00 secs] 
2415.359: [GC (Allocation Failure) 2415.359: [ParNew: 81499K->0K(92160K), 0.0004698 secs] 82917K->1418K(194560K), 0.0005412 secs] [Times: user=0.00 sys=0.00, real=0.00 secs] 
2417.362: [GC (Allocation Failure) 2417.362: [ParNew: 81499K->0K(92160K), 0.0004424 secs] 82917K->1418K(194560K), 0.0005138 secs] [Times: user=0.00 sys=0.00, real=0.00 secs] 
2418.370: [GC (Allocation Failure) 2418.370: [ParNew: 81499K->0K(92160K), 0.0006954 secs] 82917K->1418K(194560K), 0.0007850 secs] [Times: user=0.00 sys=0.00, real=0.00 secs] 
2420.379: [GC (Allocation Failure) 2420.379: [ParNew: 81499K->0K(92160K), 0.0008013 secs] 82917K->1418K(194560K), 0.0009007 secs] [Times: user=0.00 sys=0.00, real=0.00 secs] 
2421.381: [GC (Allocation Failure) 2421.381: [ParNew: 81499K->0K(92160K), 0.0007346 secs] 82917K->1418K(194560K), 0.0008054 secs] [Times: user=0.00 sys=0.00, real=0.00 secs] 
2423.390: [GC (Allocation Failure) 2423.391: [ParNew: 81499K->0K(92160K), 0.0007597 secs] 82917K->1418K(194560K), 0.0008565 secs] [Times: user=0.03 sys=0.00, real=0.00 secs] 
2425.409: [GC (Allocation Failure) 2425.409: [ParNew: 81499K->0K(92160K), 0.0012507 secs] 82917K->1418K(194560K), 0.0013615 secs] [Times: user=0.00 sys=0.00, real=0.00 secs] 
2426.422: [GC (Allocation Failure) 2426.422: [ParNew: 81499K->0K(92160K), 0.0010404 secs] 82917K->1418K(194560K), 0.0011509 secs] [Times: user=0.00 sys=0.02, real=0.00 secs] 
2428.436: [GC (Allocation Failure) 2428.436: [ParNew: 81499K->0K(92160K), 0.0013384 secs] 82917K->1418K(194560K), 0.0014554 secs] [Times: user=0.00 sys=0.00, real=0.00 secs] 
2429.453: [GC (Allocation Failure) 2429.453: [ParNew: 81499K->0K(92160K), 0.0007113 secs] 82917K->1418K(194560K), 0.0007606 secs] [Times: user=0.00 sys=0.00, real=0.00 secs] 
2431.474: [GC (Allocation Failure) 2431.474: [ParNew: 81499K->0K(92160K), 0.0011098 secs] 82917K->1418K(194560K), 0.0012079 secs] [Times: user=0.00 sys=0.00, real=0.00 secs] 
2433.479: [GC (Allocation Failure) 2433.479: [ParNew: 81499K->0K(92160K), 0.0011684 secs] 82917K->1418K(194560K), 0.0012846 secs] [Times: user=0.00 sys=0.00, real=0.00 secs] 
2434.488: [GC (Allocation Failure) 2434.488: [ParNew: 81499K->0K(92160K), 0.0004269 secs] 82917K->1418K(194560K), 0.0004798 secs] [Times: user=0.00 sys=0.00, real=0.00 secs] 
2436.497: [GC (Allocation Failure) 2436.497: [ParNew: 81499K->0K(92160K), 0.0004456 secs] 82917K->1418K(194560K), 0.0005129 secs] [Times: user=0.00 sys=0.00, real=0.00 secs] 
2437.505: [GC (Allocation Failure) 2437.505: [ParNew: 81499K->0K(92160K), 0.0003811 secs] 82917K->1418K(194560K), 0.0004448 secs] [Times: user=0.00 sys=0.00, real=0.00 secs] 
2439.522: [GC (Allocation Failure) 2439.522: [ParNew: 81499K->0K(92160K), 0.0017656 secs] 82917K->1418K(194560K), 0.0018753 secs] [Times: user=0.00 sys=0.00, real=0.00 secs] 
2440.530: [GC (Allocation Failure) 2440.530: [ParNew: 81499K->0K(92160K), 0.0007517 secs] 82917K->1418K(194560K), 0.0008031 secs] [Times: user=0.00 sys=0.00, real=0.00 secs] 
2442.539: [GC (Allocation Failure) 2442.539: [ParNew: 81499K->0K(92160K), 0.0005677 secs] 82917K->1418K(194560K), 0.0006393 secs] [Times: user=0.00 sys=0.00, real=0.00 secs] 
2444.546: [GC (Allocation Failure) 2444.546: [ParNew: 81499K->0K(92160K), 0.0006579 secs] 82917K->1418K(194560K), 0.0007118 secs] [Times: user=0.00 sys=0.00, real=0.00 secs] 
2445.571: [GC (Allocation Failure) 2445.571: [ParNew: 81499K->0K(92160K), 0.0017860 secs] 82917K->1418K(194560K), 0.0019410 secs] [Times: user=0.00 sys=0.00, real=0.00 secs] 
2447.582: [GC (Allocation Failure) 2447.582: [ParNew: 81499K->0K(92160K), 0.0020713 secs] 82917K->1418K(194560K), 0.0022336 secs] [Times: user=0.00 sys=0.00, real=0.00 secs] 
2448.603: [GC (Allocation Failure) 2448.603: [ParNew: 81499K->0K(92160K), 0.0015698 secs] 82917K->1418K(194560K), 0.0016729 secs] [Times: user=0.00 sys=0.00, real=0.00 secs] 
2450.630: [GC (Allocation Failure) 2450.630: [ParNew: 81499K->0K(92160K), 0.0016208 secs] 82917K->1418K(194560K), 0.0017775 secs] [Times: user=0.00 sys=0.00, real=0.00 secs] 
2451.637: [GC (Allocation Failure) 2451.637: [ParNew: 81499K->0K(92160K), 0.0021946 secs] 82917K->1418K(194560K), 0.0023511 secs] [Times: user=0.00 sys=0.00, real=0.00 secs] 
2453.657: [GC (Allocation Failure) 2453.657: [ParNew: 81499K->0K(92160K), 0.0017567 secs] 82917K->1418K(194560K), 0.0019392 secs] [Times: user=0.00 sys=0.00, real=0.00 secs] 
2455.675: [GC (Allocation Failure) 2455.675: [ParNew: 81499K->0K(92160K), 0.0010953 secs] 82917K->1418K(194560K), 0.0011967 secs] [Times: user=0.00 sys=0.00, real=0.00 secs] 
2456.690: [GC (Allocation Failure) 2456.690: [ParNew: 81499K->0K(92160K), 0.0015229 secs] 82917K->1418K(194560K), 0.0016730 secs] [Times: user=0.00 sys=0.00, real=0.00 secs] 
2458.711: [GC (Allocation Failure) 2458.711: [ParNew: 81499K->0K(92160K), 0.0020121 secs] 82917K->1418K(194560K), 0.0021739 secs] [Times: user=0.00 sys=0.00, real=0.00 secs] 
2459.728: [GC (Allocation Failure) 2459.728: [ParNew: 81499K->0K(92160K), 0.0013261 secs] 82917K->1418K(194560K), 0.0014461 secs] [Times: user=0.00 sys=0.00, real=0.00 secs] 
2461.744: [GC (Allocation Failure) 2461.744: [ParNew: 81499K->0K(92160K), 0.0006688 secs] 82917K->1418K(194560K), 0.0007376 secs] [Times: user=0.00 sys=0.00, real=0.00 secs] 
2463.754: [GC (Allocation Failure) 2463.754: [ParNew: 81499K->0K(92160K), 0.0017397 secs] 82917K->1418K(194560K), 0.0018915 secs] [Times: user=0.00 sys=0.00, real=0.00 secs] 
2464.770: [GC (Allocation Failure) 2464.770: [ParNew: 81499K->0K(92160K), 0.0004881 secs] 82917K->1418K(194560K), 0.0005614 secs] [Times: user=0.00 sys=0.00, real=0.00 secs] 
2466.786: [GC (Allocation Failure) 2466.786: [ParNew: 81499K->0K(92160K), 0.0016360 secs] 82917K->1418K(194560K), 0.0017977 secs] [Times: user=0.00 sys=0.00, real=0.00 secs] 
2467.793: [GC (Allocation Failure) 2467.793: [ParNew: 81499K->0K(92160K), 0.0009467 secs] 82917K->1418K(194560K), 0.0010523 secs] [Times: user=0.00 sys=0.00, real=0.00 secs] 
2469.811: [GC (Allocation Failure) 2469.812: [ParNew: 81499K->0K(92160K), 0.0016938 secs] 82917K->1418K(194560K), 0.0018499 secs] [Times: user=0.01 sys=0.00, real=0.00 secs] 
2470.840: [GC (Allocation Failure) 2470.840: [ParNew: 81499K->0K(92160K), 0.0016956 secs] 82917K->1418K(194560K), 0.0018511 secs] [Times: user=0.00 sys=0.00, real=0.00 secs] 
2472.842: [GC (Allocation Failure) 2472.842: [ParNew: 81499K->0K(92160K), 0.0014175 secs] 82917K->1418K(194560K), 0.0015107 secs] [Times: user=0.02 sys=0.00, real=0.00 secs] 
2474.860: [GC (Allocation Failure) 2474.860: [ParNew: 81499K->0K(92160K), 0.0019182 secs] 82917K->1418K(194560K), 0.0020706 secs] [Times: user=0.00 sys=0.00, real=0.00 secs] 
2475.875: [GC (Allocation Failure) 2475.875: [ParNew: 81499K->0K(92160K), 0.0008011 secs] 82917K->1418K(194560K), 0.0008501 secs] [Times: user=0.00 sys=0.00, real=0.00 secs] 
2477.885: [GC (Allocation Failure) 2477.885: [ParNew: 81499K->0K(92160K), 0.0017195 secs] 82917K->1418K(194560K), 0.0018897 secs] [Times: user=0.00 sys=0.00, real=0.00 secs] 
2478.911: [GC (Allocation Failure) 2478.911: [ParNew: 81499K->0K(92160K), 0.0005881 secs] 82917K->1418K(194560K), 0.0006486 secs] [Times: user=0.00 sys=0.00, real=0.00 secs] 
2480.918: [GC (Allocation Failure) 2480.918: [ParNew: 81499K->0K(92160K), 0.0018561 secs] 82917K->1418K(194560K), 0.0020143 secs] [Times: user=0.00 sys=0.00, real=0.00 secs] 
2482.939: [GC (Allocation Failure) 2482.939: [ParNew: 81499K->0K(92160K), 0.0010005 secs] 82917K->1418K(194560K), 0.0011402 secs] [Times: user=0.00 sys=0.00, real=0.00 secs] 
2483.946: [GC (Allocation Failure) 2483.946: [ParNew: 81499K->0K(92160K), 0.0017485 secs] 82917K->1418K(194560K), 0.0019661 secs] [Times: user=0.00 sys=0.00, real=0.00 secs] 
2485.958: [GC (Allocation Failure) 2485.958: [ParNew: 81499K->0K(92160K), 0.0017881 secs] 82917K->1418K(194560K), 0.0019465 secs] [Times: user=0.00 sys=0.00, real=0.00 secs] 
2486.979: [GC (Allocation Failure) 2486.979: [ParNew: 81499K->0K(92160K), 0.0012429 secs] 82917K->1418K(194560K), 0.0014049 secs] [Times: user=0.00 sys=0.00, real=0.00 secs] 
2488.983: [GC (Allocation Failure) 2488.983: [ParNew: 81499K->0K(92160K), 0.0016916 secs] 82917K->1418K(194560K), 0.0018546 secs] [Times: user=0.13 sys=0.00, real=0.00 secs] 
2489.998: [GC (Allocation Failure) 2489.998: [ParNew: 81499K->0K(92160K), 0.0010268 secs] 82917K->1418K(194560K), 0.0010931 secs] [Times: user=0.00 sys=0.00, real=0.00 secs] 
2492.015: [GC (Allocation Failure) 2492.015: [ParNew: 81499K->0K(92160K), 0.0005527 secs] 82917K->1418K(194560K), 0.0006384 secs] [Times: user=0.00 sys=0.02, real=0.00 secs] 
2494.034: [GC (Allocation Failure) 2494.034: [ParNew: 81499K->0K(92160K), 0.0017997 secs] 82917K->1418K(194560K), 0.0019628 secs] [Times: user=0.00 sys=0.00, real=0.00 secs] 
2495.040: [GC (Allocation Failure) 2495.040: [ParNew: 81499K->0K(92160K), 0.0007963 secs] 82917K->1418K(194560K), 0.0008605 secs] [Times: user=0.00 sys=0.00, real=0.00 secs] 
2497.054: [GC (Allocation Failure) 2497.054: [ParNew: 81499K->0K(92160K), 0.0012976 secs] 82917K->1418K(194560K), 0.0014599 secs] [Times: user=0.00 sys=0.00, real=0.00 secs] 
2498.071: [GC (Allocation Failure) 2498.071: [ParNew: 81499K->0K(92160K), 0.0007166 secs] 82917K->1418K(194560K), 0.0007659 secs] [Times: user=0.00 sys=0.00, real=0.00 secs] 
2500.085: [GC (Allocation Failure) 2500.086: [ParNew: 81499K->0K(92160K), 0.0008884 secs] 82917K->1418K(194560K), 0.0009681 secs] [Times: user=0.00 sys=0.00, real=0.00 secs] 
2501.101: [GC (Allocation Failure) 2501.101: [ParNew: 81499K->0K(92160K), 0.0007468 secs] 82917K->1418K(194560K), 0.0008191 secs] [Times: user=0.00 sys=0.00, real=0.00 secs] 
2503.119: [GC (Allocation Failure) 2503.119: [ParNew: 81499K->0K(92160K), 0.0013457 secs] 82917K->1418K(194560K), 0.0015005 secs] [Times: user=0.00 sys=0.00, real=0.00 secs] 
2505.117: [GC (Allocation Failure) 2505.117: [ParNew: 81499K->0K(92160K), 0.0012610 secs] 82917K->1418K(194560K), 0.0014199 secs] [Times: user=0.00 sys=0.00, real=0.00 secs] 
2506.137: [GC (Allocation Failure) 2506.137: [ParNew: 81499K->0K(92160K), 0.0022335 secs] 82917K->1418K(194560K), 0.0023838 secs] [Times: user=0.00 sys=0.00, real=0.00 secs] 
2508.159: [GC (Allocation Failure) 2508.159: [ParNew: 81499K->0K(92160K), 0.0005156 secs] 82917K->1418K(194560K), 0.0005888 secs] [Times: user=0.00 sys=0.00, real=0.00 secs] 
2509.165: [GC (Allocation Failure) 2509.165: [ParNew: 81499K->0K(92160K), 0.0006707 secs] 82917K->1418K(194560K), 0.0007219 secs] [Times: user=0.00 sys=0.00, real=0.00 secs] 
2511.172: [GC (Allocation Failure) 2511.172: [ParNew: 81499K->0K(92160K), 0.0006621 secs] 82917K->1418K(194560K), 0.0007127 secs] [Times: user=0.00 sys=0.00, real=0.00 secs] 
2513.180: [GC (Allocation Failure) 2513.180: [ParNew: 81499K->0K(92160K), 0.0004486 secs] 82917K->1418K(194560K), 0.0005047 secs] [Times: user=0.00 sys=0.00, real=0.00 secs] 
2514.190: [GC (Allocation Failure) 2514.190: [ParNew: 81499K->0K(92160K), 0.0018045 secs] 82917K->1418K(194560K), 0.0019454 secs] [Times: user=0.00 sys=0.00, real=0.00 secs] 
2516.206: [GC (Allocation Failure) 2516.206: [ParNew: 81499K->0K(92160K), 0.0007599 secs] 82917K->1418K(194560K), 0.0008515 secs] [Times: user=0.00 sys=0.00, real=0.00 secs] 
2517.213: [GC (Allocation Failure) 2517.213: [ParNew: 81499K->0K(92160K), 0.0005811 secs] 82917K->1418K(194560K), 0.0006370 secs] [Times: user=0.00 sys=0.00, real=0.00 secs] 
2519.221: [GC (Allocation Failure) 2519.221: [ParNew: 81499K->0K(92160K), 0.0008666 secs] 82917K->1418K(194560K), 0.0009728 secs] [Times: user=0.00 sys=0.00, real=0.00 secs] 
2520.227: [GC (Allocation Failure) 2520.227: [ParNew: 81499K->0K(92160K), 0.0007075 secs] 82917K->1418K(194560K), 0.0007584 secs] [Times: user=0.00 sys=0.00, real=0.00 secs] 
2522.240: [GC (Allocation Failure) 2522.240: [ParNew: 81499K->0K(92160K), 0.0005596 secs] 82917K->1418K(194560K), 0.0006255 secs] [Times: user=0.00 sys=0.00, real=0.00 secs] 
2524.242: [GC (Allocation Failure) 2524.242: [ParNew: 81499K->0K(92160K), 0.0006458 secs] 82917K->1418K(194560K), 0.0007122 secs] [Times: user=0.00 sys=0.00, real=0.00 secs] 
2525.250: [GC (Allocation Failure) 2525.250: [ParNew: 81499K->0K(92160K), 0.0008014 secs] 82917K->1418K(194560K), 0.0008711 secs] [Times: user=0.00 sys=0.01, real=0.00 secs] 
2527.269: [GC (Allocation Failure) 2527.269: [ParNew: 81499K->0K(92160K), 0.0007929 secs] 82917K->1418K(194560K), 0.0008670 secs] [Times: user=0.00 sys=0.00, real=0.00 secs] 
2528.277: [GC (Allocation Failure) 2528.277: [ParNew: 81499K->0K(92160K), 0.0005947 secs] 82917K->1418K(194560K), 0.0006628 secs] [Times: user=0.00 sys=0.00, real=0.00 secs] 
2530.285: [GC (Allocation Failure) 2530.285: [ParNew: 81499K->0K(92160K), 0.0007946 secs] 82917K->1418K(194560K), 0.0008705 secs] [Times: user=0.00 sys=0.00, real=0.00 secs] 
2531.286: [GC (Allocation Failure) 2531.286: [ParNew: 81499K->0K(92160K), 0.0004742 secs] 82917K->1418K(194560K), 0.0005295 secs] [Times: user=0.00 sys=0.00, real=0.00 secs] 
2533.294: [GC (Allocation Failure) 2533.294: [ParNew: 81499K->0K(92160K), 0.0007058 secs] 82917K->1418K(194560K), 0.0007802 secs] [Times: user=0.00 sys=0.00, real=0.00 secs] 
2535.302: [GC (Allocation Failure) 2535.302: [ParNew: 81499K->0K(92160K), 0.0007179 secs] 82917K->1418K(194560K), 0.0007908 secs] [Times: user=0.00 sys=0.00, real=0.00 secs] 
2536.310: [GC (Allocation Failure) 2536.310: [ParNew: 81499K->0K(92160K), 0.0010149 secs] 82917K->1418K(194560K), 0.0010900 secs] [Times: user=0.00 sys=0.00, real=0.00 secs] 
2538.332: [GC (Allocation Failure) 2538.332: [ParNew: 81499K->0K(92160K), 0.0008697 secs] 82917K->1418K(194560K), 0.0009477 secs] [Times: user=0.00 sys=0.00, real=0.00 secs] 
2539.335: [GC (Allocation Failure) 2539.335: [ParNew: 81499K->0K(92160K), 0.0007726 secs] 82917K->1418K(194560K), 0.0008554 secs] [Times: user=0.00 sys=0.00, real=0.00 secs] 
2541.340: [GC (Allocation Failure) 2541.340: [ParNew: 81499K->0K(92160K), 0.0008204 secs] 82917K->1418K(194560K), 0.0008771 secs] [Times: user=0.00 sys=0.00, real=0.00 secs] 
2543.345: [GC (Allocation Failure) 2543.345: [ParNew: 81499K->0K(92160K), 0.0011363 secs] 82917K->1418K(194560K), 0.0012373 secs] [Times: user=0.00 sys=0.00, real=0.00 secs] 
2544.359: [GC (Allocation Failure) 2544.359: [ParNew: 81499K->0K(92160K), 0.0011282 secs] 82917K->1418K(194560K), 0.0012262 secs] [Times: user=0.13 sys=0.00, real=0.00 secs] 
2546.378: [GC (Allocation Failure) 2546.378: [ParNew: 81499K->0K(92160K), 0.0009264 secs] 82917K->1418K(194560K), 0.0010905 secs] [Times: user=0.00 sys=0.00, real=0.00 secs] 
2547.382: [GC (Allocation Failure) 2547.382: [ParNew: 81499K->0K(92160K), 0.0008153 secs] 82917K->1418K(194560K), 0.0009199 secs] [Times: user=0.00 sys=0.00, real=0.00 secs] 
2549.394: [GC (Allocation Failure) 2549.394: [ParNew: 81499K->0K(92160K), 0.0013213 secs] 82917K->1418K(194560K), 0.0014317 secs] [Times: user=0.00 sys=0.00, real=0.00 secs] 
2550.406: [GC (Allocation Failure) 2550.406: [ParNew: 81499K->0K(92160K), 0.0008196 secs] 82917K->1418K(194560K), 0.0010094 secs] [Times: user=0.00 sys=0.00, real=0.00 secs] 
2552.416: [GC (Allocation Failure) 2552.416: [ParNew: 81499K->0K(92160K), 0.0007712 secs] 82917K->1418K(194560K), 0.0008330 secs] [Times: user=0.00 sys=0.00, real=0.00 secs] 
2554.425: [GC (Allocation Failure) 2554.425: [ParNew: 81499K->0K(92160K), 0.0008953 secs] 82917K->1418K(194560K), 0.0010013 secs] [Times: user=0.00 sys=0.00, real=0.00 secs] 
2555.440: [GC (Allocation Failure) 2555.440: [ParNew: 81499K->0K(92160K), 0.0012252 secs] 82917K->1418K(194560K), 0.0013508 secs] [Times: user=0.00 sys=0.00, real=0.00 secs] 
2557.457: [GC (Allocation Failure) 2557.457: [ParNew: 81499K->0K(92160K), 0.0012947 secs] 82917K->1418K(194560K), 0.0014122 secs] [Times: user=0.00 sys=0.00, real=0.00 secs] 
2558.473: [GC (Allocation Failure) 2558.473: [ParNew: 81499K->0K(92160K), 0.0006240 secs] 82917K->1418K(194560K), 0.0006730 secs] [Times: user=0.00 sys=0.00, real=0.00 secs] 
2560.483: [GC (Allocation Failure) 2560.483: [ParNew: 81499K->0K(92160K), 0.0007118 secs] 82917K->1418K(194560K), 0.0007817 secs] [Times: user=0.00 sys=0.00, real=0.00 secs] 
2562.502: [GC (Allocation Failure) 2562.502: [ParNew: 81499K->0K(92160K), 0.0006421 secs] 82917K->1418K(194560K), 0.0008219 secs] [Times: user=0.00 sys=0.00, real=0.00 secs] 
2563.508: [GC (Allocation Failure) 2563.508: [ParNew: 81499K->0K(92160K), 0.0004433 secs] 82917K->1418K(194560K), 0.0005152 secs] [Times: user=0.00 sys=0.00, real=0.00 secs] 
2565.534: [GC (Allocation Failure) 2565.535: [ParNew: 81499K->0K(92160K), 0.0005004 secs] 82917K->1418K(194560K), 0.0005934 secs] [Times: user=0.00 sys=0.00, real=0.00 secs] 
2566.536: [GC (Allocation Failure) 2566.536: [ParNew: 81499K->0K(92160K), 0.0005642 secs] 82917K->1418K(194560K), 0.0006228 secs] [Times: user=0.00 sys=0.00, real=0.00 secs] 
2568.555: [GC (Allocation Failure) 2568.555: [ParNew: 81499K->0K(92160K), 0.0017809 secs] 82917K->1418K(194560K), 0.0019137 secs] [Times: user=0.00 sys=0.00, real=0.00 secs] 
2569.574: [GC (Allocation Failure) 2569.575: [ParNew: 81499K->0K(92160K), 0.0016317 secs] 82917K->1418K(194560K), 0.0017874 secs] [Times: user=0.00 sys=0.00, real=0.00 secs] 
2571.582: [GC (Allocation Failure) 2571.582: [ParNew: 81499K->0K(92160K), 0.0008181 secs] 82917K->1418K(194560K), 0.0010441 secs] [Times: user=0.00 sys=0.00, real=0.00 secs] 
2573.596: [GC (Allocation Failure) 2573.596: [ParNew: 81499K->0K(92160K), 0.0007691 secs] 82917K->1418K(194560K), 0.0008430 secs] [Times: user=0.00 sys=0.00, real=0.00 secs] 
2574.606: [GC (Allocation Failure) 2574.606: [ParNew: 81499K->0K(92160K), 0.0011117 secs] 82917K->1418K(194560K), 0.0012110 secs] [Times: user=0.00 sys=0.00, real=0.00 secs] 
2576.630: [GC (Allocation Failure) 2576.630: [ParNew: 81499K->0K(92160K), 0.0006901 secs] 82917K->1418K(194560K), 0.0007435 secs] [Times: user=0.00 sys=0.00, real=0.00 secs] 
2577.638: [GC (Allocation Failure) 2577.638: [ParNew: 81499K->0K(92160K), 0.0008294 secs] 82917K->1418K(194560K), 0.0008993 secs] [Times: user=0.00 sys=0.00, real=0.00 secs] 
2579.647: [GC (Allocation Failure) 2579.647: [ParNew: 81499K->0K(92160K), 0.0009326 secs] 82917K->1418K(194560K), 0.0009973 secs] [Times: user=0.00 sys=0.00, real=0.00 secs] 
2580.669: [GC (Allocation Failure) 2580.669: [ParNew: 81499K->0K(92160K), 0.0012407 secs] 82917K->1418K(194560K), 0.0013966 secs] [Times: user=0.00 sys=0.00, real=0.00 secs] 
2582.673: [GC (Allocation Failure) 2582.673: [ParNew: 81499K->0K(92160K), 0.0005414 secs] 82917K->1418K(194560K), 0.0006179 secs] [Times: user=0.00 sys=0.00, real=0.00 secs] 
2584.688: [GC (Allocation Failure) 2584.688: [ParNew: 81499K->0K(92160K), 0.0017798 secs] 82917K->1418K(194560K), 0.0019347 secs] [Times: user=0.00 sys=0.00, real=0.00 secs] 
2585.705: [GC (Allocation Failure) 2585.705: [ParNew: 81499K->0K(92160K), 0.0004220 secs] 82917K->1418K(194560K), 0.0004960 secs] [Times: user=0.00 sys=0.00, real=0.00 secs] 
2587.723: [GC (Allocation Failure) 2587.723: [ParNew: 81499K->0K(92160K), 0.0013364 secs] 82917K->1418K(194560K), 0.0014314 secs] [Times: user=0.00 sys=0.00, real=0.00 secs] 
2588.729: [GC (Allocation Failure) 2588.729: [ParNew: 81499K->0K(92160K), 0.0008153 secs] 82917K->1418K(194560K), 0.0008662 secs] [Times: user=0.00 sys=0.00, real=0.00 secs] 
2590.747: [GC (Allocation Failure) 2590.747: [ParNew: 81499K->0K(92160K), 0.0016513 secs] 82917K->1418K(194560K), 0.0018095 secs] [Times: user=0.00 sys=0.00, real=0.00 secs] 
2592.760: [GC (Allocation Failure) 2592.760: [ParNew: 81499K->0K(92160K), 0.0017301 secs] 82917K->1418K(194560K), 0.0019001 secs] [Times: user=0.00 sys=0.00, real=0.00 secs] 
2593.773: [GC (Allocation Failure) 2593.773: [ParNew: 81499K->0K(92160K), 0.0017693 secs] 82917K->1418K(194560K), 0.0019300 secs] [Times: user=0.00 sys=0.00, real=0.00 secs] 
2595.790: [GC (Allocation Failure) 2595.790: [ParNew: 81499K->0K(92160K), 0.0005360 secs] 82917K->1418K(194560K), 0.0006048 secs] [Times: user=0.00 sys=0.00, real=0.00 secs] 
2596.800: [GC (Allocation Failure) 2596.800: [ParNew: 81499K->0K(92160K), 0.0008262 secs] 82917K->1418K(194560K), 0.0008951 secs] [Times: user=0.00 sys=0.00, real=0.00 secs] 
2598.818: [GC (Allocation Failure) 2598.818: [ParNew: 81499K->0K(92160K), 0.0019390 secs] 82917K->1418K(194560K), 0.0020930 secs] [Times: user=0.00 sys=0.00, real=0.00 secs] 
2599.825: [GC (Allocation Failure) 2599.825: [ParNew: 81499K->0K(92160K), 0.0006901 secs] 82917K->1418K(194560K), 0.0007502 secs] [Times: user=0.00 sys=0.00, real=0.00 secs] 
2601.835: [GC (Allocation Failure) 2601.835: [ParNew: 81499K->0K(92160K), 0.0007685 secs] 82917K->1418K(194560K), 0.0008431 secs] [Times: user=0.00 sys=0.00, real=0.00 secs] 
2603.849: [GC (Allocation Failure) 2603.849: [ParNew: 81499K->0K(92160K), 0.0017520 secs] 82917K->1418K(194560K), 0.0019076 secs] [Times: user=0.00 sys=0.00, real=0.00 secs] 
2604.867: [GC (Allocation Failure) 2604.868: [ParNew: 81499K->0K(92160K), 0.0012220 secs] 82917K->1418K(194560K), 0.0013381 secs] [Times: user=0.00 sys=0.00, real=0.00 secs] 
2606.894: [GC (Allocation Failure) 2606.894: [ParNew: 81499K->0K(92160K), 0.0003792 secs] 82917K->1418K(194560K), 0.0004314 secs] [Times: user=0.00 sys=0.00, real=0.00 secs] 
2607.900: [GC (Allocation Failure) 2607.900: [ParNew: 81499K->0K(92160K), 0.0006829 secs] 82917K->1418K(194560K), 0.0007314 secs] [Times: user=0.00 sys=0.00, real=0.00 secs] 
2609.910: [GC (Allocation Failure) 2609.910: [ParNew: 81499K->0K(92160K), 0.0007604 secs] 82917K->1418K(194560K), 0.0008063 secs] [Times: user=0.00 sys=0.00, real=0.00 secs] 
2610.935: [GC (Allocation Failure) 2610.935: [ParNew: 81499K->0K(92160K), 0.0015630 secs] 82917K->1418K(194560K), 0.0017120 secs] [Times: user=0.00 sys=0.00, real=0.00 secs] 
2612.938: [GC (Allocation Failure) 2612.938: [ParNew: 81499K->0K(92160K), 0.0016591 secs] 82917K->1418K(194560K), 0.0018091 secs] [Times: user=0.00 sys=0.01, real=0.00 secs] 
2614.957: [GC (Allocation Failure) 2614.957: [ParNew: 81499K->0K(92160K), 0.0017904 secs] 82917K->1418K(194560K), 0.0019526 secs] [Times: user=0.00 sys=0.00, real=0.00 secs] 
2615.971: [GC (Allocation Failure) 2615.971: [ParNew: 81499K->0K(92160K), 0.0014146 secs] 82917K->1418K(194560K), 0.0015917 secs] [Times: user=0.00 sys=0.00, real=0.00 secs] 
2617.990: [GC (Allocation Failure) 2617.990: [ParNew: 81499K->0K(92160K), 0.0016813 secs] 82917K->1418K(194560K), 0.0018458 secs] [Times: user=0.00 sys=0.00, real=0.00 secs] 
2618.994: [GC (Allocation Failure) 2618.994: [ParNew: 81499K->0K(92160K), 0.0014268 secs] 82917K->1418K(194560K), 0.0015458 secs] [Times: user=0.00 sys=0.00, real=0.00 secs] 
2621.007: [GC (Allocation Failure) 2621.007: [ParNew: 81499K->0K(92160K), 0.0016037 secs] 82917K->1418K(194560K), 0.0017627 secs] [Times: user=0.00 sys=0.00, real=0.00 secs] 
2623.023: [GC (Allocation Failure) 2623.023: [ParNew: 81499K->0K(92160K), 0.0017320 secs] 82917K->1418K(194560K), 0.0018859 secs] [Times: user=0.00 sys=0.00, real=0.00 secs] 
2624.043: [GC (Allocation Failure) 2624.044: [ParNew: 81499K->0K(92160K), 0.0016194 secs] 82917K->1418K(194560K), 0.0019977 secs] [Times: user=0.00 sys=0.00, real=0.00 secs] 
2626.051: [GC (Allocation Failure) 2626.051: [ParNew: 81499K->0K(92160K), 0.0016655 secs] 82917K->1418K(194560K), 0.0018260 secs] [Times: user=0.00 sys=0.00, real=0.00 secs] 
2627.070: [GC (Allocation Failure) 2627.070: [ParNew: 81499K->0K(92160K), 0.0006036 secs] 82917K->1418K(194560K), 0.0006972 secs] [Times: user=0.00 sys=0.00, real=0.00 secs] 
2629.087: [GC (Allocation Failure) 2629.087: [ParNew: 81499K->0K(92160K), 0.0012463 secs] 82917K->1418K(194560K), 0.0013967 secs] [Times: user=0.00 sys=0.00, real=0.00 secs] 
2630.102: [GC (Allocation Failure) 2630.102: [ParNew: 81499K->0K(92160K), 0.0010007 secs] 82917K->1418K(194560K), 0.0010983 secs] [Times: user=0.00 sys=0.00, real=0.00 secs] 
2632.112: [GC (Allocation Failure) 2632.112: [ParNew: 81499K->0K(92160K), 0.0005375 secs] 82917K->1418K(194560K), 0.0005968 secs] [Times: user=0.00 sys=0.00, real=0.00 secs] 
2634.121: [GC (Allocation Failure) 2634.121: [ParNew: 81499K->0K(92160K), 0.0006424 secs] 82917K->1418K(194560K), 0.0007046 secs] [Times: user=0.00 sys=0.00, real=0.00 secs] 
2635.135: [GC (Allocation Failure) 2635.135: [ParNew: 81499K->0K(92160K), 0.0016613 secs] 82917K->1418K(194560K), 0.0018170 secs] [Times: user=0.00 sys=0.00, real=0.00 secs] 
2637.136: [GC (Allocation Failure) 2637.136: [ParNew: 81499K->0K(92160K), 0.0018100 secs] 82917K->1418K(194560K), 0.0019663 secs] [Times: user=0.00 sys=0.00, real=0.00 secs] 
2638.152: [GC (Allocation Failure) 2638.152: [ParNew: 81499K->0K(92160K), 0.0007803 secs] 82917K->1418K(194560K), 0.0008421 secs] [Times: user=0.00 sys=0.00, real=0.00 secs] 
2640.160: [GC (Allocation Failure) 2640.160: [ParNew: 81499K->0K(92160K), 0.0005406 secs] 82917K->1418K(194560K), 0.0005930 secs] [Times: user=0.00 sys=0.00, real=0.00 secs] 
2642.166: [GC (Allocation Failure) 2642.166: [ParNew: 81499K->0K(92160K), 0.0017509 secs] 82917K->1418K(194560K), 0.0019149 secs] [Times: user=0.00 sys=0.00, real=0.00 secs] 
2643.194: [GC (Allocation Failure) 2643.194: [ParNew: 81499K->0K(92160K), 0.0013472 secs] 82917K->1418K(194560K), 0.0014705 secs] [Times: user=0.00 sys=0.00, real=0.00 secs] 
2645.195: [GC (Allocation Failure) 2645.195: [ParNew: 81499K->0K(92160K), 0.0009594 secs] 82917K->1418K(194560K), 0.0010303 secs] [Times: user=0.00 sys=0.00, real=0.00 secs] 
2646.203: [GC (Allocation Failure) 2646.203: [ParNew: 81499K->0K(92160K), 0.0007090 secs] 82917K->1418K(194560K), 0.0007756 secs] [Times: user=0.00 sys=0.00, real=0.00 secs] 
2648.207: [GC (Allocation Failure) 2648.208: [ParNew: 81499K->0K(92160K), 0.0011262 secs] 82917K->1418K(194560K), 0.0012051 secs] [Times: user=0.00 sys=0.00, real=0.00 secs] 
2649.222: [GC (Allocation Failure) 2649.222: [ParNew: 81499K->0K(92160K), 0.0004303 secs] 82917K->1418K(194560K), 0.0004816 secs] [Times: user=0.00 sys=0.00, real=0.00 secs] 
2651.237: [GC (Allocation Failure) 2651.237: [ParNew: 81499K->0K(92160K), 0.0005879 secs] 82917K->1418K(194560K), 0.0006455 secs] [Times: user=0.00 sys=0.00, real=0.00 secs] 
2653.239: [GC (Allocation Failure) 2653.239: [ParNew: 81499K->0K(92160K), 0.0009812 secs] 82917K->1418K(194560K), 0.0010530 secs] [Times: user=0.00 sys=0.00, real=0.00 secs] 
2654.246: [GC (Allocation Failure) 2654.246: [ParNew: 81499K->0K(92160K), 0.0007379 secs] 82917K->1418K(194560K), 0.0007882 secs] [Times: user=0.00 sys=0.00, real=0.00 secs] 
2656.252: [GC (Allocation Failure) 2656.252: [ParNew: 81499K->0K(92160K), 0.0007635 secs] 82917K->1418K(194560K), 0.0008412 secs] [Times: user=0.00 sys=0.00, real=0.00 secs] 
2657.260: [GC (Allocation Failure) 2657.260: [ParNew: 81499K->0K(92160K), 0.0007732 secs] 82917K->1418K(194560K), 0.0008393 secs] [Times: user=0.00 sys=0.00, real=0.00 secs] 
2659.271: [GC (Allocation Failure) 2659.271: [ParNew: 81499K->0K(92160K), 0.0007883 secs] 82917K->1418K(194560K), 0.0008584 secs] [Times: user=0.00 sys=0.00, real=0.00 secs] 
2660.273: [GC (Allocation Failure) 2660.273: [ParNew: 81499K->0K(92160K), 0.0005368 secs] 82917K->1418K(194560K), 0.0006075 secs] [Times: user=0.00 sys=0.00, real=0.00 secs] 
2662.280: [GC (Allocation Failure) 2662.280: [ParNew: 81499K->0K(92160K), 0.0007749 secs] 82917K->1418K(194560K), 0.0008469 secs] [Times: user=0.00 sys=0.00, real=0.00 secs] 
2664.285: [GC (Allocation Failure) 2664.285: [ParNew: 81499K->0K(92160K), 0.0008812 secs] 82917K->1418K(194560K), 0.0009513 secs] [Times: user=0.00 sys=0.00, real=0.00 secs] 
2665.292: [GC (Allocation Failure) 2665.292: [ParNew: 81499K->0K(92160K), 0.0006011 secs] 82917K->1418K(194560K), 0.0006712 secs] [Times: user=0.00 sys=0.00, real=0.00 secs] 
2667.301: [GC (Allocation Failure) 2667.301: [ParNew: 81499K->0K(92160K), 0.0007043 secs] 82917K->1418K(194560K), 0.0007807 secs] [Times: user=0.00 sys=0.00, real=0.00 secs] 
2668.304: [GC (Allocation Failure) 2668.304: [ParNew: 81499K->0K(92160K), 0.0006582 secs] 82917K->1418K(194560K), 0.0007273 secs] [Times: user=0.00 sys=0.00, real=0.00 secs] 
2670.313: [GC (Allocation Failure) 2670.313: [ParNew: 81499K->0K(92160K), 0.0011721 secs] 82917K->1418K(194560K), 0.0012493 secs] [Times: user=0.00 sys=0.00, real=0.00 secs] 
2672.319: [GC (Allocation Failure) 2672.319: [ParNew: 81499K->0K(92160K), 0.0007080 secs] 82917K->1418K(194560K), 0.0007786 secs] [Times: user=0.00 sys=0.00, real=0.00 secs] 
2673.327: [GC (Allocation Failure) 2673.327: [ParNew: 81499K->0K(92160K), 0.0013153 secs] 82917K->1418K(194560K), 0.0013935 secs] [Times: user=0.00 sys=0.00, real=0.00 secs] 
2675.348: [GC (Allocation Failure) 2675.348: [ParNew: 81499K->0K(92160K), 0.0009178 secs] 82917K->1418K(194560K), 0.0009989 secs] [Times: user=0.00 sys=0.00, real=0.00 secs] 
2676.359: [GC (Allocation Failure) 2676.359: [ParNew: 81499K->0K(92160K), 0.0010455 secs] 82917K->1418K(194560K), 0.0011389 secs] [Times: user=0.05 sys=0.02, real=0.00 secs] 
2678.371: [GC (Allocation Failure) 2678.371: [ParNew: 81499K->0K(92160K), 0.0013824 secs] 82917K->1418K(194560K), 0.0014790 secs] [Times: user=0.00 sys=0.00, real=0.00 secs] 
2679.385: [GC (Allocation Failure) 2679.385: [ParNew: 81499K->0K(92160K), 0.0011663 secs] 82917K->1418K(194560K), 0.0012641 secs] [Times: user=0.00 sys=0.00, real=0.00 secs] 
2681.410: [GC (Allocation Failure) 2681.411: [ParNew: 81499K->0K(92160K), 0.0005788 secs] 82917K->1418K(194560K), 0.0006549 secs] [Times: user=0.00 sys=0.00, real=0.00 secs] 
2683.414: [GC (Allocation Failure) 2683.415: [ParNew: 81499K->0K(92160K), 0.0010814 secs] 82917K->1418K(194560K), 0.0011993 secs] [Times: user=0.00 sys=0.00, real=0.00 secs] 
2684.423: [GC (Allocation Failure) 2684.423: [ParNew: 81499K->0K(92160K), 0.0006508 secs] 82917K->1418K(194560K), 0.0007118 secs] [Times: user=0.00 sys=0.00, real=0.00 secs] 
2686.432: [GC (Allocation Failure) 2686.432: [ParNew: 81499K->0K(92160K), 0.0009065 secs] 82917K->1418K(194560K), 0.0010381 secs] [Times: user=0.00 sys=0.00, real=0.00 secs] 
2687.438: [GC (Allocation Failure) 2687.438: [ParNew: 81499K->0K(92160K), 0.0009314 secs] 82917K->1418K(194560K), 0.0010551 secs] [Times: user=0.00 sys=0.00, real=0.00 secs] 
2689.446: [GC (Allocation Failure) 2689.446: [ParNew: 81499K->0K(92160K), 0.0017454 secs] 82917K->1418K(194560K), 0.0019197 secs] [Times: user=0.00 sys=0.00, real=0.00 secs] 
2690.459: [GC (Allocation Failure) 2690.459: [ParNew: 81499K->0K(92160K), 0.0013154 secs] 82917K->1418K(194560K), 0.0014278 secs] [Times: user=0.00 sys=0.00, real=0.00 secs] 
2692.476: [GC (Allocation Failure) 2692.477: [ParNew: 81499K->0K(92160K), 0.0017012 secs] 82917K->1418K(194560K), 0.0018601 secs] [Times: user=0.00 sys=0.00, real=0.00 secs] 
2694.480: [GC (Allocation Failure) 2694.481: [ParNew: 81499K->0K(92160K), 0.0006568 secs] 82917K->1418K(194560K), 0.0007357 secs] [Times: user=0.00 sys=0.00, real=0.00 secs] 
2695.488: [GC (Allocation Failure) 2695.488: [ParNew: 81499K->0K(92160K), 0.0007419 secs] 82917K->1418K(194560K), 0.0008137 secs] [Times: user=0.00 sys=0.00, real=0.00 secs] 
2697.500: [GC (Allocation Failure) 2697.500: [ParNew: 81499K->0K(92160K), 0.0014924 secs] 82917K->1418K(194560K), 0.0016162 secs] [Times: user=0.02 sys=0.00, real=0.00 secs] 
2698.519: [GC (Allocation Failure) 2698.519: [ParNew: 81499K->0K(92160K), 0.0016778 secs] 82917K->1418K(194560K), 0.0018288 secs] [Times: user=0.00 sys=0.00, real=0.00 secs] 
2700.550: [GC (Allocation Failure) 2700.550: [ParNew: 81499K->0K(92160K), 0.0004959 secs] 82917K->1418K(194560K), 0.0005631 secs] [Times: user=0.00 sys=0.00, real=0.00 secs] 
2702.557: [GC (Allocation Failure) 2702.557: [ParNew: 81499K->0K(92160K), 0.0007805 secs] 82917K->1418K(194560K), 0.0008546 secs] [Times: user=0.00 sys=0.00, real=0.00 secs] 
2703.566: [GC (Allocation Failure) 2703.566: [ParNew: 81499K->0K(92160K), 0.0007230 secs] 82917K->1418K(194560K), 0.0007749 secs] [Times: user=0.00 sys=0.00, real=0.00 secs] 
2705.581: [GC (Allocation Failure) 2705.581: [ParNew: 81499K->0K(92160K), 0.0006630 secs] 82917K->1418K(194560K), 0.0007402 secs] [Times: user=0.00 sys=0.00, real=0.00 secs] 
2706.592: [GC (Allocation Failure) 2706.592: [ParNew: 81499K->0K(92160K), 0.0003946 secs] 82917K->1418K(194560K), 0.0004727 secs] [Times: user=0.00 sys=0.00, real=0.00 secs] 
2708.613: [GC (Allocation Failure) 2708.613: [ParNew: 81499K->0K(92160K), 0.0003711 secs] 82917K->1418K(194560K), 0.0004255 secs] [Times: user=0.00 sys=0.00, real=0.00 secs] 
2709.617: [GC (Allocation Failure) 2709.617: [ParNew: 81499K->0K(92160K), 0.0006420 secs] 82917K->1418K(194560K), 0.0006932 secs] [Times: user=0.00 sys=0.00, real=0.00 secs] 
2711.626: [GC (Allocation Failure) 2711.626: [ParNew: 81499K->0K(92160K), 0.0008973 secs] 82917K->1418K(194560K), 0.0009420 secs] [Times: user=0.00 sys=0.00, real=0.00 secs] 
2713.645: [GC (Allocation Failure) 2713.645: [ParNew: 81499K->0K(92160K), 0.0016011 secs] 82917K->1418K(194560K), 0.0017309 secs] [Times: user=0.00 sys=0.00, real=0.00 secs] 
2714.654: [GC (Allocation Failure) 2714.654: [ParNew: 81499K->0K(92160K), 0.0012096 secs] 82917K->1418K(194560K), 0.0013040 secs] [Times: user=0.00 sys=0.00, real=0.00 secs] 
2716.662: [GC (Allocation Failure) 2716.662: [ParNew: 81499K->0K(92160K), 0.0006698 secs] 82917K->1418K(194560K), 0.0007195 secs] [Times: user=0.00 sys=0.00, real=0.00 secs] 
2717.675: [GC (Allocation Failure) 2717.675: [ParNew: 81499K->0K(92160K), 0.0017911 secs] 82917K->1418K(194560K), 0.0019490 secs] [Times: user=0.00 sys=0.00, real=0.00 secs] 
2719.692: [GC (Allocation Failure) 2719.692: [ParNew: 81499K->0K(92160K), 0.0006229 secs] 82917K->1418K(194560K), 0.0006742 secs] [Times: user=0.00 sys=0.00, real=0.00 secs] 
2721.704: [GC (Allocation Failure) 2721.704: [ParNew: 81499K->0K(92160K), 0.0019614 secs] 82917K->1418K(194560K), 0.0021308 secs] [Times: user=0.00 sys=0.00, real=0.00 secs] 
2722.717: [GC (Allocation Failure) 2722.717: [ParNew: 81499K->0K(92160K), 0.0004594 secs] 82917K->1418K(194560K), 0.0005311 secs] [Times: user=0.00 sys=0.00, real=0.00 secs] 
2724.727: [GC (Allocation Failure) 2724.727: [ParNew: 81499K->0K(92160K), 0.0009288 secs] 82917K->1418K(194560K), 0.0010404 secs] [Times: user=0.00 sys=0.00, real=0.00 secs] 
2725.736: [GC (Allocation Failure) 2725.736: [ParNew: 81499K->0K(92160K), 0.0009366 secs] 82917K->1418K(194560K), 0.0010674 secs] [Times: user=0.00 sys=0.00, real=0.00 secs] 
2727.757: [GC (Allocation Failure) 2727.757: [ParNew: 81499K->0K(92160K), 0.0019773 secs] 82917K->1418K(194560K), 0.0021373 secs] [Times: user=0.00 sys=0.00, real=0.00 secs] 
2728.758: [GC (Allocation Failure) 2728.758: [ParNew: 81499K->0K(92160K), 0.0007011 secs] 82917K->1418K(194560K), 0.0007503 secs] [Times: user=0.00 sys=0.00, real=0.00 secs] 
2730.775: [GC (Allocation Failure) 2730.775: [ParNew: 81499K->0K(92160K), 0.0016024 secs] 82917K->1418K(194560K), 0.0017652 secs] [Times: user=0.00 sys=0.00, real=0.00 secs] 
2732.801: [GC (Allocation Failure) 2732.801: [ParNew: 81499K->0K(92160K), 0.0017659 secs] 82917K->1418K(194560K), 0.0019214 secs] [Times: user=0.00 sys=0.00, real=0.00 secs] 
2733.809: [GC (Allocation Failure) 2733.809: [ParNew: 81499K->0K(92160K), 0.0007058 secs] 82917K->1418K(194560K), 0.0007552 secs] [Times: user=0.00 sys=0.00, real=0.00 secs] 
2735.832: [GC (Allocation Failure) 2735.832: [ParNew: 81499K->0K(92160K), 0.0019548 secs] 82917K->1418K(194560K), 0.0021182 secs] [Times: user=0.00 sys=0.00, real=0.00 secs] 
2736.839: [GC (Allocation Failure) 2736.839: [ParNew: 81499K->0K(92160K), 0.0017452 secs] 82917K->1418K(194560K), 0.0019062 secs] [Times: user=0.00 sys=0.00, real=0.00 secs] 
2738.856: [GC (Allocation Failure) 2738.856: [ParNew: 81499K->0K(92160K), 0.0012585 secs] 82917K->1418K(194560K), 0.0013616 secs] [Times: user=0.00 sys=0.00, real=0.00 secs] 
2739.880: [GC (Allocation Failure) 2739.880: [ParNew: 81499K->0K(92160K), 0.0004688 secs] 82917K->1418K(194560K), 0.0005193 secs] [Times: user=0.00 sys=0.00, real=0.00 secs] 
2741.884: [GC (Allocation Failure) 2741.884: [ParNew: 81499K->0K(92160K), 0.0003472 secs] 82917K->1418K(194560K), 0.0003979 secs] [Times: user=0.00 sys=0.00, real=0.00 secs] 
2743.891: [GC (Allocation Failure) 2743.891: [ParNew: 81499K->0K(92160K), 0.0017881 secs] 82917K->1418K(194560K), 0.0019390 secs] [Times: user=0.00 sys=0.00, real=0.00 secs] 
2744.905: [GC (Allocation Failure) 2744.905: [ParNew: 81499K->0K(92160K), 0.0014096 secs] 82917K->1418K(194560K), 0.0015826 secs] [Times: user=0.02 sys=0.00, real=0.00 secs] 
2746.927: [GC (Allocation Failure) 2746.927: [ParNew: 81499K->0K(92160K), 0.0017590 secs] 82917K->1418K(194560K), 0.0019125 secs] [Times: user=0.00 sys=0.00, real=0.00 secs] 
2747.934: [GC (Allocation Failure) 2747.934: [ParNew: 81499K->0K(92160K), 0.0018923 secs] 82917K->1418K(194560K), 0.0020507 secs] [Times: user=0.00 sys=0.00, real=0.00 secs] 
2749.946: [GC (Allocation Failure) 2749.946: [ParNew: 81499K->0K(92160K), 0.0003748 secs] 82917K->1418K(194560K), 0.0004301 secs] [Times: user=0.00 sys=0.00, real=0.00 secs] 
2751.956: [GC (Allocation Failure) 2751.956: [ParNew: 81499K->0K(92160K), 0.0018560 secs] 82917K->1418K(194560K), 0.0020156 secs] [Times: user=0.00 sys=0.00, real=0.00 secs] 
2752.977: [GC (Allocation Failure) 2752.977: [ParNew: 81499K->0K(92160K), 0.0016083 secs] 82917K->1418K(194560K), 0.0017146 secs] [Times: user=0.00 sys=0.00, real=0.00 secs] 
2754.989: [GC (Allocation Failure) 2754.989: [ParNew: 81499K->0K(92160K), 0.0014592 secs] 82917K->1418K(194560K), 0.0016149 secs] [Times: user=0.00 sys=0.00, real=0.00 secs] 
2756.008: [GC (Allocation Failure) 2756.009: [ParNew: 81499K->0K(92160K), 0.0015678 secs] 82917K->1418K(194560K), 0.0017258 secs] [Times: user=0.00 sys=0.00, real=0.00 secs] 
2758.029: [GC (Allocation Failure) 2758.029: [ParNew: 81499K->0K(92160K), 0.0006050 secs] 82917K->1418K(194560K), 0.0007338 secs] [Times: user=0.00 sys=0.00, real=0.00 secs] 
2759.037: [GC (Allocation Failure) 2759.037: [ParNew: 81499K->0K(92160K), 0.0004314 secs] 82917K->1418K(194560K), 0.0005007 secs] [Times: user=0.00 sys=0.00, real=0.00 secs] 
2761.055: [GC (Allocation Failure) 2761.055: [ParNew: 81499K->0K(92160K), 0.0013394 secs] 82917K->1418K(194560K), 0.0014948 secs] [Times: user=0.00 sys=0.00, real=0.00 secs] 
2763.060: [GC (Allocation Failure) 2763.060: [ParNew: 81499K->0K(92160K), 0.0016904 secs] 82917K->1418K(194560K), 0.0018470 secs] [Times: user=0.00 sys=0.00, real=0.00 secs] 
2764.075: [GC (Allocation Failure) 2764.075: [ParNew: 81499K->0K(92160K), 0.0016302 secs] 82917K->1418K(194560K), 0.0017806 secs] [Times: user=0.00 sys=0.00, real=0.00 secs] 
2766.094: [GC (Allocation Failure) 2766.094: [ParNew: 81499K->0K(92160K), 0.0008051 secs] 82917K->1418K(194560K), 0.0009203 secs] [Times: user=0.00 sys=0.00, real=0.00 secs] 
2767.116: [GC (Allocation Failure) 2767.116: [ParNew: 81499K->0K(92160K), 0.0011380 secs] 82917K->1418K(194560K), 0.0012187 secs] [Times: user=0.00 sys=0.00, real=0.00 secs] 
2769.117: [GC (Allocation Failure) 2769.117: [ParNew: 81499K->0K(92160K), 0.0004185 secs] 82917K->1418K(194560K), 0.0004915 secs] [Times: user=0.00 sys=0.00, real=0.00 secs] 
2770.123: [GC (Allocation Failure) 2770.123: [ParNew: 81499K->0K(92160K), 0.0003990 secs] 82917K->1418K(194560K), 0.0004778 secs] [Times: user=0.00 sys=0.00, real=0.00 secs] 
2772.129: [GC (Allocation Failure) 2772.129: [ParNew: 81499K->0K(92160K), 0.0011809 secs] 82917K->1418K(194560K), 0.0012592 secs] [Times: user=0.00 sys=0.00, real=0.00 secs] 
2774.145: [GC (Allocation Failure) 2774.145: [ParNew: 81499K->0K(92160K), 0.0015874 secs] 82917K->1418K(194560K), 0.0017389 secs] [Times: user=0.00 sys=0.00, real=0.00 secs] 
2775.145: [GC (Allocation Failure) 2775.145: [ParNew: 81499K->0K(92160K), 0.0007192 secs] 82917K->1418K(194560K), 0.0008009 secs] [Times: user=0.00 sys=0.00, real=0.00 secs] 
2777.162: [GC (Allocation Failure) 2777.162: [ParNew: 81499K->0K(92160K), 0.0019118 secs] 82917K->1418K(194560K), 0.0020769 secs] [Times: user=0.00 sys=0.00, real=0.00 secs] 
2778.175: [GC (Allocation Failure) 2778.175: [ParNew: 81499K->0K(92160K), 0.0007172 secs] 82917K->1418K(194560K), 0.0007854 secs] [Times: user=0.00 sys=0.00, real=0.00 secs] 
2780.185: [GC (Allocation Failure) 2780.185: [ParNew: 81499K->0K(92160K), 0.0012802 secs] 82917K->1418K(194560K), 0.0014242 secs] [Times: user=0.00 sys=0.00, real=0.00 secs] 
2782.192: [GC (Allocation Failure) 2782.192: [ParNew: 81499K->0K(92160K), 0.0006984 secs] 82917K->1418K(194560K), 0.0007715 secs] [Times: user=0.00 sys=0.00, real=0.00 secs] 
2783.204: [GC (Allocation Failure) 2783.204: [ParNew: 81499K->0K(92160K), 0.0020083 secs] 82917K->1418K(194560K), 0.0021671 secs] [Times: user=0.00 sys=0.00, real=0.00 secs] 
2785.236: [GC (Allocation Failure) 2785.236: [ParNew: 81499K->0K(92160K), 0.0006725 secs] 82917K->1418K(194560K), 0.0007373 secs] [Times: user=0.00 sys=0.00, real=0.00 secs] 
2786.239: [GC (Allocation Failure) 2786.239: [ParNew: 81499K->0K(92160K), 0.0005642 secs] 82917K->1418K(194560K), 0.0006300 secs] [Times: user=0.00 sys=0.00, real=0.00 secs] 
2788.246: [GC (Allocation Failure) 2788.246: [ParNew: 81499K->0K(92160K), 0.0004591 secs] 82917K->1418K(194560K), 0.0005113 secs] [Times: user=0.00 sys=0.00, real=0.00 secs] 
2789.257: [GC (Allocation Failure) 2789.257: [ParNew: 81499K->0K(92160K), 0.0007938 secs] 82917K->1418K(194560K), 0.0008561 secs] [Times: user=0.00 sys=0.00, real=0.00 secs] 
2791.260: [GC (Allocation Failure) 2791.260: [ParNew: 81499K->0K(92160K), 0.0007813 secs] 82917K->1418K(194560K), 0.0008273 secs] [Times: user=0.00 sys=0.00, real=0.00 secs] 
2793.268: [GC (Allocation Failure) 2793.268: [ParNew: 81499K->0K(92160K), 0.0006486 secs] 82917K->1418K(194560K), 0.0007197 secs] [Times: user=0.00 sys=0.00, real=0.00 secs] 
2794.271: [GC (Allocation Failure) 2794.271: [ParNew: 81499K->0K(92160K), 0.0007840 secs] 82917K->1418K(194560K), 0.0008546 secs] [Times: user=0.00 sys=0.00, real=0.00 secs] 
2796.279: [GC (Allocation Failure) 2796.279: [ParNew: 81499K->0K(92160K), 0.0007334 secs] 82917K->1418K(194560K), 0.0008003 secs] [Times: user=0.00 sys=0.00, real=0.00 secs] 
2797.302: [GC (Allocation Failure) 2797.302: [ParNew: 81499K->0K(92160K), 0.0008005 secs] 82917K->1418K(194560K), 0.0008718 secs] [Times: user=0.00 sys=0.00, real=0.00 secs] 
2799.305: [GC (Allocation Failure) 2799.305: [ParNew: 81499K->0K(92160K), 0.0007114 secs] 82917K->1418K(194560K), 0.0007832 secs] [Times: user=0.00 sys=0.00, real=0.00 secs] 
2801.313: [GC (Allocation Failure) 2801.313: [ParNew: 81499K->0K(92160K), 0.0006325 secs] 82917K->1418K(194560K), 0.0006941 secs] [Times: user=0.00 sys=0.00, real=0.00 secs] 
2802.319: [GC (Allocation Failure) 2802.319: [ParNew: 81499K->0K(92160K), 0.0008386 secs] 82917K->1418K(194560K), 0.0009155 secs] [Times: user=0.00 sys=0.00, real=0.00 secs] 
2804.331: [GC (Allocation Failure) 2804.331: [ParNew: 81499K->0K(92160K), 0.0006641 secs] 82917K->1418K(194560K), 0.0007628 secs] [Times: user=0.00 sys=0.00, real=0.00 secs] 
2805.336: [GC (Allocation Failure) 2805.336: [ParNew: 81499K->0K(92160K), 0.0009485 secs] 82917K->1418K(194560K), 0.0010364 secs] [Times: user=0.00 sys=0.00, real=0.00 secs] 
2807.345: [GC (Allocation Failure) 2807.345: [ParNew: 81499K->0K(92160K), 0.0006544 secs] 82917K->1418K(194560K), 0.0007326 secs] [Times: user=0.00 sys=0.00, real=0.00 secs] 
2808.367: [GC (Allocation Failure) 2808.367: [ParNew: 81499K->0K(92160K), 0.0007900 secs] 82917K->1418K(194560K), 0.0008821 secs] [Times: user=0.00 sys=0.00, real=0.00 secs] 
2810.370: [GC (Allocation Failure) 2810.370: [ParNew: 81499K->0K(92160K), 0.0007989 secs] 82917K->1418K(194560K), 0.0009014 secs] [Times: user=0.00 sys=0.00, real=0.00 secs] 
2812.393: [GC (Allocation Failure) 2812.393: [ParNew: 81499K->0K(92160K), 0.0014812 secs] 82917K->1418K(194560K), 0.0016137 secs] [Times: user=0.00 sys=0.00, real=0.00 secs] 
2813.396: [GC (Allocation Failure) 2813.396: [ParNew: 81499K->0K(92160K), 0.0004977 secs] 82917K->1418K(194560K), 0.0005611 secs] [Times: user=0.00 sys=0.00, real=0.00 secs] 
2815.404: [GC (Allocation Failure) 2815.404: [ParNew: 81499K->0K(92160K), 0.0009787 secs] 82917K->1418K(194560K), 0.0010473 secs] [Times: user=0.00 sys=0.00, real=0.00 secs] 
2816.426: [GC (Allocation Failure) 2816.426: [ParNew: 81499K->0K(92160K), 0.0006986 secs] 82917K->1418K(194560K), 0.0007654 secs] [Times: user=0.00 sys=0.00, real=0.00 secs] 
2818.434: [GC (Allocation Failure) 2818.434: [ParNew: 81499K->0K(92160K), 0.0010551 secs] 82917K->1418K(194560K), 0.0011565 secs] [Times: user=0.00 sys=0.00, real=0.00 secs] 
2819.447: [GC (Allocation Failure) 2819.447: [ParNew: 81499K->0K(92160K), 0.0008746 secs] 82917K->1418K(194560K), 0.0009838 secs] [Times: user=0.00 sys=0.00, real=0.00 secs] 
2821.459: [GC (Allocation Failure) 2821.460: [ParNew: 81499K->0K(92160K), 0.0007331 secs] 82917K->1418K(194560K), 0.0008259 secs] [Times: user=0.00 sys=0.00, real=0.00 secs] 
2823.469: [GC (Allocation Failure) 2823.469: [ParNew: 81499K->0K(92160K), 0.0007780 secs] 82917K->1418K(194560K), 0.0008550 secs] [Times: user=0.00 sys=0.00, real=0.00 secs] 
2824.489: [GC (Allocation Failure) 2824.489: [ParNew: 81499K->0K(92160K), 0.0006250 secs] 82917K->1418K(194560K), 0.0006898 secs] [Times: user=0.00 sys=0.00, real=0.00 secs] 
2826.490: [GC (Allocation Failure) 2826.490: [ParNew: 81499K->0K(92160K), 0.0004583 secs] 82917K->1418K(194560K), 0.0005064 secs] [Times: user=0.00 sys=0.00, real=0.00 secs] 
2827.495: [GC (Allocation Failure) 2827.495: [ParNew: 81499K->0K(92160K), 0.0008584 secs] 82917K->1418K(194560K), 0.0009048 secs] [Times: user=0.00 sys=0.00, real=0.00 secs] 
2829.507: [GC (Allocation Failure) 2829.507: [ParNew: 81499K->0K(92160K), 0.0007124 secs] 82917K->1418K(194560K), 0.0007620 secs] [Times: user=0.00 sys=0.00, real=0.00 secs] 
2831.514: [GC (Allocation Failure) 2831.514: [ParNew: 81499K->0K(92160K), 0.0011199 secs] 82917K->1418K(194560K), 0.0012198 secs] [Times: user=0.00 sys=0.00, real=0.00 secs] 
2832.535: [GC (Allocation Failure) 2832.535: [ParNew: 81499K->0K(92160K), 0.0003648 secs] 82917K->1418K(194560K), 0.0004166 secs] [Times: user=0.00 sys=0.00, real=0.00 secs] 
2834.539: [GC (Allocation Failure) 2834.539: [ParNew: 81499K->0K(92160K), 0.0005730 secs] 82917K->1418K(194560K), 0.0006253 secs] [Times: user=0.00 sys=0.00, real=0.00 secs] 
2835.548: [GC (Allocation Failure) 2835.548: [ParNew: 81499K->0K(92160K), 0.0006278 secs] 82917K->1418K(194560K), 0.0006775 secs] [Times: user=0.00 sys=0.00, real=0.00 secs] 
2837.557: [GC (Allocation Failure) 2837.558: [ParNew: 81499K->0K(92160K), 0.0007501 secs] 82917K->1418K(194560K), 0.0008130 secs] [Times: user=0.00 sys=0.00, real=0.00 secs] 
2838.572: [GC (Allocation Failure) 2838.572: [ParNew: 81499K->0K(92160K), 0.0013242 secs] 82917K->1418K(194560K), 0.0015219 secs] [Times: user=0.00 sys=0.00, real=0.00 secs] 
2840.597: [GC (Allocation Failure) 2840.597: [ParNew: 81499K->0K(92160K), 0.0004877 secs] 82917K->1418K(194560K), 0.0005410 secs] [Times: user=0.00 sys=0.00, real=0.00 secs] 
2842.604: [GC (Allocation Failure) 2842.604: [ParNew: 81499K->0K(92160K), 0.0005141 secs] 82917K->1418K(194560K), 0.0005620 secs] [Times: user=0.00 sys=0.00, real=0.00 secs] 
2843.609: [GC (Allocation Failure) 2843.609: [ParNew: 81499K->0K(92160K), 0.0009296 secs] 82917K->1418K(194560K), 0.0009799 secs] [Times: user=0.00 sys=0.00, real=0.00 secs] 
2845.629: [GC (Allocation Failure) 2845.629: [ParNew: 81499K->0K(92160K), 0.0008199 secs] 82917K->1418K(194560K), 0.0008909 secs] [Times: user=0.00 sys=0.00, real=0.00 secs] 
2846.636: [GC (Allocation Failure) 2846.636: [ParNew: 81499K->0K(92160K), 0.0005594 secs] 82917K->1418K(194560K), 0.0006517 secs] [Times: user=0.00 sys=0.00, real=0.00 secs] 
2848.660: [GC (Allocation Failure) 2848.660: [ParNew: 81499K->0K(92160K), 0.0003560 secs] 82917K->1418K(194560K), 0.0004098 secs] [Times: user=0.00 sys=0.00, real=0.00 secs] 
2849.664: [GC (Allocation Failure) 2849.664: [ParNew: 81499K->0K(92160K), 0.0005374 secs] 82917K->1418K(194560K), 0.0006081 secs] [Times: user=0.00 sys=0.00, real=0.00 secs] 
2851.673: [GC (Allocation Failure) 2851.673: [ParNew: 81499K->0K(92160K), 0.0007741 secs] 82917K->1418K(194560K), 0.0008250 secs] [Times: user=0.00 sys=0.00, real=0.00 secs] 
2853.692: [GC (Allocation Failure) 2853.692: [ParNew: 81499K->0K(92160K), 0.0006961 secs] 82917K->1418K(194560K), 0.0007477 secs] [Times: user=0.00 sys=0.00, real=0.00 secs] 
2854.705: [GC (Allocation Failure) 2854.705: [ParNew: 81499K->0K(92160K), 0.0017103 secs] 82917K->1418K(194560K), 0.0018657 secs] [Times: user=0.00 sys=0.00, real=0.00 secs] 
2856.724: [GC (Allocation Failure) 2856.724: [ParNew: 81499K->0K(92160K), 0.0017155 secs] 82917K->1418K(194560K), 0.0018695 secs] [Times: user=0.00 sys=0.00, real=0.00 secs] 
2857.731: [GC (Allocation Failure) 2857.731: [ParNew: 81499K->0K(92160K), 0.0019428 secs] 82917K->1418K(194560K), 0.0020984 secs] [Times: user=0.00 sys=0.00, real=0.00 secs] 
2859.749: [GC (Allocation Failure) 2859.749: [ParNew: 81499K->0K(92160K), 0.0016655 secs] 82917K->1418K(194560K), 0.0018240 secs] [Times: user=0.00 sys=0.02, real=0.00 secs] 
2861.768: [GC (Allocation Failure) 2861.768: [ParNew: 81499K->0K(92160K), 0.0010990 secs] 82917K->1418K(194560K), 0.0011929 secs] [Times: user=0.00 sys=0.00, real=0.00 secs] 
2862.783: [GC (Allocation Failure) 2862.783: [ParNew: 81499K->0K(92160K), 0.0016566 secs] 82917K->1418K(194560K), 0.0018194 secs] [Times: user=0.00 sys=0.00, real=0.00 secs] 
2864.801: [GC (Allocation Failure) 2864.801: [ParNew: 81499K->0K(92160K), 0.0015736 secs] 82917K->1418K(194560K), 0.0016953 secs] [Times: user=0.00 sys=0.00, real=0.00 secs] 
2865.806: [GC (Allocation Failure) 2865.806: [ParNew: 81499K->0K(92160K), 0.0012649 secs] 82917K->1418K(194560K), 0.0013973 secs] [Times: user=0.00 sys=0.00, real=0.00 secs] 
2867.822: [GC (Allocation Failure) 2867.822: [ParNew: 81499K->0K(92160K), 0.0006079 secs] 82917K->1418K(194560K), 0.0006596 secs] [Times: user=0.00 sys=0.00, real=0.00 secs] 
2868.835: [GC (Allocation Failure) 2868.835: [ParNew: 81499K->0K(92160K), 0.0016886 secs] 82917K->1418K(194560K), 0.0018397 secs] [Times: user=0.00 sys=0.00, real=0.00 secs] 
2870.852: [GC (Allocation Failure) 2870.852: [ParNew: 81499K->0K(92160K), 0.0006404 secs] 82917K->1418K(194560K), 0.0006907 secs] [Times: user=0.00 sys=0.00, real=0.00 secs] 
2872.862: [GC (Allocation Failure) 2872.862: [ParNew: 81499K->0K(92160K), 0.0020443 secs] 82917K->1418K(194560K), 0.0022040 secs] [Times: user=0.00 sys=0.00, real=0.00 secs] 
2873.882: [GC (Allocation Failure) 2873.882: [ParNew: 81499K->0K(92160K), 0.0017737 secs] 82917K->1418K(194560K), 0.0019395 secs] [Times: user=0.00 sys=0.00, real=0.00 secs] 
2875.902: [GC (Allocation Failure) 2875.902: [ParNew: 81499K->0K(92160K), 0.0010899 secs] 82917K->1418K(194560K), 0.0012276 secs] [Times: user=0.00 sys=0.00, real=0.00 secs] 
2876.910: [GC (Allocation Failure) 2876.910: [ParNew: 81499K->0K(92160K), 0.0003910 secs] 82917K->1418K(194560K), 0.0004431 secs] [Times: user=0.00 sys=0.00, real=0.00 secs] 
2878.928: [GC (Allocation Failure) 2878.929: [ParNew: 81499K->0K(92160K), 0.0019251 secs] 82917K->1418K(194560K), 0.0020807 secs] [Times: user=0.00 sys=0.00, real=0.00 secs] 
2880.939: [GC (Allocation Failure) 2880.939: [ParNew: 81499K->0K(92160K), 0.0007589 secs] 82917K->1418K(194560K), 0.0008270 secs] [Times: user=0.00 sys=0.00, real=0.00 secs] 
2881.951: [GC (Allocation Failure) 2881.951: [ParNew: 81499K->0K(92160K), 0.0014169 secs] 82917K->1418K(194560K), 0.0017287 secs] [Times: user=0.00 sys=0.00, real=0.00 secs] 
2883.972: [GC (Allocation Failure) 2883.972: [ParNew: 81499K->0K(92160K), 0.0014289 secs] 82917K->1418K(194560K), 0.0015861 secs] [Times: user=0.00 sys=0.00, real=0.00 secs] 
2884.979: [GC (Allocation Failure) 2884.979: [ParNew: 81499K->0K(92160K), 0.0006590 secs] 82917K->1418K(194560K), 0.0007193 secs] [Times: user=0.00 sys=0.00, real=0.00 secs] 
2886.987: [GC (Allocation Failure) 2886.987: [ParNew: 81499K->0K(92160K), 0.0007599 secs] 82917K->1418K(194560K), 0.0008572 secs] [Times: user=0.00 sys=0.00, real=0.00 secs] 
2888.012: [GC (Allocation Failure) 2888.012: [ParNew: 81499K->0K(92160K), 0.0014074 secs] 82917K->1418K(194560K), 0.0015567 secs] [Times: user=0.00 sys=0.00, real=0.00 secs] 
2890.012: [GC (Allocation Failure) 2890.012: [ParNew: 81499K->0K(92160K), 0.0007450 secs] 82917K->1418K(194560K), 0.0008129 secs] [Times: user=0.00 sys=0.00, real=0.00 secs] 
2892.022: [GC (Allocation Failure) 2892.022: [ParNew: 81499K->0K(92160K), 0.0019201 secs] 82917K->1418K(194560K), 0.0020786 secs] [Times: user=0.00 sys=0.00, real=0.00 secs] 
2893.043: [GC (Allocation Failure) 2893.044: [ParNew: 81499K->0K(92160K), 0.0009221 secs] 82917K->1418K(194560K), 0.0010422 secs] [Times: user=0.00 sys=0.00, real=0.00 secs] 
2895.065: [GC (Allocation Failure) 2895.065: [ParNew: 81499K->0K(92160K), 0.0005433 secs] 82917K->1418K(194560K), 0.0005939 secs] [Times: user=0.00 sys=0.00, real=0.00 secs] 
2896.068: [GC (Allocation Failure) 2896.068: [ParNew: 81499K->0K(92160K), 0.0008172 secs] 82917K->1418K(194560K), 0.0008868 secs] [Times: user=0.00 sys=0.00, real=0.00 secs] 
2898.080: [GC (Allocation Failure) 2898.080: [ParNew: 81499K->0K(92160K), 0.0008125 secs] 82917K->1418K(194560K), 0.0008609 secs] [Times: user=0.00 sys=0.00, real=0.00 secs] 
2899.086: [GC (Allocation Failure) 2899.086: [ParNew: 81499K->0K(92160K), 0.0007280 secs] 82917K->1418K(194560K), 0.0008035 secs] [Times: user=0.00 sys=0.00, real=0.00 secs] 
2901.095: [GC (Allocation Failure) 2901.095: [ParNew: 81499K->0K(92160K), 0.0006851 secs] 82917K->1418K(194560K), 0.0007349 secs] [Times: user=0.00 sys=0.00, real=0.00 secs] 
2903.112: [GC (Allocation Failure) 2903.112: [ParNew: 81499K->0K(92160K), 0.0017343 secs] 82917K->1418K(194560K), 0.0018873 secs] [Times: user=0.00 sys=0.00, real=0.00 secs] 
2904.121: [GC (Allocation Failure) 2904.121: [ParNew: 81499K->0K(92160K), 0.0008157 secs] 82917K->1418K(194560K), 0.0008643 secs] [Times: user=0.00 sys=0.00, real=0.00 secs] 
2906.129: [GC (Allocation Failure) 2906.129: [ParNew: 81499K->0K(92160K), 0.0008421 secs] 82917K->1418K(194560K), 0.0009449 secs] [Times: user=0.00 sys=0.00, real=0.00 secs] 
2907.144: [GC (Allocation Failure) 2907.145: [ParNew: 81499K->0K(92160K), 0.0007000 secs] 82917K->1418K(194560K), 0.0007605 secs] [Times: user=0.00 sys=0.00, real=0.00 secs] 
2909.163: [GC (Allocation Failure) 2909.164: [ParNew: 81499K->0K(92160K), 0.0019061 secs] 82917K->1418K(194560K), 0.0020646 secs] [Times: user=0.00 sys=0.00, real=0.00 secs] 
2911.176: [GC (Allocation Failure) 2911.176: [ParNew: 81499K->0K(92160K), 0.0010350 secs] 82917K->1418K(194560K), 0.0011373 secs] [Times: user=0.00 sys=0.00, real=0.00 secs] 
2912.186: [GC (Allocation Failure) 2912.186: [ParNew: 81499K->0K(92160K), 0.0006815 secs] 82917K->1418K(194560K), 0.0007312 secs] [Times: user=0.00 sys=0.00, real=0.00 secs] 
2914.195: [GC (Allocation Failure) 2914.195: [ParNew: 81499K->0K(92160K), 0.0004631 secs] 82917K->1418K(194560K), 0.0005191 secs] [Times: user=0.00 sys=0.00, real=0.00 secs] 
2915.215: [GC (Allocation Failure) 2915.215: [ParNew: 81499K->0K(92160K), 0.0017563 secs] 82917K->1418K(194560K), 0.0019136 secs] [Times: user=0.00 sys=0.00, real=0.00 secs] 
2917.223: [GC (Allocation Failure) 2917.223: [ParNew: 81499K->0K(92160K), 0.0006985 secs] 82917K->1418K(194560K), 0.0007491 secs] [Times: user=0.00 sys=0.00, real=0.00 secs] 
2918.229: [GC (Allocation Failure) 2918.229: [ParNew: 81499K->0K(92160K), 0.0004346 secs] 82917K->1418K(194560K), 0.0005059 secs] [Times: user=0.00 sys=0.00, real=0.00 secs] 
2920.237: [GC (Allocation Failure) 2920.237: [ParNew: 81499K->0K(92160K), 0.0005284 secs] 82917K->1418K(194560K), 0.0005941 secs] [Times: user=0.00 sys=0.00, real=0.00 secs] 
2922.238: [GC (Allocation Failure) 2922.238: [ParNew: 81499K->0K(92160K), 0.0006231 secs] 82917K->1418K(194560K), 0.0006870 secs] [Times: user=0.00 sys=0.00, real=0.00 secs] 
2923.244: [GC (Allocation Failure) 2923.244: [ParNew: 81499K->0K(92160K), 0.0006619 secs] 82917K->1418K(194560K), 0.0007483 secs] [Times: user=0.00 sys=0.00, real=0.00 secs] 
2925.252: [GC (Allocation Failure) 2925.252: [ParNew: 81499K->0K(92160K), 0.0008883 secs] 82917K->1418K(194560K), 0.0009656 secs] [Times: user=0.00 sys=0.00, real=0.00 secs] 
2926.260: [GC (Allocation Failure) 2926.260: [ParNew: 81499K->0K(92160K), 0.0007676 secs] 82917K->1418K(194560K), 0.0008308 secs] [Times: user=0.00 sys=0.00, real=0.00 secs] 
2928.270: [GC (Allocation Failure) 2928.270: [ParNew: 81499K->0K(92160K), 0.0007789 secs] 82917K->1418K(194560K), 0.0008466 secs] [Times: user=0.00 sys=0.00, real=0.00 secs] 
2929.278: [GC (Allocation Failure) 2929.278: [ParNew: 81499K->0K(92160K), 0.0006987 secs] 82917K->1418K(194560K), 0.0007700 secs] [Times: user=0.00 sys=0.00, real=0.00 secs] 
2931.299: [GC (Allocation Failure) 2931.299: [ParNew: 81499K->0K(92160K), 0.0003864 secs] 82917K->1418K(194560K), 0.0004333 secs] [Times: user=0.00 sys=0.00, real=0.00 secs] 
2933.304: [GC (Allocation Failure) 2933.304: [ParNew: 81499K->0K(92160K), 0.0006887 secs] 82917K->1418K(194560K), 0.0007612 secs] [Times: user=0.00 sys=0.00, real=0.00 secs] 
2934.312: [GC (Allocation Failure) 2934.312: [ParNew: 81499K->0K(92160K), 0.0009587 secs] 82917K->1418K(194560K), 0.0010256 secs] [Times: user=0.00 sys=0.00, real=0.00 secs] 
2936.317: [GC (Allocation Failure) 2936.317: [ParNew: 81499K->0K(92160K), 0.0006211 secs] 82917K->1418K(194560K), 0.0007047 secs] [Times: user=0.00 sys=0.00, real=0.00 secs] 
2937.326: [GC (Allocation Failure) 2937.326: [ParNew: 81499K->0K(92160K), 0.0006753 secs] 82917K->1418K(194560K), 0.0007533 secs] [Times: user=0.00 sys=0.00, real=0.00 secs] 
2939.336: [GC (Allocation Failure) 2939.336: [ParNew: 81499K->0K(92160K), 0.0009548 secs] 82917K->1418K(194560K), 0.0010342 secs] [Times: user=0.00 sys=0.00, real=0.00 secs] 
2941.347: [GC (Allocation Failure) 2941.347: [ParNew: 81499K->0K(92160K), 0.0004782 secs] 82917K->1418K(194560K), 0.0005390 secs] [Times: user=0.00 sys=0.00, real=0.00 secs] 
2942.364: [GC (Allocation Failure) 2942.364: [ParNew: 81499K->0K(92160K), 0.0006467 secs] 82917K->1418K(194560K), 0.0007148 secs] [Times: user=0.00 sys=0.00, real=0.00 secs] 
2944.370: [GC (Allocation Failure) 2944.370: [ParNew: 81499K->0K(92160K), 0.0008596 secs] 82917K->1418K(194560K), 0.0009370 secs] [Times: user=0.00 sys=0.00, real=0.00 secs] 
2945.380: [GC (Allocation Failure) 2945.380: [ParNew: 81499K->0K(92160K), 0.0011296 secs] 82917K->1418K(194560K), 0.0012147 secs] [Times: user=0.00 sys=0.00, real=0.00 secs] 
2947.387: [GC (Allocation Failure) 2947.387: [ParNew: 81499K->0K(92160K), 0.0005144 secs] 82917K->1418K(194560K), 0.0005653 secs] [Times: user=0.00 sys=0.00, real=0.00 secs] 
2948.393: [GC (Allocation Failure) 2948.393: [ParNew: 81499K->0K(92160K), 0.0005780 secs] 82917K->1418K(194560K), 0.0006436 secs] [Times: user=0.00 sys=0.00, real=0.00 secs] 
2950.412: [GC (Allocation Failure) 2950.412: [ParNew: 81499K->0K(92160K), 0.0012916 secs] 82917K->1418K(194560K), 0.0013972 secs] [Times: user=0.00 sys=0.00, real=0.00 secs] 
2952.421: [GC (Allocation Failure) 2952.421: [ParNew: 81499K->0K(92160K), 0.0008059 secs] 82917K->1418K(194560K), 0.0009099 secs] [Times: user=0.02 sys=0.00, real=0.00 secs] 
2953.429: [GC (Allocation Failure) 2953.429: [ParNew: 81499K->0K(92160K), 0.0005163 secs] 82917K->1418K(194560K), 0.0005652 secs] [Times: user=0.00 sys=0.00, real=0.00 secs] 
2955.438: [GC (Allocation Failure) 2955.438: [ParNew: 81499K->0K(92160K), 0.0007383 secs] 82917K->1418K(194560K), 0.0008264 secs] [Times: user=0.00 sys=0.00, real=0.00 secs] 
2956.459: [GC (Allocation Failure) 2956.459: [ParNew: 81499K->0K(92160K), 0.0005280 secs] 82917K->1418K(194560K), 0.0005807 secs] [Times: user=0.00 sys=0.00, real=0.00 secs] 
2958.474: [GC (Allocation Failure) 2958.474: [ParNew: 81499K->0K(92160K), 0.0004134 secs] 82917K->1418K(194560K), 0.0004801 secs] [Times: user=0.00 sys=0.00, real=0.00 secs] 
2960.488: [GC (Allocation Failure) 2960.488: [ParNew: 81499K->0K(92160K), 0.0016979 secs] 82917K->1418K(194560K), 0.0018566 secs] [Times: user=0.00 sys=0.00, real=0.00 secs] 
2961.506: [GC (Allocation Failure) 2961.506: [ParNew: 81499K->0K(92160K), 0.0013738 secs] 82917K->1418K(194560K), 0.0014795 secs] [Times: user=0.00 sys=0.00, real=0.00 secs] 
2963.515: [GC (Allocation Failure) 2963.515: [ParNew: 81499K->0K(92160K), 0.0016533 secs] 82917K->1418K(194560K), 0.0018117 secs] [Times: user=0.13 sys=0.00, real=0.00 secs] 
2964.532: [GC (Allocation Failure) 2964.532: [ParNew: 81499K->0K(92160K), 0.0014062 secs] 82917K->1418K(194560K), 0.0015334 secs] [Times: user=0.00 sys=0.00, real=0.00 secs] 
2966.551: [GC (Allocation Failure) 2966.551: [ParNew: 81499K->0K(92160K), 0.0007918 secs] 82917K->1418K(194560K), 0.0008426 secs] [Times: user=0.00 sys=0.00, real=0.00 secs] 
2967.565: [GC (Allocation Failure) 2967.565: [ParNew: 81499K->0K(92160K), 0.0015803 secs] 82917K->1418K(194560K), 0.0017330 secs] [Times: user=0.00 sys=0.00, real=0.00 secs] 
2969.582: [GC (Allocation Failure) 2969.582: [ParNew: 81499K->0K(92160K), 0.0007328 secs] 82917K->1418K(194560K), 0.0008027 secs] [Times: user=0.00 sys=0.00, real=0.00 secs] 
2971.593: [GC (Allocation Failure) 2971.593: [ParNew: 81499K->0K(92160K), 0.0014575 secs] 82917K->1418K(194560K), 0.0015850 secs] [Times: user=0.00 sys=0.00, real=0.00 secs] 
2972.608: [GC (Allocation Failure) 2972.608: [ParNew: 81499K->0K(92160K), 0.0019579 secs] 82917K->1418K(194560K), 0.0021120 secs] [Times: user=0.00 sys=0.00, real=0.00 secs] 
2974.629: [GC (Allocation Failure) 2974.629: [ParNew: 81499K->0K(92160K), 0.0009753 secs] 82917K->1418K(194560K), 0.0010807 secs] [Times: user=0.00 sys=0.00, real=0.00 secs] 
2975.637: [GC (Allocation Failure) 2975.637: [ParNew: 81499K->0K(92160K), 0.0008934 secs] 82917K->1418K(194560K), 0.0009465 secs] [Times: user=0.00 sys=0.00, real=0.00 secs] 
2977.647: [GC (Allocation Failure) 2977.647: [ParNew: 81499K->0K(92160K), 0.0016327 secs] 82917K->1418K(194560K), 0.0017948 secs] [Times: user=0.00 sys=0.00, real=0.00 secs] 
2978.667: [GC (Allocation Failure) 2978.667: [ParNew: 81499K->0K(92160K), 0.0014896 secs] 82917K->1418K(194560K), 0.0016439 secs] [Times: user=0.00 sys=0.00, real=0.00 secs] 
2980.691: [GC (Allocation Failure) 2980.691: [ParNew: 81499K->0K(92160K), 0.0005365 secs] 82917K->1418K(194560K), 0.0005906 secs] [Times: user=0.00 sys=0.00, real=0.00 secs] 
2982.703: [GC (Allocation Failure) 2982.703: [ParNew: 81499K->0K(92160K), 0.0018421 secs] 82917K->1418K(194560K), 0.0020470 secs] [Times: user=0.00 sys=0.00, real=0.00 secs] 
2983.711: [GC (Allocation Failure) 2983.711: [ParNew: 81499K->0K(92160K), 0.0006196 secs] 82917K->1418K(194560K), 0.0006725 secs] [Times: user=0.00 sys=0.00, real=0.00 secs] 
2985.720: [GC (Allocation Failure) 2985.720: [ParNew: 81499K->0K(92160K), 0.0004560 secs] 82917K->1418K(194560K), 0.0005070 secs] [Times: user=0.00 sys=0.00, real=0.00 secs] 
2986.726: [GC (Allocation Failure) 2986.726: [ParNew: 81499K->0K(92160K), 0.0008237 secs] 82917K->1418K(194560K), 0.0008731 secs] [Times: user=0.00 sys=0.00, real=0.00 secs] 
2988.739: [GC (Allocation Failure) 2988.740: [ParNew: 81499K->0K(92160K), 0.0012966 secs] 82917K->1418K(194560K), 0.0013993 secs] [Times: user=0.00 sys=0.00, real=0.00 secs] 
2990.742: [GC (Allocation Failure) 2990.742: [ParNew: 81499K->0K(92160K), 0.0014962 secs] 82917K->1418K(194560K), 0.0016937 secs] [Times: user=0.00 sys=0.00, real=0.00 secs] 
2991.757: [GC (Allocation Failure) 2991.757: [ParNew: 81499K->0K(92160K), 0.0005585 secs] 82917K->1418K(194560K), 0.0006056 secs] [Times: user=0.00 sys=0.00, real=0.00 secs] 
2993.765: [GC (Allocation Failure) 2993.766: [ParNew: 81499K->0K(92160K), 0.0008798 secs] 82917K->1418K(194560K), 0.0009699 secs] [Times: user=0.11 sys=0.00, real=0.00 secs] 
2994.775: [GC (Allocation Failure) 2994.775: [ParNew: 81499K->0K(92160K), 0.0008379 secs] 82917K->1418K(194560K), 0.0009198 secs] [Times: user=0.00 sys=0.00, real=0.00 secs] 
2996.786: [GC (Allocation Failure) 2996.786: [ParNew: 81499K->0K(92160K), 0.0014896 secs] 82917K->1418K(194560K), 0.0016212 secs] [Times: user=0.00 sys=0.00, real=0.00 secs] 
2997.797: [GC (Allocation Failure) 2997.797: [ParNew: 81499K->0K(92160K), 0.0008375 secs] 82917K->1418K(194560K), 0.0009023 secs] [Times: user=0.02 sys=0.00, real=0.00 secs] 
2999.816: [GC (Allocation Failure) 2999.816: [ParNew: 81499K->0K(92160K), 0.0007491 secs] 82917K->1418K(194560K), 0.0008968 secs] [Times: user=0.00 sys=0.00, real=0.00 secs] 
3001.820: [GC (Allocation Failure) 3001.820: [ParNew: 81499K->0K(92160K), 0.0005101 secs] 82917K->1418K(194560K), 0.0005568 secs] [Times: user=0.00 sys=0.00, real=0.00 secs] 
3002.827: [GC (Allocation Failure) 3002.827: [ParNew: 81499K->0K(92160K), 0.0008897 secs] 82917K->1418K(194560K), 0.0009710 secs] [Times: user=0.00 sys=0.00, real=0.00 secs] 
3004.837: [GC (Allocation Failure) 3004.837: [ParNew: 81499K->0K(92160K), 0.0018905 secs] 82917K->1418K(194560K), 0.0020469 secs] [Times: user=0.00 sys=0.00, real=0.00 secs] 
3005.851: [GC (Allocation Failure) 3005.851: [ParNew: 81499K->0K(92160K), 0.0007787 secs] 82917K->1418K(194560K), 0.0008547 secs] [Times: user=0.00 sys=0.00, real=0.00 secs] 
3007.865: [GC (Allocation Failure) 3007.865: [ParNew: 81499K->0K(92160K), 0.0012717 secs] 82917K->1418K(194560K), 0.0014426 secs] [Times: user=0.00 sys=0.00, real=0.00 secs] 
3008.876: [GC (Allocation Failure) 3008.876: [ParNew: 81499K->0K(92160K), 0.0004380 secs] 82917K->1418K(194560K), 0.0005075 secs] [Times: user=0.00 sys=0.00, real=0.00 secs] 
3010.885: [GC (Allocation Failure) 3010.885: [ParNew: 81499K->0K(92160K), 0.0008644 secs] 82917K->1418K(194560K), 0.0009141 secs] [Times: user=0.00 sys=0.00, real=0.00 secs] 
3012.893: [GC (Allocation Failure) 3012.893: [ParNew: 81499K->0K(92160K), 0.0006641 secs] 82917K->1418K(194560K), 0.0007337 secs] [Times: user=0.00 sys=0.00, real=0.00 secs] 
3013.915: [GC (Allocation Failure) 3013.915: [ParNew: 81499K->0K(92160K), 0.0016982 secs] 82917K->1418K(194560K), 0.0018512 secs] [Times: user=0.00 sys=0.00, real=0.00 secs] 
3015.942: [GC (Allocation Failure) 3015.942: [ParNew: 81499K->0K(92160K), 0.0016425 secs] 82917K->1418K(194560K), 0.0017972 secs] [Times: user=0.00 sys=0.00, real=0.00 secs] 
3016.952: [GC (Allocation Failure) 3016.952: [ParNew: 81499K->0K(92160K), 0.0004336 secs] 82917K->1418K(194560K), 0.0005096 secs] [Times: user=0.00 sys=0.00, real=0.00 secs] 
3018.960: [GC (Allocation Failure) 3018.960: [ParNew: 81499K->0K(92160K), 0.0009550 secs] 82917K->1418K(194560K), 0.0010253 secs] [Times: user=0.00 sys=0.00, real=0.00 secs] 
3020.968: [GC (Allocation Failure) 3020.968: [ParNew: 81499K->0K(92160K), 0.0009197 secs] 82917K->1418K(194560K), 0.0010240 secs] [Times: user=0.00 sys=0.00, real=0.00 secs] 
3021.991: [GC (Allocation Failure) 3021.991: [ParNew: 81499K->0K(92160K), 0.0010102 secs] 82917K->1418K(194560K), 0.0011446 secs] [Times: user=0.00 sys=0.00, real=0.00 secs] 
3023.992: [GC (Allocation Failure) 3023.992: [ParNew: 81499K->0K(92160K), 0.0008474 secs] 82917K->1418K(194560K), 0.0009449 secs] [Times: user=0.00 sys=0.00, real=0.00 secs] 
3025.002: [GC (Allocation Failure) 3025.002: [ParNew: 81499K->0K(92160K), 0.0008290 secs] 82917K->1418K(194560K), 0.0009275 secs] [Times: user=0.00 sys=0.00, real=0.00 secs] 
3027.011: [GC (Allocation Failure) 3027.011: [ParNew: 81499K->0K(92160K), 0.0005373 secs] 82917K->1418K(194560K), 0.0006103 secs] [Times: user=0.00 sys=0.00, real=0.00 secs] 
3028.019: [GC (Allocation Failure) 3028.019: [ParNew: 81499K->0K(92160K), 0.0007246 secs] 82917K->1418K(194560K), 0.0007945 secs] [Times: user=0.00 sys=0.00, real=0.00 secs] 
3030.036: [GC (Allocation Failure) 3030.036: [ParNew: 81499K->0K(92160K), 0.0009432 secs] 82917K->1418K(194560K), 0.0010175 secs] [Times: user=0.00 sys=0.00, real=0.00 secs] 
3032.046: [GC (Allocation Failure) 3032.046: [ParNew: 81499K->0K(92160K), 0.0006877 secs] 82917K->1418K(194560K), 0.0008197 secs] [Times: user=0.00 sys=0.00, real=0.00 secs] 
3033.066: [GC (Allocation Failure) 3033.066: [ParNew: 81499K->0K(92160K), 0.0004369 secs] 82917K->1418K(194560K), 0.0004951 secs] [Times: user=0.00 sys=0.00, real=0.00 secs] 
3035.072: [GC (Allocation Failure) 3035.072: [ParNew: 81499K->0K(92160K), 0.0010637 secs] 82917K->1418K(194560K), 0.0011332 secs] [Times: user=0.00 sys=0.00, real=0.00 secs] 
3036.078: [GC (Allocation Failure) 3036.079: [ParNew: 81499K->0K(92160K), 0.0005986 secs] 82917K->1418K(194560K), 0.0007298 secs] [Times: user=0.00 sys=0.00, real=0.00 secs] 
3038.097: [GC (Allocation Failure) 3038.097: [ParNew: 81499K->0K(92160K), 0.0019552 secs] 82917K->1418K(194560K), 0.0021185 secs] [Times: user=0.00 sys=0.00, real=0.00 secs] 
3040.111: [GC (Allocation Failure) 3040.111: [ParNew: 81499K->0K(92160K), 0.0008077 secs] 82917K->1418K(194560K), 0.0008610 secs] [Times: user=0.00 sys=0.00, real=0.00 secs] 
3041.120: [GC (Allocation Failure) 3041.120: [ParNew: 81499K->0K(92160K), 0.0011388 secs] 82917K->1418K(194560K), 0.0012477 secs] [Times: user=0.00 sys=0.00, real=0.00 secs] 
3043.134: [GC (Allocation Failure) 3043.134: [ParNew: 81499K->0K(92160K), 0.0011878 secs] 82917K->1418K(194560K), 0.0012982 secs] [Times: user=0.00 sys=0.00, real=0.00 secs] 
3044.145: [GC (Allocation Failure) 3044.145: [ParNew: 81499K->0K(92160K), 0.0009062 secs] 82917K->1418K(194560K), 0.0009720 secs] [Times: user=0.00 sys=0.00, real=0.00 secs] 
3046.162: [GC (Allocation Failure) 3046.162: [ParNew: 81499K->0K(92160K), 0.0018763 secs] 82917K->1418K(194560K), 0.0020399 secs] [Times: user=0.00 sys=0.00, real=0.00 secs] 
3047.184: [GC (Allocation Failure) 3047.184: [ParNew: 81499K->0K(92160K), 0.0016775 secs] 82917K->1418K(194560K), 0.0018303 secs] [Times: user=0.00 sys=0.00, real=0.00 secs] 
3049.185: [GC (Allocation Failure) 3049.185: [ParNew: 81499K->0K(92160K), 0.0020352 secs] 82917K->1418K(194560K), 0.0021968 secs] [Times: user=0.02 sys=0.02, real=0.00 secs] 
3051.208: [GC (Allocation Failure) 3051.208: [ParNew: 81499K->0K(92160K), 0.0021583 secs] 82917K->1418K(194560K), 0.0023681 secs] [Times: user=0.00 sys=0.00, real=0.00 secs] 
3052.224: [GC (Allocation Failure) 3052.224: [ParNew: 81499K->0K(92160K), 0.0006357 secs] 82917K->1418K(194560K), 0.0007060 secs] [Times: user=0.00 sys=0.00, real=0.00 secs] 
3054.230: [GC (Allocation Failure) 3054.230: [ParNew: 81499K->0K(92160K), 0.0008286 secs] 82917K->1418K(194560K), 0.0008764 secs] [Times: user=0.00 sys=0.00, real=0.00 secs] 
3055.238: [GC (Allocation Failure) 3055.238: [ParNew: 81499K->0K(92160K), 0.0004822 secs] 82917K->1418K(194560K), 0.0005300 secs] [Times: user=0.00 sys=0.00, real=0.00 secs] 
3057.242: [GC (Allocation Failure) 3057.242: [ParNew: 81499K->0K(92160K), 0.0006517 secs] 82917K->1418K(194560K), 0.0007029 secs] [Times: user=0.00 sys=0.00, real=0.00 secs] 
3058.249: [GC (Allocation Failure) 3058.249: [ParNew: 81499K->0K(92160K), 0.0007901 secs] 82917K->1418K(194560K), 0.0008549 secs] [Times: user=0.00 sys=0.00, real=0.00 secs] 
3060.256: [GC (Allocation Failure) 3060.256: [ParNew: 81499K->0K(92160K), 0.0006432 secs] 82917K->1418K(194560K), 0.0007084 secs] [Times: user=0.00 sys=0.00, real=0.00 secs] 
3062.268: [GC (Allocation Failure) 3062.268: [ParNew: 81499K->0K(92160K), 0.0007768 secs] 82917K->1418K(194560K), 0.0008878 secs] [Times: user=0.00 sys=0.00, real=0.00 secs] 
3063.270: [GC (Allocation Failure) 3063.270: [ParNew: 81499K->0K(92160K), 0.0007381 secs] 82917K->1418K(194560K), 0.0008043 secs] [Times: user=0.00 sys=0.00, real=0.00 secs] 
3065.278: [GC (Allocation Failure) 3065.278: [ParNew: 81499K->0K(92160K), 0.0007707 secs] 82917K->1418K(194560K), 0.0008356 secs] [Times: user=0.00 sys=0.00, real=0.00 secs] 
3066.287: [GC (Allocation Failure) 3066.287: [ParNew: 81499K->0K(92160K), 0.0006253 secs] 82917K->1418K(194560K), 0.0006854 secs] [Times: user=0.00 sys=0.00, real=0.00 secs] 
3068.295: [GC (Allocation Failure) 3068.295: [ParNew: 81499K->0K(92160K), 0.0011592 secs] 82917K->1418K(194560K), 0.0012546 secs] [Times: user=0.00 sys=0.00, real=0.00 secs] 
3070.316: [GC (Allocation Failure) 3070.316: [ParNew: 81499K->0K(92160K), 0.0004234 secs] 82917K->1418K(194560K), 0.0004777 secs] [Times: user=0.00 sys=0.00, real=0.00 secs] 
3071.322: [GC (Allocation Failure) 3071.322: [ParNew: 81499K->0K(92160K), 0.0006186 secs] 82917K->1418K(194560K), 0.0006656 secs] [Times: user=0.00 sys=0.00, real=0.00 secs] 
3073.328: [GC (Allocation Failure) 3073.328: [ParNew: 81499K->0K(92160K), 0.0008688 secs] 82917K->1418K(194560K), 0.0009544 secs] [Times: user=0.00 sys=0.00, real=0.00 secs] 
3074.336: [GC (Allocation Failure) 3074.336: [ParNew: 81499K->0K(92160K), 0.0004798 secs] 82917K->1418K(194560K), 0.0005454 secs] [Times: user=0.00 sys=0.00, real=0.00 secs] 
3076.348: [GC (Allocation Failure) 3076.348: [ParNew: 81499K->0K(92160K), 0.0006210 secs] 82917K->1418K(194560K), 0.0006866 secs] [Times: user=0.00 sys=0.00, real=0.00 secs] 
3077.353: [GC (Allocation Failure) 3077.353: [ParNew: 81499K->0K(92160K), 0.0009389 secs] 82917K->1418K(194560K), 0.0010087 secs] [Times: user=0.00 sys=0.00, real=0.00 secs] 
3079.364: [GC (Allocation Failure) 3079.364: [ParNew: 81499K->0K(92160K), 0.0015797 secs] 82917K->1418K(194560K), 0.0016788 secs] [Times: user=0.00 sys=0.00, real=0.00 secs] 
3081.374: [GC (Allocation Failure) 3081.374: [ParNew: 81499K->0K(92160K), 0.0008170 secs] 82917K->1418K(194560K), 0.0008861 secs] [Times: user=0.02 sys=0.00, real=0.00 secs] 
3082.383: [GC (Allocation Failure) 3082.383: [ParNew: 81499K->0K(92160K), 0.0006551 secs] 82917K->1418K(194560K), 0.0007202 secs] [Times: user=0.00 sys=0.00, real=0.00 secs] 
3084.393: [GC (Allocation Failure) 3084.393: [ParNew: 81499K->0K(92160K), 0.0009001 secs] 82917K->1418K(194560K), 0.0009999 secs] [Times: user=0.00 sys=0.00, real=0.00 secs] 
3085.408: [GC (Allocation Failure) 3085.408: [ParNew: 81499K->0K(92160K), 0.0012747 secs] 82917K->1418K(194560K), 0.0014160 secs] [Times: user=0.00 sys=0.00, real=0.00 secs] 
3087.426: [GC (Allocation Failure) 3087.426: [ParNew: 81499K->0K(92160K), 0.0006166 secs] 82917K->1418K(194560K), 0.0006800 secs] [Times: user=0.00 sys=0.00, real=0.00 secs] 
3088.428: [GC (Allocation Failure) 3088.428: [ParNew: 81499K->0K(92160K), 0.0010138 secs] 82917K->1418K(194560K), 0.0010748 secs] [Times: user=0.00 sys=0.00, real=0.00 secs] 
3090.436: [GC (Allocation Failure) 3090.436: [ParNew: 81499K->0K(92160K), 0.0007049 secs] 82917K->1418K(194560K), 0.0007935 secs] [Times: user=0.00 sys=0.00, real=0.00 secs] 
3092.456: [GC (Allocation Failure) 3092.456: [ParNew: 81499K->0K(92160K), 0.0006592 secs] 82917K->1418K(194560K), 0.0007298 secs] [Times: user=0.00 sys=0.00, real=0.00 secs] 
3093.465: [GC (Allocation Failure) 3093.465: [ParNew: 81499K->0K(92160K), 0.0005762 secs] 82917K->1418K(194560K), 0.0006423 secs] [Times: user=0.00 sys=0.00, real=0.00 secs] 
3095.487: [GC (Allocation Failure) 3095.487: [ParNew: 81499K->0K(92160K), 0.0006767 secs] 82917K->1418K(194560K), 0.0007445 secs] [Times: user=0.00 sys=0.00, real=0.00 secs] 
3096.490: [GC (Allocation Failure) 3096.490: [ParNew: 81499K->0K(92160K), 0.0004310 secs] 82917K->1418K(194560K), 0.0004823 secs] [Times: user=0.00 sys=0.00, real=0.00 secs] 
3098.497: [GC (Allocation Failure) 3098.497: [ParNew: 81499K->0K(92160K), 0.0007212 secs] 82917K->1418K(194560K), 0.0007871 secs] [Times: user=0.00 sys=0.00, real=0.00 secs] 
3100.501: [GC (Allocation Failure) 3100.501: [ParNew: 81499K->0K(92160K), 0.0007148 secs] 82917K->1418K(194560K), 0.0007684 secs] [Times: user=0.00 sys=0.00, real=0.00 secs] 
3101.509: [GC (Allocation Failure) 3101.509: [ParNew: 81499K->0K(92160K), 0.0011826 secs] 82917K->1418K(194560K), 0.0012748 secs] [Times: user=0.00 sys=0.00, real=0.00 secs] 
3103.519: [GC (Allocation Failure) 3103.519: [ParNew: 81499K->0K(92160K), 0.0006707 secs] 82917K->1418K(194560K), 0.0007302 secs] [Times: user=0.00 sys=0.00, real=0.00 secs] 
3104.524: [GC (Allocation Failure) 3104.524: [ParNew: 81499K->0K(92160K), 0.0004502 secs] 82917K->1418K(194560K), 0.0005170 secs] [Times: user=0.00 sys=0.00, real=0.00 secs] 
3106.533: [GC (Allocation Failure) 3106.533: [ParNew: 81499K->0K(92160K), 0.0004710 secs] 82917K->1418K(194560K), 0.0005239 secs] [Times: user=0.00 sys=0.00, real=0.00 secs] 
3107.534: [GC (Allocation Failure) 3107.534: [ParNew: 81499K->0K(92160K), 0.0005776 secs] 82917K->1418K(194560K), 0.0006545 secs] [Times: user=0.00 sys=0.00, real=0.00 secs] 
3109.544: [GC (Allocation Failure) 3109.544: [ParNew: 81499K->0K(92160K), 0.0007640 secs] 82917K->1418K(194560K), 0.0008148 secs] [Times: user=0.00 sys=0.00, real=0.00 secs] 
3111.552: [GC (Allocation Failure) 3111.552: [ParNew: 81499K->0K(92160K), 0.0007751 secs] 82917K->1418K(194560K), 0.0008436 secs] [Times: user=0.00 sys=0.00, real=0.00 secs] 
3112.559: [GC (Allocation Failure) 3112.559: [ParNew: 81499K->0K(92160K), 0.0006934 secs] 82917K->1418K(194560K), 0.0007440 secs] [Times: user=0.00 sys=0.00, real=0.00 secs] 
3114.565: [GC (Allocation Failure) 3114.565: [ParNew: 81499K->0K(92160K), 0.0008869 secs] 82917K->1418K(194560K), 0.0009467 secs] [Times: user=0.00 sys=0.00, real=0.00 secs] 
3115.572: [GC (Allocation Failure) 3115.572: [ParNew: 81499K->0K(92160K), 0.0006951 secs] 82917K->1418K(194560K), 0.0007448 secs] [Times: user=0.00 sys=0.00, real=0.00 secs] 
3117.585: [GC (Allocation Failure) 3117.585: [ParNew: 81499K->0K(92160K), 0.0005340 secs] 82917K->1418K(194560K), 0.0006036 secs] [Times: user=0.00 sys=0.00, real=0.00 secs] 
3119.600: [GC (Allocation Failure) 3119.600: [ParNew: 81499K->0K(92160K), 0.0007602 secs] 82917K->1418K(194560K), 0.0008592 secs] [Times: user=0.00 sys=0.00, real=0.00 secs] 
3120.617: [GC (Allocation Failure) 3120.617: [ParNew: 81499K->0K(92160K), 0.0011955 secs] 82917K->1418K(194560K), 0.0012988 secs] [Times: user=0.00 sys=0.00, real=0.00 secs] 
3122.616: [GC (Allocation Failure) 3122.616: [ParNew: 81499K->0K(92160K), 0.0005731 secs] 82917K->1418K(194560K), 0.0006340 secs] [Times: user=0.00 sys=0.00, real=0.00 secs] 
3123.628: [GC (Allocation Failure) 3123.628: [ParNew: 81499K->0K(92160K), 0.0018674 secs] 82917K->1418K(194560K), 0.0020191 secs] [Times: user=0.00 sys=0.00, real=0.00 secs] 
3125.638: [GC (Allocation Failure) 3125.638: [ParNew: 81499K->0K(92160K), 0.0007876 secs] 82917K->1418K(194560K), 0.0008834 secs] [Times: user=0.00 sys=0.00, real=0.00 secs] 
3126.649: [GC (Allocation Failure) 3126.649: [ParNew: 81499K->0K(92160K), 0.0010593 secs] 82917K->1418K(194560K), 0.0011542 secs] [Times: user=0.00 sys=0.00, real=0.00 secs] 
3128.661: [GC (Allocation Failure) 3128.661: [ParNew: 81499K->0K(92160K), 0.0008930 secs] 82917K->1418K(194560K), 0.0009748 secs] [Times: user=0.00 sys=0.00, real=0.00 secs] 
3130.671: [GC (Allocation Failure) 3130.671: [ParNew: 81499K->0K(92160K), 0.0010285 secs] 82917K->1418K(194560K), 0.0011021 secs] [Times: user=0.00 sys=0.00, real=0.00 secs] 
3131.679: [GC (Allocation Failure) 3131.679: [ParNew: 81499K->0K(92160K), 0.0007789 secs] 82917K->1418K(194560K), 0.0008477 secs] [Times: user=0.00 sys=0.00, real=0.00 secs] 
3133.685: [GC (Allocation Failure) 3133.685: [ParNew: 81499K->0K(92160K), 0.0004275 secs] 82917K->1418K(194560K), 0.0004810 secs] [Times: user=0.00 sys=0.00, real=0.00 secs] 
3134.690: [GC (Allocation Failure) 3134.690: [ParNew: 81499K->0K(92160K), 0.0006685 secs] 82917K->1418K(194560K), 0.0007186 secs] [Times: user=0.00 sys=0.00, real=0.00 secs] 
3136.697: [GC (Allocation Failure) 3136.697: [ParNew: 81499K->0K(92160K), 0.0005934 secs] 82917K->1418K(194560K), 0.0006614 secs] [Times: user=0.00 sys=0.00, real=0.00 secs] 
3137.707: [GC (Allocation Failure) 3137.707: [ParNew: 81499K->0K(92160K), 0.0004850 secs] 82917K->1418K(194560K), 0.0005392 secs] [Times: user=0.00 sys=0.00, real=0.00 secs] 
3139.726: [GC (Allocation Failure) 3139.727: [ParNew: 81499K->0K(92160K), 0.0012680 secs] 82917K->1418K(194560K), 0.0014349 secs] [Times: user=0.00 sys=0.00, real=0.00 secs] 
3141.740: [GC (Allocation Failure) 3141.740: [ParNew: 81499K->0K(92160K), 0.0015521 secs] 82917K->1418K(194560K), 0.0017124 secs] [Times: user=0.00 sys=0.00, real=0.00 secs] 
3142.748: [GC (Allocation Failure) 3142.748: [ParNew: 81499K->0K(92160K), 0.0004434 secs] 82917K->1418K(194560K), 0.0005127 secs] [Times: user=0.00 sys=0.00, real=0.00 secs] 
3144.769: [GC (Allocation Failure) 3144.770: [ParNew: 81499K->0K(92160K), 0.0012563 secs] 82917K->1418K(194560K), 0.0013852 secs] [Times: user=0.00 sys=0.00, real=0.00 secs] 
3145.792: [GC (Allocation Failure) 3145.792: [ParNew: 81499K->0K(92160K), 0.0015855 secs] 82917K->1418K(194560K), 0.0017413 secs] [Times: user=0.00 sys=0.00, real=0.00 secs] 
3147.792: [GC (Allocation Failure) 3147.792: [ParNew: 81499K->0K(92160K), 0.0011540 secs] 82917K->1418K(194560K), 0.0012627 secs] [Times: user=0.00 sys=0.00, real=0.00 secs] 
3149.813: [GC (Allocation Failure) 3149.813: [ParNew: 81499K->0K(92160K), 0.0011675 secs] 82917K->1418K(194560K), 0.0012897 secs] [Times: user=0.00 sys=0.00, real=0.00 secs] 
3150.817: [GC (Allocation Failure) 3150.817: [ParNew: 81499K->0K(92160K), 0.0011265 secs] 82917K->1418K(194560K), 0.0012243 secs] [Times: user=0.00 sys=0.00, real=0.00 secs] 
3152.830: [GC (Allocation Failure) 3152.830: [ParNew: 81499K->0K(92160K), 0.0004841 secs] 82917K->1418K(194560K), 0.0005633 secs] [Times: user=0.00 sys=0.00, real=0.00 secs] 
3153.837: [GC (Allocation Failure) 3153.837: [ParNew: 81499K->0K(92160K), 0.0009710 secs] 82917K->1418K(194560K), 0.0010470 secs] [Times: user=0.00 sys=0.00, real=0.00 secs] 
3155.845: [GC (Allocation Failure) 3155.845: [ParNew: 81499K->0K(92160K), 0.0008652 secs] 82917K->1418K(194560K), 0.0009162 secs] [Times: user=0.00 sys=0.00, real=0.00 secs] 
3156.864: [GC (Allocation Failure) 3156.864: [ParNew: 81499K->0K(92160K), 0.0006486 secs] 82917K->1418K(194560K), 0.0007015 secs] [Times: user=0.00 sys=0.00, real=0.00 secs] 
3158.870: [GC (Allocation Failure) 3158.870: [ParNew: 81499K->0K(92160K), 0.0008455 secs] 82917K->1418K(194560K), 0.0008954 secs] [Times: user=0.00 sys=0.00, real=0.00 secs] 
3160.892: [GC (Allocation Failure) 3160.892: [ParNew: 81499K->0K(92160K), 0.0005652 secs] 82917K->1418K(194560K), 0.0006193 secs] [Times: user=0.00 sys=0.00, real=0.00 secs] 
3161.894: [GC (Allocation Failure) 3161.894: [ParNew: 81499K->0K(92160K), 0.0004738 secs] 82917K->1418K(194560K), 0.0005268 secs] [Times: user=0.00 sys=0.00, real=0.00 secs] 
3163.901: [GC (Allocation Failure) 3163.901: [ParNew: 81499K->0K(92160K), 0.0012430 secs] 82917K->1418K(194560K), 0.0013515 secs] [Times: user=0.00 sys=0.00, real=0.00 secs] 
3164.910: [GC (Allocation Failure) 3164.910: [ParNew: 81499K->0K(92160K), 0.0009641 secs] 82917K->1418K(194560K), 0.0010432 secs] [Times: user=0.00 sys=0.00, real=0.00 secs] 
3166.920: [GC (Allocation Failure) 3166.920: [ParNew: 81499K->0K(92160K), 0.0008021 secs] 82917K->1418K(194560K), 0.0008744 secs] [Times: user=0.00 sys=0.00, real=0.00 secs] 
3167.929: [GC (Allocation Failure) 3167.929: [ParNew: 81499K->0K(92160K), 0.0007575 secs] 82917K->1418K(194560K), 0.0008257 secs] [Times: user=0.00 sys=0.00, real=0.00 secs] 
3169.934: [GC (Allocation Failure) 3169.934: [ParNew: 81499K->0K(92160K), 0.0005407 secs] 82917K->1418K(194560K), 0.0005856 secs] [Times: user=0.00 sys=0.00, real=0.00 secs] 
3171.940: [GC (Allocation Failure) 3171.940: [ParNew: 81499K->0K(92160K), 0.0006449 secs] 82917K->1418K(194560K), 0.0006969 secs] [Times: user=0.00 sys=0.00, real=0.00 secs] 
3172.950: [GC (Allocation Failure) 3172.950: [ParNew: 81499K->0K(92160K), 0.0009029 secs] 82917K->1418K(194560K), 0.0009739 secs] [Times: user=0.00 sys=0.00, real=0.00 secs] 
3174.971: [GC (Allocation Failure) 3174.971: [ParNew: 81499K->0K(92160K), 0.0005831 secs] 82917K->1418K(194560K), 0.0006363 secs] [Times: user=0.00 sys=0.00, real=0.00 secs] 
3175.976: [GC (Allocation Failure) 3175.976: [ParNew: 81499K->0K(92160K), 0.0005387 secs] 82917K->1418K(194560K), 0.0005907 secs] [Times: user=0.00 sys=0.00, real=0.00 secs] 
3177.984: [GC (Allocation Failure) 3177.984: [ParNew: 81499K->0K(92160K), 0.0007570 secs] 82917K->1418K(194560K), 0.0008058 secs] [Times: user=0.00 sys=0.00, real=0.00 secs] 
3179.991: [GC (Allocation Failure) 3179.991: [ParNew: 81499K->0K(92160K), 0.0003821 secs] 82917K->1418K(194560K), 0.0004353 secs] [Times: user=0.00 sys=0.00, real=0.00 secs] 
3180.998: [GC (Allocation Failure) 3180.998: [ParNew: 81499K->0K(92160K), 0.0007971 secs] 82917K->1418K(194560K), 0.0008870 secs] [Times: user=0.00 sys=0.00, real=0.00 secs] 
3183.002: [GC (Allocation Failure) 3183.002: [ParNew: 81499K->0K(92160K), 0.0009541 secs] 82917K->1418K(194560K), 0.0010488 secs] [Times: user=0.00 sys=0.00, real=0.00 secs] 
3184.012: [GC (Allocation Failure) 3184.012: [ParNew: 81499K->0K(92160K), 0.0006906 secs] 82917K->1418K(194560K), 0.0007402 secs] [Times: user=0.00 sys=0.00, real=0.00 secs] 
3186.019: [GC (Allocation Failure) 3186.019: [ParNew: 81499K->0K(92160K), 0.0010432 secs] 82917K->1418K(194560K), 0.0011195 secs] [Times: user=0.00 sys=0.00, real=0.00 secs] 
3187.027: [GC (Allocation Failure) 3187.027: [ParNew: 81499K->0K(92160K), 0.0006862 secs] 82917K->1418K(194560K), 0.0007351 secs] [Times: user=0.00 sys=0.00, real=0.00 secs] 
3189.050: [GC (Allocation Failure) 3189.050: [ParNew: 81499K->0K(92160K), 0.0004330 secs] 82917K->1418K(194560K), 0.0004825 secs] [Times: user=0.00 sys=0.00, real=0.00 secs] 
3191.054: [GC (Allocation Failure) 3191.054: [ParNew: 81499K->0K(92160K), 0.0012756 secs] 82917K->1418K(194560K), 0.0014536 secs] [Times: user=0.00 sys=0.00, real=0.00 secs] 
3192.062: [GC (Allocation Failure) 3192.062: [ParNew: 81499K->0K(92160K), 0.0006064 secs] 82917K->1418K(194560K), 0.0006774 secs] [Times: user=0.00 sys=0.00, real=0.00 secs] 
3194.080: [GC (Allocation Failure) 3194.080: [ParNew: 81499K->0K(92160K), 0.0013084 secs] 82917K->1418K(194560K), 0.0014694 secs] [Times: user=0.00 sys=0.00, real=0.00 secs] 
3195.092: [GC (Allocation Failure) 3195.092: [ParNew: 81499K->0K(92160K), 0.0006395 secs] 82917K->1418K(194560K), 0.0006889 secs] [Times: user=0.00 sys=0.00, real=0.00 secs] 
3197.102: [GC (Allocation Failure) 3197.102: [ParNew: 81499K->0K(92160K), 0.0008089 secs] 82917K->1418K(194560K), 0.0008551 secs] [Times: user=0.00 sys=0.00, real=0.00 secs] 
3199.111: [GC (Allocation Failure) 3199.111: [ParNew: 81499K->0K(92160K), 0.0007340 secs] 82917K->1418K(194560K), 0.0007874 secs] [Times: user=0.00 sys=0.00, real=0.00 secs] 
3200.118: [GC (Allocation Failure) 3200.118: [ParNew: 81499K->0K(92160K), 0.0008280 secs] 82917K->1418K(194560K), 0.0009000 secs] [Times: user=0.00 sys=0.00, real=0.00 secs] 
3202.124: [GC (Allocation Failure) 3202.124: [ParNew: 81499K->0K(92160K), 0.0006837 secs] 82917K->1418K(194560K), 0.0007357 secs] [Times: user=0.00 sys=0.00, real=0.00 secs] 
3203.136: [GC (Allocation Failure) 3203.136: [ParNew: 81499K->0K(92160K), 0.0012726 secs] 82917K->1418K(194560K), 0.0014269 secs] [Times: user=0.00 sys=0.00, real=0.00 secs] 
3205.159: [GC (Allocation Failure) 3205.159: [ParNew: 81499K->0K(92160K), 0.0006257 secs] 82917K->1418K(194560K), 0.0006912 secs] [Times: user=0.00 sys=0.00, real=0.00 secs] 
3206.162: [GC (Allocation Failure) 3206.162: [ParNew: 81499K->0K(92160K), 0.0005582 secs] 82917K->1418K(194560K), 0.0006267 secs] [Times: user=0.00 sys=0.00, real=0.00 secs] 
3208.170: [GC (Allocation Failure) 3208.170: [ParNew: 81499K->0K(92160K), 0.0007141 secs] 82917K->1418K(194560K), 0.0007809 secs] [Times: user=0.00 sys=0.00, real=0.00 secs] 
3210.181: [GC (Allocation Failure) 3210.181: [ParNew: 81499K->0K(92160K), 0.0005312 secs] 82917K->1418K(194560K), 0.0005787 secs] [Times: user=0.00 sys=0.00, real=0.00 secs] 
3211.187: [GC (Allocation Failure) 3211.187: [ParNew: 81499K->0K(92160K), 0.0009260 secs] 82917K->1418K(194560K), 0.0009967 secs] [Times: user=0.00 sys=0.00, real=0.00 secs] 
3213.192: [GC (Allocation Failure) 3213.193: [ParNew: 81499K->0K(92160K), 0.0007797 secs] 82917K->1418K(194560K), 0.0008583 secs] [Times: user=0.00 sys=0.00, real=0.00 secs] 
3214.199: [GC (Allocation Failure) 3214.199: [ParNew: 81499K->0K(92160K), 0.0005941 secs] 82917K->1418K(194560K), 0.0006471 secs] [Times: user=0.00 sys=0.00, real=0.00 secs] 
3216.207: [GC (Allocation Failure) 3216.207: [ParNew: 81499K->0K(92160K), 0.0012224 secs] 82917K->1418K(194560K), 0.0013467 secs] [Times: user=0.00 sys=0.00, real=0.00 secs] 
3217.211: [GC (Allocation Failure) 3217.211: [ParNew: 81499K->0K(92160K), 0.0009791 secs] 82917K->1418K(194560K), 0.0012047 secs] [Times: user=0.00 sys=0.00, real=0.00 secs] 
3219.223: [GC (Allocation Failure) 3219.223: [ParNew: 81499K->0K(92160K), 0.0004652 secs] 82917K->1418K(194560K), 0.0005174 secs] [Times: user=0.00 sys=0.00, real=0.00 secs] 
3221.231: [GC (Allocation Failure) 3221.231: [ParNew: 81499K->0K(92160K), 0.0004463 secs] 82917K->1418K(194560K), 0.0004996 secs] [Times: user=0.00 sys=0.00, real=0.00 secs] 
3222.235: [GC (Allocation Failure) 3222.235: [ParNew: 81499K->0K(92160K), 0.0006386 secs] 82917K->1418K(194560K), 0.0007104 secs] [Times: user=0.00 sys=0.00, real=0.00 secs] 
3224.239: [GC (Allocation Failure) 3224.239: [ParNew: 81499K->0K(92160K), 0.0004423 secs] 82917K->1418K(194560K), 0.0005144 secs] [Times: user=0.00 sys=0.00, real=0.00 secs] 
3225.245: [GC (Allocation Failure) 3225.245: [ParNew: 81499K->0K(92160K), 0.0006128 secs] 82917K->1418K(194560K), 0.0006662 secs] [Times: user=0.00 sys=0.00, real=0.00 secs] 
3227.269: [GC (Allocation Failure) 3227.269: [ParNew: 81499K->0K(92160K), 0.0005255 secs] 82917K->1418K(194560K), 0.0005924 secs] [Times: user=0.00 sys=0.00, real=0.00 secs] 
3229.271: [GC (Allocation Failure) 3229.271: [ParNew: 81499K->0K(92160K), 0.0007468 secs] 82917K->1418K(194560K), 0.0008177 secs] [Times: user=0.00 sys=0.00, real=0.00 secs] 
3230.279: [GC (Allocation Failure) 3230.279: [ParNew: 81499K->0K(92160K), 0.0005011 secs] 82917K->1418K(194560K), 0.0005680 secs] [Times: user=0.00 sys=0.00, real=0.00 secs] 
3232.284: [GC (Allocation Failure) 3232.284: [ParNew: 81499K->0K(92160K), 0.0008539 secs] 82917K->1418K(194560K), 0.0009316 secs] [Times: user=0.00 sys=0.00, real=0.00 secs] 
3233.292: [GC (Allocation Failure) 3233.292: [ParNew: 81499K->0K(92160K), 0.0007247 secs] 82917K->1418K(194560K), 0.0007931 secs] [Times: user=0.00 sys=0.00, real=0.00 secs] 
3235.300: [GC (Allocation Failure) 3235.301: [ParNew: 81499K->0K(92160K), 0.0008999 secs] 82917K->1418K(194560K), 0.0009770 secs] [Times: user=0.00 sys=0.00, real=0.00 secs] 
3236.303: [GC (Allocation Failure) 3236.303: [ParNew: 81499K->0K(92160K), 0.0008367 secs] 82917K->1418K(194560K), 0.0009208 secs] [Times: user=0.00 sys=0.00, real=0.00 secs] 
3238.311: [GC (Allocation Failure) 3238.311: [ParNew: 81499K->0K(92160K), 0.0008228 secs] 82917K->1418K(194560K), 0.0008894 secs] [Times: user=0.00 sys=0.00, real=0.00 secs] 
3240.330: [GC (Allocation Failure) 3240.330: [ParNew: 81499K->0K(92160K), 0.0009405 secs] 82917K->1418K(194560K), 0.0010137 secs] [Times: user=0.00 sys=0.00, real=0.00 secs] 
3241.337: [GC (Allocation Failure) 3241.337: [ParNew: 81499K->0K(92160K), 0.0004327 secs] 82917K->1418K(194560K), 0.0005041 secs] [Times: user=0.00 sys=0.00, real=0.00 secs] 
3243.344: [GC (Allocation Failure) 3243.344: [ParNew: 81499K->0K(92160K), 0.0011319 secs] 82917K->1418K(194560K), 0.0012129 secs] [Times: user=0.13 sys=0.00, real=0.00 secs] 
3244.352: [GC (Allocation Failure) 3244.352: [ParNew: 81499K->0K(92160K), 0.0003469 secs] 82917K->1418K(194560K), 0.0004005 secs] [Times: user=0.00 sys=0.00, real=0.00 secs] 
3246.363: [GC (Allocation Failure) 3246.363: [ParNew: 81499K->0K(92160K), 0.0006843 secs] 82917K->1418K(194560K), 0.0007527 secs] [Times: user=0.00 sys=0.00, real=0.00 secs] 
3247.367: [GC (Allocation Failure) 3247.367: [ParNew: 81499K->0K(92160K), 0.0005562 secs] 82917K->1418K(194560K), 0.0006101 secs] [Times: user=0.00 sys=0.00, real=0.00 secs] 
3249.377: [GC (Allocation Failure) 3249.378: [ParNew: 81499K->0K(92160K), 0.0009804 secs] 82917K->1418K(194560K), 0.0010690 secs] [Times: user=0.00 sys=0.00, real=0.00 secs] 
3251.391: [GC (Allocation Failure) 3251.391: [ParNew: 81499K->0K(92160K), 0.0009364 secs] 82917K->1418K(194560K), 0.0010003 secs] [Times: user=0.00 sys=0.00, real=0.00 secs] 
3252.398: [GC (Allocation Failure) 3252.398: [ParNew: 81499K->0K(92160K), 0.0004572 secs] 82917K->1418K(194560K), 0.0005182 secs] [Times: user=0.00 sys=0.00, real=0.00 secs] 
3254.409: [GC (Allocation Failure) 3254.409: [ParNew: 81499K->0K(92160K), 0.0008079 secs] 82917K->1418K(194560K), 0.0008848 secs] [Times: user=0.00 sys=0.00, real=0.00 secs] 
3255.420: [GC (Allocation Failure) 3255.420: [ParNew: 81499K->0K(92160K), 0.0010783 secs] 82917K->1418K(194560K), 0.0011755 secs] [Times: user=0.00 sys=0.00, real=0.00 secs] 
3257.428: [GC (Allocation Failure) 3257.428: [ParNew: 81499K->0K(92160K), 0.0006925 secs] 82917K->1418K(194560K), 0.0007639 secs] [Times: user=0.00 sys=0.00, real=0.00 secs] 
3259.439: [GC (Allocation Failure) 3259.439: [ParNew: 81499K->0K(92160K), 0.0011936 secs] 82917K->1418K(194560K), 0.0012705 secs] [Times: user=0.00 sys=0.00, real=0.00 secs] 
3260.448: [GC (Allocation Failure) 3260.448: [ParNew: 81499K->0K(92160K), 0.0008544 secs] 82917K->1418K(194560K), 0.0009286 secs] [Times: user=0.00 sys=0.00, real=0.00 secs] 
3262.456: [GC (Allocation Failure) 3262.456: [ParNew: 81499K->0K(92160K), 0.0004461 secs] 82917K->1418K(194560K), 0.0005002 secs] [Times: user=0.00 sys=0.00, real=0.00 secs] 
3263.472: [GC (Allocation Failure) 3263.472: [ParNew: 81499K->0K(92160K), 0.0006388 secs] 82917K->1418K(194560K), 0.0007031 secs] [Times: user=0.00 sys=0.00, real=0.00 secs] 
3265.487: [GC (Allocation Failure) 3265.487: [ParNew: 81499K->0K(92160K), 0.0007269 secs] 82917K->1418K(194560K), 0.0007927 secs] [Times: user=0.00 sys=0.00, real=0.00 secs] 
3266.493: [GC (Allocation Failure) 3266.493: [ParNew: 81499K->0K(92160K), 0.0004072 secs] 82917K->1418K(194560K), 0.0004797 secs] [Times: user=0.00 sys=0.00, real=0.00 secs] 
3268.504: [GC (Allocation Failure) 3268.504: [ParNew: 81499K->0K(92160K), 0.0007742 secs] 82917K->1418K(194560K), 0.0008576 secs] [Times: user=0.00 sys=0.00, real=0.00 secs] 
3270.507: [GC (Allocation Failure) 3270.507: [ParNew: 81499K->0K(92160K), 0.0006739 secs] 82917K->1418K(194560K), 0.0007458 secs] [Times: user=0.00 sys=0.00, real=0.00 secs] 
3271.513: [GC (Allocation Failure) 3271.514: [ParNew: 81499K->0K(92160K), 0.0006947 secs] 82917K->1418K(194560K), 0.0007438 secs] [Times: user=0.00 sys=0.00, real=0.00 secs] 
3273.520: [GC (Allocation Failure) 3273.520: [ParNew: 81499K->0K(92160K), 0.0014511 secs] 82917K->1418K(194560K), 0.0016153 secs] [Times: user=0.00 sys=0.00, real=0.00 secs] 
3274.538: [GC (Allocation Failure) 3274.538: [ParNew: 81499K->0K(92160K), 0.0004649 secs] 82917K->1418K(194560K), 0.0005151 secs] [Times: user=0.00 sys=0.00, real=0.00 secs] 
3276.566: [GC (Allocation Failure) 3276.566: [ParNew: 81499K->0K(92160K), 0.0004417 secs] 82917K->1418K(194560K), 0.0004968 secs] [Times: user=0.00 sys=0.00, real=0.00 secs] 
3278.566: [GC (Allocation Failure) 3278.566: [ParNew: 81499K->0K(92160K), 0.0017536 secs] 82917K->1418K(194560K), 0.0019168 secs] [Times: user=0.00 sys=0.00, real=0.00 secs] 
3279.587: [GC (Allocation Failure) 3279.587: [ParNew: 81499K->0K(92160K), 0.0004679 secs] 82917K->1418K(194560K), 0.0005476 secs] [Times: user=0.00 sys=0.00, real=0.00 secs] 
3281.596: [GC (Allocation Failure) 3281.596: [ParNew: 81499K->0K(92160K), 0.0007688 secs] 82917K->1418K(194560K), 0.0008664 secs] [Times: user=0.00 sys=0.00, real=0.00 secs] 
3282.606: [GC (Allocation Failure) 3282.606: [ParNew: 81499K->0K(92160K), 0.0011417 secs] 82917K->1418K(194560K), 0.0012062 secs] [Times: user=0.00 sys=0.00, real=0.00 secs] 
3284.616: [GC (Allocation Failure) 3284.616: [ParNew: 81499K->0K(92160K), 0.0010496 secs] 82917K->1418K(194560K), 0.0011372 secs] [Times: user=0.00 sys=0.00, real=0.00 secs] 
3285.626: [GC (Allocation Failure) 3285.626: [ParNew: 81499K->0K(92160K), 0.0006220 secs] 82917K->1418K(194560K), 0.0007207 secs] [Times: user=0.00 sys=0.00, real=0.00 secs] 
3287.651: [GC (Allocation Failure) 3287.651: [ParNew: 81499K->0K(92160K), 0.0007546 secs] 82917K->1418K(194560K), 0.0008223 secs] [Times: user=0.00 sys=0.00, real=0.00 secs] 
3289.653: [GC (Allocation Failure) 3289.653: [ParNew: 81499K->0K(92160K), 0.0008888 secs] 82917K->1418K(194560K), 0.0009605 secs] [Times: user=0.00 sys=0.00, real=0.00 secs] 
3290.660: [GC (Allocation Failure) 3290.660: [ParNew: 81499K->0K(92160K), 0.0005086 secs] 82917K->1418K(194560K), 0.0005597 secs] [Times: user=0.00 sys=0.00, real=0.00 secs] 
3292.677: [GC (Allocation Failure) 3292.677: [ParNew: 81499K->0K(92160K), 0.0021069 secs] 82917K->1418K(194560K), 0.0022773 secs] [Times: user=0.00 sys=0.00, real=0.00 secs] 
3293.695: [GC (Allocation Failure) 3293.695: [ParNew: 81499K->0K(92160K), 0.0016201 secs] 82917K->1418K(194560K), 0.0017767 secs] [Times: user=0.00 sys=0.00, real=0.00 secs] 
3295.715: [GC (Allocation Failure) 3295.715: [ParNew: 81499K->0K(92160K), 0.0016005 secs] 82917K->1418K(194560K), 0.0017212 secs] [Times: user=0.00 sys=0.00, real=0.00 secs] 
3296.722: [GC (Allocation Failure) 3296.722: [ParNew: 81499K->0K(92160K), 0.0008130 secs] 82917K->1418K(194560K), 0.0008772 secs] [Times: user=0.00 sys=0.00, real=0.00 secs] 
3298.743: [GC (Allocation Failure) 3298.743: [ParNew: 81499K->0K(92160K), 0.0017349 secs] 82917K->1418K(194560K), 0.0018951 secs] [Times: user=0.00 sys=0.00, real=0.00 secs] 
3300.747: [GC (Allocation Failure) 3300.747: [ParNew: 81499K->0K(92160K), 0.0008258 secs] 82917K->1418K(194560K), 0.0009303 secs] [Times: user=0.00 sys=0.00, real=0.00 secs] 
3301.759: [GC (Allocation Failure) 3301.759: [ParNew: 81499K->0K(92160K), 0.0007839 secs] 82917K->1418K(194560K), 0.0008546 secs] [Times: user=0.00 sys=0.00, real=0.00 secs] 
3303.772: [GC (Allocation Failure) 3303.772: [ParNew: 81499K->0K(92160K), 0.0014531 secs] 82917K->1418K(194560K), 0.0015528 secs] [Times: user=0.00 sys=0.00, real=0.00 secs] 
3304.783: [GC (Allocation Failure) 3304.783: [ParNew: 81499K->0K(92160K), 0.0006523 secs] 82917K->1418K(194560K), 0.0007332 secs] [Times: user=0.00 sys=0.00, real=0.00 secs] 
3306.802: [GC (Allocation Failure) 3306.802: [ParNew: 81499K->0K(92160K), 0.0007979 secs] 82917K->1418K(194560K), 0.0008721 secs] [Times: user=0.00 sys=0.00, real=0.00 secs] 
3308.811: [GC (Allocation Failure) 3308.811: [ParNew: 81499K->0K(92160K), 0.0006702 secs] 82917K->1418K(194560K), 0.0007447 secs] [Times: user=0.00 sys=0.00, real=0.00 secs] 
3309.819: [GC (Allocation Failure) 3309.819: [ParNew: 81499K->0K(92160K), 0.0008381 secs] 82917K->1418K(194560K), 0.0009030 secs] [Times: user=0.00 sys=0.00, real=0.00 secs] 
3311.824: [GC (Allocation Failure) 3311.824: [ParNew: 81499K->0K(92160K), 0.0006797 secs] 82917K->1418K(194560K), 0.0007580 secs] [Times: user=0.00 sys=0.00, real=0.00 secs] 
3312.840: [GC (Allocation Failure) 3312.840: [ParNew: 81499K->0K(92160K), 0.0012486 secs] 82917K->1418K(194560K), 0.0014051 secs] [Times: user=0.00 sys=0.00, real=0.00 secs] 
3314.843: [GC (Allocation Failure) 3314.843: [ParNew: 81499K->0K(92160K), 0.0018408 secs] 82917K->1418K(194560K), 0.0019950 secs] [Times: user=0.13 sys=0.00, real=0.00 secs] 
3315.863: [GC (Allocation Failure) 3315.863: [ParNew: 81499K->0K(92160K), 0.0006321 secs] 82917K->1418K(194560K), 0.0006816 secs] [Times: user=0.00 sys=0.00, real=0.00 secs] 
3317.873: [GC (Allocation Failure) 3317.873: [ParNew: 81499K->0K(92160K), 0.0007854 secs] 82917K->1418K(194560K), 0.0008335 secs] [Times: user=0.00 sys=0.00, real=0.00 secs] 
3319.894: [GC (Allocation Failure) 3319.894: [ParNew: 81499K->0K(92160K), 0.0017336 secs] 82917K->1418K(194560K), 0.0018997 secs] [Times: user=0.00 sys=0.00, real=0.00 secs] 
3320.900: [GC (Allocation Failure) 3320.901: [ParNew: 81499K->0K(92160K), 0.0017100 secs] 82917K->1418K(194560K), 0.0018598 secs] [Times: user=0.00 sys=0.00, real=0.00 secs] 
3322.918: [GC (Allocation Failure) 3322.918: [ParNew: 81499K->0K(92160K), 0.0012818 secs] 82917K->1418K(194560K), 0.0014015 secs] [Times: user=0.00 sys=0.00, real=0.00 secs] 
3323.928: [GC (Allocation Failure) 3323.928: [ParNew: 81499K->0K(92160K), 0.0004773 secs] 82917K->1418K(194560K), 0.0005397 secs] [Times: user=0.00 sys=0.00, real=0.00 secs] 
3325.937: [GC (Allocation Failure) 3325.937: [ParNew: 81499K->0K(92160K), 0.0007005 secs] 82917K->1418K(194560K), 0.0007493 secs] [Times: user=0.03 sys=0.02, real=0.00 secs] 
3326.947: [GC (Allocation Failure) 3326.947: [ParNew: 81499K->0K(92160K), 0.0014187 secs] 82917K->1418K(194560K), 0.0015133 secs] [Times: user=0.00 sys=0.00, real=0.00 secs] 
3328.947: [GC (Allocation Failure) 3328.947: [ParNew: 81499K->0K(92160K), 0.0005617 secs] 82917K->1418K(194560K), 0.0006368 secs] [Times: user=0.00 sys=0.00, real=0.00 secs] 
3330.955: [GC (Allocation Failure) 3330.955: [ParNew: 81499K->0K(92160K), 0.0017299 secs] 82917K->1418K(194560K), 0.0018594 secs] [Times: user=0.00 sys=0.00, real=0.00 secs] 
3331.966: [GC (Allocation Failure) 3331.966: [ParNew: 81499K->0K(92160K), 0.0011353 secs] 82917K->1418K(194560K), 0.0012342 secs] [Times: user=0.00 sys=0.00, real=0.00 secs] 
3333.986: [GC (Allocation Failure) 3333.986: [ParNew: 81499K->0K(92160K), 0.0004621 secs] 82917K->1418K(194560K), 0.0005297 secs] [Times: user=0.00 sys=0.00, real=0.00 secs] 
3334.989: [GC (Allocation Failure) 3334.989: [ParNew: 81499K->0K(92160K), 0.0005054 secs] 82917K->1418K(194560K), 0.0005587 secs] [Times: user=0.00 sys=0.00, real=0.00 secs] 
3336.995: [GC (Allocation Failure) 3336.996: [ParNew: 81499K->0K(92160K), 0.0008091 secs] 82917K->1418K(194560K), 0.0008699 secs] [Times: user=0.00 sys=0.00, real=0.00 secs] 
3339.001: [GC (Allocation Failure) 3339.001: [ParNew: 81499K->0K(92160K), 0.0005385 secs] 82917K->1418K(194560K), 0.0006007 secs] [Times: user=0.00 sys=0.00, real=0.00 secs] 
3340.008: [GC (Allocation Failure) 3340.008: [ParNew: 81499K->0K(92160K), 0.0008045 secs] 82917K->1418K(194560K), 0.0008658 secs] [Times: user=0.00 sys=0.00, real=0.00 secs] 
3342.014: [GC (Allocation Failure) 3342.014: [ParNew: 81499K->0K(92160K), 0.0006175 secs] 82917K->1418K(194560K), 0.0006985 secs] [Times: user=0.00 sys=0.00, real=0.00 secs] 
3343.023: [GC (Allocation Failure) 3343.023: [ParNew: 81499K->0K(92160K), 0.0006105 secs] 82917K->1418K(194560K), 0.0006610 secs] [Times: user=0.00 sys=0.00, real=0.00 secs] 
3345.034: [GC (Allocation Failure) 3345.034: [ParNew: 81499K->0K(92160K), 0.0005459 secs] 82917K->1418K(194560K), 0.0005964 secs] [Times: user=0.00 sys=0.00, real=0.00 secs] 
3346.036: [GC (Allocation Failure) 3346.036: [ParNew: 81499K->0K(92160K), 0.0004676 secs] 82917K->1418K(194560K), 0.0005166 secs] [Times: user=0.00 sys=0.00, real=0.00 secs] 
3348.046: [GC (Allocation Failure) 3348.046: [ParNew: 81499K->0K(92160K), 0.0006016 secs] 82917K->1418K(194560K), 0.0006515 secs] [Times: user=0.00 sys=0.00, real=0.00 secs] 
3350.053: [GC (Allocation Failure) 3350.053: [ParNew: 81499K->0K(92160K), 0.0008036 secs] 82917K->1418K(194560K), 0.0009890 secs] [Times: user=0.00 sys=0.00, real=0.00 secs] 
3351.062: [GC (Allocation Failure) 3351.062: [ParNew: 81499K->0K(92160K), 0.0007199 secs] 82917K->1418K(194560K), 0.0007685 secs] [Times: user=0.13 sys=0.00, real=0.00 secs] 
3353.081: [GC (Allocation Failure) 3353.081: [ParNew: 81499K->0K(92160K), 0.0008521 secs] 82917K->1418K(194560K), 0.0009001 secs] [Times: user=0.00 sys=0.00, real=0.00 secs] 
3354.094: [GC (Allocation Failure) 3354.095: [ParNew: 81499K->0K(92160K), 0.0019556 secs] 82917K->1418K(194560K), 0.0021161 secs] [Times: user=0.00 sys=0.00, real=0.00 secs] 
3356.124: [GC (Allocation Failure) 3356.124: [ParNew: 81499K->0K(92160K), 0.0016873 secs] 82917K->1418K(194560K), 0.0017922 secs] [Times: user=0.09 sys=0.01, real=0.00 secs] 
3358.141: [GC (Allocation Failure) 3358.142: [ParNew: 81499K->0K(92160K), 0.0006730 secs] 82917K->1418K(194560K), 0.0007670 secs] [Times: user=0.00 sys=0.00, real=0.00 secs] 
3359.144: [GC (Allocation Failure) 3359.144: [ParNew: 81499K->0K(92160K), 0.0006307 secs] 82917K->1418K(194560K), 0.0006969 secs] [Times: user=0.00 sys=0.00, real=0.00 secs] 
3361.151: [GC (Allocation Failure) 3361.151: [ParNew: 81499K->0K(92160K), 0.0005182 secs] 82917K->1418K(194560K), 0.0005711 secs] [Times: user=0.00 sys=0.00, real=0.00 secs] 
3362.161: [GC (Allocation Failure) 3362.161: [ParNew: 81499K->0K(92160K), 0.0009572 secs] 82917K->1418K(194560K), 0.0010373 secs] [Times: user=0.00 sys=0.00, real=0.00 secs] 
3364.164: [GC (Allocation Failure) 3364.164: [ParNew: 81499K->0K(92160K), 0.0008223 secs] 82917K->1418K(194560K), 0.0008958 secs] [Times: user=0.00 sys=0.00, real=0.00 secs] 
3365.172: [GC (Allocation Failure) 3365.172: [ParNew: 81499K->0K(92160K), 0.0007364 secs] 82917K->1418K(194560K), 0.0008056 secs] [Times: user=0.00 sys=0.02, real=0.00 secs] 
3367.181: [GC (Allocation Failure) 3367.181: [ParNew: 81499K->0K(92160K), 0.0007447 secs] 82917K->1418K(194560K), 0.0008175 secs] [Times: user=0.00 sys=0.00, real=0.00 secs] 
3369.190: [GC (Allocation Failure) 3369.190: [ParNew: 81499K->0K(92160K), 0.0017777 secs] 82917K->1418K(194560K), 0.0019462 secs] [Times: user=0.00 sys=0.00, real=0.00 secs] 
3370.202: [GC (Allocation Failure) 3370.202: [ParNew: 81499K->0K(92160K), 0.0008546 secs] 82917K->1418K(194560K), 0.0009054 secs] [Times: user=0.00 sys=0.00, real=0.00 secs] 
3372.209: [GC (Allocation Failure) 3372.209: [ParNew: 81499K->0K(92160K), 0.0018082 secs] 82917K->1418K(194560K), 0.0019815 secs] [Times: user=0.00 sys=0.00, real=0.00 secs] 
3373.223: [GC (Allocation Failure) 3373.223: [ParNew: 81499K->0K(92160K), 0.0007646 secs] 82917K->1418K(194560K), 0.0008145 secs] [Times: user=0.00 sys=0.00, real=0.00 secs] 
3375.224: [GC (Allocation Failure) 3375.224: [ParNew: 81499K->0K(92160K), 0.0007292 secs] 82917K->1418K(194560K), 0.0007781 secs] [Times: user=0.00 sys=0.00, real=0.00 secs] 
3376.230: [GC (Allocation Failure) 3376.230: [ParNew: 81499K->0K(92160K), 0.0005539 secs] 82917K->1418K(194560K), 0.0006032 secs] [Times: user=0.00 sys=0.00, real=0.00 secs] 
3378.237: [GC (Allocation Failure) 3378.237: [ParNew: 81499K->0K(92160K), 0.0006331 secs] 82917K->1418K(194560K), 0.0006859 secs] [Times: user=0.00 sys=0.00, real=0.00 secs] 
3380.244: [GC (Allocation Failure) 3380.244: [ParNew: 81499K->0K(92160K), 0.0006180 secs] 82917K->1418K(194560K), 0.0006967 secs] [Times: user=0.00 sys=0.00, real=0.00 secs] 
3381.252: [GC (Allocation Failure) 3381.252: [ParNew: 81499K->0K(92160K), 0.0005965 secs] 82917K->1418K(194560K), 0.0006424 secs] [Times: user=0.00 sys=0.00, real=0.00 secs] 
3383.259: [GC (Allocation Failure) 3383.259: [ParNew: 81499K->0K(92160K), 0.0008908 secs] 82917K->1418K(194560K), 0.0009571 secs] [Times: user=0.00 sys=0.00, real=0.00 secs] 
3384.271: [GC (Allocation Failure) 3384.271: [ParNew: 81499K->0K(92160K), 0.0007765 secs] 82917K->1418K(194560K), 0.0008420 secs] [Times: user=0.00 sys=0.00, real=0.00 secs] 
3386.272: [GC (Allocation Failure) 3386.272: [ParNew: 81499K->0K(92160K), 0.0006306 secs] 82917K->1418K(194560K), 0.0007012 secs] [Times: user=0.00 sys=0.00, real=0.00 secs] 
3388.280: [GC (Allocation Failure) 3388.280: [ParNew: 81499K->0K(92160K), 0.0005784 secs] 82917K->1418K(194560K), 0.0006488 secs] [Times: user=0.00 sys=0.00, real=0.00 secs] 
3389.287: [GC (Allocation Failure) 3389.287: [ParNew: 81499K->0K(92160K), 0.0008283 secs] 82917K->1418K(194560K), 0.0008985 secs] [Times: user=0.00 sys=0.00, real=0.00 secs] 
3391.295: [GC (Allocation Failure) 3391.295: [ParNew: 81499K->0K(92160K), 0.0006217 secs] 82917K->1418K(194560K), 0.0006702 secs] [Times: user=0.00 sys=0.00, real=0.00 secs] 
3392.302: [GC (Allocation Failure) 3392.302: [ParNew: 81499K->0K(92160K), 0.0008810 secs] 82917K->1418K(194560K), 0.0009544 secs] [Times: user=0.00 sys=0.00, real=0.00 secs] 
3394.305: [GC (Allocation Failure) 3394.305: [ParNew: 81499K->0K(92160K), 0.0007557 secs] 82917K->1418K(194560K), 0.0008403 secs] [Times: user=0.00 sys=0.00, real=0.00 secs] 
3395.314: [GC (Allocation Failure) 3395.314: [ParNew: 81499K->0K(92160K), 0.0007757 secs] 82917K->1418K(194560K), 0.0008485 secs] [Times: user=0.00 sys=0.00, real=0.00 secs] 
3397.332: [GC (Allocation Failure) 3397.332: [ParNew: 81499K->0K(92160K), 0.0011357 secs] 82917K->1418K(194560K), 0.0012128 secs] [Times: user=0.00 sys=0.00, real=0.00 secs] 
3399.341: [GC (Allocation Failure) 3399.341: [ParNew: 81499K->0K(92160K), 0.0010987 secs] 82917K->1418K(194560K), 0.0011917 secs] [Times: user=0.00 sys=0.00, real=0.00 secs] 
3400.350: [GC (Allocation Failure) 3400.350: [ParNew: 81499K->0K(92160K), 0.0003673 secs] 82917K->1418K(194560K), 0.0004218 secs] [Times: user=0.00 sys=0.00, real=0.00 secs] 
3402.356: [GC (Allocation Failure) 3402.356: [ParNew: 81499K->0K(92160K), 0.0011087 secs] 82917K->1418K(194560K), 0.0011883 secs] [Times: user=0.00 sys=0.00, real=0.00 secs] 
3403.368: [GC (Allocation Failure) 3403.368: [ParNew: 81499K->0K(92160K), 0.0011870 secs] 82917K->1418K(194560K), 0.0012808 secs] [Times: user=0.00 sys=0.00, real=0.00 secs] 
3405.367: [GC (Allocation Failure) 3405.367: [ParNew: 81499K->0K(92160K), 0.0009758 secs] 82917K->1418K(194560K), 0.0010674 secs] [Times: user=0.00 sys=0.00, real=0.00 secs] 
3406.375: [GC (Allocation Failure) 3406.375: [ParNew: 81499K->0K(92160K), 0.0007129 secs] 82917K->1418K(194560K), 0.0007659 secs] [Times: user=0.00 sys=0.00, real=0.00 secs] 
3408.393: [GC (Allocation Failure) 3408.393: [ParNew: 81499K->0K(92160K), 0.0007299 secs] 82917K->1418K(194560K), 0.0007798 secs] [Times: user=0.00 sys=0.00, real=0.00 secs] 
3410.399: [GC (Allocation Failure) 3410.399: [ParNew: 81499K->0K(92160K), 0.0004316 secs] 82917K->1418K(194560K), 0.0004942 secs] [Times: user=0.00 sys=0.00, real=0.00 secs] 
3411.413: [GC (Allocation Failure) 3411.413: [ParNew: 81499K->0K(92160K), 0.0007839 secs] 82917K->1418K(194560K), 0.0008584 secs] [Times: user=0.00 sys=0.00, real=0.00 secs] 
3413.419: [GC (Allocation Failure) 3413.419: [ParNew: 81499K->0K(92160K), 0.0011168 secs] 82917K->1418K(194560K), 0.0012210 secs] [Times: user=0.00 sys=0.00, real=0.00 secs] 
3414.432: [GC (Allocation Failure) 3414.432: [ParNew: 81499K->0K(92160K), 0.0010424 secs] 82917K->1418K(194560K), 0.0011501 secs] [Times: user=0.00 sys=0.00, real=0.00 secs] 
3416.444: [GC (Allocation Failure) 3416.444: [ParNew: 81499K->0K(92160K), 0.0014379 secs] 82917K->1418K(194560K), 0.0015603 secs] [Times: user=0.00 sys=0.00, real=0.00 secs] 
3418.462: [GC (Allocation Failure) 3418.462: [ParNew: 81499K->0K(92160K), 0.0012346 secs] 82917K->1418K(194560K), 0.0013418 secs] [Times: user=0.00 sys=0.00, real=0.00 secs] 
3419.474: [GC (Allocation Failure) 3419.474: [ParNew: 81499K->0K(92160K), 0.0010452 secs] 82917K->1418K(194560K), 0.0011233 secs] [Times: user=0.00 sys=0.00, real=0.00 secs] 
3421.480: [GC (Allocation Failure) 3421.481: [ParNew: 81499K->0K(92160K), 0.0012204 secs] 82917K->1418K(194560K), 0.0013215 secs] [Times: user=0.00 sys=0.00, real=0.00 secs] 
3422.491: [GC (Allocation Failure) 3422.491: [ParNew: 81499K->0K(92160K), 0.0005710 secs] 82917K->1418K(194560K), 0.0006495 secs] [Times: user=0.00 sys=0.00, real=0.00 secs] 
3424.507: [GC (Allocation Failure) 3424.507: [ParNew: 81499K->0K(92160K), 0.0016271 secs] 82917K->1418K(194560K), 0.0017749 secs] [Times: user=0.00 sys=0.00, real=0.00 secs] 
3425.522: [GC (Allocation Failure) 3425.522: [ParNew: 81499K->0K(92160K), 0.0019333 secs] 82917K->1418K(194560K), 0.0020862 secs] [Times: user=0.00 sys=0.00, real=0.00 secs] 
3427.551: [GC (Allocation Failure) 3427.551: [ParNew: 81499K->0K(92160K), 0.0004876 secs] 82917K->1418K(194560K), 0.0005404 secs] [Times: user=0.00 sys=0.00, real=0.00 secs] 
3429.556: [GC (Allocation Failure) 3429.556: [ParNew: 81499K->0K(92160K), 0.0018969 secs] 82917K->1418K(194560K), 0.0020604 secs] [Times: user=0.00 sys=0.00, real=0.00 secs] 
3430.569: [GC (Allocation Failure) 3430.570: [ParNew: 81499K->0K(92160K), 0.0013479 secs] 82917K->1418K(194560K), 0.0015064 secs] [Times: user=0.00 sys=0.00, real=0.00 secs] 
3432.583: [GC (Allocation Failure) 3432.583: [ParNew: 81499K->0K(92160K), 0.0017980 secs] 82917K->1418K(194560K), 0.0019619 secs] [Times: user=0.00 sys=0.00, real=0.00 secs] 
3433.603: [GC (Allocation Failure) 3433.603: [ParNew: 81499K->0K(92160K), 0.0003633 secs] 82917K->1418K(194560K), 0.0004171 secs] [Times: user=0.00 sys=0.00, real=0.00 secs] 
3435.614: [GC (Allocation Failure) 3435.614: [ParNew: 81499K->0K(92160K), 0.0010602 secs] 82917K->1418K(194560K), 0.0011466 secs] [Times: user=0.00 sys=0.00, real=0.00 secs] 
3437.623: [GC (Allocation Failure) 3437.623: [ParNew: 81499K->0K(92160K), 0.0012550 secs] 82917K->1418K(194560K), 0.0014129 secs] [Times: user=0.00 sys=0.00, real=0.00 secs] 
3438.639: [GC (Allocation Failure) 3438.639: [ParNew: 81499K->0K(92160K), 0.0004283 secs] 82917K->1418K(194560K), 0.0004996 secs] [Times: user=0.00 sys=0.00, real=0.00 secs] 
3440.646: [GC (Allocation Failure) 3440.646: [ParNew: 81499K->0K(92160K), 0.0018372 secs] 82917K->1418K(194560K), 0.0020055 secs] [Times: user=0.00 sys=0.00, real=0.00 secs] 
3441.663: [GC (Allocation Failure) 3441.663: [ParNew: 81499K->0K(92160K), 0.0007078 secs] 82917K->1418K(194560K), 0.0007587 secs] [Times: user=0.00 sys=0.00, real=0.00 secs] 
3443.670: [GC (Allocation Failure) 3443.670: [ParNew: 81499K->0K(92160K), 0.0004134 secs] 82917K->1418K(194560K), 0.0004629 secs] [Times: user=0.00 sys=0.00, real=0.00 secs] 
3444.675: [GC (Allocation Failure) 3444.675: [ParNew: 81499K->0K(92160K), 0.0007205 secs] 82917K->1418K(194560K), 0.0007686 secs] [Times: user=0.00 sys=0.00, real=0.00 secs] 
3446.695: [GC (Allocation Failure) 3446.695: [ParNew: 81499K->0K(92160K), 0.0016806 secs] 82917K->1418K(194560K), 0.0018396 secs] [Times: user=0.00 sys=0.00, real=0.00 secs] 
3448.702: [GC (Allocation Failure) 3448.702: [ParNew: 81499K->0K(92160K), 0.0008207 secs] 82917K->1418K(194560K), 0.0009236 secs] [Times: user=0.00 sys=0.00, real=0.00 secs] 
3449.713: [GC (Allocation Failure) 3449.713: [ParNew: 81499K->0K(92160K), 0.0004346 secs] 82917K->1418K(194560K), 0.0004847 secs] [Times: user=0.00 sys=0.00, real=0.00 secs] 
3451.725: [GC (Allocation Failure) 3451.725: [ParNew: 81499K->0K(92160K), 0.0017321 secs] 82917K->1418K(194560K), 0.0019635 secs] [Times: user=0.00 sys=0.00, real=0.00 secs] 
3452.744: [GC (Allocation Failure) 3452.744: [ParNew: 81499K->0K(92160K), 0.0007425 secs] 82917K->1418K(194560K), 0.0008225 secs] [Times: user=0.00 sys=0.00, real=0.00 secs] 
3454.757: [GC (Allocation Failure) 3454.757: [ParNew: 81499K->0K(92160K), 0.0015509 secs] 82917K->1418K(194560K), 0.0017160 secs] [Times: user=0.00 sys=0.00, real=0.00 secs] 
3455.776: [GC (Allocation Failure) 3455.776: [ParNew: 81499K->0K(92160K), 0.0017453 secs] 82917K->1418K(194560K), 0.0018995 secs] [Times: user=0.00 sys=0.00, real=0.00 secs] 
3457.795: [GC (Allocation Failure) 3457.795: [ParNew: 81499K->0K(92160K), 0.0006791 secs] 82917K->1418K(194560K), 0.0007293 secs] [Times: user=0.00 sys=0.00, real=0.00 secs] 
3459.804: [GC (Allocation Failure) 3459.804: [ParNew: 81499K->0K(92160K), 0.0007810 secs] 82917K->1418K(194560K), 0.0009502 secs] [Times: user=0.00 sys=0.00, real=0.00 secs] 
3460.822: [GC (Allocation Failure) 3460.822: [ParNew: 81499K->0K(92160K), 0.0017392 secs] 82917K->1418K(194560K), 0.0018955 secs] [Times: user=0.00 sys=0.00, real=0.00 secs] 
3462.828: [GC (Allocation Failure) 3462.828: [ParNew: 81499K->0K(92160K), 0.0012798 secs] 82917K->1418K(194560K), 0.0014379 secs] [Times: user=0.03 sys=0.00, real=0.00 secs] 
3463.848: [GC (Allocation Failure) 3463.848: [ParNew: 81499K->0K(92160K), 0.0016515 secs] 82917K->1418K(194560K), 0.0017992 secs] [Times: user=0.00 sys=0.00, real=0.00 secs] 
3465.861: [GC (Allocation Failure) 3465.861: [ParNew: 81499K->0K(92160K), 0.0008223 secs] 82917K->1418K(194560K), 0.0008929 secs] [Times: user=0.00 sys=0.00, real=0.00 secs] 
3467.868: [GC (Allocation Failure) 3467.868: [ParNew: 81499K->0K(92160K), 0.0019387 secs] 82917K->1418K(194560K), 0.0021012 secs] [Times: user=0.00 sys=0.00, real=0.00 secs] 
3468.895: [GC (Allocation Failure) 3468.895: [ParNew: 81499K->0K(92160K), 0.0004843 secs] 82917K->1418K(194560K), 0.0005459 secs] [Times: user=0.00 sys=0.00, real=0.00 secs] 
3470.906: [GC (Allocation Failure) 3470.907: [ParNew: 81499K->0K(92160K), 0.0018945 secs] 82917K->1418K(194560K), 0.0020514 secs] [Times: user=0.00 sys=0.00, real=0.00 secs] 
3471.917: [GC (Allocation Failure) 3471.917: [ParNew: 81499K->0K(92160K), 0.0004450 secs] 82917K->1418K(194560K), 0.0005153 secs] [Times: user=0.00 sys=0.00, real=0.00 secs] 
3473.927: [GC (Allocation Failure) 3473.927: [ParNew: 81499K->0K(92160K), 0.0020301 secs] 82917K->1418K(194560K), 0.0022143 secs] [Times: user=0.00 sys=0.00, real=0.00 secs] 
3474.941: [GC (Allocation Failure) 3474.941: [ParNew: 81499K->0K(92160K), 0.0007748 secs] 82917K->1418K(194560K), 0.0008221 secs] [Times: user=0.00 sys=0.00, real=0.00 secs] 
3476.972: [GC (Allocation Failure) 3476.972: [ParNew: 81499K->0K(92160K), 0.0003706 secs] 82917K->1418K(194560K), 0.0004198 secs] [Times: user=0.00 sys=0.00, real=0.00 secs] 
3478.981: [GC (Allocation Failure) 3478.981: [ParNew: 81499K->0K(92160K), 0.0016887 secs] 82917K->1418K(194560K), 0.0018388 secs] [Times: user=0.00 sys=0.00, real=0.00 secs] 
3479.990: [GC (Allocation Failure) 3479.990: [ParNew: 81499K->0K(92160K), 0.0005063 secs] 82917K->1418K(194560K), 0.0005544 secs] [Times: user=0.00 sys=0.00, real=0.00 secs] 
3482.001: [GC (Allocation Failure) 3482.001: [ParNew: 81499K->0K(92160K), 0.0007970 secs] 82917K->1418K(194560K), 0.0008618 secs] [Times: user=0.00 sys=0.00, real=0.00 secs] 
3483.008: [GC (Allocation Failure) 3483.008: [ParNew: 81499K->0K(92160K), 0.0006598 secs] 82917K->1418K(194560K), 0.0007294 secs] [Times: user=0.00 sys=0.00, real=0.00 secs] 
3485.022: [GC (Allocation Failure) 3485.022: [ParNew: 81499K->0K(92160K), 0.0019875 secs] 82917K->1418K(194560K), 0.0021488 secs] [Times: user=0.00 sys=0.00, real=0.00 secs] 
3486.032: [GC (Allocation Failure) 3486.032: [ParNew: 81499K->0K(92160K), 0.0008231 secs] 82917K->1418K(194560K), 0.0009023 secs] [Times: user=0.00 sys=0.00, real=0.00 secs] 
3488.051: [GC (Allocation Failure) 3488.051: [ParNew: 81499K->0K(92160K), 0.0017591 secs] 82917K->1418K(194560K), 0.0019270 secs] [Times: user=0.00 sys=0.00, real=0.00 secs] 
3490.065: [GC (Allocation Failure) 3490.065: [ParNew: 81499K->0K(92160K), 0.0004331 secs] 82917K->1418K(194560K), 0.0004875 secs] [Times: user=0.00 sys=0.00, real=0.00 secs] 
3491.082: [GC (Allocation Failure) 3491.082: [ParNew: 81499K->0K(92160K), 0.0003550 secs] 82917K->1418K(194560K), 0.0004054 secs] [Times: user=0.00 sys=0.00, real=0.00 secs] 
3493.088: [GC (Allocation Failure) 3493.089: [ParNew: 81499K->0K(92160K), 0.0008787 secs] 82917K->1418K(194560K), 0.0009831 secs] [Times: user=0.00 sys=0.00, real=0.00 secs] 
3494.098: [GC (Allocation Failure) 3494.098: [ParNew: 81499K->0K(92160K), 0.0008235 secs] 82917K->1418K(194560K), 0.0009159 secs] [Times: user=0.00 sys=0.00, real=0.00 secs] 
3496.106: [GC (Allocation Failure) 3496.106: [ParNew: 81499K->0K(92160K), 0.0009526 secs] 82917K->1418K(194560K), 0.0010237 secs] [Times: user=0.00 sys=0.00, real=0.00 secs] 
3498.128: [GC (Allocation Failure) 3498.128: [ParNew: 81499K->0K(92160K), 0.0007669 secs] 82917K->1418K(194560K), 0.0008403 secs] [Times: user=0.00 sys=0.00, real=0.00 secs] 
3499.130: [GC (Allocation Failure) 3499.130: [ParNew: 81499K->0K(92160K), 0.0008707 secs] 82917K->1418K(194560K), 0.0009363 secs] [Times: user=0.00 sys=0.00, real=0.00 secs] 
3501.139: [GC (Allocation Failure) 3501.139: [ParNew: 81499K->0K(92160K), 0.0013691 secs] 82917K->1418K(194560K), 0.0015589 secs] [Times: user=0.00 sys=0.00, real=0.00 secs] 
3502.161: [GC (Allocation Failure) 3502.161: [ParNew: 81499K->0K(92160K), 0.0004110 secs] 82917K->1418K(194560K), 0.0004603 secs] [Times: user=0.00 sys=0.00, real=0.00 secs] 
3504.165: [GC (Allocation Failure) 3504.165: [ParNew: 81499K->0K(92160K), 0.0007363 secs] 82917K->1418K(194560K), 0.0008045 secs] [Times: user=0.00 sys=0.00, real=0.00 secs] 
3505.173: [GC (Allocation Failure) 3505.173: [ParNew: 81499K->0K(92160K), 0.0005333 secs] 82917K->1418K(194560K), 0.0006027 secs] [Times: user=0.00 sys=0.00, real=0.00 secs] 
3507.191: [GC (Allocation Failure) 3507.191: [ParNew: 81499K->0K(92160K), 0.0005266 secs] 82917K->1418K(194560K), 0.0005910 secs] [Times: user=0.00 sys=0.00, real=0.00 secs] 
3509.197: [GC (Allocation Failure) 3509.197: [ParNew: 81499K->0K(92160K), 0.0006776 secs] 82917K->1418K(194560K), 0.0007288 secs] [Times: user=0.00 sys=0.00, real=0.00 secs] 
3510.209: [GC (Allocation Failure) 3510.209: [ParNew: 81499K->0K(92160K), 0.0010784 secs] 82917K->1418K(194560K), 0.0011764 secs] [Times: user=0.00 sys=0.00, real=0.00 secs] 
3512.212: [GC (Allocation Failure) 3512.212: [ParNew: 81499K->0K(92160K), 0.0006195 secs] 82917K->1418K(194560K), 0.0006885 secs] [Times: user=0.00 sys=0.00, real=0.00 secs] 
3513.225: [GC (Allocation Failure) 3513.225: [ParNew: 81499K->0K(92160K), 0.0013541 secs] 82917K->1418K(194560K), 0.0015089 secs] [Times: user=0.00 sys=0.00, real=0.00 secs] 
3515.236: [GC (Allocation Failure) 3515.236: [ParNew: 81499K->0K(92160K), 0.0004151 secs] 82917K->1418K(194560K), 0.0004846 secs] [Times: user=0.00 sys=0.00, real=0.00 secs] 
3517.244: [GC (Allocation Failure) 3517.244: [ParNew: 81499K->0K(92160K), 0.0005680 secs] 82917K->1418K(194560K), 0.0006335 secs] [Times: user=0.00 sys=0.00, real=0.00 secs] 
3518.252: [GC (Allocation Failure) 3518.252: [ParNew: 81499K->0K(92160K), 0.0007184 secs] 82917K->1418K(194560K), 0.0007856 secs] [Times: user=0.00 sys=0.00, real=0.00 secs] 
3520.260: [GC (Allocation Failure) 3520.260: [ParNew: 81499K->0K(92160K), 0.0007553 secs] 82917K->1418K(194560K), 0.0008223 secs] [Times: user=0.00 sys=0.00, real=0.00 secs] 
3521.270: [GC (Allocation Failure) 3521.270: [ParNew: 81499K->0K(92160K), 0.0003868 secs] 82917K->1418K(194560K), 0.0004297 secs] [Times: user=0.00 sys=0.00, real=0.00 secs] 
3523.275: [GC (Allocation Failure) 3523.275: [ParNew: 81499K->0K(92160K), 0.0005148 secs] 82917K->1418K(194560K), 0.0005836 secs] [Times: user=0.00 sys=0.00, real=0.00 secs] 
3524.283: [GC (Allocation Failure) 3524.283: [ParNew: 81499K->0K(92160K), 0.0007786 secs] 82917K->1418K(194560K), 0.0008436 secs] [Times: user=0.00 sys=0.00, real=0.00 secs] 
3526.291: [GC (Allocation Failure) 3526.292: [ParNew: 81499K->0K(92160K), 0.0006795 secs] 82917K->1418K(194560K), 0.0007545 secs] [Times: user=0.00 sys=0.00, real=0.00 secs] 
3528.300: [GC (Allocation Failure) 3528.300: [ParNew: 81499K->0K(92160K), 0.0007994 secs] 82917K->1418K(194560K), 0.0008725 secs] [Times: user=0.00 sys=0.00, real=0.00 secs] 
3529.303: [GC (Allocation Failure) 3529.303: [ParNew: 81499K->0K(92160K), 0.0006089 secs] 82917K->1418K(194560K), 0.0006922 secs] [Times: user=0.00 sys=0.00, real=0.00 secs] 
3531.313: [GC (Allocation Failure) 3531.313: [ParNew: 81499K->0K(92160K), 0.0004833 secs] 82917K->1418K(194560K), 0.0005311 secs] [Times: user=0.00 sys=0.00, real=0.00 secs] 
3532.320: [GC (Allocation Failure) 3532.320: [ParNew: 81499K->0K(92160K), 0.0005600 secs] 82917K->1418K(194560K), 0.0006362 secs] [Times: user=0.00 sys=0.00, real=0.00 secs] 
3534.330: [GC (Allocation Failure) 3534.330: [ParNew: 81499K->0K(92160K), 0.0006306 secs] 82917K->1418K(194560K), 0.0007079 secs] [Times: user=0.00 sys=0.00, real=0.00 secs] 
3535.339: [GC (Allocation Failure) 3535.339: [ParNew: 81499K->0K(92160K), 0.0006509 secs] 82917K->1418K(194560K), 0.0007013 secs] [Times: user=0.00 sys=0.00, real=0.00 secs] 
3537.348: [GC (Allocation Failure) 3537.348: [ParNew: 81499K->0K(92160K), 0.0007663 secs] 82917K->1418K(194560K), 0.0008814 secs] [Times: user=0.00 sys=0.00, real=0.00 secs] 
3539.378: [GC (Allocation Failure) 3539.378: [ParNew: 81499K->0K(92160K), 0.0012961 secs] 82917K->1418K(194560K), 0.0013985 secs] [Times: user=0.00 sys=0.00, real=0.00 secs] 
3540.382: [GC (Allocation Failure) 3540.382: [ParNew: 81499K->0K(92160K), 0.0011175 secs] 82917K->1418K(194560K), 0.0012604 secs] [Times: user=0.00 sys=0.00, real=0.00 secs] 
3542.391: [GC (Allocation Failure) 3542.391: [ParNew: 81499K->0K(92160K), 0.0010496 secs] 82917K->1418K(194560K), 0.0011421 secs] [Times: user=0.00 sys=0.02, real=0.00 secs] 
3543.412: [GC (Allocation Failure) 3543.412: [ParNew: 81499K->0K(92160K), 0.0005951 secs] 82917K->1418K(194560K), 0.0006700 secs] [Times: user=0.00 sys=0.00, real=0.00 secs] 
3545.418: [GC (Allocation Failure) 3545.418: [ParNew: 81499K->0K(92160K), 0.0012631 secs] 82917K->1418K(194560K), 0.0013856 secs] [Times: user=0.00 sys=0.00, real=0.00 secs] 
3547.440: [GC (Allocation Failure) 3547.440: [ParNew: 81499K->0K(92160K), 0.0006611 secs] 82917K->1418K(194560K), 0.0007348 secs] [Times: user=0.00 sys=0.00, real=0.00 secs] 
3548.445: [GC (Allocation Failure) 3548.445: [ParNew: 81499K->0K(92160K), 0.0005278 secs] 82917K->1418K(194560K), 0.0006354 secs] [Times: user=0.00 sys=0.00, real=0.00 secs] 
3550.453: [GC (Allocation Failure) 3550.453: [ParNew: 81499K->0K(92160K), 0.0017163 secs] 82917K->1418K(194560K), 0.0018240 secs] [Times: user=0.00 sys=0.00, real=0.00 secs] 
3551.476: [GC (Allocation Failure) 3551.476: [ParNew: 81499K->0K(92160K), 0.0009991 secs] 82917K->1418K(194560K), 0.0010914 secs] [Times: user=0.00 sys=0.00, real=0.00 secs] 
3553.480: [GC (Allocation Failure) 3553.480: [ParNew: 81499K->0K(92160K), 0.0005602 secs] 82917K->1418K(194560K), 0.0006197 secs] [Times: user=0.00 sys=0.00, real=0.00 secs] 
3554.487: [GC (Allocation Failure) 3554.487: [ParNew: 81499K->0K(92160K), 0.0009127 secs] 82917K->1418K(194560K), 0.0009832 secs] [Times: user=0.00 sys=0.00, real=0.00 secs] 
3556.506: [GC (Allocation Failure) 3556.506: [ParNew: 81499K->0K(92160K), 0.0008321 secs] 82917K->1418K(194560K), 0.0009307 secs] [Times: user=0.00 sys=0.00, real=0.00 secs] 
3558.513: [GC (Allocation Failure) 3558.513: [ParNew: 81499K->0K(92160K), 0.0012235 secs] 82917K->1418K(194560K), 0.0013572 secs] [Times: user=0.00 sys=0.00, real=0.00 secs] 
3559.541: [GC (Allocation Failure) 3559.541: [ParNew: 81499K->0K(92160K), 0.0021482 secs] 82917K->1418K(194560K), 0.0023049 secs] [Times: user=0.00 sys=0.00, real=0.00 secs] 
3561.546: [GC (Allocation Failure) 3561.547: [ParNew: 81499K->0K(92160K), 0.0015235 secs] 82917K->1418K(194560K), 0.0016434 secs] [Times: user=0.13 sys=0.00, real=0.00 secs] 
3562.557: [GC (Allocation Failure) 3562.557: [ParNew: 81499K->0K(92160K), 0.0004144 secs] 82917K->1418K(194560K), 0.0004626 secs] [Times: user=0.00 sys=0.00, real=0.00 secs] 
3564.570: [GC (Allocation Failure) 3564.570: [ParNew: 81499K->0K(92160K), 0.0005943 secs] 82917K->1418K(194560K), 0.0006443 secs] [Times: user=0.00 sys=0.00, real=0.00 secs] 
3565.585: [GC (Allocation Failure) 3565.585: [ParNew: 81499K->0K(92160K), 0.0017877 secs] 82917K->1418K(194560K), 0.0019499 secs] [Times: user=0.00 sys=0.00, real=0.00 secs] 
3567.601: [GC (Allocation Failure) 3567.601: [ParNew: 81499K->0K(92160K), 0.0007136 secs] 82917K->1418K(194560K), 0.0007723 secs] [Times: user=0.00 sys=0.00, real=0.00 secs] 
3569.614: [GC (Allocation Failure) 3569.614: [ParNew: 81499K->0K(92160K), 0.0007703 secs] 82917K->1418K(194560K), 0.0008432 secs] [Times: user=0.00 sys=0.00, real=0.00 secs] 
3570.622: [GC (Allocation Failure) 3570.622: [ParNew: 81499K->0K(92160K), 0.0017431 secs] 82917K->1418K(194560K), 0.0019016 secs] [Times: user=0.00 sys=0.00, real=0.00 secs] 
3572.635: [GC (Allocation Failure) 3572.635: [ParNew: 81499K->0K(92160K), 0.0010450 secs] 82917K->1418K(194560K), 0.0012444 secs] [Times: user=0.00 sys=0.00, real=0.00 secs] 
3573.652: [GC (Allocation Failure) 3573.652: [ParNew: 81499K->0K(92160K), 0.0018010 secs] 82917K->1418K(194560K), 0.0019580 secs] [Times: user=0.00 sys=0.00, real=0.00 secs] 
3575.666: [GC (Allocation Failure) 3575.666: [ParNew: 81499K->0K(92160K), 0.0006814 secs] 82917K->1418K(194560K), 0.0007309 secs] [Times: user=0.00 sys=0.00, real=0.00 secs] 
3577.676: [GC (Allocation Failure) 3577.676: [ParNew: 81499K->0K(92160K), 0.0018604 secs] 82917K->1418K(194560K), 0.0020188 secs] [Times: user=0.00 sys=0.00, real=0.00 secs] 
3578.693: [GC (Allocation Failure) 3578.693: [ParNew: 81499K->0K(92160K), 0.0012560 secs] 82917K->1418K(194560K), 0.0014277 secs] [Times: user=0.00 sys=0.00, real=0.00 secs] 
3580.722: [GC (Allocation Failure) 3580.722: [ParNew: 81499K->0K(92160K), 0.0014751 secs] 82917K->1418K(194560K), 0.0015980 secs] [Times: user=0.00 sys=0.00, real=0.00 secs] 
3581.730: [GC (Allocation Failure) 3581.730: [ParNew: 81499K->0K(92160K), 0.0006515 secs] 82917K->1418K(194560K), 0.0007154 secs] [Times: user=0.00 sys=0.00, real=0.00 secs] 
3583.748: [GC (Allocation Failure) 3583.748: [ParNew: 81499K->0K(92160K), 0.0013155 secs] 82917K->1418K(194560K), 0.0014798 secs] [Times: user=0.00 sys=0.00, real=0.00 secs] 
3584.762: [GC (Allocation Failure) 3584.762: [ParNew: 81499K->0K(92160K), 0.0008306 secs] 82917K->1418K(194560K), 0.0008795 secs] [Times: user=0.00 sys=0.00, real=0.00 secs] 
3586.775: [GC (Allocation Failure) 3586.775: [ParNew: 81499K->0K(92160K), 0.0016898 secs] 82917K->1418K(194560K), 0.0018529 secs] [Times: user=0.00 sys=0.00, real=0.00 secs] 
3588.799: [GC (Allocation Failure) 3588.799: [ParNew: 81499K->0K(92160K), 0.0006066 secs] 82917K->1418K(194560K), 0.0006852 secs] [Times: user=0.00 sys=0.00, real=0.00 secs] 
3589.806: [GC (Allocation Failure) 3589.806: [ParNew: 81499K->0K(92160K), 0.0015710 secs] 82917K->1418K(194560K), 0.0017244 secs] [Times: user=0.00 sys=0.00, real=0.00 secs] 
3591.820: [GC (Allocation Failure) 3591.821: [ParNew: 81499K->0K(92160K), 0.0007968 secs] 82917K->1418K(194560K), 0.0008952 secs] [Times: user=0.00 sys=0.00, real=0.00 secs] 
3592.840: [GC (Allocation Failure) 3592.840: [ParNew: 81499K->0K(92160K), 0.0016836 secs] 82917K->1418K(194560K), 0.0018424 secs] [Times: user=0.00 sys=0.00, real=0.00 secs] 
3594.846: [GC (Allocation Failure) 3594.846: [ParNew: 81499K->0K(92160K), 0.0020392 secs] 82917K->1418K(194560K), 0.0021984 secs] [Times: user=0.00 sys=0.00, real=0.00 secs] 
3596.878: [GC (Allocation Failure) 3596.878: [ParNew: 81499K->0K(92160K), 0.0004964 secs] 82917K->1418K(194560K), 0.0006257 secs] [Times: user=0.00 sys=0.00, real=0.00 secs] 
3597.885: [GC (Allocation Failure) 3597.885: [ParNew: 81499K->0K(92160K), 0.0007592 secs] 82917K->1418K(194560K), 0.0008838 secs] [Times: user=0.00 sys=0.00, real=0.00 secs] 
3599.896: [GC (Allocation Failure) 3599.896: [ParNew: 81499K->0K(92160K), 0.0007129 secs] 82917K->1418K(194560K), 0.0008121 secs] [Times: user=0.00 sys=0.00, real=0.00 secs] 
3600.920: [GC (Allocation Failure) 3600.920: [ParNew: 81499K->0K(92160K), 0.0012789 secs] 82917K->1418K(194560K), 0.0014375 secs] [Times: user=0.00 sys=0.00, real=0.00 secs] 
3602.936: [GC (Allocation Failure) 3602.936: [ParNew: 81499K->0K(92160K), 0.0007596 secs] 82917K->1418K(194560K), 0.0008105 secs] [Times: user=0.00 sys=0.00, real=0.00 secs] 
3603.943: [GC (Allocation Failure) 3603.943: [ParNew: 81499K->0K(92160K), 0.0004562 secs] 82917K->1418K(194560K), 0.0005271 secs] [Times: user=0.00 sys=0.00, real=0.00 secs] 
3605.960: [GC (Allocation Failure) 3605.960: [ParNew: 81499K->0K(92160K), 0.0011885 secs] 82917K->1418K(194560K), 0.0013913 secs] [Times: user=0.00 sys=0.00, real=0.00 secs] 
3607.976: [GC (Allocation Failure) 3607.976: [ParNew: 81499K->0K(92160K), 0.0014687 secs] 82917K->1418K(194560K), 0.0016651 secs] [Times: user=0.00 sys=0.00, real=0.00 secs] 
3608.992: [GC (Allocation Failure) 3608.992: [ParNew: 81499K->0K(92160K), 0.0008777 secs] 82917K->1418K(194560K), 0.0009265 secs] [Times: user=0.00 sys=0.00, real=0.00 secs] 
3611.001: [GC (Allocation Failure) 3611.001: [ParNew: 81499K->0K(92160K), 0.0017787 secs] 82917K->1418K(194560K), 0.0018890 secs] [Times: user=0.00 sys=0.00, real=0.00 secs] 
3612.026: [GC (Allocation Failure) 3612.026: [ParNew: 81499K->0K(92160K), 0.0018628 secs] 82917K->1418K(194560K), 0.0020150 secs] [Times: user=0.00 sys=0.00, real=0.00 secs] 
3614.028: [GC (Allocation Failure) 3614.028: [ParNew: 81499K->0K(92160K), 0.0014595 secs] 82917K->1418K(194560K), 0.0016114 secs] [Times: user=0.00 sys=0.00, real=0.00 secs] 
3615.048: [GC (Allocation Failure) 3615.048: [ParNew: 81499K->0K(92160K), 0.0004539 secs] 82917K->1418K(194560K), 0.0005224 secs] [Times: user=0.00 sys=0.00, real=0.00 secs] 
3617.058: [GC (Allocation Failure) 3617.058: [ParNew: 81499K->0K(92160K), 0.0006414 secs] 82917K->1418K(194560K), 0.0007020 secs] [Times: user=0.00 sys=0.00, real=0.00 secs] 
3619.073: [GC (Allocation Failure) 3619.073: [ParNew: 81499K->0K(92160K), 0.0017768 secs] 82917K->1418K(194560K), 0.0019391 secs] [Times: user=0.00 sys=0.00, real=0.00 secs] 
3620.086: [GC (Allocation Failure) 3620.086: [ParNew: 81499K->0K(92160K), 0.0011633 secs] 82917K->1418K(194560K), 0.0012489 secs] [Times: user=0.00 sys=0.00, real=0.00 secs] 
3622.098: [GC (Allocation Failure) 3622.098: [ParNew: 81499K->0K(92160K), 0.0017097 secs] 82917K->1418K(194560K), 0.0018690 secs] [Times: user=0.00 sys=0.00, real=0.00 secs] 
3623.104: [GC (Allocation Failure) 3623.104: [ParNew: 81499K->0K(92160K), 0.0008001 secs] 82917K->1418K(194560K), 0.0008510 secs] [Times: user=0.00 sys=0.00, real=0.00 secs] 
3625.123: [GC (Allocation Failure) 3625.123: [ParNew: 81499K->0K(92160K), 0.0008759 secs] 82917K->1418K(194560K), 0.0009351 secs] [Times: user=0.00 sys=0.00, real=0.00 secs] 
3627.128: [GC (Allocation Failure) 3627.128: [ParNew: 81499K->0K(92160K), 0.0007425 secs] 82917K->1418K(194560K), 0.0008434 secs] [Times: user=0.00 sys=0.00, real=0.00 secs] 
3628.140: [GC (Allocation Failure) 3628.140: [ParNew: 81499K->0K(92160K), 0.0013410 secs] 82917K->1418K(194560K), 0.0014971 secs] [Times: user=0.11 sys=0.00, real=0.00 secs] 
3630.159: [GC (Allocation Failure) 3630.159: [ParNew: 81499K->0K(92160K), 0.0007063 secs] 82917K->1418K(194560K), 0.0007886 secs] [Times: user=0.00 sys=0.00, real=0.00 secs] 
3631.162: [GC (Allocation Failure) 3631.162: [ParNew: 81499K->0K(92160K), 0.0005570 secs] 82917K->1418K(194560K), 0.0006301 secs] [Times: user=0.00 sys=0.00, real=0.00 secs] 
3633.179: [GC (Allocation Failure) 3633.179: [ParNew: 81499K->0K(92160K), 0.0016864 secs] 82917K->1418K(194560K), 0.0018536 secs] [Times: user=0.00 sys=0.00, real=0.00 secs] 
3634.200: [GC (Allocation Failure) 3634.200: [ParNew: 81499K->0K(92160K), 0.0017102 secs] 82917K->1418K(194560K), 0.0018636 secs] [Times: user=0.00 sys=0.00, real=0.00 secs] 
3636.197: [GC (Allocation Failure) 3636.198: [ParNew: 81499K->0K(92160K), 0.0008768 secs] 82917K->1418K(194560K), 0.0009547 secs] [Times: user=0.00 sys=0.00, real=0.00 secs] 
3638.221: [GC (Allocation Failure) 3638.221: [ParNew: 81499K->0K(92160K), 0.0005448 secs] 82917K->1418K(194560K), 0.0006093 secs] [Times: user=0.00 sys=0.00, real=0.00 secs] 
3639.222: [GC (Allocation Failure) 3639.222: [ParNew: 81499K->0K(92160K), 0.0006857 secs] 82917K->1418K(194560K), 0.0007364 secs] [Times: user=0.00 sys=0.00, real=0.00 secs] 
3641.228: [GC (Allocation Failure) 3641.228: [ParNew: 81499K->0K(92160K), 0.0006584 secs] 82917K->1418K(194560K), 0.0007095 secs] [Times: user=0.00 sys=0.00, real=0.00 secs] 
3642.240: [GC (Allocation Failure) 3642.240: [ParNew: 81499K->0K(92160K), 0.0008742 secs] 82917K->1418K(194560K), 0.0009228 secs] [Times: user=0.00 sys=0.00, real=0.00 secs] 
3644.241: [GC (Allocation Failure) 3644.241: [ParNew: 81499K->0K(92160K), 0.0004674 secs] 82917K->1418K(194560K), 0.0005370 secs] [Times: user=0.00 sys=0.00, real=0.00 secs] 
3645.246: [GC (Allocation Failure) 3645.246: [ParNew: 81499K->0K(92160K), 0.0006570 secs] 82917K->1418K(194560K), 0.0007094 secs] [Times: user=0.00 sys=0.00, real=0.00 secs] 
3647.255: [GC (Allocation Failure) 3647.255: [ParNew: 81499K->0K(92160K), 0.0012184 secs] 82917K->1418K(194560K), 0.0013119 secs] [Times: user=0.00 sys=0.00, real=0.00 secs] 
3649.268: [GC (Allocation Failure) 3649.268: [ParNew: 81499K->0K(92160K), 0.0007129 secs] 82917K->1418K(194560K), 0.0007803 secs] [Times: user=0.00 sys=0.00, real=0.00 secs] 
3650.270: [GC (Allocation Failure) 3650.270: [ParNew: 81499K->0K(92160K), 0.0007467 secs] 82917K->1418K(194560K), 0.0008130 secs] [Times: user=0.00 sys=0.00, real=0.00 secs] 
3652.278: [GC (Allocation Failure) 3652.278: [ParNew: 81499K->0K(92160K), 0.0005772 secs] 82917K->1418K(194560K), 0.0006627 secs] [Times: user=0.00 sys=0.00, real=0.00 secs] 
3653.286: [GC (Allocation Failure) 3653.286: [ParNew: 81499K->0K(92160K), 0.0005302 secs] 82917K->1418K(194560K), 0.0006005 secs] [Times: user=0.00 sys=0.00, real=0.00 secs] 
3655.294: [GC (Allocation Failure) 3655.295: [ParNew: 81499K->0K(92160K), 0.0005901 secs] 82917K->1418K(194560K), 0.0006619 secs] [Times: user=0.00 sys=0.00, real=0.00 secs] 
3657.315: [GC (Allocation Failure) 3657.315: [ParNew: 81499K->0K(92160K), 0.0008149 secs] 82917K->1418K(194560K), 0.0008912 secs] [Times: user=0.00 sys=0.00, real=0.00 secs] 
3658.318: [GC (Allocation Failure) 3658.318: [ParNew: 81499K->0K(92160K), 0.0008373 secs] 82917K->1418K(194560K), 0.0009135 secs] [Times: user=0.00 sys=0.00, real=0.00 secs] 
3660.325: [GC (Allocation Failure) 3660.325: [ParNew: 81499K->0K(92160K), 0.0010241 secs] 82917K->1418K(194560K), 0.0011031 secs] [Times: user=0.00 sys=0.00, real=0.00 secs] 
3661.348: [GC (Allocation Failure) 3661.348: [ParNew: 81499K->0K(92160K), 0.0004513 secs] 82917K->1418K(194560K), 0.0005011 secs] [Times: user=0.00 sys=0.00, real=0.00 secs] 
3663.352: [GC (Allocation Failure) 3663.352: [ParNew: 81499K->0K(92160K), 0.0007346 secs] 82917K->1418K(194560K), 0.0008174 secs] [Times: user=0.00 sys=0.00, real=0.00 secs] 
3664.359: [GC (Allocation Failure) 3664.359: [ParNew: 81499K->0K(92160K), 0.0006539 secs] 82917K->1418K(194560K), 0.0007064 secs] [Times: user=0.02 sys=0.00, real=0.00 secs] 
3666.363: [GC (Allocation Failure) 3666.363: [ParNew: 81499K->0K(92160K), 0.0010027 secs] 82917K->1418K(194560K), 0.0011011 secs] [Times: user=0.00 sys=0.00, real=0.00 secs] 
3668.375: [GC (Allocation Failure) 3668.375: [ParNew: 81499K->0K(92160K), 0.0014075 secs] 82917K->1418K(194560K), 0.0015312 secs] [Times: user=0.00 sys=0.00, real=0.00 secs] 
3669.398: [GC (Allocation Failure) 3669.398: [ParNew: 81499K->0K(92160K), 0.0008708 secs] 82917K->1418K(194560K), 0.0009775 secs] [Times: user=0.00 sys=0.00, real=0.00 secs] 
3671.399: [GC (Allocation Failure) 3671.400: [ParNew: 81499K->0K(92160K), 0.0005836 secs] 82917K->1418K(194560K), 0.0006587 secs] [Times: user=0.00 sys=0.00, real=0.00 secs] 
3672.410: [GC (Allocation Failure) 3672.410: [ParNew: 81499K->0K(92160K), 0.0009423 secs] 82917K->1418K(194560K), 0.0010563 secs] [Times: user=0.00 sys=0.00, real=0.00 secs] 
3674.423: [GC (Allocation Failure) 3674.423: [ParNew: 81499K->0K(92160K), 0.0008718 secs] 82917K->1418K(194560K), 0.0010256 secs] [Times: user=0.00 sys=0.00, real=0.00 secs] 
3676.439: [GC (Allocation Failure) 3676.440: [ParNew: 81499K->0K(92160K), 0.0015944 secs] 82917K->1418K(194560K), 0.0017554 secs] [Times: user=0.00 sys=0.00, real=0.00 secs] 
3677.445: [GC (Allocation Failure) 3677.445: [ParNew: 81499K->0K(92160K), 0.0013730 secs] 82917K->1418K(194560K), 0.0015000 secs] [Times: user=0.00 sys=0.00, real=0.00 secs] 
3679.458: [GC (Allocation Failure) 3679.458: [ParNew: 81499K->0K(92160K), 0.0013185 secs] 82917K->1418K(194560K), 0.0014448 secs] [Times: user=0.00 sys=0.00, real=0.00 secs] 
3680.474: [GC (Allocation Failure) 3680.474: [ParNew: 81499K->0K(92160K), 0.0017225 secs] 82917K->1418K(194560K), 0.0018358 secs] [Times: user=0.00 sys=0.00, real=0.00 secs] 
3682.487: [GC (Allocation Failure) 3682.488: [ParNew: 81499K->0K(92160K), 0.0007641 secs] 82917K->1418K(194560K), 0.0008299 secs] [Times: user=0.00 sys=0.00, real=0.00 secs] 
3683.505: [GC (Allocation Failure) 3683.505: [ParNew: 81499K->0K(92160K), 0.0006744 secs] 82917K->1418K(194560K), 0.0007248 secs] [Times: user=0.00 sys=0.00, real=0.00 secs] 
3685.516: [GC (Allocation Failure) 3685.516: [ParNew: 81499K->0K(92160K), 0.0007929 secs] 82917K->1418K(194560K), 0.0008426 secs] [Times: user=0.00 sys=0.02, real=0.00 secs] 
3687.524: [GC (Allocation Failure) 3687.524: [ParNew: 81499K->0K(92160K), 0.0007963 secs] 82917K->1418K(194560K), 0.0008648 secs] [Times: user=0.00 sys=0.00, real=0.00 secs] 
3688.533: [GC (Allocation Failure) 3688.533: [ParNew: 81499K->0K(92160K), 0.0005258 secs] 82917K->1418K(194560K), 0.0006124 secs] [Times: user=0.00 sys=0.00, real=0.00 secs] 
3690.550: [GC (Allocation Failure) 3690.550: [ParNew: 81499K->0K(92160K), 0.0012255 secs] 82917K->1418K(194560K), 0.0013565 secs] [Times: user=0.00 sys=0.00, real=0.00 secs] 
3691.555: [GC (Allocation Failure) 3691.556: [ParNew: 81499K->0K(92160K), 0.0011300 secs] 82917K->1418K(194560K), 0.0012935 secs] [Times: user=0.00 sys=0.00, real=0.00 secs] 
3693.566: [GC (Allocation Failure) 3693.566: [ParNew: 81499K->0K(92160K), 0.0015208 secs] 82917K->1418K(194560K), 0.0016411 secs] [Times: user=0.00 sys=0.00, real=0.00 secs] 
3694.592: [GC (Allocation Failure) 3694.592: [ParNew: 81499K->0K(92160K), 0.0013756 secs] 82917K->1418K(194560K), 0.0015305 secs] [Times: user=0.00 sys=0.00, real=0.00 secs] 
3696.595: [GC (Allocation Failure) 3696.595: [ParNew: 81499K->0K(92160K), 0.0018707 secs] 82917K->1418K(194560K), 0.0020288 secs] [Times: user=0.00 sys=0.00, real=0.00 secs] 
3698.613: [GC (Allocation Failure) 3698.614: [ParNew: 81499K->0K(92160K), 0.0018920 secs] 82917K->1418K(194560K), 0.0021054 secs] [Times: user=0.00 sys=0.00, real=0.00 secs] 
3699.620: [GC (Allocation Failure) 3699.620: [ParNew: 81499K->0K(92160K), 0.0017310 secs] 82917K->1418K(194560K), 0.0018894 secs] [Times: user=0.00 sys=0.00, real=0.00 secs] 
3701.642: [GC (Allocation Failure) 3701.642: [ParNew: 81499K->0K(92160K), 0.0015350 secs] 82917K->1418K(194560K), 0.0016923 secs] [Times: user=0.00 sys=0.00, real=0.00 secs] 
3702.664: [GC (Allocation Failure) 3702.665: [ParNew: 81499K->0K(92160K), 0.0013051 secs] 82917K->1418K(194560K), 0.0014023 secs] [Times: user=0.00 sys=0.00, real=0.00 secs] 
3704.669: [GC (Allocation Failure) 3704.669: [ParNew: 81499K->0K(92160K), 0.0009694 secs] 82917K->1418K(194560K), 0.0010712 secs] [Times: user=0.00 sys=0.00, real=0.00 secs] 
3706.691: [GC (Allocation Failure) 3706.691: [ParNew: 81499K->0K(92160K), 0.0017588 secs] 82917K->1418K(194560K), 0.0019121 secs] [Times: user=0.00 sys=0.00, real=0.00 secs] 
3707.708: [GC (Allocation Failure) 3707.709: [ParNew: 81499K->0K(92160K), 0.0004418 secs] 82917K->1418K(194560K), 0.0004952 secs] [Times: user=0.00 sys=0.00, real=0.00 secs] 
3709.724: [GC (Allocation Failure) 3709.724: [ParNew: 81499K->0K(92160K), 0.0018158 secs] 82917K->1418K(194560K), 0.0019715 secs] [Times: user=0.00 sys=0.00, real=0.00 secs] 
3710.738: [GC (Allocation Failure) 3710.738: [ParNew: 81499K->0K(92160K), 0.0003520 secs] 82917K->1418K(194560K), 0.0004045 secs] [Times: user=0.00 sys=0.00, real=0.00 secs] 
3712.747: [GC (Allocation Failure) 3712.747: [ParNew: 81499K->0K(92160K), 0.0008426 secs] 82917K->1418K(194560K), 0.0008909 secs] [Times: user=0.00 sys=0.00, real=0.00 secs] 
3713.763: [GC (Allocation Failure) 3713.763: [ParNew: 81499K->0K(92160K), 0.0018043 secs] 82917K->1418K(194560K), 0.0019555 secs] [Times: user=0.00 sys=0.00, real=0.00 secs] 
3715.769: [GC (Allocation Failure) 3715.770: [ParNew: 81499K->0K(92160K), 0.0017837 secs] 82917K->1418K(194560K), 0.0019649 secs] [Times: user=0.00 sys=0.00, real=0.00 secs] 
3717.787: [GC (Allocation Failure) 3717.787: [ParNew: 81499K->0K(92160K), 0.0009824 secs] 82917K->1418K(194560K), 0.0010855 secs] [Times: user=0.00 sys=0.00, real=0.00 secs] 
3718.802: [GC (Allocation Failure) 3718.802: [ParNew: 81499K->0K(92160K), 0.0011700 secs] 82917K->1418K(194560K), 0.0014494 secs] [Times: user=0.00 sys=0.00, real=0.00 secs] 
3720.817: [GC (Allocation Failure) 3720.817: [ParNew: 81499K->0K(92160K), 0.0015339 secs] 82917K->1418K(194560K), 0.0016895 secs] [Times: user=0.00 sys=0.00, real=0.00 secs] 
3721.839: [GC (Allocation Failure) 3721.839: [ParNew: 81499K->0K(92160K), 0.0012501 secs] 82917K->1418K(194560K), 0.0014088 secs] [Times: user=0.00 sys=0.00, real=0.00 secs] 
3723.846: [GC (Allocation Failure) 3723.846: [ParNew: 81499K->0K(92160K), 0.0015161 secs] 82917K->1418K(194560K), 0.0016841 secs] [Times: user=0.00 sys=0.00, real=0.00 secs] 
3724.862: [GC (Allocation Failure) 3724.862: [ParNew: 81499K->0K(92160K), 0.0016326 secs] 82917K->1418K(194560K), 0.0017816 secs] [Times: user=0.00 sys=0.00, real=0.00 secs] 
3726.878: [GC (Allocation Failure) 3726.878: [ParNew: 81499K->0K(92160K), 0.0008374 secs] 82917K->1418K(194560K), 0.0008901 secs] [Times: user=0.00 sys=0.00, real=0.00 secs] 
3728.884: [GC (Allocation Failure) 3728.884: [ParNew: 81499K->0K(92160K), 0.0004645 secs] 82917K->1418K(194560K), 0.0005354 secs] [Times: user=0.00 sys=0.00, real=0.00 secs] 
3729.897: [GC (Allocation Failure) 3729.898: [ParNew: 81499K->0K(92160K), 0.0004507 secs] 82917K->1418K(194560K), 0.0005270 secs] [Times: user=0.00 sys=0.00, real=0.00 secs] 
3731.900: [GC (Allocation Failure) 3731.900: [ParNew: 81499K->0K(92160K), 0.0004311 secs] 82917K->1418K(194560K), 0.0004985 secs] [Times: user=0.00 sys=0.00, real=0.00 secs] 
3732.907: [GC (Allocation Failure) 3732.907: [ParNew: 81499K->0K(92160K), 0.0004610 secs] 82917K->1418K(194560K), 0.0005093 secs] [Times: user=0.00 sys=0.00, real=0.00 secs] 
3734.925: [GC (Allocation Failure) 3734.925: [ParNew: 81499K->0K(92160K), 0.0004165 secs] 82917K->1418K(194560K), 0.0004675 secs] [Times: user=0.00 sys=0.00, real=0.00 secs] 
3736.932: [GC (Allocation Failure) 3736.932: [ParNew: 81499K->0K(92160K), 0.0006855 secs] 82917K->1418K(194560K), 0.0007467 secs] [Times: user=0.00 sys=0.00, real=0.00 secs] 
3737.937: [GC (Allocation Failure) 3737.937: [ParNew: 81499K->0K(92160K), 0.0004064 secs] 82917K->1418K(194560K), 0.0004624 secs] [Times: user=0.00 sys=0.00, real=0.00 secs] 
3739.943: [GC (Allocation Failure) 3739.943: [ParNew: 81499K->0K(92160K), 0.0007075 secs] 82917K->1418K(194560K), 0.0007549 secs] [Times: user=0.00 sys=0.00, real=0.00 secs] 
3740.963: [GC (Allocation Failure) 3740.963: [ParNew: 81499K->0K(92160K), 0.0016843 secs] 82917K->1418K(194560K), 0.0018405 secs] [Times: user=0.00 sys=0.00, real=0.00 secs] 
3742.969: [GC (Allocation Failure) 3742.969: [ParNew: 81499K->0K(92160K), 0.0007239 secs] 82917K->1418K(194560K), 0.0009178 secs] [Times: user=0.11 sys=0.00, real=0.00 secs] 
3743.977: [GC (Allocation Failure) 3743.977: [ParNew: 81499K->0K(92160K), 0.0007224 secs] 82917K->1418K(194560K), 0.0007728 secs] [Times: user=0.00 sys=0.00, real=0.00 secs] 
3745.996: [GC (Allocation Failure) 3745.996: [ParNew: 81499K->0K(92160K), 0.0017116 secs] 82917K->1418K(194560K), 0.0018694 secs] [Times: user=0.00 sys=0.00, real=0.00 secs] 
3748.018: [GC (Allocation Failure) 3748.018: [ParNew: 81499K->0K(92160K), 0.0016905 secs] 82917K->1418K(194560K), 0.0019107 secs] [Times: user=0.00 sys=0.00, real=0.00 secs] 
3749.024: [GC (Allocation Failure) 3749.024: [ParNew: 81499K->0K(92160K), 0.0016844 secs] 82917K->1418K(194560K), 0.0017904 secs] [Times: user=0.00 sys=0.00, real=0.00 secs] 
3751.035: [GC (Allocation Failure) 3751.035: [ParNew: 81499K->0K(92160K), 0.0017676 secs] 82917K->1418K(194560K), 0.0019237 secs] [Times: user=0.00 sys=0.00, real=0.00 secs] 
3752.056: [GC (Allocation Failure) 3752.056: [ParNew: 81499K->0K(92160K), 0.0009560 secs] 82917K->1418K(194560K), 0.0010071 secs] [Times: user=0.00 sys=0.00, real=0.00 secs] 
3754.067: [GC (Allocation Failure) 3754.067: [ParNew: 81499K->0K(92160K), 0.0004666 secs] 82917K->1418K(194560K), 0.0005482 secs] [Times: user=0.00 sys=0.00, real=0.00 secs] 
3756.079: [GC (Allocation Failure) 3756.079: [ParNew: 81499K->0K(92160K), 0.0012397 secs] 82917K->1418K(194560K), 0.0013922 secs] [Times: user=0.00 sys=0.00, real=0.00 secs] 
3757.095: [GC (Allocation Failure) 3757.095: [ParNew: 81499K->0K(92160K), 0.0017901 secs] 82917K->1418K(194560K), 0.0019762 secs] [Times: user=0.00 sys=0.00, real=0.00 secs] 
3759.107: [GC (Allocation Failure) 3759.107: [ParNew: 81499K->0K(92160K), 0.0009404 secs] 82917K->1418K(194560K), 0.0009935 secs] [Times: user=0.00 sys=0.00, real=0.00 secs] 
3760.114: [GC (Allocation Failure) 3760.114: [ParNew: 81499K->0K(92160K), 0.0005231 secs] 82917K->1418K(194560K), 0.0005815 secs] [Times: user=0.00 sys=0.00, real=0.00 secs] 
3762.119: [GC (Allocation Failure) 3762.119: [ParNew: 81499K->0K(92160K), 0.0004458 secs] 82917K->1418K(194560K), 0.0004982 secs] [Times: user=0.00 sys=0.00, real=0.00 secs] 
3763.125: [GC (Allocation Failure) 3763.125: [ParNew: 81499K->0K(92160K), 0.0004880 secs] 82917K->1418K(194560K), 0.0005557 secs] [Times: user=0.00 sys=0.00, real=0.00 secs] 
3765.131: [GC (Allocation Failure) 3765.131: [ParNew: 81499K->0K(92160K), 0.0004772 secs] 82917K->1418K(194560K), 0.0005406 secs] [Times: user=0.00 sys=0.00, real=0.00 secs] 
3767.142: [GC (Allocation Failure) 3767.142: [ParNew: 81499K->0K(92160K), 0.0005756 secs] 82917K->1418K(194560K), 0.0006507 secs] [Times: user=0.00 sys=0.00, real=0.00 secs] 
3768.160: [GC (Allocation Failure) 3768.160: [ParNew: 81499K->0K(92160K), 0.0005746 secs] 82917K->1418K(194560K), 0.0006206 secs] [Times: user=0.00 sys=0.00, real=0.00 secs] 
3770.163: [GC (Allocation Failure) 3770.163: [ParNew: 81499K->0K(92160K), 0.0004623 secs] 82917K->1418K(194560K), 0.0005118 secs] [Times: user=0.00 sys=0.00, real=0.00 secs] 
3771.169: [GC (Allocation Failure) 3771.169: [ParNew: 81499K->0K(92160K), 0.0005237 secs] 82917K->1418K(194560K), 0.0005829 secs] [Times: user=0.00 sys=0.00, real=0.00 secs] 
3773.175: [GC (Allocation Failure) 3773.175: [ParNew: 81499K->0K(92160K), 0.0005470 secs] 82917K->1418K(194560K), 0.0005904 secs] [Times: user=0.00 sys=0.00, real=0.00 secs] 
3774.180: [GC (Allocation Failure) 3774.180: [ParNew: 81499K->0K(92160K), 0.0004367 secs] 82917K->1418K(194560K), 0.0004816 secs] [Times: user=0.00 sys=0.00, real=0.00 secs] 
3776.190: [GC (Allocation Failure) 3776.190: [ParNew: 81499K->0K(92160K), 0.0005136 secs] 82917K->1418K(194560K), 0.0005611 secs] [Times: user=0.00 sys=0.00, real=0.00 secs] 
3778.196: [GC (Allocation Failure) 3778.197: [ParNew: 81499K->0K(92160K), 0.0004880 secs] 82917K->1418K(194560K), 0.0005363 secs] [Times: user=0.00 sys=0.00, real=0.00 secs] 
3779.203: [GC (Allocation Failure) 3779.203: [ParNew: 81499K->0K(92160K), 0.0006630 secs] 82917K->1418K(194560K), 0.0007069 secs] [Times: user=0.00 sys=0.00, real=0.00 secs] 
3781.209: [GC (Allocation Failure) 3781.209: [ParNew: 81499K->0K(92160K), 0.0005599 secs] 82917K->1418K(194560K), 0.0006241 secs] [Times: user=0.00 sys=0.00, real=0.00 secs] 
3782.222: [GC (Allocation Failure) 3782.222: [ParNew: 81499K->0K(92160K), 0.0004071 secs] 82917K->1418K(194560K), 0.0004505 secs] [Times: user=0.00 sys=0.00, real=0.00 secs] 
3784.224: [GC (Allocation Failure) 3784.224: [ParNew: 81499K->0K(92160K), 0.0005231 secs] 82917K->1418K(194560K), 0.0005824 secs] [Times: user=0.00 sys=0.00, real=0.00 secs] 
3786.231: [GC (Allocation Failure) 3786.231: [ParNew: 81499K->0K(92160K), 0.0004283 secs] 82917K->1418K(194560K), 0.0004819 secs] [Times: user=0.00 sys=0.00, real=0.00 secs] 
3787.239: [GC (Allocation Failure) 3787.239: [ParNew: 81499K->0K(92160K), 0.0004219 secs] 82917K->1418K(194560K), 0.0004733 secs] [Times: user=0.00 sys=0.00, real=0.00 secs] 
3789.252: [GC (Allocation Failure) 3789.252: [ParNew: 81499K->0K(92160K), 0.0006478 secs] 82917K->1418K(194560K), 0.0007143 secs] [Times: user=0.00 sys=0.00, real=0.00 secs] 
3790.255: [GC (Allocation Failure) 3790.255: [ParNew: 81499K->0K(92160K), 0.0007352 secs] 82917K->1418K(194560K), 0.0008030 secs] [Times: user=0.00 sys=0.00, real=0.00 secs] 
3792.262: [GC (Allocation Failure) 3792.262: [ParNew: 81499K->0K(92160K), 0.0008163 secs] 82917K->1418K(194560K), 0.0008823 secs] [Times: user=0.00 sys=0.00, real=0.00 secs] 
3793.271: [GC (Allocation Failure) 3793.272: [ParNew: 81499K->0K(92160K), 0.0010602 secs] 82917K->1418K(194560K), 0.0011315 secs] [Times: user=0.00 sys=0.00, real=0.00 secs] 
3795.273: [GC (Allocation Failure) 3795.273: [ParNew: 81499K->0K(92160K), 0.0003475 secs] 82917K->1418K(194560K), 0.0003962 secs] [Times: user=0.00 sys=0.00, real=0.00 secs] 
3797.283: [GC (Allocation Failure) 3797.283: [ParNew: 81499K->0K(92160K), 0.0007166 secs] 82917K->1418K(194560K), 0.0008092 secs] [Times: user=0.00 sys=0.00, real=0.00 secs] 
3798.286: [GC (Allocation Failure) 3798.286: [ParNew: 81499K->0K(92160K), 0.0008385 secs] 82917K->1418K(194560K), 0.0009098 secs] [Times: user=0.00 sys=0.00, real=0.00 secs] 
3800.293: [GC (Allocation Failure) 3800.293: [ParNew: 81499K->0K(92160K), 0.0006266 secs] 82917K->1418K(194560K), 0.0006924 secs] [Times: user=0.00 sys=0.00, real=0.00 secs] 
3801.302: [GC (Allocation Failure) 3801.302: [ParNew: 81499K->0K(92160K), 0.0009176 secs] 82917K->1418K(194560K), 0.0009667 secs] [Times: user=0.00 sys=0.00, real=0.00 secs] 
3803.304: [GC (Allocation Failure) 3803.304: [ParNew: 81499K->0K(92160K), 0.0005406 secs] 82917K->1418K(194560K), 0.0006099 secs] [Times: user=0.00 sys=0.00, real=0.00 secs] 
3804.316: [GC (Allocation Failure) 3804.316: [ParNew: 81499K->0K(92160K), 0.0005002 secs] 82917K->1418K(194560K), 0.0005556 secs] [Times: user=0.00 sys=0.00, real=0.00 secs] 
3806.333: [GC (Allocation Failure) 3806.333: [ParNew: 81499K->0K(92160K), 0.0006009 secs] 82917K->1418K(194560K), 0.0006780 secs] [Times: user=0.00 sys=0.00, real=0.00 secs] 
3808.341: [GC (Allocation Failure) 3808.341: [ParNew: 81499K->0K(92160K), 0.0007207 secs] 82917K->1418K(194560K), 0.0007980 secs] [Times: user=0.00 sys=0.00, real=0.00 secs] 
3809.350: [GC (Allocation Failure) 3809.350: [ParNew: 81499K->0K(92160K), 0.0008551 secs] 82917K->1418K(194560K), 0.0009348 secs] [Times: user=0.00 sys=0.00, real=0.00 secs] 
3811.361: [GC (Allocation Failure) 3811.361: [ParNew: 81499K->0K(92160K), 0.0008537 secs] 82917K->1418K(194560K), 0.0009205 secs] [Times: user=0.00 sys=0.00, real=0.00 secs] 
3812.370: [GC (Allocation Failure) 3812.370: [ParNew: 81499K->0K(92160K), 0.0009693 secs] 82917K->1418K(194560K), 0.0010583 secs] [Times: user=0.00 sys=0.00, real=0.00 secs] 
3814.380: [GC (Allocation Failure) 3814.380: [ParNew: 81499K->0K(92160K), 0.0009289 secs] 82917K->1418K(194560K), 0.0010079 secs] [Times: user=0.00 sys=0.00, real=0.00 secs] 
3816.394: [GC (Allocation Failure) 3816.394: [ParNew: 81499K->0K(92160K), 0.0005524 secs] 82917K->1418K(194560K), 0.0006624 secs] [Times: user=0.00 sys=0.00, real=0.00 secs] 
3817.402: [GC (Allocation Failure) 3817.402: [ParNew: 81499K->0K(92160K), 0.0005457 secs] 82917K->1418K(194560K), 0.0006087 secs] [Times: user=0.00 sys=0.00, real=0.00 secs] 
3819.407: [GC (Allocation Failure) 3819.407: [ParNew: 81499K->0K(92160K), 0.0011127 secs] 82917K->1418K(194560K), 0.0012222 secs] [Times: user=0.00 sys=0.00, real=0.00 secs] 
3820.421: [GC (Allocation Failure) 3820.421: [ParNew: 81499K->0K(92160K), 0.0012127 secs] 82917K->1418K(194560K), 0.0013132 secs] [Times: user=0.00 sys=0.00, real=0.00 secs] 
3822.440: [GC (Allocation Failure) 3822.440: [ParNew: 81499K->0K(92160K), 0.0004638 secs] 82917K->1418K(194560K), 0.0005314 secs] [Times: user=0.00 sys=0.00, real=0.00 secs] 
3823.446: [GC (Allocation Failure) 3823.446: [ParNew: 81499K->0K(92160K), 0.0011103 secs] 82917K->1418K(194560K), 0.0012132 secs] [Times: user=0.00 sys=0.00, real=0.00 secs] 
3825.453: [GC (Allocation Failure) 3825.453: [ParNew: 81499K->0K(92160K), 0.0006127 secs] 82917K->1418K(194560K), 0.0006776 secs] [Times: user=0.00 sys=0.00, real=0.00 secs] 
3827.461: [GC (Allocation Failure) 3827.461: [ParNew: 81499K->0K(92160K), 0.0004587 secs] 82917K->1418K(194560K), 0.0005260 secs] [Times: user=0.00 sys=0.00, real=0.00 secs] 
3828.468: [GC (Allocation Failure) 3828.468: [ParNew: 81499K->0K(92160K), 0.0006873 secs] 82917K->1418K(194560K), 0.0007387 secs] [Times: user=0.00 sys=0.00, real=0.00 secs] 
3830.487: [GC (Allocation Failure) 3830.487: [ParNew: 81499K->0K(92160K), 0.0004124 secs] 82917K->1418K(194560K), 0.0004679 secs] [Times: user=0.00 sys=0.00, real=0.00 secs] 
3831.491: [GC (Allocation Failure) 3831.491: [ParNew: 81499K->0K(92160K), 0.0011027 secs] 82917K->1418K(194560K), 0.0012201 secs] [Times: user=0.00 sys=0.00, real=0.00 secs] 
3833.501: [GC (Allocation Failure) 3833.501: [ParNew: 81499K->0K(92160K), 0.0006718 secs] 82917K->1418K(194560K), 0.0007641 secs] [Times: user=0.00 sys=0.00, real=0.00 secs] 
3835.517: [GC (Allocation Failure) 3835.517: [ParNew: 81499K->0K(92160K), 0.0009470 secs] 82917K->1418K(194560K), 0.0010233 secs] [Times: user=0.00 sys=0.00, real=0.00 secs] 
3836.526: [GC (Allocation Failure) 3836.526: [ParNew: 81499K->0K(92160K), 0.0009058 secs] 82917K->1418K(194560K), 0.0010159 secs] [Times: user=0.00 sys=0.00, real=0.00 secs] 
3838.548: [GC (Allocation Failure) 3838.548: [ParNew: 81499K->0K(92160K), 0.0007183 secs] 82917K->1418K(194560K), 0.0007874 secs] [Times: user=0.00 sys=0.00, real=0.00 secs] 
3839.550: [GC (Allocation Failure) 3839.550: [ParNew: 81499K->0K(92160K), 0.0008153 secs] 82917K->1418K(194560K), 0.0008876 secs] [Times: user=0.00 sys=0.00, real=0.00 secs] 
3841.561: [GC (Allocation Failure) 3841.561: [ParNew: 81499K->0K(92160K), 0.0011159 secs] 82917K->1418K(194560K), 0.0011960 secs] [Times: user=0.00 sys=0.00, real=0.00 secs] 
3842.568: [GC (Allocation Failure) 3842.568: [ParNew: 81499K->0K(92160K), 0.0004620 secs] 82917K->1418K(194560K), 0.0005382 secs] [Times: user=0.00 sys=0.00, real=0.00 secs] 
3844.578: [GC (Allocation Failure) 3844.578: [ParNew: 81499K->0K(92160K), 0.0006182 secs] 82917K->1418K(194560K), 0.0006943 secs] [Times: user=0.13 sys=0.00, real=0.00 secs] 
3846.597: [GC (Allocation Failure) 3846.597: [ParNew: 81499K->0K(92160K), 0.0009307 secs] 82917K->1418K(194560K), 0.0010395 secs] [Times: user=0.00 sys=0.00, real=0.00 secs] 
3847.604: [GC (Allocation Failure) 3847.604: [ParNew: 81499K->0K(92160K), 0.0007664 secs] 82917K->1418K(194560K), 0.0008374 secs] [Times: user=0.00 sys=0.00, real=0.00 secs] 
3849.619: [GC (Allocation Failure) 3849.619: [ParNew: 81499K->0K(92160K), 0.0017456 secs] 82917K->1418K(194560K), 0.0018785 secs] [Times: user=0.00 sys=0.00, real=0.00 secs] 
3850.634: [GC (Allocation Failure) 3850.634: [ParNew: 81499K->0K(92160K), 0.0007091 secs] 82917K->1418K(194560K), 0.0007687 secs] [Times: user=0.00 sys=0.00, real=0.00 secs] 
3852.645: [GC (Allocation Failure) 3852.645: [ParNew: 81499K->0K(92160K), 0.0015886 secs] 82917K->1418K(194560K), 0.0017192 secs] [Times: user=0.00 sys=0.00, real=0.00 secs] 
3853.649: [GC (Allocation Failure) 3853.649: [ParNew: 81499K->0K(92160K), 0.0011453 secs] 82917K->1418K(194560K), 0.0012444 secs] [Times: user=0.00 sys=0.00, real=0.00 secs] 
3855.659: [GC (Allocation Failure) 3855.659: [ParNew: 81499K->0K(92160K), 0.0012730 secs] 82917K->1418K(194560K), 0.0013910 secs] [Times: user=0.00 sys=0.00, real=0.00 secs] 
3857.675: [GC (Allocation Failure) 3857.675: [ParNew: 81499K->0K(92160K), 0.0016871 secs] 82917K->1418K(194560K), 0.0018089 secs] [Times: user=0.00 sys=0.00, real=0.00 secs] 
3858.689: [GC (Allocation Failure) 3858.689: [ParNew: 81499K->0K(92160K), 0.0017080 secs] 82917K->1418K(194560K), 0.0018653 secs] [Times: user=0.00 sys=0.00, real=0.00 secs] 
3860.707: [GC (Allocation Failure) 3860.707: [ParNew: 81499K->0K(92160K), 0.0017471 secs] 82917K->1418K(194560K), 0.0018640 secs] [Times: user=0.00 sys=0.00, real=0.00 secs] 
3861.715: [GC (Allocation Failure) 3861.716: [ParNew: 81499K->0K(92160K), 0.0008874 secs] 82917K->1418K(194560K), 0.0009367 secs] [Times: user=0.00 sys=0.00, real=0.00 secs] 
3863.738: [GC (Allocation Failure) 3863.738: [ParNew: 81499K->0K(92160K), 0.0004869 secs] 82917K->1418K(194560K), 0.0005397 secs] [Times: user=0.00 sys=0.00, real=0.00 secs] 
3865.741: [GC (Allocation Failure) 3865.742: [ParNew: 81499K->0K(92160K), 0.0019305 secs] 82917K->1418K(194560K), 0.0021741 secs] [Times: user=0.00 sys=0.00, real=0.00 secs] 
3866.750: [GC (Allocation Failure) 3866.750: [ParNew: 81499K->0K(92160K), 0.0006876 secs] 82917K->1418K(194560K), 0.0007578 secs] [Times: user=0.00 sys=0.00, real=0.00 secs] 
3868.755: [GC (Allocation Failure) 3868.755: [ParNew: 81499K->0K(92160K), 0.0012767 secs] 82917K->1418K(194560K), 0.0014282 secs] [Times: user=0.00 sys=0.00, real=0.00 secs] 
3869.774: [GC (Allocation Failure) 3869.774: [ParNew: 81499K->0K(92160K), 0.0004814 secs] 82917K->1418K(194560K), 0.0005358 secs] [Times: user=0.00 sys=0.00, real=0.00 secs] 
3871.787: [GC (Allocation Failure) 3871.787: [ParNew: 81499K->0K(92160K), 0.0018009 secs] 82917K->1418K(194560K), 0.0019621 secs] [Times: user=0.00 sys=0.00, real=0.00 secs] 
3872.794: [GC (Allocation Failure) 3872.794: [ParNew: 81499K->0K(92160K), 0.0016841 secs] 82917K->1418K(194560K), 0.0018353 secs] [Times: user=0.00 sys=0.00, real=0.00 secs] 
3874.811: [GC (Allocation Failure) 3874.812: [ParNew: 81499K->0K(92160K), 0.0017124 secs] 82917K->1418K(194560K), 0.0018716 secs] [Times: user=0.02 sys=0.00, real=0.00 secs] 
3876.830: [GC (Allocation Failure) 3876.830: [ParNew: 81499K->0K(92160K), 0.0012993 secs] 82917K->1418K(194560K), 0.0014320 secs] [Times: user=0.00 sys=0.00, real=0.00 secs] 
3877.842: [GC (Allocation Failure) 3877.842: [ParNew: 81499K->0K(92160K), 0.0007157 secs] 82917K->1418K(194560K), 0.0007676 secs] [Times: user=0.00 sys=0.00, real=0.00 secs] 
3879.863: [GC (Allocation Failure) 3879.863: [ParNew: 81499K->0K(92160K), 0.0011813 secs] 82917K->1418K(194560K), 0.0012892 secs] [Times: user=0.00 sys=0.00, real=0.00 secs] 
3880.867: [GC (Allocation Failure) 3880.868: [ParNew: 81499K->0K(92160K), 0.0010171 secs] 82917K->1418K(194560K), 0.0011203 secs] [Times: user=0.00 sys=0.00, real=0.00 secs] 
3882.878: [GC (Allocation Failure) 3882.878: [ParNew: 81499K->0K(92160K), 0.0007079 secs] 82917K->1418K(194560K), 0.0007990 secs] [Times: user=0.00 sys=0.00, real=0.00 secs] 
3883.888: [GC (Allocation Failure) 3883.888: [ParNew: 81499K->0K(92160K), 0.0007968 secs] 82917K->1418K(194560K), 0.0008614 secs] [Times: user=0.00 sys=0.00, real=0.00 secs] 
3885.897: [GC (Allocation Failure) 3885.897: [ParNew: 81499K->0K(92160K), 0.0007518 secs] 82917K->1418K(194560K), 0.0008208 secs] [Times: user=0.00 sys=0.00, real=0.00 secs] 
3887.909: [GC (Allocation Failure) 3887.909: [ParNew: 81499K->0K(92160K), 0.0006680 secs] 82917K->1418K(194560K), 0.0007387 secs] [Times: user=0.00 sys=0.00, real=0.00 secs] 
3888.922: [GC (Allocation Failure) 3888.922: [ParNew: 81499K->0K(92160K), 0.0015709 secs] 82917K->1418K(194560K), 0.0018826 secs] [Times: user=0.02 sys=0.00, real=0.00 secs] 
3890.933: [GC (Allocation Failure) 3890.933: [ParNew: 81499K->0K(92160K), 0.0008155 secs] 82917K->1418K(194560K), 0.0009409 secs] [Times: user=0.00 sys=0.00, real=0.00 secs] 
3891.946: [GC (Allocation Failure) 3891.946: [ParNew: 81499K->0K(92160K), 0.0017169 secs] 82917K->1418K(194560K), 0.0018724 secs] [Times: user=0.00 sys=0.00, real=0.00 secs] 
3893.961: [GC (Allocation Failure) 3893.961: [ParNew: 81499K->0K(92160K), 0.0018187 secs] 82917K->1418K(194560K), 0.0019714 secs] [Times: user=0.00 sys=0.00, real=0.00 secs] 
3895.975: [GC (Allocation Failure) 3895.975: [ParNew: 81499K->0K(92160K), 0.0016928 secs] 82917K->1418K(194560K), 0.0018033 secs] [Times: user=0.00 sys=0.00, real=0.00 secs] 
3896.994: [GC (Allocation Failure) 3896.995: [ParNew: 81499K->0K(92160K), 0.0017328 secs] 82917K->1418K(194560K), 0.0018870 secs] [Times: user=0.00 sys=0.00, real=0.00 secs] 
3899.006: [GC (Allocation Failure) 3899.006: [ParNew: 81499K->0K(92160K), 0.0017488 secs] 82917K->1418K(194560K), 0.0019122 secs] [Times: user=0.00 sys=0.00, real=0.00 secs] 
3900.015: [GC (Allocation Failure) 3900.015: [ParNew: 81499K->0K(92160K), 0.0009126 secs] 82917K->1418K(194560K), 0.0009792 secs] [Times: user=0.00 sys=0.00, real=0.00 secs] 
3902.037: [GC (Allocation Failure) 3902.037: [ParNew: 81499K->0K(92160K), 0.0008191 secs] 82917K->1418K(194560K), 0.0009316 secs] [Times: user=0.00 sys=0.00, real=0.00 secs] 
3903.037: [GC (Allocation Failure) 3903.037: [ParNew: 81499K->0K(92160K), 0.0009659 secs] 82917K->1418K(194560K), 0.0010406 secs] [Times: user=0.00 sys=0.00, real=0.00 secs] 
3905.046: [GC (Allocation Failure) 3905.046: [ParNew: 81499K->0K(92160K), 0.0011109 secs] 82917K->1418K(194560K), 0.0011954 secs] [Times: user=0.02 sys=0.00, real=0.00 secs] 
3907.056: [GC (Allocation Failure) 3907.056: [ParNew: 81499K->0K(92160K), 0.0019351 secs] 82917K->1418K(194560K), 0.0020947 secs] [Times: user=0.00 sys=0.00, real=0.00 secs] 
3908.066: [GC (Allocation Failure) 3908.066: [ParNew: 81499K->0K(92160K), 0.0007524 secs] 82917K->1418K(194560K), 0.0008973 secs] [Times: user=0.00 sys=0.00, real=0.00 secs] 
3910.081: [GC (Allocation Failure) 3910.081: [ParNew: 81499K->0K(92160K), 0.0010928 secs] 82917K->1418K(194560K), 0.0011701 secs] [Times: user=0.00 sys=0.00, real=0.00 secs] 
3911.093: [GC (Allocation Failure) 3911.093: [ParNew: 81499K->0K(92160K), 0.0004458 secs] 82917K->1418K(194560K), 0.0005045 secs] [Times: user=0.00 sys=0.00, real=0.00 secs] 
3913.099: [GC (Allocation Failure) 3913.100: [ParNew: 81499K->0K(92160K), 0.0013595 secs] 82917K->1418K(194560K), 0.0014781 secs] [Times: user=0.00 sys=0.00, real=0.00 secs] 
3915.128: [GC (Allocation Failure) 3915.128: [ParNew: 81499K->0K(92160K), 0.0016194 secs] 82917K->1418K(194560K), 0.0018763 secs] [Times: user=0.00 sys=0.00, real=0.00 secs] 
3916.130: [GC (Allocation Failure) 3916.130: [ParNew: 81499K->0K(92160K), 0.0006174 secs] 82917K->1418K(194560K), 0.0006847 secs] [Times: user=0.00 sys=0.00, real=0.00 secs] 
3918.145: [GC (Allocation Failure) 3918.146: [ParNew: 81499K->0K(92160K), 0.0008603 secs] 82917K->1418K(194560K), 0.0009671 secs] [Times: user=0.00 sys=0.00, real=0.00 secs] 
3919.165: [GC (Allocation Failure) 3919.165: [ParNew: 81499K->0K(92160K), 0.0014067 secs] 82917K->1418K(194560K), 0.0015229 secs] [Times: user=0.00 sys=0.00, real=0.00 secs] 
3921.166: [GC (Allocation Failure) 3921.166: [ParNew: 81499K->0K(92160K), 0.0010456 secs] 82917K->1418K(194560K), 0.0011494 secs] [Times: user=0.00 sys=0.00, real=0.00 secs] 
3922.180: [GC (Allocation Failure) 3922.180: [ParNew: 81499K->0K(92160K), 0.0015067 secs] 82917K->1418K(194560K), 0.0017435 secs] [Times: user=0.00 sys=0.00, real=0.00 secs] 
3924.192: [GC (Allocation Failure) 3924.192: [ParNew: 81499K->0K(92160K), 0.0012191 secs] 82917K->1418K(194560K), 0.0012963 secs] [Times: user=0.00 sys=0.00, real=0.00 secs] 
3926.205: [GC (Allocation Failure) 3926.205: [ParNew: 81499K->0K(92160K), 0.0008301 secs] 82917K->1418K(194560K), 0.0009143 secs] [Times: user=0.00 sys=0.00, real=0.00 secs] 
3927.210: [GC (Allocation Failure) 3927.210: [ParNew: 81499K->0K(92160K), 0.0009904 secs] 82917K->1418K(194560K), 0.0010972 secs] [Times: user=0.00 sys=0.00, real=0.00 secs] 
3929.219: [GC (Allocation Failure) 3929.219: [ParNew: 81499K->0K(92160K), 0.0004512 secs] 82917K->1418K(194560K), 0.0005335 secs] [Times: user=0.00 sys=0.00, real=0.00 secs] 
3930.225: [GC (Allocation Failure) 3930.225: [ParNew: 81499K->0K(92160K), 0.0007003 secs] 82917K->1418K(194560K), 0.0007751 secs] [Times: user=0.00 sys=0.00, real=0.00 secs] 
3932.230: [GC (Allocation Failure) 3932.230: [ParNew: 81499K->0K(92160K), 0.0005279 secs] 82917K->1418K(194560K), 0.0005783 secs] [Times: user=0.00 sys=0.00, real=0.00 secs] 
3933.240: [GC (Allocation Failure) 3933.240: [ParNew: 81499K->0K(92160K), 0.0007576 secs] 82917K->1418K(194560K), 0.0008055 secs] [Times: user=0.00 sys=0.00, real=0.00 secs] 
3935.243: [GC (Allocation Failure) 3935.243: [ParNew: 81499K->0K(92160K), 0.0004976 secs] 82917K->1418K(194560K), 0.0005492 secs] [Times: user=0.00 sys=0.00, real=0.00 secs] 
3937.249: [GC (Allocation Failure) 3937.249: [ParNew: 81499K->0K(92160K), 0.0006216 secs] 82917K->1418K(194560K), 0.0006747 secs] [Times: user=0.00 sys=0.00, real=0.00 secs] 
3938.258: [GC (Allocation Failure) 3938.258: [ParNew: 81499K->0K(92160K), 0.0010419 secs] 82917K->1418K(194560K), 0.0011075 secs] [Times: user=0.00 sys=0.00, real=0.00 secs] 
3940.268: [GC (Allocation Failure) 3940.268: [ParNew: 81499K->0K(92160K), 0.0006922 secs] 82917K->1418K(194560K), 0.0007644 secs] [Times: user=0.00 sys=0.00, real=0.00 secs] 
3941.270: [GC (Allocation Failure) 3941.270: [ParNew: 81499K->0K(92160K), 0.0006401 secs] 82917K->1418K(194560K), 0.0006878 secs] [Times: user=0.00 sys=0.00, real=0.00 secs] 
3943.277: [GC (Allocation Failure) 3943.277: [ParNew: 81499K->0K(92160K), 0.0005240 secs] 82917K->1418K(194560K), 0.0005914 secs] [Times: user=0.00 sys=0.00, real=0.00 secs] 
3945.284: [GC (Allocation Failure) 3945.284: [ParNew: 81499K->0K(92160K), 0.0007860 secs] 82917K->1418K(194560K), 0.0008915 secs] [Times: user=0.00 sys=0.00, real=0.00 secs] 
3946.292: [GC (Allocation Failure) 3946.292: [ParNew: 81499K->0K(92160K), 0.0005975 secs] 82917K->1418K(194560K), 0.0006643 secs] [Times: user=0.00 sys=0.00, real=0.00 secs] 
3948.297: [GC (Allocation Failure) 3948.297: [ParNew: 81499K->0K(92160K), 0.0007041 secs] 82917K->1418K(194560K), 0.0007566 secs] [Times: user=0.11 sys=0.00, real=0.00 secs] 
3949.304: [GC (Allocation Failure) 3949.304: [ParNew: 81499K->0K(92160K), 0.0009847 secs] 82917K->1418K(194560K), 0.0010536 secs] [Times: user=0.00 sys=0.00, real=0.00 secs] 
3951.313: [GC (Allocation Failure) 3951.313: [ParNew: 81499K->0K(92160K), 0.0006685 secs] 82917K->1418K(194560K), 0.0007142 secs] [Times: user=0.00 sys=0.00, real=0.00 secs] 
3952.322: [GC (Allocation Failure) 3952.322: [ParNew: 81499K->0K(92160K), 0.0009152 secs] 82917K->1418K(194560K), 0.0009906 secs] [Times: user=0.00 sys=0.00, real=0.00 secs] 
3954.349: [GC (Allocation Failure) 3954.349: [ParNew: 81499K->0K(92160K), 0.0008805 secs] 82917K->1418K(194560K), 0.0009628 secs] [Times: user=0.00 sys=0.00, real=0.00 secs] 
3956.351: [GC (Allocation Failure) 3956.351: [ParNew: 81499K->0K(92160K), 0.0007029 secs] 82917K->1418K(194560K), 0.0007553 secs] [Times: user=0.00 sys=0.00, real=0.00 secs] 
3957.357: [GC (Allocation Failure) 3957.357: [ParNew: 81499K->0K(92160K), 0.0004233 secs] 82917K->1418K(194560K), 0.0004938 secs] [Times: user=0.00 sys=0.00, real=0.00 secs] 
3959.362: [GC (Allocation Failure) 3959.362: [ParNew: 81499K->0K(92160K), 0.0010937 secs] 82917K->1418K(194560K), 0.0011829 secs] [Times: user=0.00 sys=0.00, real=0.00 secs] 
3960.370: [GC (Allocation Failure) 3960.370: [ParNew: 81499K->0K(92160K), 0.0004283 secs] 82917K->1418K(194560K), 0.0004761 secs] [Times: user=0.00 sys=0.00, real=0.00 secs] 
3962.378: [GC (Allocation Failure) 3962.378: [ParNew: 81499K->0K(92160K), 0.0009326 secs] 82917K->1418K(194560K), 0.0010474 secs] [Times: user=0.00 sys=0.00, real=0.00 secs] 
3963.389: [GC (Allocation Failure) 3963.389: [ParNew: 81499K->0K(92160K), 0.0010311 secs] 82917K->1418K(194560K), 0.0011241 secs] [Times: user=0.00 sys=0.00, real=0.00 secs] 
3965.412: [GC (Allocation Failure) 3965.412: [ParNew: 81499K->0K(92160K), 0.0010320 secs] 82917K->1418K(194560K), 0.0011186 secs] [Times: user=0.00 sys=0.00, real=0.00 secs] 
3967.417: [GC (Allocation Failure) 3967.417: [ParNew: 81499K->0K(92160K), 0.0012537 secs] 82917K->1418K(194560K), 0.0013252 secs] [Times: user=0.00 sys=0.00, real=0.00 secs] 
3968.426: [GC (Allocation Failure) 3968.426: [ParNew: 81499K->0K(92160K), 0.0005530 secs] 82917K->1418K(194560K), 0.0006496 secs] [Times: user=0.00 sys=0.00, real=0.00 secs] 
3970.443: [GC (Allocation Failure) 3970.443: [ParNew: 81499K->0K(92160K), 0.0015588 secs] 82917K->1418K(194560K), 0.0016846 secs] [Times: user=0.00 sys=0.00, real=0.00 secs] 
3971.454: [GC (Allocation Failure) 3971.454: [ParNew: 81499K->0K(92160K), 0.0014193 secs] 82917K->1418K(194560K), 0.0015148 secs] [Times: user=0.00 sys=0.00, real=0.00 secs] 
3973.471: [GC (Allocation Failure) 3973.471: [ParNew: 81499K->0K(92160K), 0.0005864 secs] 82917K->1418K(194560K), 0.0006545 secs] [Times: user=0.00 sys=0.00, real=0.00 secs] 
3975.478: [GC (Allocation Failure) 3975.478: [ParNew: 81499K->0K(92160K), 0.0005814 secs] 82917K->1418K(194560K), 0.0006667 secs] [Times: user=0.00 sys=0.00, real=0.00 secs] 
3976.483: [GC (Allocation Failure) 3976.483: [ParNew: 81499K->0K(92160K), 0.0008546 secs] 82917K->1418K(194560K), 0.0009258 secs] [Times: user=0.00 sys=0.00, real=0.00 secs] 
3978.491: [GC (Allocation Failure) 3978.491: [ParNew: 81499K->0K(92160K), 0.0006070 secs] 82917K->1418K(194560K), 0.0006783 secs] [Times: user=0.00 sys=0.00, real=0.00 secs] 
3979.497: [GC (Allocation Failure) 3979.497: [ParNew: 81499K->0K(92160K), 0.0005239 secs] 82917K->1418K(194560K), 0.0005768 secs] [Times: user=0.00 sys=0.00, real=0.00 secs] 
3981.502: [GC (Allocation Failure) 3981.502: [ParNew: 81499K->0K(92160K), 0.0004210 secs] 82917K->1418K(194560K), 0.0004968 secs] [Times: user=0.00 sys=0.00, real=0.00 secs] 
3982.511: [GC (Allocation Failure) 3982.511: [ParNew: 81499K->0K(92160K), 0.0010806 secs] 82917K->1418K(194560K), 0.0011888 secs] [Times: user=0.00 sys=0.00, real=0.00 secs] 
3984.536: [GC (Allocation Failure) 3984.537: [ParNew: 81499K->0K(92160K), 0.0011789 secs] 82917K->1418K(194560K), 0.0012858 secs] [Times: user=0.00 sys=0.00, real=0.00 secs] 
3986.538: [GC (Allocation Failure) 3986.538: [ParNew: 81499K->0K(92160K), 0.0009214 secs] 82917K->1418K(194560K), 0.0009974 secs] [Times: user=0.00 sys=0.00, real=0.00 secs] 
3987.552: [GC (Allocation Failure) 3987.552: [ParNew: 81499K->0K(92160K), 0.0017109 secs] 82917K->1418K(194560K), 0.0018785 secs] [Times: user=0.00 sys=0.00, real=0.00 secs] 
3989.564: [GC (Allocation Failure) 3989.564: [ParNew: 81499K->0K(92160K), 0.0007795 secs] 82917K->1418K(194560K), 0.0008320 secs] [Times: user=0.00 sys=0.00, real=0.00 secs] 
3990.574: [GC (Allocation Failure) 3990.574: [ParNew: 81499K->0K(92160K), 0.0006760 secs] 82917K->1418K(194560K), 0.0007271 secs] [Times: user=0.00 sys=0.00, real=0.00 secs] 
3992.587: [GC (Allocation Failure) 3992.587: [ParNew: 81499K->0K(92160K), 0.0008727 secs] 82917K->1418K(194560K), 0.0009500 secs] [Times: user=0.00 sys=0.00, real=0.00 secs] 
3994.595: [GC (Allocation Failure) 3994.595: [ParNew: 81499K->0K(92160K), 0.0014232 secs] 82917K->1418K(194560K), 0.0015889 secs] [Times: user=0.00 sys=0.00, real=0.00 secs] 
3995.613: [GC (Allocation Failure) 3995.613: [ParNew: 81499K->0K(92160K), 0.0007428 secs] 82917K->1418K(194560K), 0.0008051 secs] [Times: user=0.00 sys=0.00, real=0.00 secs] 
3997.625: [GC (Allocation Failure) 3997.625: [ParNew: 81499K->0K(92160K), 0.0012121 secs] 82917K->1418K(194560K), 0.0013751 secs] [Times: user=0.13 sys=0.00, real=0.00 secs] 
3998.639: [GC (Allocation Failure) 3998.639: [ParNew: 81499K->0K(92160K), 0.0008266 secs] 82917K->1418K(194560K), 0.0009004 secs] [Times: user=0.00 sys=0.00, real=0.00 secs] 
4000.646: [GC (Allocation Failure) 4000.646: [ParNew: 81499K->0K(92160K), 0.0012876 secs] 82917K->1418K(194560K), 0.0014432 secs] [Times: user=0.00 sys=0.00, real=0.00 secs] 
4001.664: [GC (Allocation Failure) 4001.664: [ParNew: 81499K->0K(92160K), 0.0005798 secs] 82917K->1418K(194560K), 0.0006396 secs] [Times: user=0.00 sys=0.00, real=0.00 secs] 
4003.678: [GC (Allocation Failure) 4003.678: [ParNew: 81499K->0K(92160K), 0.0013502 secs] 82917K->1418K(194560K), 0.0015659 secs] [Times: user=0.00 sys=0.00, real=0.00 secs] 
4005.682: [GC (Allocation Failure) 4005.682: [ParNew: 81499K->0K(92160K), 0.0007759 secs] 82917K->1418K(194560K), 0.0008486 secs] [Times: user=0.00 sys=0.00, real=0.00 secs] 
4006.686: [GC (Allocation Failure) 4006.686: [ParNew: 81499K->0K(92160K), 0.0008377 secs] 82917K->1418K(194560K), 0.0009121 secs] [Times: user=0.00 sys=0.00, real=0.00 secs] 
4008.692: [GC (Allocation Failure) 4008.692: [ParNew: 81499K->0K(92160K), 0.0017267 secs] 82917K->1418K(194560K), 0.0018866 secs] [Times: user=0.00 sys=0.00, real=0.00 secs] 
4009.702: [GC (Allocation Failure) 4009.702: [ParNew: 81499K->0K(92160K), 0.0008951 secs] 82917K->1418K(194560K), 0.0009702 secs] [Times: user=0.00 sys=0.00, real=0.00 secs] 
4011.721: [GC (Allocation Failure) 4011.721: [ParNew: 81499K->0K(92160K), 0.0006659 secs] 82917K->1418K(194560K), 0.0007318 secs] [Times: user=0.00 sys=0.00, real=0.00 secs] 
4012.731: [GC (Allocation Failure) 4012.732: [ParNew: 81499K->0K(92160K), 0.0013610 secs] 82917K->1418K(194560K), 0.0015481 secs] [Times: user=0.00 sys=0.00, real=0.00 secs] 
4014.752: [GC (Allocation Failure) 4014.752: [ParNew: 81499K->0K(92160K), 0.0004680 secs] 82917K->1418K(194560K), 0.0005381 secs] [Times: user=0.00 sys=0.00, real=0.00 secs] 
4016.770: [GC (Allocation Failure) 4016.770: [ParNew: 81499K->0K(92160K), 0.0011646 secs] 82917K->1418K(194560K), 0.0012754 secs] [Times: user=0.00 sys=0.00, real=0.00 secs] 
4017.778: [GC (Allocation Failure) 4017.778: [ParNew: 81499K->0K(92160K), 0.0006301 secs] 82917K->1418K(194560K), 0.0006801 secs] [Times: user=0.00 sys=0.00, real=0.00 secs] 
4019.800: [GC (Allocation Failure) 4019.800: [ParNew: 81499K->0K(92160K), 0.0013506 secs] 82917K->1418K(194560K), 0.0014785 secs] [Times: user=0.00 sys=0.00, real=0.00 secs] 
4020.810: [GC (Allocation Failure) 4020.810: [ParNew: 81499K->0K(92160K), 0.0017594 secs] 82917K->1418K(194560K), 0.0019306 secs] [Times: user=0.00 sys=0.00, real=0.00 secs] 
4022.826: [GC (Allocation Failure) 4022.826: [ParNew: 81499K->0K(92160K), 0.0009439 secs] 82917K->1418K(194560K), 0.0010675 secs] [Times: user=0.00 sys=0.00, real=0.00 secs] 
4024.840: [GC (Allocation Failure) 4024.840: [ParNew: 81499K->0K(92160K), 0.0014865 secs] 82917K->1418K(194560K), 0.0016170 secs] [Times: user=0.00 sys=0.00, real=0.00 secs] 
4025.857: [GC (Allocation Failure) 4025.857: [ParNew: 81499K->0K(92160K), 0.0008104 secs] 82917K->1418K(194560K), 0.0008837 secs] [Times: user=0.00 sys=0.00, real=0.00 secs] 
4027.864: [GC (Allocation Failure) 4027.865: [ParNew: 81499K->0K(92160K), 0.0012860 secs] 82917K->1418K(194560K), 0.0013974 secs] [Times: user=0.00 sys=0.00, real=0.00 secs] 
4028.877: [GC (Allocation Failure) 4028.878: [ParNew: 81499K->0K(92160K), 0.0009766 secs] 82917K->1418K(194560K), 0.0010677 secs] [Times: user=0.00 sys=0.00, real=0.00 secs] 
4030.894: [GC (Allocation Failure) 4030.894: [ParNew: 81499K->0K(92160K), 0.0009002 secs] 82917K->1418K(194560K), 0.0009911 secs] [Times: user=0.00 sys=0.00, real=0.00 secs] 
4031.897: [GC (Allocation Failure) 4031.897: [ParNew: 81499K->0K(92160K), 0.0007452 secs] 82917K->1418K(194560K), 0.0008208 secs] [Times: user=0.00 sys=0.00, real=0.00 secs] 
4033.905: [GC (Allocation Failure) 4033.905: [ParNew: 81499K->0K(92160K), 0.0004786 secs] 82917K->1418K(194560K), 0.0005470 secs] [Times: user=0.00 sys=0.00, real=0.00 secs] 
4035.914: [GC (Allocation Failure) 4035.914: [ParNew: 81499K->0K(92160K), 0.0012396 secs] 82917K->1418K(194560K), 0.0013969 secs] [Times: user=0.00 sys=0.00, real=0.00 secs] 
4036.932: [GC (Allocation Failure) 4036.933: [ParNew: 81499K->0K(92160K), 0.0005850 secs] 82917K->1418K(194560K), 0.0006607 secs] [Times: user=0.00 sys=0.00, real=0.00 secs] 
4038.955: [GC (Allocation Failure) 4038.955: [ParNew: 81499K->0K(92160K), 0.0006985 secs] 82917K->1418K(194560K), 0.0007713 secs] [Times: user=0.00 sys=0.00, real=0.00 secs] 
4039.957: [GC (Allocation Failure) 4039.957: [ParNew: 81499K->0K(92160K), 0.0004076 secs] 82917K->1418K(194560K), 0.0004556 secs] [Times: user=0.00 sys=0.00, real=0.00 secs] 
4041.965: [GC (Allocation Failure) 4041.965: [ParNew: 81499K->0K(92160K), 0.0004560 secs] 82917K->1418K(194560K), 0.0005124 secs] [Times: user=0.00 sys=0.00, real=0.00 secs] 
4042.970: [GC (Allocation Failure) 4042.970: [ParNew: 81499K->0K(92160K), 0.0004466 secs] 82917K->1418K(194560K), 0.0004966 secs] [Times: user=0.00 sys=0.00, real=0.00 secs] 
4044.976: [GC (Allocation Failure) 4044.976: [ParNew: 81499K->0K(92160K), 0.0004733 secs] 82917K->1418K(194560K), 0.0005233 secs] [Times: user=0.00 sys=0.00, real=0.00 secs] 
4046.988: [GC (Allocation Failure) 4046.988: [ParNew: 81499K->0K(92160K), 0.0008042 secs] 82917K->1418K(194560K), 0.0008641 secs] [Times: user=0.00 sys=0.00, real=0.00 secs] 
4047.995: [GC (Allocation Failure) 4047.995: [ParNew: 81499K->0K(92160K), 0.0005118 secs] 82917K->1418K(194560K), 0.0005898 secs] [Times: user=0.00 sys=0.00, real=0.00 secs] 
4050.017: [GC (Allocation Failure) 4050.017: [ParNew: 81499K->0K(92160K), 0.0006484 secs] 82917K->1418K(194560K), 0.0007153 secs] [Times: user=0.00 sys=0.00, real=0.00 secs] 
4051.026: [GC (Allocation Failure) 4051.026: [ParNew: 81499K->0K(92160K), 0.0018250 secs] 82917K->1418K(194560K), 0.0019832 secs] [Times: user=0.00 sys=0.00, real=0.00 secs] 
4053.043: [GC (Allocation Failure) 4053.043: [ParNew: 81499K->0K(92160K), 0.0005255 secs] 82917K->1418K(194560K), 0.0005779 secs] [Times: user=0.00 sys=0.00, real=0.00 secs] 
4055.053: [GC (Allocation Failure) 4055.053: [ParNew: 81499K->0K(92160K), 0.0018688 secs] 82917K->1418K(194560K), 0.0020268 secs] [Times: user=0.00 sys=0.00, real=0.00 secs] 
4056.074: [GC (Allocation Failure) 4056.074: [ParNew: 81499K->0K(92160K), 0.0003835 secs] 82917K->1418K(194560K), 0.0004638 secs] [Times: user=0.00 sys=0.00, real=0.00 secs] 
4058.082: [GC (Allocation Failure) 4058.082: [ParNew: 81499K->0K(92160K), 0.0014917 secs] 82917K->1418K(194560K), 0.0016531 secs] [Times: user=0.00 sys=0.00, real=0.00 secs] 
4059.103: [GC (Allocation Failure) 4059.103: [ParNew: 81499K->0K(92160K), 0.0017039 secs] 82917K->1418K(194560K), 0.0018611 secs] [Times: user=0.00 sys=0.00, real=0.00 secs] 
4061.121: [GC (Allocation Failure) 4061.121: [ParNew: 81499K->0K(92160K), 0.0014158 secs] 82917K->1418K(194560K), 0.0015763 secs] [Times: user=0.00 sys=0.00, real=0.00 secs] 
4062.130: [GC (Allocation Failure) 4062.131: [ParNew: 81499K->0K(92160K), 0.0006787 secs] 82917K->1418K(194560K), 0.0007476 secs] [Times: user=0.00 sys=0.00, real=0.00 secs] 
4064.145: [GC (Allocation Failure) 4064.145: [ParNew: 81499K->0K(92160K), 0.0004930 secs] 82917K->1418K(194560K), 0.0005640 secs] [Times: user=0.00 sys=0.00, real=0.00 secs] 
4066.156: [GC (Allocation Failure) 4066.156: [ParNew: 81499K->0K(92160K), 0.0018601 secs] 82917K->1418K(194560K), 0.0020203 secs] [Times: user=0.05 sys=0.01, real=0.00 secs] 
4067.181: [GC (Allocation Failure) 4067.181: [ParNew: 81499K->0K(92160K), 0.0012101 secs] 82917K->1418K(194560K), 0.0013683 secs] [Times: user=0.00 sys=0.00, real=0.00 secs] 
4069.183: [GC (Allocation Failure) 4069.183: [ParNew: 81499K->0K(92160K), 0.0012598 secs] 82917K->1418K(194560K), 0.0014268 secs] [Times: user=0.00 sys=0.00, real=0.00 secs] 
4070.200: [GC (Allocation Failure) 4070.200: [ParNew: 81499K->0K(92160K), 0.0009115 secs] 82917K->1418K(194560K), 0.0010301 secs] [Times: user=0.00 sys=0.00, real=0.00 secs] 
4072.217: [GC (Allocation Failure) 4072.217: [ParNew: 81499K->0K(92160K), 0.0012982 secs] 82917K->1418K(194560K), 0.0014646 secs] [Times: user=0.00 sys=0.00, real=0.00 secs] 
4074.236: [GC (Allocation Failure) 4074.236: [ParNew: 81499K->0K(92160K), 0.0006070 secs] 82917K->1418K(194560K), 0.0006818 secs] [Times: user=0.00 sys=0.00, real=0.00 secs] 
4075.254: [GC (Allocation Failure) 4075.254: [ParNew: 81499K->0K(92160K), 0.0004719 secs] 82917K->1418K(194560K), 0.0005340 secs] [Times: user=0.00 sys=0.00, real=0.00 secs] 
4077.257: [GC (Allocation Failure) 4077.257: [ParNew: 81499K->0K(92160K), 0.0006935 secs] 82917K->1418K(194560K), 0.0008558 secs] [Times: user=0.00 sys=0.00, real=0.00 secs] 
4078.265: [GC (Allocation Failure) 4078.265: [ParNew: 81499K->0K(92160K), 0.0007934 secs] 82917K->1418K(194560K), 0.0008613 secs] [Times: user=0.00 sys=0.00, real=0.00 secs] 
4080.269: [GC (Allocation Failure) 4080.269: [ParNew: 81499K->0K(92160K), 0.0007776 secs] 82917K->1418K(194560K), 0.0008449 secs] [Times: user=0.00 sys=0.00, real=0.00 secs] 
4081.286: [GC (Allocation Failure) 4081.286: [ParNew: 81499K->0K(92160K), 0.0007341 secs] 82917K->1418K(194560K), 0.0007799 secs] [Times: user=0.00 sys=0.00, real=0.00 secs] 
4083.301: [GC (Allocation Failure) 4083.301: [ParNew: 81499K->0K(92160K), 0.0007400 secs] 82917K->1418K(194560K), 0.0008127 secs] [Times: user=0.00 sys=0.00, real=0.00 secs] 
4085.305: [GC (Allocation Failure) 4085.305: [ParNew: 81499K->0K(92160K), 0.0005272 secs] 82917K->1418K(194560K), 0.0005980 secs] [Times: user=0.00 sys=0.00, real=0.00 secs] 
4086.313: [GC (Allocation Failure) 4086.313: [ParNew: 81499K->0K(92160K), 0.0006463 secs] 82917K->1418K(194560K), 0.0007224 secs] [Times: user=0.00 sys=0.00, real=0.00 secs] 
4088.331: [GC (Allocation Failure) 4088.331: [ParNew: 81499K->0K(92160K), 0.0007531 secs] 82917K->1418K(194560K), 0.0008302 secs] [Times: user=0.00 sys=0.00, real=0.00 secs] 
4089.340: [GC (Allocation Failure) 4089.340: [ParNew: 81499K->0K(92160K), 0.0006025 secs] 82917K->1418K(194560K), 0.0006764 secs] [Times: user=0.00 sys=0.00, real=0.00 secs] 
4091.362: [GC (Allocation Failure) 4091.362: [ParNew: 81499K->0K(92160K), 0.0007053 secs] 82917K->1418K(194560K), 0.0007749 secs] [Times: user=0.00 sys=0.00, real=0.00 secs] 
4092.367: [GC (Allocation Failure) 4092.367: [ParNew: 81499K->0K(92160K), 0.0009753 secs] 82917K->1418K(194560K), 0.0011147 secs] [Times: user=0.00 sys=0.00, real=0.00 secs] 
4094.377: [GC (Allocation Failure) 4094.377: [ParNew: 81499K->0K(92160K), 0.0010079 secs] 82917K->1418K(194560K), 0.0010876 secs] [Times: user=0.00 sys=0.00, real=0.00 secs] 
4096.409: [GC (Allocation Failure) 4096.409: [ParNew: 81499K->0K(92160K), 0.0011921 secs] 82917K->1418K(194560K), 0.0013091 secs] [Times: user=0.00 sys=0.00, real=0.00 secs] 
4097.413: [GC (Allocation Failure) 4097.413: [ParNew: 81499K->0K(92160K), 0.0005753 secs] 82917K->1418K(194560K), 0.0006611 secs] [Times: user=0.00 sys=0.00, real=0.00 secs] 
4099.426: [GC (Allocation Failure) 4099.426: [ParNew: 81499K->0K(92160K), 0.0011785 secs] 82917K->1418K(194560K), 0.0012950 secs] [Times: user=0.00 sys=0.00, real=0.00 secs] 
4100.430: [GC (Allocation Failure) 4100.430: [ParNew: 81499K->0K(92160K), 0.0010071 secs] 82917K->1418K(194560K), 0.0011062 secs] [Times: user=0.00 sys=0.00, real=0.00 secs] 
4102.443: [GC (Allocation Failure) 4102.444: [ParNew: 81499K->0K(92160K), 0.0017698 secs] 82917K->1418K(194560K), 0.0019353 secs] [Times: user=0.00 sys=0.00, real=0.00 secs] 
4104.455: [GC (Allocation Failure) 4104.455: [ParNew: 81499K->0K(92160K), 0.0017655 secs] 82917K->1418K(194560K), 0.0020075 secs] [Times: user=0.00 sys=0.00, real=0.00 secs] 
4105.474: [GC (Allocation Failure) 4105.474: [ParNew: 81499K->0K(92160K), 0.0006607 secs] 82917K->1418K(194560K), 0.0008061 secs] [Times: user=0.00 sys=0.00, real=0.00 secs] 
4107.482: [GC (Allocation Failure) 4107.482: [ParNew: 81499K->0K(92160K), 0.0009158 secs] 82917K->1418K(194560K), 0.0010156 secs] [Times: user=0.00 sys=0.00, real=0.00 secs] 
4108.493: [GC (Allocation Failure) 4108.493: [ParNew: 81499K->0K(92160K), 0.0008120 secs] 82917K->1418K(194560K), 0.0008830 secs] [Times: user=0.00 sys=0.00, real=0.00 secs] 
4110.509: [GC (Allocation Failure) 4110.509: [ParNew: 81499K->0K(92160K), 0.0004606 secs] 82917K->1418K(194560K), 0.0005233 secs] [Times: user=0.00 sys=0.00, real=0.00 secs] 
4111.521: [GC (Allocation Failure) 4111.521: [ParNew: 81499K->0K(92160K), 0.0004910 secs] 82917K->1418K(194560K), 0.0005574 secs] [Times: user=0.00 sys=0.00, real=0.00 secs] 
4113.528: [GC (Allocation Failure) 4113.528: [ParNew: 81499K->0K(92160K), 0.0016354 secs] 82917K->1418K(194560K), 0.0017950 secs] [Times: user=0.00 sys=0.00, real=0.00 secs] 
4115.545: [GC (Allocation Failure) 4115.545: [ParNew: 81499K->0K(92160K), 0.0016407 secs] 82917K->1418K(194560K), 0.0017974 secs] [Times: user=0.02 sys=0.00, real=0.00 secs] 
4116.556: [GC (Allocation Failure) 4116.556: [ParNew: 81499K->0K(92160K), 0.0008007 secs] 82917K->1418K(194560K), 0.0008620 secs] [Times: user=0.00 sys=0.00, real=0.00 secs] 
4118.581: [GC (Allocation Failure) 4118.581: [ParNew: 81499K->0K(92160K), 0.0004974 secs] 82917K->1418K(194560K), 0.0005488 secs] [Times: user=0.00 sys=0.00, real=0.00 secs] 
4119.582: [GC (Allocation Failure) 4119.582: [ParNew: 81499K->0K(92160K), 0.0007431 secs] 82917K->1418K(194560K), 0.0007906 secs] [Times: user=0.00 sys=0.00, real=0.00 secs] 
4121.598: [GC (Allocation Failure) 4121.598: [ParNew: 81499K->0K(92160K), 0.0015365 secs] 82917K->1418K(194560K), 0.0016788 secs] [Times: user=0.00 sys=0.00, real=0.00 secs] 
4122.612: [GC (Allocation Failure) 4122.612: [ParNew: 81499K->0K(92160K), 0.0007815 secs] 82917K->1418K(194560K), 0.0008526 secs] [Times: user=0.00 sys=0.00, real=0.00 secs] 
4124.622: [GC (Allocation Failure) 4124.622: [ParNew: 81499K->0K(92160K), 0.0009088 secs] 82917K->1418K(194560K), 0.0009872 secs] [Times: user=0.00 sys=0.00, real=0.00 secs] 
4126.627: [GC (Allocation Failure) 4126.627: [ParNew: 81499K->0K(92160K), 0.0007200 secs] 82917K->1418K(194560K), 0.0007906 secs] [Times: user=0.00 sys=0.00, real=0.00 secs] 
4127.633: [GC (Allocation Failure) 4127.633: [ParNew: 81499K->0K(92160K), 0.0007622 secs] 82917K->1418K(194560K), 0.0008083 secs] [Times: user=0.00 sys=0.00, real=0.00 secs] 
4129.643: [GC (Allocation Failure) 4129.643: [ParNew: 81499K->0K(92160K), 0.0008082 secs] 82917K->1418K(194560K), 0.0008812 secs] [Times: user=0.00 sys=0.00, real=0.00 secs] 
4130.645: [GC (Allocation Failure) 4130.645: [ParNew: 81499K->0K(92160K), 0.0007134 secs] 82917K->1418K(194560K), 0.0007819 secs] [Times: user=0.00 sys=0.00, real=0.00 secs] 
4132.656: [GC (Allocation Failure) 4132.656: [ParNew: 81499K->0K(92160K), 0.0018060 secs] 82917K->1418K(194560K), 0.0020200 secs] [Times: user=0.05 sys=0.00, real=0.00 secs] 
4134.675: [GC (Allocation Failure) 4134.675: [ParNew: 81499K->0K(92160K), 0.0015222 secs] 82917K->1418K(194560K), 0.0017484 secs] [Times: user=0.00 sys=0.00, real=0.00 secs] 
4135.688: [GC (Allocation Failure) 4135.688: [ParNew: 81499K->0K(92160K), 0.0012771 secs] 82917K->1418K(194560K), 0.0014265 secs] [Times: user=0.00 sys=0.00, real=0.00 secs] 
4137.706: [GC (Allocation Failure) 4137.706: [ParNew: 81499K->0K(92160K), 0.0007300 secs] 82917K->1418K(194560K), 0.0007831 secs] [Times: user=0.00 sys=0.00, real=0.00 secs] 
4138.715: [GC (Allocation Failure) 4138.715: [ParNew: 81499K->0K(92160K), 0.0007424 secs] 82917K->1418K(194560K), 0.0008331 secs] [Times: user=0.00 sys=0.00, real=0.00 secs] 
4140.738: [GC (Allocation Failure) 4140.738: [ParNew: 81499K->0K(92160K), 0.0004696 secs] 82917K->1418K(194560K), 0.0005219 secs] [Times: user=0.00 sys=0.00, real=0.00 secs] 
4141.738: [GC (Allocation Failure) 4141.739: [ParNew: 81499K->0K(92160K), 0.0007973 secs] 82917K->1418K(194560K), 0.0008488 secs] [Times: user=0.00 sys=0.00, real=0.00 secs] 
4143.748: [GC (Allocation Failure) 4143.748: [ParNew: 81499K->0K(92160K), 0.0015525 secs] 82917K->1418K(194560K), 0.0016767 secs] [Times: user=0.00 sys=0.00, real=0.00 secs] 
4145.764: [GC (Allocation Failure) 4145.764: [ParNew: 81499K->0K(92160K), 0.0010191 secs] 82917K->1418K(194560K), 0.0011258 secs] [Times: user=0.00 sys=0.00, real=0.00 secs] 
4146.774: [GC (Allocation Failure) 4146.774: [ParNew: 81499K->0K(92160K), 0.0007110 secs] 82917K->1418K(194560K), 0.0007609 secs] [Times: user=0.00 sys=0.00, real=0.00 secs] 
4148.786: [GC (Allocation Failure) 4148.786: [ParNew: 81499K->0K(92160K), 0.0007415 secs] 82917K->1418K(194560K), 0.0008194 secs] [Times: user=0.00 sys=0.00, real=0.00 secs] 
4149.796: [GC (Allocation Failure) 4149.796: [ParNew: 81499K->0K(92160K), 0.0009585 secs] 82917K->1418K(194560K), 0.0010334 secs] [Times: user=0.00 sys=0.00, real=0.00 secs] 
4151.804: [GC (Allocation Failure) 4151.804: [ParNew: 81499K->0K(92160K), 0.0005724 secs] 82917K->1418K(194560K), 0.0006384 secs] [Times: user=0.00 sys=0.00, real=0.00 secs] 
4153.811: [GC (Allocation Failure) 4153.811: [ParNew: 81499K->0K(92160K), 0.0007297 secs] 82917K->1418K(194560K), 0.0007830 secs] [Times: user=0.00 sys=0.00, real=0.00 secs] 
4154.821: [GC (Allocation Failure) 4154.821: [ParNew: 81499K->0K(92160K), 0.0018113 secs] 82917K->1418K(194560K), 0.0019659 secs] [Times: user=0.00 sys=0.00, real=0.00 secs] 
4156.832: [GC (Allocation Failure) 4156.832: [ParNew: 81499K->0K(92160K), 0.0017253 secs] 82917K->1418K(194560K), 0.0018855 secs] [Times: user=0.00 sys=0.00, real=0.00 secs] 
4157.851: [GC (Allocation Failure) 4157.851: [ParNew: 81499K->0K(92160K), 0.0017489 secs] 82917K->1418K(194560K), 0.0018992 secs] [Times: user=0.00 sys=0.00, real=0.00 secs] 
4159.878: [GC (Allocation Failure) 4159.878: [ParNew: 81499K->0K(92160K), 0.0005841 secs] 82917K->1418K(194560K), 0.0006643 secs] [Times: user=0.00 sys=0.00, real=0.00 secs] 
4160.884: [GC (Allocation Failure) 4160.884: [ParNew: 81499K->0K(92160K), 0.0004396 secs] 82917K->1418K(194560K), 0.0005009 secs] [Times: user=0.00 sys=0.00, real=0.00 secs] 
4162.894: [GC (Allocation Failure) 4162.894: [ParNew: 81499K->0K(92160K), 0.0003680 secs] 82917K->1418K(194560K), 0.0004393 secs] [Times: user=0.00 sys=0.00, real=0.00 secs] 
4164.903: [GC (Allocation Failure) 4164.903: [ParNew: 81499K->0K(92160K), 0.0008723 secs] 82917K->1418K(194560K), 0.0009761 secs] [Times: user=0.00 sys=0.00, real=0.00 secs] 
4165.916: [GC (Allocation Failure) 4165.916: [ParNew: 81499K->0K(92160K), 0.0009355 secs] 82917K->1418K(194560K), 0.0010361 secs] [Times: user=0.00 sys=0.00, real=0.00 secs] 
4167.927: [GC (Allocation Failure) 4167.927: [ParNew: 81499K->0K(92160K), 0.0015610 secs] 82917K->1418K(194560K), 0.0017761 secs] [Times: user=0.00 sys=0.00, real=0.00 secs] 
4168.944: [GC (Allocation Failure) 4168.944: [ParNew: 81499K->0K(92160K), 0.0010620 secs] 82917K->1418K(194560K), 0.0011633 secs] [Times: user=0.00 sys=0.00, real=0.00 secs] 
4170.958: [GC (Allocation Failure) 4170.958: [ParNew: 81499K->0K(92160K), 0.0007527 secs] 82917K->1418K(194560K), 0.0008401 secs] [Times: user=0.00 sys=0.00, real=0.00 secs] 
4171.960: [GC (Allocation Failure) 4171.960: [ParNew: 81499K->0K(92160K), 0.0007901 secs] 82917K->1418K(194560K), 0.0008664 secs] [Times: user=0.00 sys=0.00, real=0.00 secs] 
4173.969: [GC (Allocation Failure) 4173.969: [ParNew: 81499K->0K(92160K), 0.0006047 secs] 82917K->1418K(194560K), 0.0006926 secs] [Times: user=0.09 sys=0.02, real=0.00 secs] 
4175.989: [GC (Allocation Failure) 4175.989: [ParNew: 81499K->0K(92160K), 0.0014049 secs] 82917K->1418K(194560K), 0.0015646 secs] [Times: user=0.00 sys=0.00, real=0.00 secs] 
4177.008: [GC (Allocation Failure) 4177.008: [ParNew: 81499K->0K(92160K), 0.0014718 secs] 82917K->1418K(194560K), 0.0016529 secs] [Times: user=0.00 sys=0.00, real=0.00 secs] 
4179.021: [GC (Allocation Failure) 4179.021: [ParNew: 81499K->0K(92160K), 0.0019003 secs] 82917K->1418K(194560K), 0.0020569 secs] [Times: user=0.00 sys=0.00, real=0.00 secs] 
4180.021: [GC (Allocation Failure) 4180.021: [ParNew: 81499K->0K(92160K), 0.0006834 secs] 82917K->1418K(194560K), 0.0007499 secs] [Times: user=0.00 sys=0.00, real=0.00 secs] 
4182.038: [GC (Allocation Failure) 4182.038: [ParNew: 81499K->0K(92160K), 0.0014156 secs] 82917K->1418K(194560K), 0.0015543 secs] [Times: user=0.00 sys=0.00, real=0.00 secs] 
4184.052: [GC (Allocation Failure) 4184.052: [ParNew: 81499K->0K(92160K), 0.0016860 secs] 82917K->1418K(194560K), 0.0018461 secs] [Times: user=0.00 sys=0.00, real=0.00 secs] 
4185.074: [GC (Allocation Failure) 4185.074: [ParNew: 81499K->0K(92160K), 0.0006867 secs] 82917K->1418K(194560K), 0.0010271 secs] [Times: user=0.00 sys=0.00, real=0.00 secs] 
4187.081: [GC (Allocation Failure) 4187.081: [ParNew: 81499K->0K(92160K), 0.0013781 secs] 82917K->1418K(194560K), 0.0014990 secs] [Times: user=0.00 sys=0.00, real=0.00 secs] 
4188.099: [GC (Allocation Failure) 4188.099: [ParNew: 81499K->0K(92160K), 0.0006245 secs] 82917K->1418K(194560K), 0.0007998 secs] [Times: user=0.00 sys=0.00, real=0.00 secs] 
4190.108: [GC (Allocation Failure) 4190.108: [ParNew: 81499K->0K(92160K), 0.0006646 secs] 82917K->1418K(194560K), 0.0007438 secs] [Times: user=0.00 sys=0.00, real=0.00 secs] 
4191.117: [GC (Allocation Failure) 4191.117: [ParNew: 81499K->0K(92160K), 0.0007724 secs] 82917K->1418K(194560K), 0.0008559 secs] [Times: user=0.00 sys=0.00, real=0.00 secs] 
4193.124: [GC (Allocation Failure) 4193.125: [ParNew: 81499K->0K(92160K), 0.0008085 secs] 82917K->1418K(194560K), 0.0008910 secs] [Times: user=0.13 sys=0.00, real=0.00 secs] 
4195.142: [GC (Allocation Failure) 4195.142: [ParNew: 81499K->0K(92160K), 0.0007683 secs] 82917K->1418K(194560K), 0.0008582 secs] [Times: user=0.00 sys=0.00, real=0.00 secs] 
4196.144: [GC (Allocation Failure) 4196.144: [ParNew: 81499K->0K(92160K), 0.0005281 secs] 82917K->1418K(194560K), 0.0005959 secs] [Times: user=0.00 sys=0.00, real=0.00 secs] 
4198.159: [GC (Allocation Failure) 4198.159: [ParNew: 81499K->0K(92160K), 0.0017298 secs] 82917K->1418K(194560K), 0.0018862 secs] [Times: user=0.00 sys=0.00, real=0.00 secs] 
4199.180: [GC (Allocation Failure) 4199.180: [ParNew: 81499K->0K(92160K), 0.0009848 secs] 82917K->1418K(194560K), 0.0011004 secs] [Times: user=0.00 sys=0.00, real=0.00 secs] 
4201.189: [GC (Allocation Failure) 4201.189: [ParNew: 81499K->0K(92160K), 0.0009805 secs] 82917K->1418K(194560K), 0.0010713 secs] [Times: user=0.00 sys=0.00, real=0.00 secs] 
4202.208: [GC (Allocation Failure) 4202.208: [ParNew: 81499K->0K(92160K), 0.0004121 secs] 82917K->1418K(194560K), 0.0004657 secs] [Times: user=0.00 sys=0.00, real=0.00 secs] 
4204.213: [GC (Allocation Failure) 4204.213: [ParNew: 81499K->0K(92160K), 0.0009633 secs] 82917K->1418K(194560K), 0.0010436 secs] [Times: user=0.00 sys=0.00, real=0.00 secs] 
4206.222: [GC (Allocation Failure) 4206.222: [ParNew: 81499K->0K(92160K), 0.0005467 secs] 82917K->1418K(194560K), 0.0006125 secs] [Times: user=0.00 sys=0.00, real=0.00 secs] 
4207.225: [GC (Allocation Failure) 4207.225: [ParNew: 81499K->0K(92160K), 0.0008128 secs] 82917K->1418K(194560K), 0.0008971 secs] [Times: user=0.00 sys=0.00, real=0.00 secs] 
4209.234: [GC (Allocation Failure) 4209.234: [ParNew: 81499K->0K(92160K), 0.0006571 secs] 82917K->1418K(194560K), 0.0007180 secs] [Times: user=0.00 sys=0.00, real=0.00 secs] 
4210.255: [GC (Allocation Failure) 4210.255: [ParNew: 81499K->0K(92160K), 0.0007338 secs] 82917K->1418K(194560K), 0.0007996 secs] [Times: user=0.00 sys=0.00, real=0.00 secs] 
4212.258: [GC (Allocation Failure) 4212.258: [ParNew: 81499K->0K(92160K), 0.0006900 secs] 82917K->1418K(194560K), 0.0007567 secs] [Times: user=0.00 sys=0.00, real=0.00 secs] 
4214.268: [GC (Allocation Failure) 4214.268: [ParNew: 81499K->0K(92160K), 0.0007237 secs] 82917K->1418K(194560K), 0.0007989 secs] [Times: user=0.00 sys=0.00, real=0.00 secs] 
4215.271: [GC (Allocation Failure) 4215.271: [ParNew: 81499K->0K(92160K), 0.0005754 secs] 82917K->1418K(194560K), 0.0006358 secs] [Times: user=0.00 sys=0.00, real=0.00 secs] 
4217.277: [GC (Allocation Failure) 4217.277: [ParNew: 81499K->0K(92160K), 0.0007468 secs] 82917K->1418K(194560K), 0.0008169 secs] [Times: user=0.00 sys=0.00, real=0.00 secs] 
4218.286: [GC (Allocation Failure) 4218.287: [ParNew: 81499K->0K(92160K), 0.0009135 secs] 82917K->1418K(194560K), 0.0009839 secs] [Times: user=0.00 sys=0.00, real=0.00 secs] 
4220.289: [GC (Allocation Failure) 4220.289: [ParNew: 81499K->0K(92160K), 0.0006888 secs] 82917K->1418K(194560K), 0.0007632 secs] [Times: user=0.00 sys=0.00, real=0.00 secs] 
4221.296: [GC (Allocation Failure) 4221.296: [ParNew: 81499K->0K(92160K), 0.0003825 secs] 82917K->1418K(194560K), 0.0004400 secs] [Times: user=0.00 sys=0.00, real=0.00 secs] 
4223.302: [GC (Allocation Failure) 4223.302: [ParNew: 81499K->0K(92160K), 0.0007321 secs] 82917K->1418K(194560K), 0.0008080 secs] [Times: user=0.00 sys=0.00, real=0.00 secs] 
4225.313: [GC (Allocation Failure) 4225.313: [ParNew: 81499K->0K(92160K), 0.0008281 secs] 82917K->1418K(194560K), 0.0009081 secs] [Times: user=0.11 sys=0.00, real=0.00 secs] 
4226.333: [GC (Allocation Failure) 4226.333: [ParNew: 81499K->0K(92160K), 0.0010203 secs] 82917K->1418K(194560K), 0.0011004 secs] [Times: user=0.00 sys=0.00, real=0.00 secs] 
4228.337: [GC (Allocation Failure) 4228.337: [ParNew: 81499K->0K(92160K), 0.0009853 secs] 82917K->1418K(194560K), 0.0010774 secs] [Times: user=0.00 sys=0.00, real=0.00 secs] 
4229.349: [GC (Allocation Failure) 4229.349: [ParNew: 81499K->0K(92160K), 0.0011808 secs] 82917K->1418K(194560K), 0.0012724 secs] [Times: user=0.00 sys=0.00, real=0.00 secs] 
4231.358: [GC (Allocation Failure) 4231.358: [ParNew: 81499K->0K(92160K), 0.0005290 secs] 82917K->1418K(194560K), 0.0005985 secs] [Times: user=0.00 sys=0.00, real=0.00 secs] 
4233.376: [GC (Allocation Failure) 4233.376: [ParNew: 81499K->0K(92160K), 0.0008356 secs] 82917K->1418K(194560K), 0.0009080 secs] [Times: user=0.00 sys=0.00, real=0.00 secs] 
4234.379: [GC (Allocation Failure) 4234.379: [ParNew: 81499K->0K(92160K), 0.0004708 secs] 82917K->1418K(194560K), 0.0005368 secs] [Times: user=0.00 sys=0.00, real=0.00 secs] 
4236.387: [GC (Allocation Failure) 4236.387: [ParNew: 81499K->0K(92160K), 0.0004059 secs] 82917K->1418K(194560K), 0.0004876 secs] [Times: user=0.00 sys=0.00, real=0.00 secs] 
4237.393: [GC (Allocation Failure) 4237.393: [ParNew: 81499K->0K(92160K), 0.0006534 secs] 82917K->1418K(194560K), 0.0007034 secs] [Times: user=0.00 sys=0.00, real=0.00 secs] 
4239.403: [GC (Allocation Failure) 4239.403: [ParNew: 81499K->0K(92160K), 0.0007723 secs] 82917K->1418K(194560K), 0.0008238 secs] [Times: user=0.00 sys=0.00, real=0.00 secs] 
4240.412: [GC (Allocation Failure) 4240.412: [ParNew: 81499K->0K(92160K), 0.0008611 secs] 82917K->1418K(194560K), 0.0009385 secs] [Times: user=0.00 sys=0.00, real=0.00 secs] 
4242.415: [GC (Allocation Failure) 4242.415: [ParNew: 81499K->0K(92160K), 0.0006403 secs] 82917K->1418K(194560K), 0.0006918 secs] [Times: user=0.00 sys=0.00, real=0.00 secs] 
4244.425: [GC (Allocation Failure) 4244.425: [ParNew: 81499K->0K(92160K), 0.0011793 secs] 82917K->1418K(194560K), 0.0012986 secs] [Times: user=0.00 sys=0.00, real=0.00 secs] 
4245.430: [GC (Allocation Failure) 4245.430: [ParNew: 81499K->0K(92160K), 0.0012032 secs] 82917K->1418K(194560K), 0.0013153 secs] [Times: user=0.00 sys=0.00, real=0.00 secs] 
4247.443: [GC (Allocation Failure) 4247.443: [ParNew: 81499K->0K(92160K), 0.0012298 secs] 82917K->1418K(194560K), 0.0013469 secs] [Times: user=0.00 sys=0.00, real=0.00 secs] 
4248.461: [GC (Allocation Failure) 4248.461: [ParNew: 81499K->0K(92160K), 0.0012352 secs] 82917K->1418K(194560K), 0.0013599 secs] [Times: user=0.00 sys=0.00, real=0.00 secs] 
4250.465: [GC (Allocation Failure) 4250.465: [ParNew: 81499K->0K(92160K), 0.0009131 secs] 82917K->1418K(194560K), 0.0010287 secs] [Times: user=0.00 sys=0.00, real=0.00 secs] 
4251.478: [GC (Allocation Failure) 4251.478: [ParNew: 81499K->0K(92160K), 0.0004058 secs] 82917K->1418K(194560K), 0.0004573 secs] [Times: user=0.00 sys=0.00, real=0.00 secs] 
4253.491: [GC (Allocation Failure) 4253.491: [ParNew: 81499K->0K(92160K), 0.0015068 secs] 82917K->1418K(194560K), 0.0016363 secs] [Times: user=0.00 sys=0.00, real=0.00 secs] 
4255.505: [GC (Allocation Failure) 4255.505: [ParNew: 81499K->0K(92160K), 0.0011791 secs] 82917K->1418K(194560K), 0.0013367 secs] [Times: user=0.00 sys=0.00, real=0.00 secs] 
4256.523: [GC (Allocation Failure) 4256.523: [ParNew: 81499K->0K(92160K), 0.0013602 secs] 82917K->1418K(194560K), 0.0014821 secs] [Times: user=0.00 sys=0.00, real=0.00 secs] 
4258.526: [GC (Allocation Failure) 4258.526: [ParNew: 81499K->0K(92160K), 0.0010063 secs] 82917K->1418K(194560K), 0.0010985 secs] [Times: user=0.00 sys=0.00, real=0.00 secs] 
4259.538: [GC (Allocation Failure) 4259.538: [ParNew: 81499K->0K(92160K), 0.0005580 secs] 82917K->1418K(194560K), 0.0006350 secs] [Times: user=0.00 sys=0.00, real=0.00 secs] 
4261.551: [GC (Allocation Failure) 4261.551: [ParNew: 81499K->0K(92160K), 0.0012470 secs] 82917K->1418K(194560K), 0.0013535 secs] [Times: user=0.00 sys=0.00, real=0.00 secs] 
4263.562: [GC (Allocation Failure) 4263.562: [ParNew: 81499K->0K(92160K), 0.0007524 secs] 82917K->1418K(194560K), 0.0008061 secs] [Times: user=0.00 sys=0.02, real=0.00 secs] 
4264.573: [GC (Allocation Failure) 4264.573: [ParNew: 81499K->0K(92160K), 0.0006860 secs] 82917K->1418K(194560K), 0.0007967 secs] [Times: user=0.00 sys=0.00, real=0.00 secs] 
4266.590: [GC (Allocation Failure) 4266.590: [ParNew: 81499K->0K(92160K), 0.0018394 secs] 82917K->1418K(194560K), 0.0019950 secs] [Times: user=0.00 sys=0.00, real=0.00 secs] 
4267.615: [GC (Allocation Failure) 4267.615: [ParNew: 81499K->0K(92160K), 0.0004935 secs] 82917K->1418K(194560K), 0.0005482 secs] [Times: user=0.00 sys=0.00, real=0.00 secs] 
4269.620: [GC (Allocation Failure) 4269.620: [ParNew: 81499K->0K(92160K), 0.0014697 secs] 82917K->1418K(194560K), 0.0015729 secs] [Times: user=0.00 sys=0.00, real=0.00 secs] 
4270.630: [GC (Allocation Failure) 4270.630: [ParNew: 81499K->0K(92160K), 0.0006687 secs] 82917K->1418K(194560K), 0.0007172 secs] [Times: user=0.00 sys=0.00, real=0.00 secs] 
4272.640: [GC (Allocation Failure) 4272.640: [ParNew: 81499K->0K(92160K), 0.0010179 secs] 82917K->1418K(194560K), 0.0010682 secs] [Times: user=0.00 sys=0.00, real=0.00 secs] 
4274.659: [GC (Allocation Failure) 4274.659: [ParNew: 81499K->0K(92160K), 0.0009386 secs] 82917K->1418K(194560K), 0.0010300 secs] [Times: user=0.00 sys=0.00, real=0.00 secs] 
4275.665: [GC (Allocation Failure) 4275.665: [ParNew: 81499K->0K(92160K), 0.0006883 secs] 82917K->1418K(194560K), 0.0007467 secs] [Times: user=0.00 sys=0.00, real=0.00 secs] 
4277.682: [GC (Allocation Failure) 4277.682: [ParNew: 81499K->0K(92160K), 0.0016537 secs] 82917K->1418K(194560K), 0.0018621 secs] [Times: user=0.00 sys=0.00, real=0.00 secs] 
4278.696: [GC (Allocation Failure) 4278.696: [ParNew: 81499K->0K(92160K), 0.0010924 secs] 82917K->1418K(194560K), 0.0011910 secs] [Times: user=0.00 sys=0.00, real=0.00 secs] 
4280.711: [GC (Allocation Failure) 4280.711: [ParNew: 81499K->0K(92160K), 0.0007444 secs] 82917K->1418K(194560K), 0.0008047 secs] [Times: user=0.00 sys=0.00, real=0.00 secs] 
4281.725: [GC (Allocation Failure) 4281.725: [ParNew: 81499K->0K(92160K), 0.0008137 secs] 82917K->1418K(194560K), 0.0008640 secs] [Times: user=0.00 sys=0.00, real=0.00 secs] 
4283.740: [GC (Allocation Failure) 4283.740: [ParNew: 81499K->0K(92160K), 0.0007450 secs] 82917K->1418K(194560K), 0.0008442 secs] [Times: user=0.00 sys=0.00, real=0.00 secs] 
4285.753: [GC (Allocation Failure) 4285.754: [ParNew: 81499K->0K(92160K), 0.0005716 secs] 82917K->1418K(194560K), 0.0007829 secs] [Times: user=0.00 sys=0.00, real=0.00 secs] 
4286.772: [GC (Allocation Failure) 4286.772: [ParNew: 81499K->0K(92160K), 0.0005224 secs] 82917K->1418K(194560K), 0.0005736 secs] [Times: user=0.00 sys=0.00, real=0.00 secs] 
4288.779: [GC (Allocation Failure) 4288.779: [ParNew: 81499K->0K(92160K), 0.0006091 secs] 82917K->1418K(194560K), 0.0006628 secs] [Times: user=0.00 sys=0.00, real=0.00 secs] 
4289.787: [GC (Allocation Failure) 4289.787: [ParNew: 81499K->0K(92160K), 0.0003827 secs] 82917K->1418K(194560K), 0.0004319 secs] [Times: user=0.00 sys=0.00, real=0.00 secs] 
4291.804: [GC (Allocation Failure) 4291.804: [ParNew: 81499K->0K(92160K), 0.0004274 secs] 82917K->1418K(194560K), 0.0004911 secs] [Times: user=0.00 sys=0.00, real=0.00 secs] 
4293.819: [GC (Allocation Failure) 4293.819: [ParNew: 81499K->0K(92160K), 0.0017021 secs] 82917K->1418K(194560K), 0.0018579 secs] [Times: user=0.00 sys=0.00, real=0.00 secs] 
4294.835: [GC (Allocation Failure) 4294.835: [ParNew: 81499K->0K(92160K), 0.0007706 secs] 82917K->1418K(194560K), 0.0008189 secs] [Times: user=0.00 sys=0.00, real=0.00 secs] 
4296.845: [GC (Allocation Failure) 4296.845: [ParNew: 81499K->0K(92160K), 0.0005094 secs] 82917K->1418K(194560K), 0.0005795 secs] [Times: user=0.00 sys=0.00, real=0.00 secs] 
4297.858: [GC (Allocation Failure) 4297.858: [ParNew: 81499K->0K(92160K), 0.0018120 secs] 82917K->1418K(194560K), 0.0019702 secs] [Times: user=0.01 sys=0.00, real=0.00 secs] 
4299.882: [GC (Allocation Failure) 4299.882: [ParNew: 81499K->0K(92160K), 0.0017246 secs] 82917K->1418K(194560K), 0.0018884 secs] [Times: user=0.00 sys=0.00, real=0.00 secs] 
4300.897: [GC (Allocation Failure) 4300.898: [ParNew: 81499K->0K(92160K), 0.0016696 secs] 82917K->1418K(194560K), 0.0018239 secs] [Times: user=0.00 sys=0.00, real=0.00 secs] 
4302.915: [GC (Allocation Failure) 4302.915: [ParNew: 81499K->0K(92160K), 0.0018483 secs] 82917K->1418K(194560K), 0.0020068 secs] [Times: user=0.00 sys=0.00, real=0.00 secs] 
4304.918: [GC (Allocation Failure) 4304.918: [ParNew: 81499K->0K(92160K), 0.0019314 secs] 82917K->1418K(194560K), 0.0020862 secs] [Times: user=0.00 sys=0.00, real=0.00 secs] 
4305.938: [GC (Allocation Failure) 4305.938: [ParNew: 81499K->0K(92160K), 0.0020276 secs] 82917K->1418K(194560K), 0.0021551 secs] [Times: user=0.00 sys=0.00, real=0.00 secs] 
4307.959: [GC (Allocation Failure) 4307.959: [ParNew: 81499K->0K(92160K), 0.0006731 secs] 82917K->1418K(194560K), 0.0008007 secs] [Times: user=0.00 sys=0.00, real=0.00 secs] 
4308.966: [GC (Allocation Failure) 4308.966: [ParNew: 81499K->0K(92160K), 0.0007565 secs] 82917K->1418K(194560K), 0.0008268 secs] [Times: user=0.00 sys=0.00, real=0.00 secs] 
4310.975: [GC (Allocation Failure) 4310.975: [ParNew: 81499K->0K(92160K), 0.0012741 secs] 82917K->1418K(194560K), 0.0014325 secs] [Times: user=0.00 sys=0.00, real=0.00 secs] 
4312.981: [GC (Allocation Failure) 4312.981: [ParNew: 81499K->0K(92160K), 0.0016903 secs] 82917K->1418K(194560K), 0.0018476 secs] [Times: user=0.00 sys=0.00, real=0.00 secs] 
4314.000: [GC (Allocation Failure) 4314.000: [ParNew: 81499K->0K(92160K), 0.0005260 secs] 82917K->1418K(194560K), 0.0005790 secs] [Times: user=0.00 sys=0.00, real=0.00 secs] 
4316.018: [GC (Allocation Failure) 4316.019: [ParNew: 81499K->0K(92160K), 0.0016273 secs] 82917K->1418K(194560K), 0.0017907 secs] [Times: user=0.00 sys=0.00, real=0.00 secs] 
4317.039: [GC (Allocation Failure) 4317.039: [ParNew: 81499K->0K(92160K), 0.0007331 secs] 82917K->1418K(194560K), 0.0007848 secs] [Times: user=0.00 sys=0.00, real=0.00 secs] 
4319.054: [GC (Allocation Failure) 4319.055: [ParNew: 81499K->0K(92160K), 0.0019315 secs] 82917K->1418K(194560K), 0.0020836 secs] [Times: user=0.00 sys=0.00, real=0.00 secs] 
4320.070: [GC (Allocation Failure) 4320.070: [ParNew: 81499K->0K(92160K), 0.0007174 secs] 82917K->1418K(194560K), 0.0007945 secs] [Times: user=0.00 sys=0.00, real=0.00 secs] 
4322.086: [GC (Allocation Failure) 4322.087: [ParNew: 81499K->0K(92160K), 0.0014362 secs] 82917K->1418K(194560K), 0.0015630 secs] [Times: user=0.00 sys=0.00, real=0.00 secs] 
4324.087: [GC (Allocation Failure) 4324.087: [ParNew: 81499K->0K(92160K), 0.0012368 secs] 82917K->1418K(194560K), 0.0013506 secs] [Times: user=0.00 sys=0.00, real=0.00 secs] 
4325.101: [GC (Allocation Failure) 4325.101: [ParNew: 81499K->0K(92160K), 0.0011674 secs] 82917K->1418K(194560K), 0.0012765 secs] [Times: user=0.00 sys=0.00, real=0.00 secs] 
4327.110: [GC (Allocation Failure) 4327.110: [ParNew: 81499K->0K(92160K), 0.0008545 secs] 82917K->1418K(194560K), 0.0009315 secs] [Times: user=0.00 sys=0.00, real=0.00 secs] 
4328.122: [GC (Allocation Failure) 4328.122: [ParNew: 81499K->0K(92160K), 0.0008578 secs] 82917K->1418K(194560K), 0.0009063 secs] [Times: user=0.00 sys=0.00, real=0.00 secs] 
4330.130: [GC (Allocation Failure) 4330.130: [ParNew: 81499K->0K(92160K), 0.0005042 secs] 82917K->1418K(194560K), 0.0005679 secs] [Times: user=0.00 sys=0.00, real=0.00 secs] 
4331.154: [GC (Allocation Failure) 4331.154: [ParNew: 81499K->0K(92160K), 0.0017045 secs] 82917K->1418K(194560K), 0.0018612 secs] [Times: user=0.00 sys=0.00, real=0.00 secs] 
4333.151: [GC (Allocation Failure) 4333.152: [ParNew: 81499K->0K(92160K), 0.0012700 secs] 82917K->1418K(194560K), 0.0014329 secs] [Times: user=0.00 sys=0.00, real=0.00 secs] 
4335.173: [GC (Allocation Failure) 4335.173: [ParNew: 81499K->0K(92160K), 0.0014314 secs] 82917K->1418K(194560K), 0.0015881 secs] [Times: user=0.00 sys=0.00, real=0.00 secs] 
4336.187: [GC (Allocation Failure) 4336.187: [ParNew: 81499K->0K(92160K), 0.0006872 secs] 82917K->1418K(194560K), 0.0007368 secs] [Times: user=0.00 sys=0.00, real=0.00 secs] 
4338.208: [GC (Allocation Failure) 4338.208: [ParNew: 81499K->0K(92160K), 0.0018696 secs] 82917K->1418K(194560K), 0.0020382 secs] [Times: user=0.00 sys=0.00, real=0.00 secs] 
4339.209: [GC (Allocation Failure) 4339.209: [ParNew: 81499K->0K(92160K), 0.0006321 secs] 82917K->1418K(194560K), 0.0007090 secs] [Times: user=0.00 sys=0.00, real=0.00 secs] 
4341.222: [GC (Allocation Failure) 4341.222: [ParNew: 81499K->0K(92160K), 0.0005271 secs] 82917K->1418K(194560K), 0.0005911 secs] [Times: user=0.00 sys=0.00, real=0.00 secs] 
4343.229: [GC (Allocation Failure) 4343.229: [ParNew: 81499K->0K(92160K), 0.0004988 secs] 82917K->1418K(194560K), 0.0005483 secs] [Times: user=0.00 sys=0.00, real=0.00 secs] 
4344.235: [GC (Allocation Failure) 4344.235: [ParNew: 81499K->0K(92160K), 0.0006810 secs] 82917K->1418K(194560K), 0.0007306 secs] [Times: user=0.00 sys=0.02, real=0.00 secs] 
4346.251: [GC (Allocation Failure) 4346.251: [ParNew: 81499K->0K(92160K), 0.0004683 secs] 82917K->1418K(194560K), 0.0005417 secs] [Times: user=0.00 sys=0.00, real=0.00 secs] 
4347.258: [GC (Allocation Failure) 4347.258: [ParNew: 81499K->0K(92160K), 0.0008057 secs] 82917K->1418K(194560K), 0.0008722 secs] [Times: user=0.00 sys=0.00, real=0.00 secs] 
4349.270: [GC (Allocation Failure) 4349.270: [ParNew: 81499K->0K(92160K), 0.0006820 secs] 82917K->1418K(194560K), 0.0007537 secs] [Times: user=0.00 sys=0.00, real=0.00 secs] 
4350.272: [GC (Allocation Failure) 4350.272: [ParNew: 81499K->0K(92160K), 0.0006615 secs] 82917K->1418K(194560K), 0.0007242 secs] [Times: user=0.00 sys=0.00, real=0.00 secs] 
4352.278: [GC (Allocation Failure) 4352.278: [ParNew: 81499K->0K(92160K), 0.0007828 secs] 82917K->1418K(194560K), 0.0008338 secs] [Times: user=0.00 sys=0.00, real=0.00 secs] 
4354.283: [GC (Allocation Failure) 4354.284: [ParNew: 81499K->0K(92160K), 0.0009799 secs] 82917K->1418K(194560K), 0.0010483 secs] [Times: user=0.00 sys=0.00, real=0.00 secs] 
4355.293: [GC (Allocation Failure) 4355.293: [ParNew: 81499K->0K(92160K), 0.0005990 secs] 82917K->1418K(194560K), 0.0006826 secs] [Times: user=0.00 sys=0.00, real=0.00 secs] 
4357.315: [GC (Allocation Failure) 4357.315: [ParNew: 81499K->0K(92160K), 0.0006449 secs] 82917K->1418K(194560K), 0.0007165 secs] [Times: user=0.00 sys=0.00, real=0.00 secs] 
4358.317: [GC (Allocation Failure) 4358.317: [ParNew: 81499K->0K(92160K), 0.0007231 secs] 82917K->1418K(194560K), 0.0008230 secs] [Times: user=0.00 sys=0.00, real=0.00 secs] 
4360.325: [GC (Allocation Failure) 4360.325: [ParNew: 81499K->0K(92160K), 0.0010795 secs] 82917K->1418K(194560K), 0.0011541 secs] [Times: user=0.00 sys=0.00, real=0.00 secs] 
4361.348: [GC (Allocation Failure) 4361.348: [ParNew: 81499K->0K(92160K), 0.0005127 secs] 82917K->1418K(194560K), 0.0005775 secs] [Times: user=0.00 sys=0.00, real=0.00 secs] 
4363.354: [GC (Allocation Failure) 4363.354: [ParNew: 81499K->0K(92160K), 0.0011496 secs] 82917K->1418K(194560K), 0.0012457 secs] [Times: user=0.00 sys=0.00, real=0.00 secs] 
4365.367: [GC (Allocation Failure) 4365.367: [ParNew: 81499K->0K(92160K), 0.0010626 secs] 82917K->1418K(194560K), 0.0011550 secs] [Times: user=0.00 sys=0.00, real=0.00 secs] 
4366.378: [GC (Allocation Failure) 4366.378: [ParNew: 81499K->0K(92160K), 0.0012313 secs] 82917K->1418K(194560K), 0.0013295 secs] [Times: user=0.00 sys=0.00, real=0.00 secs] 
4368.393: [GC (Allocation Failure) 4368.393: [ParNew: 81499K->0K(92160K), 0.0005696 secs] 82917K->1418K(194560K), 0.0006175 secs] [Times: user=0.00 sys=0.00, real=0.00 secs] 
4369.397: [GC (Allocation Failure) 4369.397: [ParNew: 81499K->0K(92160K), 0.0012933 secs] 82917K->1418K(194560K), 0.0013675 secs] [Times: user=0.00 sys=0.00, real=0.00 secs] 
4371.406: [GC (Allocation Failure) 4371.406: [ParNew: 81499K->0K(92160K), 0.0009083 secs] 82917K->1418K(194560K), 0.0009774 secs] [Times: user=0.02 sys=0.00, real=0.00 secs] 
4373.414: [GC (Allocation Failure) 4373.414: [ParNew: 81499K->0K(92160K), 0.0003867 secs] 82917K->1418K(194560K), 0.0004389 secs] [Times: user=0.00 sys=0.00, real=0.00 secs] 
4374.420: [GC (Allocation Failure) 4374.420: [ParNew: 81499K->0K(92160K), 0.0004035 secs] 82917K->1418K(194560K), 0.0004550 secs] [Times: user=0.00 sys=0.00, real=0.00 secs] 
4376.424: [GC (Allocation Failure) 4376.425: [ParNew: 81499K->0K(92160K), 0.0008579 secs] 82917K->1418K(194560K), 0.0009293 secs] [Times: user=0.00 sys=0.00, real=0.00 secs] 
4377.433: [GC (Allocation Failure) 4377.433: [ParNew: 81499K->0K(92160K), 0.0008375 secs] 82917K->1418K(194560K), 0.0009100 secs] [Times: user=0.00 sys=0.00, real=0.00 secs] 
4379.447: [GC (Allocation Failure) 4379.447: [ParNew: 81499K->0K(92160K), 0.0007679 secs] 82917K->1418K(194560K), 0.0008406 secs] [Times: user=0.00 sys=0.00, real=0.00 secs] 
4380.455: [GC (Allocation Failure) 4380.455: [ParNew: 81499K->0K(92160K), 0.0011386 secs] 82917K->1418K(194560K), 0.0012115 secs] [Times: user=0.00 sys=0.00, real=0.00 secs] 
4382.479: [GC (Allocation Failure) 4382.479: [ParNew: 81499K->0K(92160K), 0.0006785 secs] 82917K->1418K(194560K), 0.0007500 secs] [Times: user=0.00 sys=0.00, real=0.00 secs] 
4384.482: [GC (Allocation Failure) 4384.482: [ParNew: 81499K->0K(92160K), 0.0008905 secs] 82917K->1418K(194560K), 0.0009620 secs] [Times: user=0.00 sys=0.00, real=0.00 secs] 
4385.492: [GC (Allocation Failure) 4385.492: [ParNew: 81499K->0K(92160K), 0.0007895 secs] 82917K->1418K(194560K), 0.0008587 secs] [Times: user=0.00 sys=0.00, real=0.00 secs] 
4387.503: [GC (Allocation Failure) 4387.503: [ParNew: 81499K->0K(92160K), 0.0008144 secs] 82917K->1418K(194560K), 0.0008894 secs] [Times: user=0.00 sys=0.00, real=0.00 secs] 
4388.512: [GC (Allocation Failure) 4388.512: [ParNew: 81499K->0K(92160K), 0.0007727 secs] 82917K->1418K(194560K), 0.0008453 secs] [Times: user=0.00 sys=0.00, real=0.00 secs] 
4390.520: [GC (Allocation Failure) 4390.520: [ParNew: 81499K->0K(92160K), 0.0009247 secs] 82917K->1418K(194560K), 0.0010001 secs] [Times: user=0.00 sys=0.00, real=0.00 secs] 
4392.530: [GC (Allocation Failure) 4392.530: [ParNew: 81499K->0K(92160K), 0.0009728 secs] 82917K->1418K(194560K), 0.0010439 secs] [Times: user=0.00 sys=0.00, real=0.00 secs] 
4393.539: [GC (Allocation Failure) 4393.539: [ParNew: 81499K->0K(92160K), 0.0005344 secs] 82917K->1418K(194560K), 0.0006049 secs] [Times: user=0.00 sys=0.00, real=0.00 secs] 
4395.550: [GC (Allocation Failure) 4395.550: [ParNew: 81499K->0K(92160K), 0.0005311 secs] 82917K->1418K(194560K), 0.0006072 secs] [Times: user=0.00 sys=0.00, real=0.00 secs] 
4396.558: [GC (Allocation Failure) 4396.558: [ParNew: 81499K->0K(92160K), 0.0008373 secs] 82917K->1418K(194560K), 0.0009082 secs] [Times: user=0.00 sys=0.00, real=0.00 secs] 
4398.581: [GC (Allocation Failure) 4398.581: [ParNew: 81499K->0K(92160K), 0.0005904 secs] 82917K->1418K(194560K), 0.0006603 secs] [Times: user=0.00 sys=0.00, real=0.00 secs] 
4399.583: [GC (Allocation Failure) 4399.583: [ParNew: 81499K->0K(92160K), 0.0007046 secs] 82917K->1418K(194560K), 0.0007738 secs] [Times: user=0.00 sys=0.00, real=0.00 secs] 
4401.598: [GC (Allocation Failure) 4401.598: [ParNew: 81499K->0K(92160K), 0.0006181 secs] 82917K->1418K(194560K), 0.0006860 secs] [Times: user=0.00 sys=0.00, real=0.00 secs] 
4403.612: [GC (Allocation Failure) 4403.612: [ParNew: 81499K->0K(92160K), 0.0007024 secs] 82917K->1418K(194560K), 0.0007707 secs] [Times: user=0.00 sys=0.00, real=0.00 secs] 
4404.620: [GC (Allocation Failure) 4404.620: [ParNew: 81499K->0K(92160K), 0.0006148 secs] 82917K->1418K(194560K), 0.0006823 secs] [Times: user=0.00 sys=0.00, real=0.00 secs] 
4406.630: [GC (Allocation Failure) 4406.630: [ParNew: 81499K->0K(92160K), 0.0005001 secs] 82917K->1418K(194560K), 0.0005688 secs] [Times: user=0.00 sys=0.00, real=0.00 secs] 
4407.638: [GC (Allocation Failure) 4407.638: [ParNew: 81499K->0K(92160K), 0.0005754 secs] 82917K->1418K(194560K), 0.0006423 secs] [Times: user=0.00 sys=0.00, real=0.00 secs] 
4409.647: [GC (Allocation Failure) 4409.647: [ParNew: 81499K->0K(92160K), 0.0010410 secs] 82917K->1418K(194560K), 0.0011357 secs] [Times: user=0.00 sys=0.00, real=0.00 secs] 
4410.661: [GC (Allocation Failure) 4410.661: [ParNew: 81499K->0K(92160K), 0.0010745 secs] 82917K->1418K(194560K), 0.0011410 secs] [Times: user=0.00 sys=0.00, real=0.00 secs] 
4412.662: [GC (Allocation Failure) 4412.662: [ParNew: 81499K->0K(92160K), 0.0005158 secs] 82917K->1418K(194560K), 0.0005861 secs] [Times: user=0.00 sys=0.00, real=0.00 secs] 
4414.669: [GC (Allocation Failure) 4414.669: [ParNew: 81499K->0K(92160K), 0.0007198 secs] 82917K->1418K(194560K), 0.0007702 secs] [Times: user=0.00 sys=0.00, real=0.00 secs] 
4415.675: [GC (Allocation Failure) 4415.675: [ParNew: 81499K->0K(92160K), 0.0007427 secs] 82917K->1418K(194560K), 0.0008040 secs] [Times: user=0.00 sys=0.00, real=0.00 secs] 
4417.692: [GC (Allocation Failure) 4417.692: [ParNew: 81499K->0K(92160K), 0.0011410 secs] 82917K->1418K(194560K), 0.0012729 secs] [Times: user=0.00 sys=0.00, real=0.00 secs] 
4418.700: [GC (Allocation Failure) 4418.700: [ParNew: 81499K->0K(92160K), 0.0018622 secs] 82917K->1418K(194560K), 0.0020167 secs] [Times: user=0.00 sys=0.00, real=0.00 secs] 
4420.721: [GC (Allocation Failure) 4420.722: [ParNew: 81499K->0K(92160K), 0.0018511 secs] 82917K->1418K(194560K), 0.0020094 secs] [Times: user=0.00 sys=0.00, real=0.00 secs] 
4422.737: [GC (Allocation Failure) 4422.737: [ParNew: 81499K->0K(92160K), 0.0018333 secs] 82917K->1418K(194560K), 0.0019928 secs] [Times: user=0.00 sys=0.00, real=0.00 secs] 
4423.755: [GC (Allocation Failure) 4423.755: [ParNew: 81499K->0K(92160K), 0.0004056 secs] 82917K->1418K(194560K), 0.0004549 secs] [Times: user=0.00 sys=0.00, real=0.00 secs] 
4425.771: [GC (Allocation Failure) 4425.771: [ParNew: 81499K->0K(92160K), 0.0016230 secs] 82917K->1418K(194560K), 0.0018156 secs] [Times: user=0.00 sys=0.00, real=0.00 secs] 
4426.787: [GC (Allocation Failure) 4426.787: [ParNew: 81499K->0K(92160K), 0.0006876 secs] 82917K->1418K(194560K), 0.0007370 secs] [Times: user=0.00 sys=0.00, real=0.00 secs] 
4428.803: [GC (Allocation Failure) 4428.803: [ParNew: 81499K->0K(92160K), 0.0017190 secs] 82917K->1418K(194560K), 0.0018792 secs] [Times: user=0.00 sys=0.00, real=0.00 secs] 
4429.810: [GC (Allocation Failure) 4429.810: [ParNew: 81499K->0K(92160K), 0.0016109 secs] 82917K->1418K(194560K), 0.0018094 secs] [Times: user=0.00 sys=0.00, real=0.00 secs] 
4431.829: [GC (Allocation Failure) 4431.829: [ParNew: 81499K->0K(92160K), 0.0014006 secs] 82917K->1418K(194560K), 0.0015588 secs] [Times: user=0.00 sys=0.00, real=0.00 secs] 
4433.844: [GC (Allocation Failure) 4433.844: [ParNew: 81499K->0K(92160K), 0.0020832 secs] 82917K->1418K(194560K), 0.0023056 secs] [Times: user=0.00 sys=0.00, real=0.00 secs] 
4434.857: [GC (Allocation Failure) 4434.857: [ParNew: 81499K->0K(92160K), 0.0012477 secs] 82917K->1418K(194560K), 0.0014051 secs] [Times: user=0.00 sys=0.00, real=0.00 secs] 
4436.875: [GC (Allocation Failure) 4436.875: [ParNew: 81499K->0K(92160K), 0.0013084 secs] 82917K->1418K(194560K), 0.0015610 secs] [Times: user=0.00 sys=0.00, real=0.00 secs] 
4437.884: [GC (Allocation Failure) 4437.884: [ParNew: 81499K->0K(92160K), 0.0003526 secs] 82917K->1418K(194560K), 0.0004028 secs] [Times: user=0.00 sys=0.00, real=0.00 secs] 
4439.908: [GC (Allocation Failure) 4439.908: [ParNew: 81499K->0K(92160K), 0.0005741 secs] 82917K->1418K(194560K), 0.0006209 secs] [Times: user=0.00 sys=0.00, real=0.00 secs] 
4440.916: [GC (Allocation Failure) 4440.916: [ParNew: 81499K->0K(92160K), 0.0010533 secs] 82917K->1418K(194560K), 0.0011811 secs] [Times: user=0.00 sys=0.00, real=0.00 secs] 
4442.928: [GC (Allocation Failure) 4442.928: [ParNew: 81499K->0K(92160K), 0.0012436 secs] 82917K->1418K(194560K), 0.0013486 secs] [Times: user=0.00 sys=0.00, real=0.00 secs] 
4444.942: [GC (Allocation Failure) 4444.943: [ParNew: 81499K->0K(92160K), 0.0012035 secs] 82917K->1418K(194560K), 0.0013116 secs] [Times: user=0.00 sys=0.00, real=0.00 secs] 
4445.955: [GC (Allocation Failure) 4445.955: [ParNew: 81499K->0K(92160K), 0.0010503 secs] 82917K->1418K(194560K), 0.0011407 secs] [Times: user=0.00 sys=0.00, real=0.00 secs] 
4447.972: [GC (Allocation Failure) 4447.972: [ParNew: 81499K->0K(92160K), 0.0009445 secs] 82917K->1418K(194560K), 0.0010292 secs] [Times: user=0.00 sys=0.00, real=0.00 secs] 
4448.981: [GC (Allocation Failure) 4448.981: [ParNew: 81499K->0K(92160K), 0.0007074 secs] 82917K->1418K(194560K), 0.0007813 secs] [Times: user=0.00 sys=0.00, real=0.00 secs] 
4450.986: [GC (Allocation Failure) 4450.986: [ParNew: 81499K->0K(92160K), 0.0007259 secs] 82917K->1418K(194560K), 0.0007790 secs] [Times: user=0.00 sys=0.00, real=0.00 secs] 
4452.991: [GC (Allocation Failure) 4452.991: [ParNew: 81499K->0K(92160K), 0.0004434 secs] 82917K->1418K(194560K), 0.0004963 secs] [Times: user=0.00 sys=0.00, real=0.00 secs] 
4454.004: [GC (Allocation Failure) 4454.004: [ParNew: 81499K->0K(92160K), 0.0006781 secs] 82917K->1418K(194560K), 0.0007274 secs] [Times: user=0.00 sys=0.00, real=0.00 secs] 
4456.013: [GC (Allocation Failure) 4456.013: [ParNew: 81499K->0K(92160K), 0.0017973 secs] 82917K->1418K(194560K), 0.0019539 secs] [Times: user=0.00 sys=0.00, real=0.00 secs] 
4457.034: [GC (Allocation Failure) 4457.035: [ParNew: 81499K->0K(92160K), 0.0005510 secs] 82917K->1418K(194560K), 0.0007040 secs] [Times: user=0.00 sys=0.00, real=0.00 secs] 
4459.049: [GC (Allocation Failure) 4459.049: [ParNew: 81499K->0K(92160K), 0.0007919 secs] 82917K->1418K(194560K), 0.0008600 secs] [Times: user=0.00 sys=0.00, real=0.00 secs] 
4460.058: [GC (Allocation Failure) 4460.058: [ParNew: 81499K->0K(92160K), 0.0009064 secs] 82917K->1418K(194560K), 0.0009794 secs] [Times: user=0.00 sys=0.00, real=0.00 secs] 
4462.070: [GC (Allocation Failure) 4462.070: [ParNew: 81499K->0K(92160K), 0.0006890 secs] 82917K->1418K(194560K), 0.0009158 secs] [Times: user=0.00 sys=0.00, real=0.00 secs] 
4464.077: [GC (Allocation Failure) 4464.078: [ParNew: 81499K->0K(92160K), 0.0010403 secs] 82917K->1418K(194560K), 0.0011122 secs] [Times: user=0.00 sys=0.00, real=0.00 secs] 
4465.097: [GC (Allocation Failure) 4465.097: [ParNew: 81499K->0K(92160K), 0.0004219 secs] 82917K->1418K(194560K), 0.0004933 secs] [Times: user=0.00 sys=0.00, real=0.00 secs] 
4467.106: [GC (Allocation Failure) 4467.106: [ParNew: 81499K->0K(92160K), 0.0006867 secs] 82917K->1418K(194560K), 0.0007361 secs] [Times: user=0.00 sys=0.00, real=0.00 secs] 
4468.113: [GC (Allocation Failure) 4468.113: [ParNew: 81499K->0K(92160K), 0.0007172 secs] 82917K->1418K(194560K), 0.0007653 secs] [Times: user=0.00 sys=0.00, real=0.00 secs] 
4470.122: [GC (Allocation Failure) 4470.122: [ParNew: 81499K->0K(92160K), 0.0006038 secs] 82917K->1418K(194560K), 0.0006816 secs] [Times: user=0.00 sys=0.00, real=0.00 secs] 
4472.130: [GC (Allocation Failure) 4472.131: [ParNew: 81499K->0K(92160K), 0.0008513 secs] 82917K->1418K(194560K), 0.0009160 secs] [Times: user=0.00 sys=0.00, real=0.00 secs] 
4473.143: [GC (Allocation Failure) 4473.143: [ParNew: 81499K->0K(92160K), 0.0016916 secs] 82917K->1418K(194560K), 0.0019523 secs] [Times: user=0.00 sys=0.00, real=0.00 secs] 
4475.158: [GC (Allocation Failure) 4475.158: [ParNew: 81499K->0K(92160K), 0.0009482 secs] 82917K->1418K(194560K), 0.0010254 secs] [Times: user=0.00 sys=0.00, real=0.00 secs] 
4476.166: [GC (Allocation Failure) 4476.166: [ParNew: 81499K->0K(92160K), 0.0004407 secs] 82917K->1418K(194560K), 0.0004906 secs] [Times: user=0.00 sys=0.00, real=0.00 secs] 
4478.173: [GC (Allocation Failure) 4478.173: [ParNew: 81499K->0K(92160K), 0.0006636 secs] 82917K->1418K(194560K), 0.0007143 secs] [Times: user=0.00 sys=0.00, real=0.00 secs] 
4479.181: [GC (Allocation Failure) 4479.181: [ParNew: 81499K->0K(92160K), 0.0009616 secs] 82917K->1418K(194560K), 0.0010634 secs] [Times: user=0.00 sys=0.00, real=0.00 secs] 
4481.198: [GC (Allocation Failure) 4481.198: [ParNew: 81499K->0K(92160K), 0.0017953 secs] 82917K->1418K(194560K), 0.0019589 secs] [Times: user=0.00 sys=0.00, real=0.00 secs] 
4483.208: [GC (Allocation Failure) 4483.208: [ParNew: 81499K->0K(92160K), 0.0017698 secs] 82917K->1418K(194560K), 0.0019692 secs] [Times: user=0.00 sys=0.00, real=0.00 secs] 
4484.217: [GC (Allocation Failure) 4484.217: [ParNew: 81499K->0K(92160K), 0.0004300 secs] 82917K->1418K(194560K), 0.0004828 secs] [Times: user=0.00 sys=0.00, real=0.00 secs] 
4486.223: [GC (Allocation Failure) 4486.223: [ParNew: 81499K->0K(92160K), 0.0007474 secs] 82917K->1418K(194560K), 0.0007977 secs] [Times: user=0.00 sys=0.00, real=0.00 secs] 
4487.224: [GC (Allocation Failure) 4487.224: [ParNew: 81499K->0K(92160K), 0.0008978 secs] 82917K->1418K(194560K), 0.0009480 secs] [Times: user=0.00 sys=0.00, real=0.00 secs] 
4489.236: [GC (Allocation Failure) 4489.236: [ParNew: 81499K->0K(92160K), 0.0006313 secs] 82917K->1418K(194560K), 0.0006984 secs] [Times: user=0.00 sys=0.00, real=0.00 secs] 
4490.239: [GC (Allocation Failure) 4490.239: [ParNew: 81499K->0K(92160K), 0.0004228 secs] 82917K->1418K(194560K), 0.0004757 secs] [Times: user=0.00 sys=0.00, real=0.00 secs] 
4492.244: [GC (Allocation Failure) 4492.244: [ParNew: 81499K->0K(92160K), 0.0003549 secs] 82917K->1418K(194560K), 0.0004062 secs] [Times: user=0.00 sys=0.00, real=0.00 secs] 
4494.250: [GC (Allocation Failure) 4494.251: [ParNew: 81499K->0K(92160K), 0.0007325 secs] 82917K->1418K(194560K), 0.0007980 secs] [Times: user=0.00 sys=0.00, real=0.00 secs] 
4495.259: [GC (Allocation Failure) 4495.259: [ParNew: 81499K->0K(92160K), 0.0007550 secs] 82917K->1418K(194560K), 0.0008207 secs] [Times: user=0.00 sys=0.00, real=0.00 secs] 
4497.269: [GC (Allocation Failure) 4497.269: [ParNew: 81499K->0K(92160K), 0.0006599 secs] 82917K->1418K(194560K), 0.0007275 secs] [Times: user=0.00 sys=0.00, real=0.00 secs] 
4498.277: [GC (Allocation Failure) 4498.277: [ParNew: 81499K->0K(92160K), 0.0005712 secs] 82917K->1418K(194560K), 0.0006420 secs] [Times: user=0.00 sys=0.00, real=0.00 secs] 
4500.286: [GC (Allocation Failure) 4500.286: [ParNew: 81499K->0K(92160K), 0.0009631 secs] 82917K->1418K(194560K), 0.0010371 secs] [Times: user=0.00 sys=0.00, real=0.00 secs] 
4502.291: [GC (Allocation Failure) 4502.291: [ParNew: 81499K->0K(92160K), 0.0007390 secs] 82917K->1418K(194560K), 0.0008042 secs] [Times: user=0.00 sys=0.00, real=0.00 secs] 
4503.302: [GC (Allocation Failure) 4503.302: [ParNew: 81499K->0K(92160K), 0.0006357 secs] 82917K->1418K(194560K), 0.0007007 secs] [Times: user=0.00 sys=0.00, real=0.00 secs] 
4505.306: [GC (Allocation Failure) 4505.306: [ParNew: 81499K->0K(92160K), 0.0008462 secs] 82917K->1418K(194560K), 0.0009251 secs] [Times: user=0.00 sys=0.00, real=0.00 secs] 
4506.315: [GC (Allocation Failure) 4506.315: [ParNew: 81499K->0K(92160K), 0.0010456 secs] 82917K->1418K(194560K), 0.0011287 secs] [Times: user=0.00 sys=0.00, real=0.00 secs] 
4508.333: [GC (Allocation Failure) 4508.333: [ParNew: 81499K->0K(92160K), 0.0008533 secs] 82917K->1418K(194560K), 0.0009320 secs] [Times: user=0.00 sys=0.00, real=0.00 secs] 
4509.343: [GC (Allocation Failure) 4509.343: [ParNew: 81499K->0K(92160K), 0.0010097 secs] 82917K->1418K(194560K), 0.0011018 secs] [Times: user=0.00 sys=0.00, real=0.00 secs] 
4511.362: [GC (Allocation Failure) 4511.362: [ParNew: 81499K->0K(92160K), 0.0006655 secs] 82917K->1418K(194560K), 0.0007343 secs] [Times: user=0.00 sys=0.00, real=0.00 secs] 
4513.367: [GC (Allocation Failure) 4513.367: [ParNew: 81499K->0K(92160K), 0.0007468 secs] 82917K->1418K(194560K), 0.0008503 secs] [Times: user=0.00 sys=0.00, real=0.00 secs] 
4514.380: [GC (Allocation Failure) 4514.380: [ParNew: 81499K->0K(92160K), 0.0013229 secs] 82917K->1418K(194560K), 0.0014415 secs] [Times: user=0.00 sys=0.00, real=0.00 secs] 
4516.393: [GC (Allocation Failure) 4516.393: [ParNew: 81499K->0K(92160K), 0.0013268 secs] 82917K->1418K(194560K), 0.0014306 secs] [Times: user=0.00 sys=0.00, real=0.00 secs] 
4517.406: [GC (Allocation Failure) 4517.406: [ParNew: 81499K->0K(92160K), 0.0006958 secs] 82917K->1418K(194560K), 0.0007446 secs] [Times: user=0.00 sys=0.00, real=0.00 secs] 
4519.415: [GC (Allocation Failure) 4519.415: [ParNew: 81499K->0K(92160K), 0.0010178 secs] 82917K->1418K(194560K), 0.0010927 secs] [Times: user=0.00 sys=0.00, real=0.00 secs] 
4520.424: [GC (Allocation Failure) 4520.424: [ParNew: 81499K->0K(92160K), 0.0007149 secs] 82917K->1418K(194560K), 0.0008015 secs] [Times: user=0.00 sys=0.00, real=0.00 secs] 
4522.442: [GC (Allocation Failure) 4522.442: [ParNew: 81499K->0K(92160K), 0.0007174 secs] 82917K->1418K(194560K), 0.0007940 secs] [Times: user=0.00 sys=0.00, real=0.00 secs] 
4524.444: [GC (Allocation Failure) 4524.444: [ParNew: 81499K->0K(92160K), 0.0004664 secs] 82917K->1418K(194560K), 0.0005197 secs] [Times: user=0.00 sys=0.00, real=0.00 secs] 
4525.450: [GC (Allocation Failure) 4525.450: [ParNew: 81499K->0K(92160K), 0.0007074 secs] 82917K->1418K(194560K), 0.0007570 secs] [Times: user=0.00 sys=0.00, real=0.00 secs] 
4527.457: [GC (Allocation Failure) 4527.457: [ParNew: 81499K->0K(92160K), 0.0012560 secs] 82917K->1418K(194560K), 0.0014111 secs] [Times: user=0.00 sys=0.00, real=0.00 secs] 
4528.473: [GC (Allocation Failure) 4528.473: [ParNew: 81499K->0K(92160K), 0.0017517 secs] 82917K->1418K(194560K), 0.0019053 secs] [Times: user=0.00 sys=0.00, real=0.00 secs] 
4530.492: [GC (Allocation Failure) 4530.492: [ParNew: 81499K->0K(92160K), 0.0009760 secs] 82917K->1418K(194560K), 0.0011020 secs] [Times: user=0.00 sys=0.00, real=0.00 secs] 
4532.492: [GC (Allocation Failure) 4532.492: [ParNew: 81499K->0K(92160K), 0.0013299 secs] 82917K->1418K(194560K), 0.0014515 secs] [Times: user=0.00 sys=0.00, real=0.00 secs] 
4533.508: [GC (Allocation Failure) 4533.508: [ParNew: 81499K->0K(92160K), 0.0014589 secs] 82917K->1418K(194560K), 0.0015882 secs] [Times: user=0.00 sys=0.00, real=0.00 secs] 
4535.519: [GC (Allocation Failure) 4535.520: [ParNew: 81499K->0K(92160K), 0.0021267 secs] 82917K->1418K(194560K), 0.0022902 secs] [Times: user=0.00 sys=0.00, real=0.00 secs] 
4536.540: [GC (Allocation Failure) 4536.540: [ParNew: 81499K->0K(92160K), 0.0006698 secs] 82917K->1418K(194560K), 0.0007764 secs] [Times: user=0.00 sys=0.00, real=0.00 secs] 
4538.554: [GC (Allocation Failure) 4538.554: [ParNew: 81499K->0K(92160K), 0.0016491 secs] 82917K->1418K(194560K), 0.0018012 secs] [Times: user=0.00 sys=0.00, real=0.00 secs] 
4539.561: [GC (Allocation Failure) 4539.561: [ParNew: 81499K->0K(92160K), 0.0016621 secs] 82917K->1418K(194560K), 0.0018647 secs] [Times: user=0.01 sys=0.00, real=0.00 secs] 
4541.579: [GC (Allocation Failure) 4541.579: [ParNew: 81499K->0K(92160K), 0.0019614 secs] 82917K->1418K(194560K), 0.0021691 secs] [Times: user=0.00 sys=0.00, real=0.00 secs] 
4543.597: [GC (Allocation Failure) 4543.597: [ParNew: 81499K->0K(92160K), 0.0007980 secs] 82917K->1418K(194560K), 0.0008741 secs] [Times: user=0.00 sys=0.00, real=0.00 secs] 
4544.606: [GC (Allocation Failure) 4544.606: [ParNew: 81499K->0K(92160K), 0.0010018 secs] 82917K->1418K(194560K), 0.0010745 secs] [Times: user=0.00 sys=0.00, real=0.00 secs] 
4546.621: [GC (Allocation Failure) 4546.621: [ParNew: 81499K->0K(92160K), 0.0019024 secs] 82917K->1418K(194560K), 0.0020572 secs] [Times: user=0.00 sys=0.00, real=0.00 secs] 
4547.639: [GC (Allocation Failure) 4547.639: [ParNew: 81499K->0K(92160K), 0.0019285 secs] 82917K->1418K(194560K), 0.0020819 secs] [Times: user=0.00 sys=0.00, real=0.00 secs] 
4549.662: [GC (Allocation Failure) 4549.662: [ParNew: 81499K->0K(92160K), 0.0013914 secs] 82917K->1418K(194560K), 0.0015180 secs] [Times: user=0.00 sys=0.00, real=0.00 secs] 
4551.670: [GC (Allocation Failure) 4551.670: [ParNew: 81499K->0K(92160K), 0.0018899 secs] 82917K->1418K(194560K), 0.0020444 secs] [Times: user=0.00 sys=0.00, real=0.00 secs] 
4552.684: [GC (Allocation Failure) 4552.685: [ParNew: 81499K->0K(92160K), 0.0018125 secs] 82917K->1418K(194560K), 0.0019696 secs] [Times: user=0.00 sys=0.00, real=0.00 secs] 
4554.697: [GC (Allocation Failure) 4554.697: [ParNew: 81499K->0K(92160K), 0.0007080 secs] 82917K->1418K(194560K), 0.0007585 secs] [Times: user=0.00 sys=0.00, real=0.00 secs] 
4555.702: [GC (Allocation Failure) 4555.702: [ParNew: 81499K->0K(92160K), 0.0007182 secs] 82917K->1418K(194560K), 0.0007689 secs] [Times: user=0.00 sys=0.00, real=0.00 secs] 
4557.723: [GC (Allocation Failure) 4557.723: [ParNew: 81499K->0K(92160K), 0.0021057 secs] 82917K->1418K(194560K), 0.0022599 secs] [Times: user=0.00 sys=0.00, real=0.00 secs] 
4558.730: [GC (Allocation Failure) 4558.730: [ParNew: 81499K->0K(92160K), 0.0019814 secs] 82917K->1418K(194560K), 0.0021402 secs] [Times: user=0.00 sys=0.00, real=0.00 secs] 
4560.748: [GC (Allocation Failure) 4560.748: [ParNew: 81499K->0K(92160K), 0.0018505 secs] 82917K->1418K(194560K), 0.0020100 secs] [Times: user=0.02 sys=0.00, real=0.00 secs] 
4562.768: [GC (Allocation Failure) 4562.768: [ParNew: 81499K->0K(92160K), 0.0007634 secs] 82917K->1418K(194560K), 0.0008423 secs] [Times: user=0.00 sys=0.00, real=0.00 secs] 
4563.776: [GC (Allocation Failure) 4563.776: [ParNew: 81499K->0K(92160K), 0.0006167 secs] 82917K->1418K(194560K), 0.0006665 secs] [Times: user=0.00 sys=0.00, real=0.00 secs] 
4565.786: [GC (Allocation Failure) 4565.786: [ParNew: 81499K->0K(92160K), 0.0017772 secs] 82917K->1418K(194560K), 0.0019354 secs] [Times: user=0.00 sys=0.00, real=0.00 secs] 
4566.792: [GC (Allocation Failure) 4566.792: [ParNew: 81499K->0K(92160K), 0.0012368 secs] 82917K->1418K(194560K), 0.0013980 secs] [Times: user=0.00 sys=0.00, real=0.00 secs] 
4568.808: [GC (Allocation Failure) 4568.808: [ParNew: 81499K->0K(92160K), 0.0016240 secs] 82917K->1418K(194560K), 0.0017800 secs] [Times: user=0.00 sys=0.00, real=0.00 secs] 
4569.835: [GC (Allocation Failure) 4569.835: [ParNew: 81499K->0K(92160K), 0.0006114 secs] 82917K->1418K(194560K), 0.0006886 secs] [Times: user=0.00 sys=0.00, real=0.00 secs] 
4571.838: [GC (Allocation Failure) 4571.838: [ParNew: 81499K->0K(92160K), 0.0017449 secs] 82917K->1418K(194560K), 0.0018945 secs] [Times: user=0.00 sys=0.00, real=0.00 secs] 
4573.855: [GC (Allocation Failure) 4573.855: [ParNew: 81499K->0K(92160K), 0.0018069 secs] 82917K->1418K(194560K), 0.0020112 secs] [Times: user=0.00 sys=0.00, real=0.00 secs] 
4574.864: [GC (Allocation Failure) 4574.864: [ParNew: 81499K->0K(92160K), 0.0005316 secs] 82917K->1418K(194560K), 0.0005802 secs] [Times: user=0.00 sys=0.00, real=0.00 secs] 
4576.880: [GC (Allocation Failure) 4576.880: [ParNew: 81499K->0K(92160K), 0.0017285 secs] 82917K->1418K(194560K), 0.0018924 secs] [Times: user=0.00 sys=0.00, real=0.00 secs] 
4577.886: [GC (Allocation Failure) 4577.886: [ParNew: 81499K->0K(92160K), 0.0009063 secs] 82917K->1418K(194560K), 0.0010134 secs] [Times: user=0.00 sys=0.00, real=0.00 secs] 
4579.905: [GC (Allocation Failure) 4579.905: [ParNew: 81499K->0K(92160K), 0.0016411 secs] 82917K->1418K(194560K), 0.0017918 secs] [Times: user=0.00 sys=0.00, real=0.00 secs] 
4581.920: [GC (Allocation Failure) 4581.920: [ParNew: 81499K->0K(92160K), 0.0019495 secs] 82917K->1418K(194560K), 0.0021314 secs] [Times: user=0.00 sys=0.00, real=0.00 secs] 
4582.929: [GC (Allocation Failure) 4582.929: [ParNew: 81499K->0K(92160K), 0.0007054 secs] 82917K->1418K(194560K), 0.0007547 secs] [Times: user=0.00 sys=0.00, real=0.00 secs] 
4584.957: [GC (Allocation Failure) 4584.957: [ParNew: 81499K->0K(92160K), 0.0014080 secs] 82917K->1418K(194560K), 0.0015597 secs] [Times: user=0.00 sys=0.00, real=0.00 secs] 
4585.969: [GC (Allocation Failure) 4585.969: [ParNew: 81499K->0K(92160K), 0.0004253 secs] 82917K->1418K(194560K), 0.0004947 secs] [Times: user=0.00 sys=0.00, real=0.00 secs] 
4587.979: [GC (Allocation Failure) 4587.979: [ParNew: 81499K->0K(92160K), 0.0004104 secs] 82917K->1418K(194560K), 0.0004615 secs] [Times: user=0.00 sys=0.00, real=0.00 secs] 
4588.992: [GC (Allocation Failure) 4588.992: [ParNew: 81499K->0K(92160K), 0.0013634 secs] 82917K->1418K(194560K), 0.0015286 secs] [Times: user=0.00 sys=0.00, real=0.00 secs] 
4591.008: [GC (Allocation Failure) 4591.008: [ParNew: 81499K->0K(92160K), 0.0013847 secs] 82917K->1418K(194560K), 0.0015413 secs] [Times: user=0.00 sys=0.00, real=0.00 secs] 
4593.016: [GC (Allocation Failure) 4593.016: [ParNew: 81499K->0K(92160K), 0.0018353 secs] 82917K->1418K(194560K), 0.0019937 secs] [Times: user=0.00 sys=0.00, real=0.00 secs] 
4594.035: [GC (Allocation Failure) 4594.035: [ParNew: 81499K->0K(92160K), 0.0007337 secs] 82917K->1418K(194560K), 0.0007824 secs] [Times: user=0.00 sys=0.00, real=0.00 secs] 
4596.054: [GC (Allocation Failure) 4596.054: [ParNew: 81499K->0K(92160K), 0.0015682 secs] 82917K->1418K(194560K), 0.0017474 secs] [Times: user=0.00 sys=0.00, real=0.00 secs] 
4597.065: [GC (Allocation Failure) 4597.065: [ParNew: 81499K->0K(92160K), 0.0007716 secs] 82917K->1418K(194560K), 0.0008223 secs] [Times: user=0.00 sys=0.00, real=0.00 secs] 
4599.075: [GC (Allocation Failure) 4599.075: [ParNew: 81499K->0K(92160K), 0.0006796 secs] 82917K->1418K(194560K), 0.0007304 secs] [Times: user=0.00 sys=0.00, real=0.00 secs] 
4600.084: [GC (Allocation Failure) 4600.084: [ParNew: 81499K->0K(92160K), 0.0012047 secs] 82917K->1418K(194560K), 0.0012947 secs] [Times: user=0.00 sys=0.00, real=0.00 secs] 
4602.106: [GC (Allocation Failure) 4602.106: [ParNew: 81499K->0K(92160K), 0.0013163 secs] 82917K->1418K(194560K), 0.0014791 secs] [Times: user=0.00 sys=0.00, real=0.00 secs] 
4604.124: [GC (Allocation Failure) 4604.124: [ParNew: 81499K->0K(92160K), 0.0013331 secs] 82917K->1418K(194560K), 0.0014976 secs] [Times: user=0.13 sys=0.00, real=0.00 secs] 
4605.150: [GC (Allocation Failure) 4605.150: [ParNew: 81499K->0K(92160K), 0.0012475 secs] 82917K->1418K(194560K), 0.0014049 secs] [Times: user=0.00 sys=0.00, real=0.00 secs] 
4607.148: [GC (Allocation Failure) 4607.148: [ParNew: 81499K->0K(92160K), 0.0007239 secs] 82917K->1418K(194560K), 0.0007932 secs] [Times: user=0.00 sys=0.00, real=0.00 secs] 
4608.162: [GC (Allocation Failure) 4608.162: [ParNew: 81499K->0K(92160K), 0.0017416 secs] 82917K->1418K(194560K), 0.0019044 secs] [Times: user=0.00 sys=0.00, real=0.00 secs] 
4610.179: [GC (Allocation Failure) 4610.180: [ParNew: 81499K->0K(92160K), 0.0014611 secs] 82917K->1418K(194560K), 0.0015845 secs] [Times: user=0.00 sys=0.00, real=0.00 secs] 
4612.191: [GC (Allocation Failure) 4612.191: [ParNew: 81499K->0K(92160K), 0.0016783 secs] 82917K->1418K(194560K), 0.0018407 secs] [Times: user=0.00 sys=0.00, real=0.00 secs] 
4613.213: [GC (Allocation Failure) 4613.213: [ParNew: 81499K->0K(92160K), 0.0013159 secs] 82917K->1418K(194560K), 0.0014752 secs] [Times: user=0.00 sys=0.00, real=0.00 secs] 
4615.213: [GC (Allocation Failure) 4615.214: [ParNew: 81499K->0K(92160K), 0.0016885 secs] 82917K->1418K(194560K), 0.0018904 secs] [Times: user=0.00 sys=0.00, real=0.00 secs] 
4616.223: [GC (Allocation Failure) 4616.223: [ParNew: 81499K->0K(92160K), 0.0005496 secs] 82917K->1418K(194560K), 0.0006018 secs] [Times: user=0.00 sys=0.00, real=0.00 secs] 
4618.233: [GC (Allocation Failure) 4618.233: [ParNew: 81499K->0K(92160K), 0.0005838 secs] 82917K->1418K(194560K), 0.0006447 secs] [Times: user=0.00 sys=0.00, real=0.00 secs] 
4619.238: [GC (Allocation Failure) 4619.238: [ParNew: 81499K->0K(92160K), 0.0005074 secs] 82917K->1418K(194560K), 0.0005582 secs] [Times: user=0.00 sys=0.00, real=0.00 secs] 
4621.252: [GC (Allocation Failure) 4621.253: [ParNew: 81499K->0K(92160K), 0.0004024 secs] 82917K->1418K(194560K), 0.0004491 secs] [Times: user=0.00 sys=0.00, real=0.00 secs] 
4623.260: [GC (Allocation Failure) 4623.260: [ParNew: 81499K->0K(92160K), 0.0005439 secs] 82917K->1418K(194560K), 0.0006106 secs] [Times: user=0.00 sys=0.00, real=0.00 secs] 
4624.272: [GC (Allocation Failure) 4624.272: [ParNew: 81499K->0K(92160K), 0.0007788 secs] 82917K->1418K(194560K), 0.0008455 secs] [Times: user=0.00 sys=0.00, real=0.00 secs] 
4626.275: [GC (Allocation Failure) 4626.275: [ParNew: 81499K->0K(92160K), 0.0007404 secs] 82917K->1418K(194560K), 0.0008087 secs] [Times: user=0.00 sys=0.00, real=0.00 secs] 
4627.282: [GC (Allocation Failure) 4627.282: [ParNew: 81499K->0K(92160K), 0.0008061 secs] 82917K->1418K(194560K), 0.0008746 secs] [Times: user=0.00 sys=0.00, real=0.00 secs] 
4629.300: [GC (Allocation Failure) 4629.300: [ParNew: 81499K->0K(92160K), 0.0008927 secs] 82917K->1418K(194560K), 0.0009657 secs] [Times: user=0.00 sys=0.00, real=0.00 secs] 
4631.308: [GC (Allocation Failure) 4631.308: [ParNew: 81499K->0K(92160K), 0.0004961 secs] 82917K->1418K(194560K), 0.0005445 secs] [Times: user=0.00 sys=0.00, real=0.00 secs] 
4632.318: [GC (Allocation Failure) 4632.318: [ParNew: 81499K->0K(92160K), 0.0007203 secs] 82917K->1418K(194560K), 0.0007922 secs] [Times: user=0.00 sys=0.00, real=0.00 secs] 
4634.321: [GC (Allocation Failure) 4634.321: [ParNew: 81499K->0K(92160K), 0.0008221 secs] 82917K->1418K(194560K), 0.0008952 secs] [Times: user=0.00 sys=0.00, real=0.00 secs] 
4635.331: [GC (Allocation Failure) 4635.331: [ParNew: 81499K->0K(92160K), 0.0006645 secs] 82917K->1418K(194560K), 0.0007424 secs] [Times: user=0.00 sys=0.00, real=0.00 secs] 
4637.347: [GC (Allocation Failure) 4637.347: [ParNew: 81499K->0K(92160K), 0.0007300 secs] 82917K->1418K(194560K), 0.0008212 secs] [Times: user=0.00 sys=0.00, real=0.00 secs] 
4638.359: [GC (Allocation Failure) 4638.359: [ParNew: 81499K->0K(92160K), 0.0009680 secs] 82917K->1418K(194560K), 0.0010628 secs] [Times: user=0.00 sys=0.02, real=0.00 secs] 
4640.381: [GC (Allocation Failure) 4640.381: [ParNew: 81499K->0K(92160K), 0.0009355 secs] 82917K->1418K(194560K), 0.0010278 secs] [Times: user=0.00 sys=0.00, real=0.00 secs] 
4642.382: [GC (Allocation Failure) 4642.382: [ParNew: 81499K->0K(92160K), 0.0004949 secs] 82917K->1418K(194560K), 0.0005447 secs] [Times: user=0.00 sys=0.00, real=0.00 secs] 
4643.387: [GC (Allocation Failure) 4643.387: [ParNew: 81499K->0K(92160K), 0.0005190 secs] 82917K->1418K(194560K), 0.0005670 secs] [Times: user=0.00 sys=0.00, real=0.00 secs] 
4645.394: [GC (Allocation Failure) 4645.394: [ParNew: 81499K->0K(92160K), 0.0014672 secs] 82917K->1418K(194560K), 0.0015776 secs] [Times: user=0.00 sys=0.00, real=0.00 secs] 
4646.403: [GC (Allocation Failure) 4646.403: [ParNew: 81499K->0K(92160K), 0.0007167 secs] 82917K->1418K(194560K), 0.0007685 secs] [Times: user=0.00 sys=0.00, real=0.00 secs] 
4648.409: [GC (Allocation Failure) 4648.409: [ParNew: 81499K->0K(92160K), 0.0006373 secs] 82917K->1418K(194560K), 0.0006907 secs] [Times: user=0.00 sys=0.00, real=0.00 secs] 
4649.413: [GC (Allocation Failure) 4649.413: [ParNew: 81499K->0K(92160K), 0.0005629 secs] 82917K->1418K(194560K), 0.0006350 secs] [Times: user=0.00 sys=0.00, real=0.00 secs] 
4651.441: [GC (Allocation Failure) 4651.441: [ParNew: 81499K->0K(92160K), 0.0008551 secs] 82917K->1418K(194560K), 0.0009455 secs] [Times: user=0.00 sys=0.00, real=0.00 secs] 
4653.445: [GC (Allocation Failure) 4653.445: [ParNew: 81499K->0K(92160K), 0.0013853 secs] 82917K->1418K(194560K), 0.0015234 secs] [Times: user=0.00 sys=0.00, real=0.00 secs] 
4654.453: [GC (Allocation Failure) 4654.453: [ParNew: 81499K->0K(92160K), 0.0011056 secs] 82917K->1418K(194560K), 0.0011915 secs] [Times: user=0.00 sys=0.00, real=0.00 secs] 
4656.472: [GC (Allocation Failure) 4656.472: [ParNew: 81499K->0K(92160K), 0.0006484 secs] 82917K->1418K(194560K), 0.0006985 secs] [Times: user=0.00 sys=0.00, real=0.00 secs] 
4657.479: [GC (Allocation Failure) 4657.479: [ParNew: 81499K->0K(92160K), 0.0005567 secs] 82917K->1418K(194560K), 0.0006278 secs] [Times: user=0.00 sys=0.00, real=0.00 secs] 
4659.489: [GC (Allocation Failure) 4659.489: [ParNew: 81499K->0K(92160K), 0.0010727 secs] 82917K->1418K(194560K), 0.0011683 secs] [Times: user=0.00 sys=0.00, real=0.00 secs] 
4661.498: [GC (Allocation Failure) 4661.498: [ParNew: 81499K->0K(92160K), 0.0011334 secs] 82917K->1418K(194560K), 0.0012312 secs] [Times: user=0.00 sys=0.00, real=0.00 secs] 
4662.513: [GC (Allocation Failure) 4662.514: [ParNew: 81499K->0K(92160K), 0.0019767 secs] 82917K->1418K(194560K), 0.0021333 secs] [Times: user=0.00 sys=0.00, real=0.00 secs] 
4664.533: [GC (Allocation Failure) 4664.533: [ParNew: 81499K->0K(92160K), 0.0005054 secs] 82917K->1418K(194560K), 0.0005807 secs] [Times: user=0.00 sys=0.00, real=0.00 secs] 
4665.539: [GC (Allocation Failure) 4665.539: [ParNew: 81499K->0K(92160K), 0.0006554 secs] 82917K->1418K(194560K), 0.0007207 secs] [Times: user=0.00 sys=0.00, real=0.00 secs] 
4667.547: [GC (Allocation Failure) 4667.547: [ParNew: 81499K->0K(92160K), 0.0004208 secs] 82917K->1418K(194560K), 0.0005007 secs] [Times: user=0.13 sys=0.00, real=0.00 secs] 
4668.553: [GC (Allocation Failure) 4668.553: [ParNew: 81499K->0K(92160K), 0.0005904 secs] 82917K->1418K(194560K), 0.0006402 secs] [Times: user=0.00 sys=0.00, real=0.00 secs] 
4670.568: [GC (Allocation Failure) 4670.568: [ParNew: 81499K->0K(92160K), 0.0010276 secs] 82917K->1418K(194560K), 0.0011891 secs] [Times: user=0.00 sys=0.00, real=0.00 secs] 
4672.581: [GC (Allocation Failure) 4672.581: [ParNew: 81499K->0K(92160K), 0.0016663 secs] 82917K->1418K(194560K), 0.0018763 secs] [Times: user=0.00 sys=0.00, real=0.00 secs] 
4673.600: [GC (Allocation Failure) 4673.600: [ParNew: 81499K->0K(92160K), 0.0011161 secs] 82917K->1418K(194560K), 0.0012808 secs] [Times: user=0.00 sys=0.00, real=0.00 secs] 
4675.628: [GC (Allocation Failure) 4675.628: [ParNew: 81499K->0K(92160K), 0.0007204 secs] 82917K->1418K(194560K), 0.0007825 secs] [Times: user=0.00 sys=0.00, real=0.00 secs] 
4676.632: [GC (Allocation Failure) 4676.632: [ParNew: 81499K->0K(92160K), 0.0008598 secs] 82917K->1418K(194560K), 0.0009321 secs] [Times: user=0.00 sys=0.00, real=0.00 secs] 
4678.640: [GC (Allocation Failure) 4678.640: [ParNew: 81499K->0K(92160K), 0.0010938 secs] 82917K->1418K(194560K), 0.0011834 secs] [Times: user=0.00 sys=0.00, real=0.00 secs] 
4679.663: [GC (Allocation Failure) 4679.663: [ParNew: 81499K->0K(92160K), 0.0007814 secs] 82917K->1418K(194560K), 0.0008587 secs] [Times: user=0.00 sys=0.00, real=0.00 secs] 
4681.664: [GC (Allocation Failure) 4681.664: [ParNew: 81499K->0K(92160K), 0.0008834 secs] 82917K->1418K(194560K), 0.0009502 secs] [Times: user=0.00 sys=0.00, real=0.00 secs] 
4683.671: [GC (Allocation Failure) 4683.672: [ParNew: 81499K->0K(92160K), 0.0007048 secs] 82917K->1418K(194560K), 0.0007544 secs] [Times: user=0.00 sys=0.00, real=0.00 secs] 
4684.678: [GC (Allocation Failure) 4684.678: [ParNew: 81499K->0K(92160K), 0.0006261 secs] 82917K->1418K(194560K), 0.0006959 secs] [Times: user=0.00 sys=0.00, real=0.00 secs] 
4686.687: [GC (Allocation Failure) 4686.687: [ParNew: 81499K->0K(92160K), 0.0007994 secs] 82917K->1418K(194560K), 0.0008492 secs] [Times: user=0.02 sys=0.00, real=0.00 secs] 
4687.702: [GC (Allocation Failure) 4687.702: [ParNew: 81499K->0K(92160K), 0.0018132 secs] 82917K->1418K(194560K), 0.0019663 secs] [Times: user=0.00 sys=0.00, real=0.00 secs] 
4689.723: [GC (Allocation Failure) 4689.723: [ParNew: 81499K->0K(92160K), 0.0004187 secs] 82917K->1418K(194560K), 0.0004725 secs] [Times: user=0.00 sys=0.00, real=0.00 secs] 
4691.724: [GC (Allocation Failure) 4691.724: [ParNew: 81499K->0K(92160K), 0.0004856 secs] 82917K->1418K(194560K), 0.0005466 secs] [Times: user=0.00 sys=0.00, real=0.00 secs] 
4692.732: [GC (Allocation Failure) 4692.732: [ParNew: 81499K->0K(92160K), 0.0010268 secs] 82917K->1418K(194560K), 0.0011613 secs] [Times: user=0.00 sys=0.00, real=0.00 secs] 
4694.748: [GC (Allocation Failure) 4694.748: [ParNew: 81499K->0K(92160K), 0.0013797 secs] 82917K->1418K(194560K), 0.0015384 secs] [Times: user=0.00 sys=0.00, real=0.00 secs] 
4695.759: [GC (Allocation Failure) 4695.759: [ParNew: 81499K->0K(92160K), 0.0003631 secs] 82917K->1418K(194560K), 0.0004203 secs] [Times: user=0.00 sys=0.00, real=0.00 secs] 
4697.770: [GC (Allocation Failure) 4697.770: [ParNew: 81499K->0K(92160K), 0.0011373 secs] 82917K->1418K(194560K), 0.0012406 secs] [Times: user=0.00 sys=0.00, real=0.00 secs] 
4698.782: [GC (Allocation Failure) 4698.782: [ParNew: 81499K->0K(92160K), 0.0006143 secs] 82917K->1418K(194560K), 0.0007147 secs] [Times: user=0.00 sys=0.00, real=0.00 secs] 
4700.791: [GC (Allocation Failure) 4700.791: [ParNew: 81499K->0K(92160K), 0.0005309 secs] 82917K->1418K(194560K), 0.0006038 secs] [Times: user=0.00 sys=0.00, real=0.00 secs] 
4702.799: [GC (Allocation Failure) 4702.799: [ParNew: 81499K->0K(92160K), 0.0005021 secs] 82917K->1418K(194560K), 0.0005673 secs] [Times: user=0.00 sys=0.00, real=0.00 secs] 
4703.806: [GC (Allocation Failure) 4703.806: [ParNew: 81499K->0K(92160K), 0.0006824 secs] 82917K->1418K(194560K), 0.0007321 secs] [Times: user=0.00 sys=0.00, real=0.00 secs] 
4705.815: [GC (Allocation Failure) 4705.815: [ParNew: 81499K->0K(92160K), 0.0008112 secs] 82917K->1418K(194560K), 0.0008698 secs] [Times: user=0.00 sys=0.00, real=0.00 secs] 
4706.824: [GC (Allocation Failure) 4706.824: [ParNew: 81499K->0K(92160K), 0.0005373 secs] 82917K->1418K(194560K), 0.0005976 secs] [Times: user=0.00 sys=0.00, real=0.00 secs] 
4708.834: [GC (Allocation Failure) 4708.834: [ParNew: 81499K->0K(92160K), 0.0005789 secs] 82917K->1418K(194560K), 0.0006326 secs] [Times: user=0.00 sys=0.00, real=0.00 secs] 
4710.861: [GC (Allocation Failure) 4710.861: [ParNew: 81499K->0K(92160K), 0.0005677 secs] 82917K->1418K(194560K), 0.0006502 secs] [Times: user=0.00 sys=0.00, real=0.00 secs] 
4711.862: [GC (Allocation Failure) 4711.862: [ParNew: 81499K->0K(92160K), 0.0006142 secs] 82917K->1418K(194560K), 0.0006765 secs] [Times: user=0.00 sys=0.00, real=0.00 secs] 
4713.871: [GC (Allocation Failure) 4713.871: [ParNew: 81499K->0K(92160K), 0.0008771 secs] 82917K->1418K(194560K), 0.0009272 secs] [Times: user=0.00 sys=0.00, real=0.00 secs] 
4714.885: [GC (Allocation Failure) 4714.885: [ParNew: 81499K->0K(92160K), 0.0016719 secs] 82917K->1418K(194560K), 0.0018298 secs] [Times: user=0.00 sys=0.00, real=0.00 secs] 
4716.891: [GC (Allocation Failure) 4716.892: [ParNew: 81499K->0K(92160K), 0.0019341 secs] 82917K->1418K(194560K), 0.0020926 secs] [Times: user=0.00 sys=0.00, real=0.00 secs] 
4717.906: [GC (Allocation Failure) 4717.906: [ParNew: 81499K->0K(92160K), 0.0019121 secs] 82917K->1418K(194560K), 0.0020675 secs] [Times: user=0.00 sys=0.00, real=0.00 secs] 
4719.925: [GC (Allocation Failure) 4719.925: [ParNew: 81499K->0K(92160K), 0.0005195 secs] 82917K->1418K(194560K), 0.0005658 secs] [Times: user=0.00 sys=0.00, real=0.00 secs] 
4721.932: [GC (Allocation Failure) 4721.932: [ParNew: 81499K->0K(92160K), 0.0013891 secs] 82917K->1418K(194560K), 0.0015489 secs] [Times: user=0.00 sys=0.00, real=0.00 secs] 
4722.957: [GC (Allocation Failure) 4722.957: [ParNew: 81499K->0K(92160K), 0.0004696 secs] 82917K->1418K(194560K), 0.0005230 secs] [Times: user=0.00 sys=0.00, real=0.00 secs] 
4724.967: [GC (Allocation Failure) 4724.967: [ParNew: 81499K->0K(92160K), 0.0018431 secs] 82917K->1418K(194560K), 0.0019613 secs] [Times: user=0.00 sys=0.00, real=0.00 secs] 
4725.976: [GC (Allocation Failure) 4725.976: [ParNew: 81499K->0K(92160K), 0.0005180 secs] 82917K->1418K(194560K), 0.0005693 secs] [Times: user=0.00 sys=0.00, real=0.00 secs] 
4727.987: [GC (Allocation Failure) 4727.987: [ParNew: 81499K->0K(92160K), 0.0016489 secs] 82917K->1418K(194560K), 0.0018073 secs] [Times: user=0.00 sys=0.00, real=0.00 secs] 
4729.005: [GC (Allocation Failure) 4729.005: [ParNew: 81499K->0K(92160K), 0.0006834 secs] 82917K->1418K(194560K), 0.0007336 secs] [Times: user=0.00 sys=0.00, real=0.00 secs] 
4731.018: [GC (Allocation Failure) 4731.018: [ParNew: 81499K->0K(92160K), 0.0008067 secs] 82917K->1418K(194560K), 0.0008577 secs] [Times: user=0.00 sys=0.00, real=0.00 secs] 
4733.031: [GC (Allocation Failure) 4733.031: [ParNew: 81499K->0K(92160K), 0.0012435 secs] 82917K->1418K(194560K), 0.0013926 secs] [Times: user=0.02 sys=0.00, real=0.00 secs] 
4734.042: [GC (Allocation Failure) 4734.042: [ParNew: 81499K->0K(92160K), 0.0006722 secs] 82917K->1418K(194560K), 0.0007214 secs] [Times: user=0.00 sys=0.00, real=0.00 secs] 
4736.050: [GC (Allocation Failure) 4736.050: [ParNew: 81499K->0K(92160K), 0.0004271 secs] 82917K->1418K(194560K), 0.0004880 secs] [Times: user=0.00 sys=0.00, real=0.00 secs] 
4737.063: [GC (Allocation Failure) 4737.063: [ParNew: 81499K->0K(92160K), 0.0017699 secs] 82917K->1418K(194560K), 0.0019280 secs] [Times: user=0.00 sys=0.00, real=0.00 secs] 
4739.081: [GC (Allocation Failure) 4739.081: [ParNew: 81499K->0K(92160K), 0.0004968 secs] 82917K->1418K(194560K), 0.0005501 secs] [Times: user=0.00 sys=0.00, real=0.00 secs] 
4741.099: [GC (Allocation Failure) 4741.100: [ParNew: 81499K->0K(92160K), 0.0016309 secs] 82917K->1418K(194560K), 0.0017674 secs] [Times: user=0.00 sys=0.00, real=0.00 secs] 
4742.107: [GC (Allocation Failure) 4742.107: [ParNew: 81499K->0K(92160K), 0.0007008 secs] 82917K->1418K(194560K), 0.0007526 secs] [Times: user=0.00 sys=0.00, real=0.00 secs] 
4744.114: [GC (Allocation Failure) 4744.114: [ParNew: 81499K->0K(92160K), 0.0008223 secs] 82917K->1418K(194560K), 0.0008761 secs] [Times: user=0.00 sys=0.00, real=0.00 secs] 
4745.122: [GC (Allocation Failure) 4745.122: [ParNew: 81499K->0K(92160K), 0.0005587 secs] 82917K->1418K(194560K), 0.0006400 secs] [Times: user=0.00 sys=0.00, real=0.00 secs] 
4747.144: [GC (Allocation Failure) 4747.144: [ParNew: 81499K->0K(92160K), 0.0007029 secs] 82917K->1418K(194560K), 0.0007546 secs] [Times: user=0.00 sys=0.00, real=0.00 secs] 
4748.147: [GC (Allocation Failure) 4748.147: [ParNew: 81499K->0K(92160K), 0.0005142 secs] 82917K->1418K(194560K), 0.0005830 secs] [Times: user=0.00 sys=0.00, real=0.00 secs] 
4750.155: [GC (Allocation Failure) 4750.155: [ParNew: 81499K->0K(92160K), 0.0009955 secs] 82917K->1418K(194560K), 0.0010646 secs] [Times: user=0.00 sys=0.00, real=0.00 secs] 
4752.160: [GC (Allocation Failure) 4752.160: [ParNew: 81499K->0K(92160K), 0.0007482 secs] 82917K->1418K(194560K), 0.0008180 secs] [Times: user=0.00 sys=0.00, real=0.00 secs] 
4753.172: [GC (Allocation Failure) 4753.172: [ParNew: 81499K->0K(92160K), 0.0015523 secs] 82917K->1418K(194560K), 0.0017123 secs] [Times: user=0.00 sys=0.00, real=0.00 secs] 
4755.193: [GC (Allocation Failure) 4755.193: [ParNew: 81499K->0K(92160K), 0.0012257 secs] 82917K->1418K(194560K), 0.0013815 secs] [Times: user=0.00 sys=0.00, real=0.00 secs] 
4756.194: [GC (Allocation Failure) 4756.194: [ParNew: 81499K->0K(92160K), 0.0005781 secs] 82917K->1418K(194560K), 0.0006490 secs] [Times: user=0.00 sys=0.00, real=0.00 secs] 
4758.209: [GC (Allocation Failure) 4758.209: [ParNew: 81499K->0K(92160K), 0.0003904 secs] 82917K->1418K(194560K), 0.0004715 secs] [Times: user=0.00 sys=0.00, real=0.00 secs] 
4759.224: [GC (Allocation Failure) 4759.224: [ParNew: 81499K->0K(92160K), 0.0008543 secs] 82917K->1418K(194560K), 0.0009141 secs] [Times: user=0.00 sys=0.00, real=0.00 secs] 
4761.226: [GC (Allocation Failure) 4761.226: [ParNew: 81499K->0K(92160K), 0.0003590 secs] 82917K->1418K(194560K), 0.0004174 secs] [Times: user=0.00 sys=0.00, real=0.00 secs] 
4763.232: [GC (Allocation Failure) 4763.232: [ParNew: 81499K->0K(92160K), 0.0006837 secs] 82917K->1418K(194560K), 0.0007346 secs] [Times: user=0.00 sys=0.00, real=0.00 secs] 
4764.237: [GC (Allocation Failure) 4764.237: [ParNew: 81499K->0K(92160K), 0.0006343 secs] 82917K->1418K(194560K), 0.0007063 secs] [Times: user=0.00 sys=0.00, real=0.00 secs] 
4766.254: [GC (Allocation Failure) 4766.254: [ParNew: 81499K->0K(92160K), 0.0006106 secs] 82917K->1418K(194560K), 0.0006760 secs] [Times: user=0.00 sys=0.00, real=0.00 secs] 
4767.257: [GC (Allocation Failure) 4767.257: [ParNew: 81499K->0K(92160K), 0.0005129 secs] 82917K->1418K(194560K), 0.0005833 secs] [Times: user=0.00 sys=0.00, real=0.00 secs] 
4769.266: [GC (Allocation Failure) 4769.266: [ParNew: 81499K->0K(92160K), 0.0007392 secs] 82917K->1418K(194560K), 0.0008060 secs] [Times: user=0.00 sys=0.00, real=0.00 secs] 
4771.274: [GC (Allocation Failure) 4771.274: [ParNew: 81499K->0K(92160K), 0.0004661 secs] 82917K->1418K(194560K), 0.0005160 secs] [Times: user=0.00 sys=0.00, real=0.00 secs] 
4772.280: [GC (Allocation Failure) 4772.280: [ParNew: 81499K->0K(92160K), 0.0008318 secs] 82917K->1418K(194560K), 0.0008999 secs] [Times: user=0.00 sys=0.00, real=0.00 secs] 
4774.284: [GC (Allocation Failure) 4774.284: [ParNew: 81499K->0K(92160K), 0.0009347 secs] 82917K->1418K(194560K), 0.0010086 secs] [Times: user=0.00 sys=0.00, real=0.00 secs] 
4775.294: [GC (Allocation Failure) 4775.294: [ParNew: 81499K->0K(92160K), 0.0007337 secs] 82917K->1418K(194560K), 0.0008027 secs] [Times: user=0.00 sys=0.00, real=0.00 secs] 
4777.302: [GC (Allocation Failure) 4777.302: [ParNew: 81499K->0K(92160K), 0.0007357 secs] 82917K->1418K(194560K), 0.0008094 secs] [Times: user=0.00 sys=0.00, real=0.00 secs] 
4778.311: [GC (Allocation Failure) 4778.311: [ParNew: 81499K->0K(92160K), 0.0010568 secs] 82917K->1418K(194560K), 0.0011254 secs] [Times: user=0.00 sys=0.00, real=0.00 secs] 
4780.321: [GC (Allocation Failure) 4780.321: [ParNew: 81499K->0K(92160K), 0.0010335 secs] 82917K->1418K(194560K), 0.0011027 secs] [Times: user=0.00 sys=0.00, real=0.00 secs] 
4782.330: [GC (Allocation Failure) 4782.330: [ParNew: 81499K->0K(92160K), 0.0006933 secs] 82917K->1418K(194560K), 0.0007598 secs] [Times: user=0.00 sys=0.00, real=0.00 secs] 
4783.338: [GC (Allocation Failure) 4783.338: [ParNew: 81499K->0K(92160K), 0.0005757 secs] 82917K->1418K(194560K), 0.0006732 secs] [Times: user=0.00 sys=0.00, real=0.00 secs] 
4785.347: [GC (Allocation Failure) 4785.347: [ParNew: 81499K->0K(92160K), 0.0009491 secs] 82917K->1418K(194560K), 0.0010415 secs] [Times: user=0.00 sys=0.00, real=0.00 secs] 
4786.350: [GC (Allocation Failure) 4786.350: [ParNew: 81499K->0K(92160K), 0.0011840 secs] 82917K->1418K(194560K), 0.0012775 secs] [Times: user=0.00 sys=0.00, real=0.00 secs] 
4788.360: [GC (Allocation Failure) 4788.360: [ParNew: 81499K->0K(92160K), 0.0005783 secs] 82917K->1418K(194560K), 0.0006439 secs] [Times: user=0.00 sys=0.00, real=0.00 secs] 
4790.378: [GC (Allocation Failure) 4790.378: [ParNew: 81499K->0K(92160K), 0.0011177 secs] 82917K->1418K(194560K), 0.0012217 secs] [Times: user=0.00 sys=0.00, real=0.00 secs] 
4791.389: [GC (Allocation Failure) 4791.389: [ParNew: 81499K->0K(92160K), 0.0005330 secs] 82917K->1418K(194560K), 0.0006034 secs] [Times: user=0.00 sys=0.00, real=0.00 secs] 
4793.396: [GC (Allocation Failure) 4793.396: [ParNew: 81499K->0K(92160K), 0.0005085 secs] 82917K->1418K(194560K), 0.0005798 secs] [Times: user=0.00 sys=0.00, real=0.00 secs] 
4794.401: [GC (Allocation Failure) 4794.401: [ParNew: 81499K->0K(92160K), 0.0005969 secs] 82917K->1418K(194560K), 0.0006453 secs] [Times: user=0.00 sys=0.00, real=0.00 secs] 
4796.411: [GC (Allocation Failure) 4796.411: [ParNew: 81499K->0K(92160K), 0.0012711 secs] 82917K->1418K(194560K), 0.0013856 secs] [Times: user=0.00 sys=0.00, real=0.00 secs] 
4797.416: [GC (Allocation Failure) 4797.416: [ParNew: 81499K->0K(92160K), 0.0012095 secs] 82917K->1418K(194560K), 0.0013214 secs] [Times: user=0.00 sys=0.00, real=0.00 secs] 
4799.427: [GC (Allocation Failure) 4799.427: [ParNew: 81499K->0K(92160K), 0.0010034 secs] 82917K->1418K(194560K), 0.0010993 secs] [Times: user=0.00 sys=0.00, real=0.00 secs] 
4801.437: [GC (Allocation Failure) 4801.437: [ParNew: 81499K->0K(92160K), 0.0007333 secs] 82917K->1418K(194560K), 0.0008022 secs] [Times: user=0.11 sys=0.00, real=0.00 secs] 
4802.445: [GC (Allocation Failure) 4802.445: [ParNew: 81499K->0K(92160K), 0.0007030 secs] 82917K->1418K(194560K), 0.0007679 secs] [Times: user=0.00 sys=0.00, real=0.00 secs] 
4804.455: [GC (Allocation Failure) 4804.455: [ParNew: 81499K->0K(92160K), 0.0004546 secs] 82917K->1418K(194560K), 0.0005243 secs] [Times: user=0.00 sys=0.00, real=0.00 secs] 
4805.465: [GC (Allocation Failure) 4805.465: [ParNew: 81499K->0K(92160K), 0.0013782 secs] 82917K->1418K(194560K), 0.0015106 secs] [Times: user=0.00 sys=0.00, real=0.00 secs] 
4807.481: [GC (Allocation Failure) 4807.481: [ParNew: 81499K->0K(92160K), 0.0010258 secs] 82917K->1418K(194560K), 0.0011523 secs] [Times: user=0.00 sys=0.00, real=0.00 secs] 
4808.492: [GC (Allocation Failure) 4808.492: [ParNew: 81499K->0K(92160K), 0.0007414 secs] 82917K->1418K(194560K), 0.0007913 secs] [Times: user=0.00 sys=0.00, real=0.00 secs] 
4810.505: [GC (Allocation Failure) 4810.505: [ParNew: 81499K->0K(92160K), 0.0011158 secs] 82917K->1418K(194560K), 0.0012106 secs] [Times: user=0.00 sys=0.00, real=0.00 secs] 
4812.512: [GC (Allocation Failure) 4812.512: [ParNew: 81499K->0K(92160K), 0.0017210 secs] 82917K->1418K(194560K), 0.0018801 secs] [Times: user=0.00 sys=0.00, real=0.00 secs] 
4813.525: [GC (Allocation Failure) 4813.526: [ParNew: 81499K->0K(92160K), 0.0004431 secs] 82917K->1418K(194560K), 0.0005134 secs] [Times: user=0.00 sys=0.00, real=0.00 secs] 
4815.535: [GC (Allocation Failure) 4815.535: [ParNew: 81499K->0K(92160K), 0.0006720 secs] 82917K->1418K(194560K), 0.0007246 secs] [Times: user=0.00 sys=0.00, real=0.00 secs] 
4816.545: [GC (Allocation Failure) 4816.545: [ParNew: 81499K->0K(92160K), 0.0015506 secs] 82917K->1418K(194560K), 0.0016673 secs] [Times: user=0.02 sys=0.00, real=0.00 secs] 
4818.568: [GC (Allocation Failure) 4818.568: [ParNew: 81499K->0K(92160K), 0.0013693 secs] 82917K->1418K(194560K), 0.0014861 secs] [Times: user=0.00 sys=0.00, real=0.00 secs] 
4820.571: [GC (Allocation Failure) 4820.571: [ParNew: 81499K->0K(92160K), 0.0010429 secs] 82917K->1418K(194560K), 0.0011364 secs] [Times: user=0.00 sys=0.00, real=0.00 secs] 
4821.583: [GC (Allocation Failure) 4821.583: [ParNew: 81499K->0K(92160K), 0.0009997 secs] 82917K->1418K(194560K), 0.0010929 secs] [Times: user=0.00 sys=0.00, real=0.00 secs] 
4823.596: [GC (Allocation Failure) 4823.596: [ParNew: 81499K->0K(92160K), 0.0006044 secs] 82917K->1418K(194560K), 0.0006767 secs] [Times: user=0.00 sys=0.00, real=0.00 secs] 
4824.609: [GC (Allocation Failure) 4824.609: [ParNew: 81499K->0K(92160K), 0.0017322 secs] 82917K->1418K(194560K), 0.0018971 secs] [Times: user=0.00 sys=0.00, real=0.00 secs] 
4826.620: [GC (Allocation Failure) 4826.620: [ParNew: 81499K->0K(92160K), 0.0014214 secs] 82917K->1418K(194560K), 0.0015161 secs] [Times: user=0.00 sys=0.00, real=0.00 secs] 
4827.632: [GC (Allocation Failure) 4827.632: [ParNew: 81499K->0K(92160K), 0.0006843 secs] 82917K->1418K(194560K), 0.0007346 secs] [Times: user=0.00 sys=0.00, real=0.00 secs] 
4829.645: [GC (Allocation Failure) 4829.645: [ParNew: 81499K->0K(92160K), 0.0008683 secs] 82917K->1418K(194560K), 0.0009482 secs] [Times: user=0.00 sys=0.00, real=0.00 secs] 
4831.650: [GC (Allocation Failure) 4831.650: [ParNew: 81499K->0K(92160K), 0.0017352 secs] 82917K->1418K(194560K), 0.0018985 secs] [Times: user=0.00 sys=0.00, real=0.00 secs] 
4832.666: [GC (Allocation Failure) 4832.666: [ParNew: 81499K->0K(92160K), 0.0007279 secs] 82917K->1418K(194560K), 0.0008065 secs] [Times: user=0.00 sys=0.00, real=0.00 secs] 
4834.677: [GC (Allocation Failure) 4834.677: [ParNew: 81499K->0K(92160K), 0.0015028 secs] 82917K->1418K(194560K), 0.0016296 secs] [Times: user=0.00 sys=0.00, real=0.00 secs] 
4835.691: [GC (Allocation Failure) 4835.691: [ParNew: 81499K->0K(92160K), 0.0006443 secs] 82917K->1418K(194560K), 0.0007137 secs] [Times: user=0.00 sys=0.00, real=0.00 secs] 
4837.721: [GC (Allocation Failure) 4837.721: [ParNew: 81499K->0K(92160K), 0.0005109 secs] 82917K->1418K(194560K), 0.0005614 secs] [Times: user=0.00 sys=0.00, real=0.00 secs] 
4838.727: [GC (Allocation Failure) 4838.728: [ParNew: 81499K->0K(92160K), 0.0012858 secs] 82917K->1418K(194560K), 0.0014023 secs] [Times: user=0.00 sys=0.00, real=0.00 secs] 
4840.739: [GC (Allocation Failure) 4840.739: [ParNew: 81499K->0K(92160K), 0.0009621 secs] 82917K->1418K(194560K), 0.0010585 secs] [Times: user=0.00 sys=0.00, real=0.00 secs] 
4842.753: [GC (Allocation Failure) 4842.753: [ParNew: 81499K->0K(92160K), 0.0006211 secs] 82917K->1418K(194560K), 0.0007068 secs] [Times: user=0.00 sys=0.00, real=0.00 secs] 
4843.761: [GC (Allocation Failure) 4843.762: [ParNew: 81499K->0K(92160K), 0.0006074 secs] 82917K->1418K(194560K), 0.0006833 secs] [Times: user=0.00 sys=0.00, real=0.00 secs] 
4845.770: [GC (Allocation Failure) 4845.770: [ParNew: 81499K->0K(92160K), 0.0008898 secs] 82917K->1418K(194560K), 0.0009606 secs] [Times: user=0.00 sys=0.00, real=0.00 secs] 
4846.778: [GC (Allocation Failure) 4846.778: [ParNew: 81499K->0K(92160K), 0.0008905 secs] 82917K->1418K(194560K), 0.0009625 secs] [Times: user=0.00 sys=0.00, real=0.00 secs] 
4848.787: [GC (Allocation Failure) 4848.787: [ParNew: 81499K->0K(92160K), 0.0017469 secs] 82917K->1418K(194560K), 0.0019016 secs] [Times: user=0.00 sys=0.00, real=0.00 secs] 
4850.799: [GC (Allocation Failure) 4850.799: [ParNew: 81499K->0K(92160K), 0.0016428 secs] 82917K->1418K(194560K), 0.0018058 secs] [Times: user=0.00 sys=0.00, real=0.00 secs] 
4851.817: [GC (Allocation Failure) 4851.817: [ParNew: 81499K->0K(92160K), 0.0004937 secs] 82917K->1418K(194560K), 0.0005482 secs] [Times: user=0.00 sys=0.00, real=0.00 secs] 
4853.825: [GC (Allocation Failure) 4853.825: [ParNew: 81499K->0K(92160K), 0.0019277 secs] 82917K->1418K(194560K), 0.0021228 secs] [Times: user=0.00 sys=0.00, real=0.00 secs] 
4854.832: [GC (Allocation Failure) 4854.832: [ParNew: 81499K->0K(92160K), 0.0008315 secs] 82917K->1418K(194560K), 0.0008971 secs] [Times: user=0.00 sys=0.00, real=0.00 secs] 
4856.843: [GC (Allocation Failure) 4856.843: [ParNew: 81499K->0K(92160K), 0.0006377 secs] 82917K->1418K(194560K), 0.0006879 secs] [Times: user=0.00 sys=0.00, real=0.00 secs] 
4857.850: [GC (Allocation Failure) 4857.850: [ParNew: 81499K->0K(92160K), 0.0005302 secs] 82917K->1418K(194560K), 0.0005838 secs] [Times: user=0.00 sys=0.00, real=0.00 secs] 
4859.863: [GC (Allocation Failure) 4859.863: [ParNew: 81499K->0K(92160K), 0.0007325 secs] 82917K->1418K(194560K), 0.0008017 secs] [Times: user=0.00 sys=0.00, real=0.00 secs] 
4861.874: [GC (Allocation Failure) 4861.874: [ParNew: 81499K->0K(92160K), 0.0010157 secs] 82917K->1418K(194560K), 0.0011141 secs] [Times: user=0.00 sys=0.01, real=0.00 secs] 
4862.886: [GC (Allocation Failure) 4862.886: [ParNew: 81499K->0K(92160K), 0.0008611 secs] 82917K->1418K(194560K), 0.0009425 secs] [Times: user=0.00 sys=0.00, real=0.00 secs] 
4864.896: [GC (Allocation Failure) 4864.896: [ParNew: 81499K->0K(92160K), 0.0009367 secs] 82917K->1418K(194560K), 0.0010106 secs] [Times: user=0.00 sys=0.00, real=0.00 secs] 
4865.905: [GC (Allocation Failure) 4865.905: [ParNew: 81499K->0K(92160K), 0.0005183 secs] 82917K->1418K(194560K), 0.0005867 secs] [Times: user=0.00 sys=0.00, real=0.00 secs] 
4867.914: [GC (Allocation Failure) 4867.914: [ParNew: 81499K->0K(92160K), 0.0020045 secs] 82917K->1418K(194560K), 0.0021619 secs] [Times: user=0.00 sys=0.00, real=0.00 secs] 
4869.925: [GC (Allocation Failure) 4869.925: [ParNew: 81499K->0K(92160K), 0.0004427 secs] 82917K->1418K(194560K), 0.0005033 secs] [Times: user=0.00 sys=0.00, real=0.00 secs] 
4870.945: [GC (Allocation Failure) 4870.946: [ParNew: 81499K->0K(92160K), 0.0016604 secs] 82917K->1418K(194560K), 0.0018190 secs] [Times: user=0.00 sys=0.00, real=0.00 secs] 
4872.951: [GC (Allocation Failure) 4872.951: [ParNew: 81499K->0K(92160K), 0.0018437 secs] 82917K->1418K(194560K), 0.0020003 secs] [Times: user=0.02 sys=0.00, real=0.00 secs] 
4873.972: [GC (Allocation Failure) 4873.972: [ParNew: 81499K->0K(92160K), 0.0010000 secs] 82917K->1418K(194560K), 0.0011105 secs] [Times: user=0.00 sys=0.00, real=0.00 secs] 
4875.983: [GC (Allocation Failure) 4875.983: [ParNew: 81499K->0K(92160K), 0.0007289 secs] 82917K->1418K(194560K), 0.0008374 secs] [Times: user=0.00 sys=0.00, real=0.00 secs] 
4876.991: [GC (Allocation Failure) 4876.991: [ParNew: 81499K->0K(92160K), 0.0004552 secs] 82917K->1418K(194560K), 0.0005146 secs] [Times: user=0.00 sys=0.00, real=0.00 secs] 
4879.006: [GC (Allocation Failure) 4879.006: [ParNew: 81499K->0K(92160K), 0.0017551 secs] 82917K->1418K(194560K), 0.0019140 secs] [Times: user=0.00 sys=0.00, real=0.00 secs] 
4881.016: [GC (Allocation Failure) 4881.016: [ParNew: 81499K->0K(92160K), 0.0010570 secs] 82917K->1418K(194560K), 0.0011515 secs] [Times: user=0.00 sys=0.00, real=0.00 secs] 
4882.029: [GC (Allocation Failure) 4882.029: [ParNew: 81499K->0K(92160K), 0.0010026 secs] 82917K->1418K(194560K), 0.0011057 secs] [Times: user=0.00 sys=0.00, real=0.00 secs] 
4884.042: [GC (Allocation Failure) 4884.042: [ParNew: 81499K->0K(92160K), 0.0010299 secs] 82917K->1418K(194560K), 0.0011155 secs] [Times: user=0.00 sys=0.00, real=0.00 secs] 
4885.053: [GC (Allocation Failure) 4885.053: [ParNew: 81499K->0K(92160K), 0.0011642 secs] 82917K->1418K(194560K), 0.0012566 secs] [Times: user=0.00 sys=0.00, real=0.00 secs] 
4887.055: [GC (Allocation Failure) 4887.055: [ParNew: 81499K->0K(92160K), 0.0008860 secs] 82917K->1418K(194560K), 0.0009601 secs] [Times: user=0.00 sys=0.00, real=0.00 secs] 
4888.063: [GC (Allocation Failure) 4888.063: [ParNew: 81499K->0K(92160K), 0.0008497 secs] 82917K->1418K(194560K), 0.0009194 secs] [Times: user=0.00 sys=0.00, real=0.00 secs] 
4890.071: [GC (Allocation Failure) 4890.071: [ParNew: 81499K->0K(92160K), 0.0007195 secs] 82917K->1418K(194560K), 0.0007941 secs] [Times: user=0.00 sys=0.00, real=0.00 secs] 
4892.096: [GC (Allocation Failure) 4892.096: [ParNew: 81499K->0K(92160K), 0.0013685 secs] 82917K->1418K(194560K), 0.0015738 secs] [Times: user=0.00 sys=0.00, real=0.00 secs] 
4893.112: [GC (Allocation Failure) 4893.112: [ParNew: 81499K->0K(92160K), 0.0016801 secs] 82917K->1418K(194560K), 0.0018381 secs] [Times: user=0.00 sys=0.00, real=0.00 secs] 
4895.126: [GC (Allocation Failure) 4895.126: [ParNew: 81499K->0K(92160K), 0.0007387 secs] 82917K->1418K(194560K), 0.0008004 secs] [Times: user=0.00 sys=0.00, real=0.00 secs] 
4896.134: [GC (Allocation Failure) 4896.134: [ParNew: 81499K->0K(92160K), 0.0006929 secs] 82917K->1418K(194560K), 0.0007618 secs] [Times: user=0.00 sys=0.00, real=0.00 secs] 
4898.142: [GC (Allocation Failure) 4898.142: [ParNew: 81499K->0K(92160K), 0.0006943 secs] 82917K->1418K(194560K), 0.0007437 secs] [Times: user=0.00 sys=0.00, real=0.00 secs] 
4900.149: [GC (Allocation Failure) 4900.149: [ParNew: 81499K->0K(92160K), 0.0011165 secs] 82917K->1418K(194560K), 0.0012241 secs] [Times: user=0.00 sys=0.00, real=0.00 secs] 
4901.157: [GC (Allocation Failure) 4901.157: [ParNew: 81499K->0K(92160K), 0.0008110 secs] 82917K->1418K(194560K), 0.0008756 secs] [Times: user=0.00 sys=0.00, real=0.00 secs] 
4903.174: [GC (Allocation Failure) 4903.174: [ParNew: 81499K->0K(92160K), 0.0007975 secs] 82917K->1418K(194560K), 0.0008729 secs] [Times: user=0.00 sys=0.00, real=0.00 secs] 
4904.184: [GC (Allocation Failure) 4904.184: [ParNew: 81499K->0K(92160K), 0.0004636 secs] 82917K->1418K(194560K), 0.0005355 secs] [Times: user=0.00 sys=0.00, real=0.00 secs] 
4906.194: [GC (Allocation Failure) 4906.194: [ParNew: 81499K->0K(92160K), 0.0016874 secs] 82917K->1418K(194560K), 0.0018498 secs] [Times: user=0.00 sys=0.00, real=0.00 secs] 
4907.194: [GC (Allocation Failure) 4907.194: [ParNew: 81499K->0K(92160K), 0.0008818 secs] 82917K->1418K(194560K), 0.0009549 secs] [Times: user=0.00 sys=0.00, real=0.00 secs] 
4909.214: [GC (Allocation Failure) 4909.214: [ParNew: 81499K->0K(92160K), 0.0015339 secs] 82917K->1418K(194560K), 0.0017006 secs] [Times: user=0.00 sys=0.00, real=0.00 secs] 
4911.220: [GC (Allocation Failure) 4911.220: [ParNew: 81499K->0K(92160K), 0.0008205 secs] 82917K->1418K(194560K), 0.0009193 secs] [Times: user=0.00 sys=0.00, real=0.00 secs] 
4912.229: [GC (Allocation Failure) 4912.229: [ParNew: 81499K->0K(92160K), 0.0006287 secs] 82917K->1418K(194560K), 0.0006897 secs] [Times: user=0.00 sys=0.00, real=0.00 secs] 
4914.237: [GC (Allocation Failure) 4914.237: [ParNew: 81499K->0K(92160K), 0.0005876 secs] 82917K->1418K(194560K), 0.0006394 secs] [Times: user=0.00 sys=0.00, real=0.00 secs] 
4915.240: [GC (Allocation Failure) 4915.240: [ParNew: 81499K->0K(92160K), 0.0007195 secs] 82917K->1418K(194560K), 0.0007679 secs] [Times: user=0.00 sys=0.00, real=0.00 secs] 
4917.245: [GC (Allocation Failure) 4917.245: [ParNew: 81499K->0K(92160K), 0.0010957 secs] 82917K->1418K(194560K), 0.0011567 secs] [Times: user=0.00 sys=0.00, real=0.00 secs] 
4918.251: [GC (Allocation Failure) 4918.251: [ParNew: 81499K->0K(92160K), 0.0006643 secs] 82917K->1418K(194560K), 0.0007222 secs] [Times: user=0.00 sys=0.00, real=0.00 secs] 
4920.259: [GC (Allocation Failure) 4920.259: [ParNew: 81499K->0K(92160K), 0.0009343 secs] 82917K->1418K(194560K), 0.0009994 secs] [Times: user=0.00 sys=0.00, real=0.00 secs] 
4922.268: [GC (Allocation Failure) 4922.268: [ParNew: 81499K->0K(92160K), 0.0006678 secs] 82917K->1418K(194560K), 0.0007355 secs] [Times: user=0.00 sys=0.00, real=0.00 secs] 
4923.271: [GC (Allocation Failure) 4923.271: [ParNew: 81499K->0K(92160K), 0.0007117 secs] 82917K->1418K(194560K), 0.0007784 secs] [Times: user=0.00 sys=0.00, real=0.00 secs] 
4925.279: [GC (Allocation Failure) 4925.279: [ParNew: 81499K->0K(92160K), 0.0008344 secs] 82917K->1418K(194560K), 0.0009037 secs] [Times: user=0.00 sys=0.00, real=0.00 secs] 
4926.287: [GC (Allocation Failure) 4926.287: [ParNew: 81499K->0K(92160K), 0.0008170 secs] 82917K->1418K(194560K), 0.0008848 secs] [Times: user=0.00 sys=0.00, real=0.00 secs] 
4928.289: [GC (Allocation Failure) 4928.290: [ParNew: 81499K->0K(92160K), 0.0005904 secs] 82917K->1418K(194560K), 0.0006576 secs] [Times: user=0.00 sys=0.00, real=0.00 secs] 
4930.298: [GC (Allocation Failure) 4930.298: [ParNew: 81499K->0K(92160K), 0.0008492 secs] 82917K->1418K(194560K), 0.0009291 secs] [Times: user=0.00 sys=0.00, real=0.00 secs] 
4931.300: [GC (Allocation Failure) 4931.300: [ParNew: 81499K->0K(92160K), 0.0007839 secs] 82917K->1418K(194560K), 0.0008293 secs] [Times: user=0.00 sys=0.00, real=0.00 secs] 
4933.308: [GC (Allocation Failure) 4933.308: [ParNew: 81499K->0K(92160K), 0.0005993 secs] 82917K->1418K(194560K), 0.0006824 secs] [Times: user=0.00 sys=0.00, real=0.00 secs] 
4934.318: [GC (Allocation Failure) 4934.318: [ParNew: 81499K->0K(92160K), 0.0010051 secs] 82917K->1418K(194560K), 0.0010796 secs] [Times: user=0.00 sys=0.00, real=0.00 secs] 
4936.323: [GC (Allocation Failure) 4936.323: [ParNew: 81499K->0K(92160K), 0.0017285 secs] 82917K->1418K(194560K), 0.0018852 secs] [Times: user=0.00 sys=0.00, real=0.00 secs] 
4937.338: [GC (Allocation Failure) 4937.338: [ParNew: 81499K->0K(92160K), 0.0008794 secs] 82917K->1418K(194560K), 0.0009571 secs] [Times: user=0.00 sys=0.00, real=0.00 secs] 
4939.346: [GC (Allocation Failure) 4939.346: [ParNew: 81499K->0K(92160K), 0.0006330 secs] 82917K->1418K(194560K), 0.0007156 secs] [Times: user=0.00 sys=0.00, real=0.00 secs] 
4941.362: [GC (Allocation Failure) 4941.362: [ParNew: 81499K->0K(92160K), 0.0007346 secs] 82917K->1418K(194560K), 0.0008044 secs] [Times: user=0.00 sys=0.00, real=0.00 secs] 
4942.366: [GC (Allocation Failure) 4942.366: [ParNew: 81499K->0K(92160K), 0.0009648 secs] 82917K->1418K(194560K), 0.0010544 secs] [Times: user=0.00 sys=0.00, real=0.00 secs] 
4944.378: [GC (Allocation Failure) 4944.378: [ParNew: 81499K->0K(92160K), 0.0009955 secs] 82917K->1418K(194560K), 0.0011425 secs] [Times: user=0.00 sys=0.00, real=0.00 secs] 
4945.392: [GC (Allocation Failure) 4945.392: [ParNew: 81499K->0K(92160K), 0.0012907 secs] 82917K->1418K(194560K), 0.0013874 secs] [Times: user=0.00 sys=0.00, real=0.00 secs] 
4947.404: [GC (Allocation Failure) 4947.404: [ParNew: 81499K->0K(92160K), 0.0006547 secs] 82917K->1418K(194560K), 0.0007044 secs] [Times: user=0.00 sys=0.00, real=0.00 secs] 
4949.423: [GC (Allocation Failure) 4949.424: [ParNew: 81499K->0K(92160K), 0.0015664 secs] 82917K->1418K(194560K), 0.0017897 secs] [Times: user=0.00 sys=0.00, real=0.00 secs] 
4950.427: [GC (Allocation Failure) 4950.428: [ParNew: 81499K->0K(92160K), 0.0011284 secs] 82917K->1418K(194560K), 0.0012285 secs] [Times: user=0.00 sys=0.00, real=0.00 secs] 
4952.440: [GC (Allocation Failure) 4952.440: [ParNew: 81499K->0K(92160K), 0.0015237 secs] 82917K->1418K(194560K), 0.0016408 secs] [Times: user=0.00 sys=0.00, real=0.00 secs] 
4953.453: [GC (Allocation Failure) 4953.453: [ParNew: 81499K->0K(92160K), 0.0010832 secs] 82917K->1418K(194560K), 0.0011877 secs] [Times: user=0.13 sys=0.00, real=0.00 secs] 
4955.466: [GC (Allocation Failure) 4955.466: [ParNew: 81499K->0K(92160K), 0.0013499 secs] 82917K->1418K(194560K), 0.0014563 secs] [Times: user=0.00 sys=0.00, real=0.00 secs] 
4956.490: [GC (Allocation Failure) 4956.490: [ParNew: 81499K->0K(92160K), 0.0005370 secs] 82917K->1418K(194560K), 0.0005874 secs] [Times: user=0.00 sys=0.00, real=0.00 secs] 
4958.491: [GC (Allocation Failure) 4958.491: [ParNew: 81499K->0K(92160K), 0.0007980 secs] 82917K->1418K(194560K), 0.0008694 secs] [Times: user=0.00 sys=0.00, real=0.00 secs] 
4960.501: [GC (Allocation Failure) 4960.502: [ParNew: 81499K->0K(92160K), 0.0006324 secs] 82917K->1418K(194560K), 0.0007326 secs] [Times: user=0.00 sys=0.00, real=0.00 secs] 
4961.504: [GC (Allocation Failure) 4961.504: [ParNew: 81499K->0K(92160K), 0.0008490 secs] 82917K->1418K(194560K), 0.0009334 secs] [Times: user=0.00 sys=0.00, real=0.00 secs] 
4963.515: [GC (Allocation Failure) 4963.515: [ParNew: 81499K->0K(92160K), 0.0015696 secs] 82917K->1418K(194560K), 0.0017229 secs] [Times: user=0.09 sys=0.02, real=0.00 secs] 
4964.541: [GC (Allocation Failure) 4964.541: [ParNew: 81499K->0K(92160K), 0.0011997 secs] 82917K->1418K(194560K), 0.0012926 secs] [Times: user=0.00 sys=0.00, real=0.00 secs] 
4966.541: [GC (Allocation Failure) 4966.541: [ParNew: 81499K->0K(92160K), 0.0005908 secs] 82917K->1418K(194560K), 0.0006668 secs] [Times: user=0.00 sys=0.00, real=0.00 secs] 
4967.550: [GC (Allocation Failure) 4967.550: [ParNew: 81499K->0K(92160K), 0.0005502 secs] 82917K->1418K(194560K), 0.0006210 secs] [Times: user=0.00 sys=0.00, real=0.00 secs] 
4969.568: [GC (Allocation Failure) 4969.568: [ParNew: 81499K->0K(92160K), 0.0018648 secs] 82917K->1418K(194560K), 0.0021289 secs] [Times: user=0.00 sys=0.00, real=0.00 secs] 
4971.582: [GC (Allocation Failure) 4971.582: [ParNew: 81499K->0K(92160K), 0.0016954 secs] 82917K->1418K(194560K), 0.0018564 secs] [Times: user=0.00 sys=0.00, real=0.00 secs] 
4972.587: [GC (Allocation Failure) 4972.587: [ParNew: 81499K->0K(92160K), 0.0012776 secs] 82917K->1418K(194560K), 0.0014210 secs] [Times: user=0.00 sys=0.00, real=0.00 secs] 
4974.599: [GC (Allocation Failure) 4974.599: [ParNew: 81499K->0K(92160K), 0.0024008 secs] 82917K->1418K(194560K), 0.0025548 secs] [Times: user=0.00 sys=0.00, real=0.00 secs] 
4975.620: [GC (Allocation Failure) 4975.620: [ParNew: 81499K->0K(92160K), 0.0007133 secs] 82917K->1418K(194560K), 0.0007622 secs] [Times: user=0.00 sys=0.00, real=0.00 secs] 
4977.631: [GC (Allocation Failure) 4977.631: [ParNew: 81499K->0K(92160K), 0.0005900 secs] 82917K->1418K(194560K), 0.0006976 secs] [Times: user=0.00 sys=0.00, real=0.00 secs] 
4979.658: [GC (Allocation Failure) 4979.658: [ParNew: 81499K->0K(92160K), 0.0004956 secs] 82917K->1418K(194560K), 0.0005634 secs] [Times: user=0.00 sys=0.00, real=0.00 secs] 
4980.665: [GC (Allocation Failure) 4980.665: [ParNew: 81499K->0K(92160K), 0.0004043 secs] 82917K->1418K(194560K), 0.0004650 secs] [Times: user=0.00 sys=0.00, real=0.00 secs] 
4982.673: [GC (Allocation Failure) 4982.673: [ParNew: 81499K->0K(92160K), 0.0013806 secs] 82917K->1418K(194560K), 0.0014973 secs] [Times: user=0.00 sys=0.00, real=0.00 secs] 
4983.682: [GC (Allocation Failure) 4983.682: [ParNew: 81499K->0K(92160K), 0.0005145 secs] 82917K->1418K(194560K), 0.0005851 secs] [Times: user=0.00 sys=0.00, real=0.00 secs] 
4985.690: [GC (Allocation Failure) 4985.690: [ParNew: 81499K->0K(92160K), 0.0008120 secs] 82917K->1418K(194560K), 0.0009900 secs] [Times: user=0.00 sys=0.00, real=0.00 secs] 
4986.710: [GC (Allocation Failure) 4986.711: [ParNew: 81499K->0K(92160K), 0.0009863 secs] 82917K->1418K(194560K), 0.0010863 secs] [Times: user=0.00 sys=0.00, real=0.00 secs] 
4988.715: [GC (Allocation Failure) 4988.715: [ParNew: 81499K->0K(92160K), 0.0009579 secs] 82917K->1418K(194560K), 0.0010872 secs] [Times: user=0.00 sys=0.00, real=0.00 secs] 
4990.723: [GC (Allocation Failure) 4990.723: [ParNew: 81499K->0K(92160K), 0.0007922 secs] 82917K->1418K(194560K), 0.0008533 secs] [Times: user=0.00 sys=0.00, real=0.00 secs] 
4991.729: [GC (Allocation Failure) 4991.729: [ParNew: 81499K->0K(92160K), 0.0007895 secs] 82917K->1418K(194560K), 0.0008387 secs] [Times: user=0.00 sys=0.00, real=0.00 secs] 
4993.753: [GC (Allocation Failure) 4993.753: [ParNew: 81499K->0K(92160K), 0.0004580 secs] 82917K->1418K(194560K), 0.0005208 secs] [Times: user=0.00 sys=0.00, real=0.00 secs] 
4994.758: [GC (Allocation Failure) 4994.758: [ParNew: 81499K->0K(92160K), 0.0010010 secs] 82917K->1418K(194560K), 0.0010715 secs] [Times: user=0.00 sys=0.00, real=0.00 secs] 
4996.767: [GC (Allocation Failure) 4996.767: [ParNew: 81499K->0K(92160K), 0.0005912 secs] 82917K->1418K(194560K), 0.0006601 secs] [Times: user=0.00 sys=0.00, real=0.00 secs] 
4997.788: [GC (Allocation Failure) 4997.788: [ParNew: 81499K->0K(92160K), 0.0005299 secs] 82917K->1418K(194560K), 0.0005998 secs] [Times: user=0.00 sys=0.00, real=0.00 secs] 
4999.795: [GC (Allocation Failure) 4999.795: [ParNew: 81499K->0K(92160K), 0.0015696 secs] 82917K->1418K(194560K), 0.0017269 secs] [Times: user=0.00 sys=0.00, real=0.00 secs] 
5001.814: [GC (Allocation Failure) 5001.814: [ParNew: 81499K->0K(92160K), 0.0017438 secs] 82917K->1418K(194560K), 0.0019012 secs] [Times: user=0.00 sys=0.00, real=0.00 secs] 
5002.825: [GC (Allocation Failure) 5002.825: [ParNew: 81499K->0K(92160K), 0.0004593 secs] 82917K->1418K(194560K), 0.0005295 secs] [Times: user=0.00 sys=0.00, real=0.00 secs] 
5004.847: [GC (Allocation Failure) 5004.847: [ParNew: 81499K->0K(92160K), 0.0006536 secs] 82917K->1418K(194560K), 0.0007264 secs] [Times: user=0.00 sys=0.00, real=0.00 secs] 
5005.850: [GC (Allocation Failure) 5005.850: [ParNew: 81499K->0K(92160K), 0.0005242 secs] 82917K->1418K(194560K), 0.0005858 secs] [Times: user=0.00 sys=0.00, real=0.00 secs] 
5007.858: [GC (Allocation Failure) 5007.858: [ParNew: 81499K->0K(92160K), 0.0004850 secs] 82917K->1418K(194560K), 0.0005567 secs] [Times: user=0.00 sys=0.00, real=0.00 secs] 
5009.876: [GC (Allocation Failure) 5009.876: [ParNew: 81499K->0K(92160K), 0.0010591 secs] 82917K->1418K(194560K), 0.0012149 secs] [Times: user=0.00 sys=0.00, real=0.00 secs] 
5010.883: [GC (Allocation Failure) 5010.883: [ParNew: 81499K->0K(92160K), 0.0006767 secs] 82917K->1418K(194560K), 0.0007489 secs] [Times: user=0.00 sys=0.00, real=0.00 secs] 
5012.893: [GC (Allocation Failure) 5012.893: [ParNew: 81499K->0K(92160K), 0.0006963 secs] 82917K->1418K(194560K), 0.0007633 secs] [Times: user=0.00 sys=0.00, real=0.00 secs] 
5013.895: [GC (Allocation Failure) 5013.895: [ParNew: 81499K->0K(92160K), 0.0009919 secs] 82917K->1418K(194560K), 0.0010410 secs] [Times: user=0.00 sys=0.00, real=0.00 secs] 
5015.903: [GC (Allocation Failure) 5015.903: [ParNew: 81499K->0K(92160K), 0.0006624 secs] 82917K->1418K(194560K), 0.0007135 secs] [Times: user=0.00 sys=0.00, real=0.00 secs] 
5016.911: [GC (Allocation Failure) 5016.911: [ParNew: 81499K->0K(92160K), 0.0004295 secs] 82917K->1418K(194560K), 0.0005003 secs] [Times: user=0.00 sys=0.00, real=0.00 secs] 
5018.930: [GC (Allocation Failure) 5018.930: [ParNew: 81499K->0K(92160K), 0.0019868 secs] 82917K->1418K(194560K), 0.0021408 secs] [Times: user=0.00 sys=0.00, real=0.00 secs] 
5020.940: [GC (Allocation Failure) 5020.940: [ParNew: 81499K->0K(92160K), 0.0007602 secs] 82917K->1418K(194560K), 0.0008322 secs] [Times: user=0.00 sys=0.00, real=0.00 secs] 
5021.952: [GC (Allocation Failure) 5021.952: [ParNew: 81499K->0K(92160K), 0.0012607 secs] 82917K->1418K(194560K), 0.0014157 secs] [Times: user=0.13 sys=0.00, real=0.00 secs] 
5023.969: [GC (Allocation Failure) 5023.969: [ParNew: 81499K->0K(92160K), 0.0004068 secs] 82917K->1418K(194560K), 0.0004591 secs] [Times: user=0.13 sys=0.00, real=0.00 secs] 
5024.976: [GC (Allocation Failure) 5024.976: [ParNew: 81499K->0K(92160K), 0.0008717 secs] 82917K->1418K(194560K), 0.0009203 secs] [Times: user=0.00 sys=0.00, real=0.00 secs] 
5026.990: [GC (Allocation Failure) 5026.990: [ParNew: 81499K->0K(92160K), 0.0010855 secs] 82917K->1418K(194560K), 0.0011871 secs] [Times: user=0.00 sys=0.00, real=0.00 secs] 
5029.002: [GC (Allocation Failure) 5029.002: [ParNew: 81499K->0K(92160K), 0.0009538 secs] 82917K->1418K(194560K), 0.0010752 secs] [Times: user=0.00 sys=0.00, real=0.00 secs] 
5030.013: [GC (Allocation Failure) 5030.014: [ParNew: 81499K->0K(92160K), 0.0006789 secs] 82917K->1418K(194560K), 0.0007461 secs] [Times: user=0.00 sys=0.00, real=0.00 secs] 
5032.020: [GC (Allocation Failure) 5032.020: [ParNew: 81499K->0K(92160K), 0.0014896 secs] 82917K->1418K(194560K), 0.0016450 secs] [Times: user=0.00 sys=0.00, real=0.00 secs] 
5033.040: [GC (Allocation Failure) 5033.040: [ParNew: 81499K->0K(92160K), 0.0005068 secs] 82917K->1418K(194560K), 0.0005590 secs] [Times: user=0.00 sys=0.00, real=0.00 secs] 
5035.066: [GC (Allocation Failure) 5035.066: [ParNew: 81499K->0K(92160K), 0.0020346 secs] 82917K->1418K(194560K), 0.0021953 secs] [Times: user=0.00 sys=0.00, real=0.00 secs] 
5036.072: [GC (Allocation Failure) 5036.072: [ParNew: 81499K->0K(92160K), 0.0016081 secs] 82917K->1418K(194560K), 0.0017741 secs] [Times: user=0.00 sys=0.00, real=0.00 secs] 
5038.092: [GC (Allocation Failure) 5038.092: [ParNew: 81499K->0K(92160K), 0.0015495 secs] 82917K->1418K(194560K), 0.0017143 secs] [Times: user=0.00 sys=0.00, real=0.00 secs] 
5040.108: [GC (Allocation Failure) 5040.108: [ParNew: 81499K->0K(92160K), 0.0008830 secs] 82917K->1418K(194560K), 0.0009604 secs] [Times: user=0.00 sys=0.00, real=0.00 secs] 
5041.116: [GC (Allocation Failure) 5041.116: [ParNew: 81499K->0K(92160K), 0.0003980 secs] 82917K->1418K(194560K), 0.0004681 secs] [Times: user=0.00 sys=0.00, real=0.00 secs] 
5043.129: [GC (Allocation Failure) 5043.129: [ParNew: 81499K->0K(92160K), 0.0009844 secs] 82917K->1418K(194560K), 0.0010495 secs] [Times: user=0.00 sys=0.00, real=0.00 secs] 
5044.140: [GC (Allocation Failure) 5044.140: [ParNew: 81499K->0K(92160K), 0.0007471 secs] 82917K->1418K(194560K), 0.0007973 secs] [Times: user=0.02 sys=0.01, real=0.00 secs] 
5046.158: [GC (Allocation Failure) 5046.158: [ParNew: 81499K->0K(92160K), 0.0018764 secs] 82917K->1418K(194560K), 0.0020338 secs] [Times: user=0.00 sys=0.00, real=0.00 secs] 
5047.172: [GC (Allocation Failure) 5047.172: [ParNew: 81499K->0K(92160K), 0.0007183 secs] 82917K->1418K(194560K), 0.0007669 secs] [Times: user=0.02 sys=0.00, real=0.00 secs] 
5049.195: [GC (Allocation Failure) 5049.195: [ParNew: 81499K->0K(92160K), 0.0019215 secs] 82917K->1418K(194560K), 0.0020750 secs] [Times: user=0.00 sys=0.00, real=0.00 secs] 
5051.192: [GC (Allocation Failure) 5051.192: [ParNew: 81499K->0K(92160K), 0.0008041 secs] 82917K->1418K(194560K), 0.0008719 secs] [Times: user=0.00 sys=0.00, real=0.00 secs] 
5052.205: [GC (Allocation Failure) 5052.205: [ParNew: 81499K->0K(92160K), 0.0015994 secs] 82917K->1418K(194560K), 0.0017223 secs] [Times: user=0.00 sys=0.00, real=0.00 secs] 
5054.223: [GC (Allocation Failure) 5054.223: [ParNew: 81499K->0K(92160K), 0.0006556 secs] 82917K->1418K(194560K), 0.0007462 secs] [Times: user=0.00 sys=0.00, real=0.00 secs] 
5055.230: [GC (Allocation Failure) 5055.230: [ParNew: 81499K->0K(92160K), 0.0006699 secs] 82917K->1418K(194560K), 0.0007558 secs] [Times: user=0.00 sys=0.00, real=0.00 secs] 
5057.237: [GC (Allocation Failure) 5057.237: [ParNew: 81499K->0K(92160K), 0.0003715 secs] 82917K->1418K(194560K), 0.0004208 secs] [Times: user=0.00 sys=0.00, real=0.00 secs] 
5059.242: [GC (Allocation Failure) 5059.242: [ParNew: 81499K->0K(92160K), 0.0004162 secs] 82917K->1418K(194560K), 0.0004867 secs] [Times: user=0.00 sys=0.00, real=0.00 secs] 
5060.248: [GC (Allocation Failure) 5060.248: [ParNew: 81499K->0K(92160K), 0.0005094 secs] 82917K->1418K(194560K), 0.0005747 secs] [Times: user=0.00 sys=0.00, real=0.00 secs] 
5062.254: [GC (Allocation Failure) 5062.254: [ParNew: 81499K->0K(92160K), 0.0005607 secs] 82917K->1418K(194560K), 0.0006238 secs] [Times: user=0.00 sys=0.00, real=0.00 secs] 
5063.262: [GC (Allocation Failure) 5063.262: [ParNew: 81499K->0K(92160K), 0.0006425 secs] 82917K->1418K(194560K), 0.0007089 secs] [Times: user=0.00 sys=0.00, real=0.00 secs] 
5065.285: [GC (Allocation Failure) 5065.285: [ParNew: 81499K->0K(92160K), 0.0008364 secs] 82917K->1418K(194560K), 0.0009342 secs] [Times: user=0.00 sys=0.00, real=0.00 secs] 
5066.288: [GC (Allocation Failure) 5066.288: [ParNew: 81499K->0K(92160K), 0.0007791 secs] 82917K->1418K(194560K), 0.0008533 secs] [Times: user=0.00 sys=0.00, real=0.00 secs] 
5068.295: [GC (Allocation Failure) 5068.295: [ParNew: 81499K->0K(92160K), 0.0007023 secs] 82917K->1418K(194560K), 0.0007679 secs] [Times: user=0.00 sys=0.00, real=0.00 secs] 
5070.300: [GC (Allocation Failure) 5070.300: [ParNew: 81499K->0K(92160K), 0.0006958 secs] 82917K->1418K(194560K), 0.0007644 secs] [Times: user=0.00 sys=0.00, real=0.00 secs] 
5071.307: [GC (Allocation Failure) 5071.307: [ParNew: 81499K->0K(92160K), 0.0007141 secs] 82917K->1418K(194560K), 0.0007601 secs] [Times: user=0.00 sys=0.00, real=0.00 secs] 
5073.315: [GC (Allocation Failure) 5073.315: [ParNew: 81499K->0K(92160K), 0.0008762 secs] 82917K->1418K(194560K), 0.0009576 secs] [Times: user=0.00 sys=0.00, real=0.00 secs] 
5074.326: [GC (Allocation Failure) 5074.326: [ParNew: 81499K->0K(92160K), 0.0010584 secs] 82917K->1418K(194560K), 0.0011398 secs] [Times: user=0.00 sys=0.00, real=0.00 secs] 
5076.348: [GC (Allocation Failure) 5076.348: [ParNew: 81499K->0K(92160K), 0.0009170 secs] 82917K->1418K(194560K), 0.0010076 secs] [Times: user=0.00 sys=0.00, real=0.00 secs] 
5077.351: [GC (Allocation Failure) 5077.351: [ParNew: 81499K->0K(92160K), 0.0006348 secs] 82917K->1418K(194560K), 0.0007140 secs] [Times: user=0.00 sys=0.00, real=0.00 secs] 
5079.358: [GC (Allocation Failure) 5079.358: [ParNew: 81499K->0K(92160K), 0.0004542 secs] 82917K->1418K(194560K), 0.0005269 secs] [Times: user=0.00 sys=0.00, real=0.00 secs] 
5081.365: [GC (Allocation Failure) 5081.365: [ParNew: 81499K->0K(92160K), 0.0007429 secs] 82917K->1418K(194560K), 0.0008063 secs] [Times: user=0.00 sys=0.00, real=0.00 secs] 
5082.375: [GC (Allocation Failure) 5082.375: [ParNew: 81499K->0K(92160K), 0.0008917 secs] 82917K->1418K(194560K), 0.0009921 secs] [Times: user=0.09 sys=0.02, real=0.00 secs] 
5084.393: [GC (Allocation Failure) 5084.393: [ParNew: 81499K->0K(92160K), 0.0008762 secs] 82917K->1418K(194560K), 0.0009577 secs] [Times: user=0.00 sys=0.00, real=0.00 secs] 
5085.400: [GC (Allocation Failure) 5085.400: [ParNew: 81499K->0K(92160K), 0.0007574 secs] 82917K->1418K(194560K), 0.0008073 secs] [Times: user=0.00 sys=0.00, real=0.00 secs] 
5087.427: [GC (Allocation Failure) 5087.427: [ParNew: 81499K->0K(92160K), 0.0004421 secs] 82917K->1418K(194560K), 0.0004942 secs] [Times: user=0.00 sys=0.00, real=0.00 secs] 
5089.432: [GC (Allocation Failure) 5089.432: [ParNew: 81499K->0K(92160K), 0.0016796 secs] 82917K->1418K(194560K), 0.0018809 secs] [Times: user=0.00 sys=0.00, real=0.00 secs] 
5090.442: [GC (Allocation Failure) 5090.442: [ParNew: 81499K->0K(92160K), 0.0005112 secs] 82917K->1418K(194560K), 0.0005682 secs] [Times: user=0.00 sys=0.00, real=0.00 secs] 
5092.457: [GC (Allocation Failure) 5092.457: [ParNew: 81499K->0K(92160K), 0.0010403 secs] 82917K->1418K(194560K), 0.0011707 secs] [Times: user=0.00 sys=0.00, real=0.00 secs] 
5093.467: [GC (Allocation Failure) 5093.467: [ParNew: 81499K->0K(92160K), 0.0009785 secs] 82917K->1418K(194560K), 0.0010273 secs] [Times: user=0.00 sys=0.00, real=0.00 secs] 
5095.489: [GC (Allocation Failure) 5095.489: [ParNew: 81499K->0K(92160K), 0.0005637 secs] 82917K->1418K(194560K), 0.0006148 secs] [Times: user=0.00 sys=0.00, real=0.00 secs] 
5096.493: [GC (Allocation Failure) 5096.493: [ParNew: 81499K->0K(92160K), 0.0007382 secs] 82917K->1418K(194560K), 0.0008248 secs] [Times: user=0.00 sys=0.00, real=0.00 secs] 
5098.500: [GC (Allocation Failure) 5098.500: [ParNew: 81499K->0K(92160K), 0.0008090 secs] 82917K->1418K(194560K), 0.0008859 secs] [Times: user=0.00 sys=0.02, real=0.00 secs] 
5100.518: [GC (Allocation Failure) 5100.518: [ParNew: 81499K->0K(92160K), 0.0007879 secs] 82917K->1418K(194560K), 0.0008552 secs] [Times: user=0.00 sys=0.00, real=0.00 secs] 
5101.526: [GC (Allocation Failure) 5101.526: [ParNew: 81499K->0K(92160K), 0.0006158 secs] 82917K->1418K(194560K), 0.0006659 secs] [Times: user=0.00 sys=0.00, real=0.00 secs] 
5103.536: [GC (Allocation Failure) 5103.536: [ParNew: 81499K->0K(92160K), 0.0012719 secs] 82917K->1418K(194560K), 0.0014080 secs] [Times: user=0.00 sys=0.00, real=0.00 secs] 
5104.543: [GC (Allocation Failure) 5104.543: [ParNew: 81499K->0K(92160K), 0.0016287 secs] 82917K->1418K(194560K), 0.0017977 secs] [Times: user=0.00 sys=0.00, real=0.00 secs] 
5106.560: [GC (Allocation Failure) 5106.560: [ParNew: 81499K->0K(92160K), 0.0012494 secs] 82917K->1418K(194560K), 0.0014121 secs] [Times: user=0.00 sys=0.00, real=0.00 secs] 
5108.580: [GC (Allocation Failure) 5108.580: [ParNew: 81499K->0K(92160K), 0.0015965 secs] 82917K->1418K(194560K), 0.0017542 secs] [Times: user=0.00 sys=0.00, real=0.00 secs] 
5109.592: [GC (Allocation Failure) 5109.592: [ParNew: 81499K->0K(92160K), 0.0007920 secs] 82917K->1418K(194560K), 0.0008414 secs] [Times: user=0.00 sys=0.00, real=0.00 secs] 
5111.611: [GC (Allocation Failure) 5111.612: [ParNew: 81499K->0K(92160K), 0.0009351 secs] 82917K->1418K(194560K), 0.0010364 secs] [Times: user=0.00 sys=0.00, real=0.00 secs] 
5112.619: [GC (Allocation Failure) 5112.619: [ParNew: 81499K->0K(92160K), 0.0015367 secs] 82917K->1418K(194560K), 0.0017083 secs] [Times: user=0.00 sys=0.00, real=0.00 secs] 
5114.634: [GC (Allocation Failure) 5114.634: [ParNew: 81499K->0K(92160K), 0.0009485 secs] 82917K->1418K(194560K), 0.0010662 secs] [Times: user=0.00 sys=0.00, real=0.00 secs] 
5115.657: [GC (Allocation Failure) 5115.657: [ParNew: 81499K->0K(92160K), 0.0019531 secs] 82917K->1418K(194560K), 0.0021040 secs] [Times: user=0.11 sys=0.00, real=0.02 secs] 
5117.675: [GC (Allocation Failure) 5117.675: [ParNew: 81499K->0K(92160K), 0.0006423 secs] 82917K->1418K(194560K), 0.0007270 secs] [Times: user=0.00 sys=0.00, real=0.00 secs] 
5119.689: [GC (Allocation Failure) 5119.689: [ParNew: 81499K->0K(92160K), 0.0012859 secs] 82917K->1418K(194560K), 0.0014240 secs] [Times: user=0.00 sys=0.00, real=0.00 secs] 
5120.694: [GC (Allocation Failure) 5120.694: [ParNew: 81499K->0K(92160K), 0.0011397 secs] 82917K->1418K(194560K), 0.0012584 secs] [Times: user=0.00 sys=0.00, real=0.00 secs] 
5122.708: [GC (Allocation Failure) 5122.708: [ParNew: 81499K->0K(92160K), 0.0010154 secs] 82917K->1418K(194560K), 0.0011150 secs] [Times: user=0.00 sys=0.00, real=0.00 secs] 
5123.722: [GC (Allocation Failure) 5123.722: [ParNew: 81499K->0K(92160K), 0.0013937 secs] 82917K->1418K(194560K), 0.0015075 secs] [Times: user=0.00 sys=0.00, real=0.00 secs] 
5125.733: [GC (Allocation Failure) 5125.733: [ParNew: 81499K->0K(92160K), 0.0011077 secs] 82917K->1418K(194560K), 0.0012010 secs] [Times: user=0.00 sys=0.00, real=0.00 secs] 
5126.757: [GC (Allocation Failure) 5126.757: [ParNew: 81499K->0K(92160K), 0.0011299 secs] 82917K->1418K(194560K), 0.0012191 secs] [Times: user=0.00 sys=0.00, real=0.00 secs] 
5128.757: [GC (Allocation Failure) 5128.757: [ParNew: 81499K->0K(92160K), 0.0004385 secs] 82917K->1418K(194560K), 0.0005079 secs] [Times: user=0.00 sys=0.00, real=0.00 secs] 
5130.768: [GC (Allocation Failure) 5130.768: [ParNew: 81499K->0K(92160K), 0.0007080 secs] 82917K->1418K(194560K), 0.0007750 secs] [Times: user=0.00 sys=0.00, real=0.00 secs] 
5131.770: [GC (Allocation Failure) 5131.770: [ParNew: 81499K->0K(92160K), 0.0007210 secs] 82917K->1418K(194560K), 0.0007902 secs] [Times: user=0.00 sys=0.00, real=0.00 secs] 
5133.785: [GC (Allocation Failure) 5133.786: [ParNew: 81499K->0K(92160K), 0.0007980 secs] 82917K->1418K(194560K), 0.0009684 secs] [Times: user=0.00 sys=0.00, real=0.00 secs] 
5134.802: [GC (Allocation Failure) 5134.802: [ParNew: 81499K->0K(92160K), 0.0004607 secs] 82917K->1418K(194560K), 0.0005125 secs] [Times: user=0.00 sys=0.00, real=0.00 secs] 
5136.811: [GC (Allocation Failure) 5136.811: [ParNew: 81499K->0K(92160K), 0.0006940 secs] 82917K->1418K(194560K), 0.0007423 secs] [Times: user=0.00 sys=0.00, real=0.00 secs] 
5138.819: [GC (Allocation Failure) 5138.819: [ParNew: 81499K->0K(92160K), 0.0017574 secs] 82917K->1418K(194560K), 0.0019115 secs] [Times: user=0.00 sys=0.00, real=0.00 secs] 
5139.840: [GC (Allocation Failure) 5139.840: [ParNew: 81499K->0K(92160K), 0.0016122 secs] 82917K->1418K(194560K), 0.0018131 secs] [Times: user=0.00 sys=0.00, real=0.00 secs] 
5141.861: [GC (Allocation Failure) 5141.861: [ParNew: 81499K->0K(92160K), 0.0005968 secs] 82917K->1418K(194560K), 0.0006692 secs] [Times: user=0.00 sys=0.00, real=0.00 secs] 
5142.867: [GC (Allocation Failure) 5142.867: [ParNew: 81499K->0K(92160K), 0.0005849 secs] 82917K->1418K(194560K), 0.0006369 secs] [Times: user=0.00 sys=0.00, real=0.00 secs] 
5144.877: [GC (Allocation Failure) 5144.877: [ParNew: 81499K->0K(92160K), 0.0005397 secs] 82917K->1418K(194560K), 0.0006187 secs] [Times: user=0.00 sys=0.00, real=0.00 secs] 
5145.897: [GC (Allocation Failure) 5145.897: [ParNew: 81499K->0K(92160K), 0.0004251 secs] 82917K->1418K(194560K), 0.0004724 secs] [Times: user=0.00 sys=0.00, real=0.00 secs] 
5147.902: [GC (Allocation Failure) 5147.902: [ParNew: 81499K->0K(92160K), 0.0008648 secs] 82917K->1418K(194560K), 0.0009554 secs] [Times: user=0.00 sys=0.00, real=0.00 secs] 
5149.923: [GC (Allocation Failure) 5149.923: [ParNew: 81499K->0K(92160K), 0.0005175 secs] 82917K->1418K(194560K), 0.0005827 secs] [Times: user=0.00 sys=0.00, real=0.00 secs] 
5150.926: [GC (Allocation Failure) 5150.926: [ParNew: 81499K->0K(92160K), 0.0008635 secs] 82917K->1418K(194560K), 0.0009364 secs] [Times: user=0.00 sys=0.00, real=0.00 secs] 
5152.932: [GC (Allocation Failure) 5152.932: [ParNew: 81499K->0K(92160K), 0.0007157 secs] 82917K->1418K(194560K), 0.0007667 secs] [Times: user=0.00 sys=0.00, real=0.00 secs] 
5153.948: [GC (Allocation Failure) 5153.948: [ParNew: 81499K->0K(92160K), 0.0020561 secs] 82917K->1418K(194560K), 0.0022053 secs] [Times: user=0.00 sys=0.00, real=0.00 secs] 
5155.955: [GC (Allocation Failure) 5155.955: [ParNew: 81499K->0K(92160K), 0.0016297 secs] 82917K->1418K(194560K), 0.0017909 secs] [Times: user=0.00 sys=0.00, real=0.00 secs] 
5156.975: [GC (Allocation Failure) 5156.975: [ParNew: 81499K->0K(92160K), 0.0019058 secs] 82917K->1418K(194560K), 0.0020576 secs] [Times: user=0.00 sys=0.00, real=0.00 secs] 
5158.991: [GC (Allocation Failure) 5158.992: [ParNew: 81499K->0K(92160K), 0.0015427 secs] 82917K->1418K(194560K), 0.0017087 secs] [Times: user=0.00 sys=0.00, real=0.00 secs] 
5161.002: [GC (Allocation Failure) 5161.002: [ParNew: 81499K->0K(92160K), 0.0017605 secs] 82917K->1418K(194560K), 0.0019189 secs] [Times: user=0.00 sys=0.00, real=0.00 secs] 
5162.019: [GC (Allocation Failure) 5162.019: [ParNew: 81499K->0K(92160K), 0.0008430 secs] 82917K->1418K(194560K), 0.0008920 secs] [Times: user=0.00 sys=0.00, real=0.00 secs] 
5164.034: [GC (Allocation Failure) 5164.034: [ParNew: 81499K->0K(92160K), 0.0013113 secs] 82917K->1418K(194560K), 0.0014304 secs] [Times: user=0.00 sys=0.00, real=0.00 secs] 
5165.058: [GC (Allocation Failure) 5165.059: [ParNew: 81499K->0K(92160K), 0.0016558 secs] 82917K->1418K(194560K), 0.0018057 secs] [Times: user=0.00 sys=0.00, real=0.00 secs] 
5167.060: [GC (Allocation Failure) 5167.060: [ParNew: 81499K->0K(92160K), 0.0011323 secs] 82917K->1418K(194560K), 0.0012404 secs] [Times: user=0.00 sys=0.00, real=0.00 secs] 
5169.074: [GC (Allocation Failure) 5169.074: [ParNew: 81499K->0K(92160K), 0.0009243 secs] 82917K->1418K(194560K), 0.0010156 secs] [Times: user=0.00 sys=0.00, real=0.00 secs] 
5170.083: [GC (Allocation Failure) 5170.083: [ParNew: 81499K->0K(92160K), 0.0010754 secs] 82917K->1418K(194560K), 0.0011730 secs] [Times: user=0.00 sys=0.00, real=0.00 secs] 
5172.089: [GC (Allocation Failure) 5172.089: [ParNew: 81499K->0K(92160K), 0.0006422 secs] 82917K->1418K(194560K), 0.0007126 secs] [Times: user=0.00 sys=0.00, real=0.00 secs] 
5173.096: [GC (Allocation Failure) 5173.096: [ParNew: 81499K->0K(92160K), 0.0009536 secs] 82917K->1418K(194560K), 0.0010043 secs] [Times: user=0.00 sys=0.00, real=0.00 secs] 
5175.112: [GC (Allocation Failure) 5175.112: [ParNew: 81499K->0K(92160K), 0.0006306 secs] 82917K->1418K(194560K), 0.0006798 secs] [Times: user=0.00 sys=0.00, real=0.00 secs] 
5176.125: [GC (Allocation Failure) 5176.125: [ParNew: 81499K->0K(92160K), 0.0007420 secs] 82917K->1418K(194560K), 0.0007908 secs] [Times: user=0.00 sys=0.00, real=0.00 secs] 
5178.136: [GC (Allocation Failure) 5178.136: [ParNew: 81499K->0K(92160K), 0.0006614 secs] 82917K->1418K(194560K), 0.0007303 secs] [Times: user=0.00 sys=0.00, real=0.00 secs] 
5180.143: [GC (Allocation Failure) 5180.143: [ParNew: 81499K->0K(92160K), 0.0010250 secs] 82917K->1418K(194560K), 0.0011235 secs] [Times: user=0.00 sys=0.00, real=0.00 secs] 
5181.160: [GC (Allocation Failure) 5181.160: [ParNew: 81499K->0K(92160K), 0.0004301 secs] 82917K->1418K(194560K), 0.0004825 secs] [Times: user=0.00 sys=0.00, real=0.00 secs] 
5183.164: [GC (Allocation Failure) 5183.164: [ParNew: 81499K->0K(92160K), 0.0011577 secs] 82917K->1418K(194560K), 0.0012639 secs] [Times: user=0.00 sys=0.00, real=0.00 secs] 
5184.176: [GC (Allocation Failure) 5184.176: [ParNew: 81499K->0K(92160K), 0.0006507 secs] 82917K->1418K(194560K), 0.0007001 secs] [Times: user=0.00 sys=0.00, real=0.00 secs] 
5186.194: [GC (Allocation Failure) 5186.194: [ParNew: 81499K->0K(92160K), 0.0010584 secs] 82917K->1418K(194560K), 0.0011485 secs] [Times: user=0.00 sys=0.00, real=0.00 secs] 
5188.202: [GC (Allocation Failure) 5188.202: [ParNew: 81499K->0K(92160K), 0.0007048 secs] 82917K->1418K(194560K), 0.0008008 secs] [Times: user=0.00 sys=0.00, real=0.00 secs] 
5189.224: [GC (Allocation Failure) 5189.224: [ParNew: 81499K->0K(92160K), 0.0007923 secs] 82917K->1418K(194560K), 0.0008539 secs] [Times: user=0.00 sys=0.00, real=0.00 secs] 
5191.227: [GC (Allocation Failure) 5191.227: [ParNew: 81499K->0K(92160K), 0.0006625 secs] 82917K->1418K(194560K), 0.0007143 secs] [Times: user=0.00 sys=0.00, real=0.00 secs] 
5192.232: [GC (Allocation Failure) 5192.232: [ParNew: 81499K->0K(92160K), 0.0004615 secs] 82917K->1418K(194560K), 0.0005093 secs] [Times: user=0.00 sys=0.00, real=0.00 secs] 
5194.237: [GC (Allocation Failure) 5194.238: [ParNew: 81499K->0K(92160K), 0.0007741 secs] 82917K->1418K(194560K), 0.0008244 secs] [Times: user=0.00 sys=0.00, real=0.00 secs] 
5195.244: [GC (Allocation Failure) 5195.244: [ParNew: 81499K->0K(92160K), 0.0005655 secs] 82917K->1418K(194560K), 0.0006175 secs] [Times: user=0.00 sys=0.00, real=0.00 secs] 
5197.255: [GC (Allocation Failure) 5197.255: [ParNew: 81499K->0K(92160K), 0.0007259 secs] 82917K->1418K(194560K), 0.0007923 secs] [Times: user=0.00 sys=0.00, real=0.00 secs] 
5199.258: [GC (Allocation Failure) 5199.258: [ParNew: 81499K->0K(92160K), 0.0006284 secs] 82917K->1418K(194560K), 0.0006798 secs] [Times: user=0.00 sys=0.00, real=0.00 secs] 
5200.264: [GC (Allocation Failure) 5200.264: [ParNew: 81499K->0K(92160K), 0.0006684 secs] 82917K->1418K(194560K), 0.0008419 secs] [Times: user=0.00 sys=0.00, real=0.00 secs] 
5202.269: [GC (Allocation Failure) 5202.269: [ParNew: 81499K->0K(92160K), 0.0010321 secs] 82917K->1418K(194560K), 0.0011218 secs] [Times: user=0.00 sys=0.00, real=0.00 secs] 
5203.279: [GC (Allocation Failure) 5203.279: [ParNew: 81499K->0K(92160K), 0.0006275 secs] 82917K->1418K(194560K), 0.0006960 secs] [Times: user=0.00 sys=0.00, real=0.00 secs] 
5205.288: [GC (Allocation Failure) 5205.288: [ParNew: 81499K->0K(92160K), 0.0013471 secs] 82917K->1418K(194560K), 0.0014124 secs] [Times: user=0.00 sys=0.00, real=0.00 secs] 
5206.296: [GC (Allocation Failure) 5206.296: [ParNew: 81499K->0K(92160K), 0.0008943 secs] 82917K->1418K(194560K), 0.0009624 secs] [Times: user=0.00 sys=0.00, real=0.00 secs] 
5208.317: [GC (Allocation Failure) 5208.317: [ParNew: 81499K->0K(92160K), 0.0009010 secs] 82917K->1418K(194560K), 0.0009738 secs] [Times: user=0.00 sys=0.00, real=0.00 secs] 
5210.320: [GC (Allocation Failure) 5210.320: [ParNew: 81499K->0K(92160K), 0.0007837 secs] 82917K->1418K(194560K), 0.0008637 secs] [Times: user=0.00 sys=0.00, real=0.00 secs] 
5211.328: [GC (Allocation Failure) 5211.328: [ParNew: 81499K->0K(92160K), 0.0007321 secs] 82917K->1418K(194560K), 0.0007773 secs] [Times: user=0.00 sys=0.00, real=0.00 secs] 
5213.336: [GC (Allocation Failure) 5213.336: [ParNew: 81499K->0K(92160K), 0.0007529 secs] 82917K->1418K(194560K), 0.0008299 secs] [Times: user=0.00 sys=0.00, real=0.00 secs] 
5214.347: [GC (Allocation Failure) 5214.347: [ParNew: 81499K->0K(92160K), 0.0012001 secs] 82917K->1418K(194560K), 0.0012912 secs] [Times: user=0.00 sys=0.00, real=0.00 secs] 
5216.364: [GC (Allocation Failure) 5216.364: [ParNew: 81499K->0K(92160K), 0.0008011 secs] 82917K->1418K(194560K), 0.0008976 secs] [Times: user=0.00 sys=0.00, real=0.00 secs] 
5218.369: [GC (Allocation Failure) 5218.369: [ParNew: 81499K->0K(92160K), 0.0005799 secs] 82917K->1418K(194560K), 0.0006616 secs] [Times: user=0.00 sys=0.00, real=0.00 secs] 
5219.378: [GC (Allocation Failure) 5219.378: [ParNew: 81499K->0K(92160K), 0.0006172 secs] 82917K->1418K(194560K), 0.0006941 secs] [Times: user=0.00 sys=0.00, real=0.00 secs] 
5221.393: [GC (Allocation Failure) 5221.393: [ParNew: 81499K->0K(92160K), 0.0008050 secs] 82917K->1418K(194560K), 0.0008745 secs] [Times: user=0.00 sys=0.00, real=0.00 secs] 
5222.399: [GC (Allocation Failure) 5222.399: [ParNew: 81499K->0K(92160K), 0.0006124 secs] 82917K->1418K(194560K), 0.0006664 secs] [Times: user=0.00 sys=0.00, real=0.00 secs] 
5224.406: [GC (Allocation Failure) 5224.406: [ParNew: 81499K->0K(92160K), 0.0007749 secs] 82917K->1418K(194560K), 0.0008398 secs] [Times: user=0.00 sys=0.00, real=0.00 secs] 
5225.413: [GC (Allocation Failure) 5225.413: [ParNew: 81499K->0K(92160K), 0.0005402 secs] 82917K->1418K(194560K), 0.0006062 secs] [Times: user=0.00 sys=0.00, real=0.00 secs] 
5227.426: [GC (Allocation Failure) 5227.426: [ParNew: 81499K->0K(92160K), 0.0004779 secs] 82917K->1418K(194560K), 0.0005432 secs] [Times: user=0.00 sys=0.00, real=0.00 secs] 
5229.428: [GC (Allocation Failure) 5229.428: [ParNew: 81499K->0K(92160K), 0.0004232 secs] 82917K->1418K(194560K), 0.0004767 secs] [Times: user=0.00 sys=0.00, real=0.00 secs] 
5230.433: [GC (Allocation Failure) 5230.433: [ParNew: 81499K->0K(92160K), 0.0005347 secs] 82917K->1418K(194560K), 0.0005868 secs] [Times: user=0.00 sys=0.00, real=0.00 secs] 
5232.442: [GC (Allocation Failure) 5232.442: [ParNew: 81499K->0K(92160K), 0.0008779 secs] 82917K->1418K(194560K), 0.0009399 secs] [Times: user=0.00 sys=0.00, real=0.00 secs] 
5233.449: [GC (Allocation Failure) 5233.449: [ParNew: 81499K->0K(92160K), 0.0004361 secs] 82917K->1418K(194560K), 0.0005072 secs] [Times: user=0.00 sys=0.00, real=0.00 secs] 
5235.457: [GC (Allocation Failure) 5235.457: [ParNew: 81499K->0K(92160K), 0.0010320 secs] 82917K->1418K(194560K), 0.0011232 secs] [Times: user=0.00 sys=0.00, real=0.00 secs] 
5236.464: [GC (Allocation Failure) 5236.464: [ParNew: 81499K->0K(92160K), 0.0007904 secs] 82917K->1418K(194560K), 0.0008409 secs] [Times: user=0.00 sys=0.00, real=0.00 secs] 
5238.471: [GC (Allocation Failure) 5238.471: [ParNew: 81499K->0K(92160K), 0.0007715 secs] 82917K->1418K(194560K), 0.0008411 secs] [Times: user=0.00 sys=0.00, real=0.00 secs] 
5240.481: [GC (Allocation Failure) 5240.481: [ParNew: 81499K->0K(92160K), 0.0013658 secs] 82917K->1418K(194560K), 0.0014736 secs] [Times: user=0.00 sys=0.00, real=0.00 secs] 
5241.492: [GC (Allocation Failure) 5241.492: [ParNew: 81499K->0K(92160K), 0.0008685 secs] 82917K->1418K(194560K), 0.0009724 secs] [Times: user=0.00 sys=0.00, real=0.00 secs] 
5243.491: [GC (Allocation Failure) 5243.491: [ParNew: 81499K->0K(92160K), 0.0005217 secs] 82917K->1418K(194560K), 0.0005720 secs] [Times: user=0.00 sys=0.00, real=0.00 secs] 
5244.496: [GC (Allocation Failure) 5244.496: [ParNew: 81499K->0K(92160K), 0.0005601 secs] 82917K->1418K(194560K), 0.0006099 secs] [Times: user=0.00 sys=0.00, real=0.00 secs] 
5246.509: [GC (Allocation Failure) 5246.509: [ParNew: 81499K->0K(92160K), 0.0010122 secs] 82917K->1418K(194560K), 0.0011289 secs] [Times: user=0.00 sys=0.00, real=0.00 secs] 
5248.525: [GC (Allocation Failure) 5248.525: [ParNew: 81499K->0K(92160K), 0.0010718 secs] 82917K->1418K(194560K), 0.0011691 secs] [Times: user=0.00 sys=0.00, real=0.00 secs] 
5249.537: [GC (Allocation Failure) 5249.537: [ParNew: 81499K->0K(92160K), 0.0009725 secs] 82917K->1418K(194560K), 0.0011089 secs] [Times: user=0.00 sys=0.00, real=0.00 secs] 
5251.550: [GC (Allocation Failure) 5251.550: [ParNew: 81499K->0K(92160K), 0.0010265 secs] 82917K->1418K(194560K), 0.0011434 secs] [Times: user=0.00 sys=0.00, real=0.00 secs] 
5252.554: [GC (Allocation Failure) 5252.554: [ParNew: 81499K->0K(92160K), 0.0010991 secs] 82917K->1418K(194560K), 0.0011956 secs] [Times: user=0.00 sys=0.00, real=0.00 secs] 
5254.567: [GC (Allocation Failure) 5254.567: [ParNew: 81499K->0K(92160K), 0.0012320 secs] 82917K->1418K(194560K), 0.0013325 secs] [Times: user=0.00 sys=0.00, real=0.00 secs] 
5255.576: [GC (Allocation Failure) 5255.576: [ParNew: 81499K->0K(92160K), 0.0007042 secs] 82917K->1418K(194560K), 0.0007555 secs] [Times: user=0.00 sys=0.00, real=0.00 secs] 
5257.585: [GC (Allocation Failure) 5257.585: [ParNew: 81499K->0K(92160K), 0.0007623 secs] 82917K->1418K(194560K), 0.0008322 secs] [Times: user=0.00 sys=0.00, real=0.00 secs] 
5259.595: [GC (Allocation Failure) 5259.595: [ParNew: 81499K->0K(92160K), 0.0008052 secs] 82917K->1418K(194560K), 0.0008726 secs] [Times: user=0.00 sys=0.00, real=0.00 secs] 
5260.603: [GC (Allocation Failure) 5260.603: [ParNew: 81499K->0K(92160K), 0.0006684 secs] 82917K->1418K(194560K), 0.0007353 secs] [Times: user=0.00 sys=0.00, real=0.00 secs] 
5262.633: [GC (Allocation Failure) 5262.633: [ParNew: 81499K->0K(92160K), 0.0017918 secs] 82917K->1418K(194560K), 0.0019561 secs] [Times: user=0.00 sys=0.00, real=0.00 secs] 
5263.649: [GC (Allocation Failure) 5263.649: [ParNew: 81499K->0K(92160K), 0.0010728 secs] 82917K->1418K(194560K), 0.0011660 secs] [Times: user=0.00 sys=0.00, real=0.00 secs] 
5265.659: [GC (Allocation Failure) 5265.659: [ParNew: 81499K->0K(92160K), 0.0005422 secs] 82917K->1418K(194560K), 0.0006162 secs] [Times: user=0.00 sys=0.00, real=0.00 secs] 
5267.674: [GC (Allocation Failure) 5267.674: [ParNew: 81499K->0K(92160K), 0.0005114 secs] 82917K->1418K(194560K), 0.0005849 secs] [Times: user=0.00 sys=0.00, real=0.00 secs] 
5268.679: [GC (Allocation Failure) 5268.679: [ParNew: 81499K->0K(92160K), 0.0006549 secs] 82917K->1418K(194560K), 0.0007049 secs] [Times: user=0.00 sys=0.00, real=0.00 secs] 
5270.691: [GC (Allocation Failure) 5270.691: [ParNew: 81499K->0K(92160K), 0.0007369 secs] 82917K->1418K(194560K), 0.0008147 secs] [Times: user=0.00 sys=0.00, real=0.00 secs] 
5271.699: [GC (Allocation Failure) 5271.699: [ParNew: 81499K->0K(92160K), 0.0016807 secs] 82917K->1418K(194560K), 0.0018940 secs] [Times: user=0.00 sys=0.00, real=0.00 secs] 
5273.715: [GC (Allocation Failure) 5273.715: [ParNew: 81499K->0K(92160K), 0.0018904 secs] 82917K->1418K(194560K), 0.0020472 secs] [Times: user=0.00 sys=0.00, real=0.00 secs] 
5274.739: [GC (Allocation Failure) 5274.739: [ParNew: 81499K->0K(92160K), 0.0004767 secs] 82917K->1418K(194560K), 0.0005290 secs] [Times: user=0.00 sys=0.00, real=0.00 secs] 
5276.745: [GC (Allocation Failure) 5276.745: [ParNew: 81499K->0K(92160K), 0.0004615 secs] 82917K->1418K(194560K), 0.0005312 secs] [Times: user=0.00 sys=0.00, real=0.00 secs] 
5278.751: [GC (Allocation Failure) 5278.751: [ParNew: 81499K->0K(92160K), 0.0009909 secs] 82917K->1418K(194560K), 0.0010733 secs] [Times: user=0.00 sys=0.00, real=0.00 secs] 
5279.759: [GC (Allocation Failure) 5279.759: [ParNew: 81499K->0K(92160K), 0.0003670 secs] 82917K->1418K(194560K), 0.0004398 secs] [Times: user=0.00 sys=0.00, real=0.00 secs] 
5281.771: [GC (Allocation Failure) 5281.771: [ParNew: 81499K->0K(92160K), 0.0018835 secs] 82917K->1418K(194560K), 0.0020398 secs] [Times: user=0.00 sys=0.00, real=0.00 secs] 
5282.776: [GC (Allocation Failure) 5282.777: [ParNew: 81499K->0K(92160K), 0.0006792 secs] 82917K->1418K(194560K), 0.0007310 secs] [Times: user=0.00 sys=0.00, real=0.00 secs] 
5284.787: [GC (Allocation Failure) 5284.787: [ParNew: 81499K->0K(92160K), 0.0021543 secs] 82917K->1418K(194560K), 0.0023165 secs] [Times: user=0.00 sys=0.00, real=0.00 secs] 
5285.806: [GC (Allocation Failure) 5285.806: [ParNew: 81499K->0K(92160K), 0.0008619 secs] 82917K->1418K(194560K), 0.0009686 secs] [Times: user=0.00 sys=0.00, real=0.00 secs] 
5287.812: [GC (Allocation Failure) 5287.812: [ParNew: 81499K->0K(92160K), 0.0006810 secs] 82917K->1418K(194560K), 0.0007310 secs] [Times: user=0.00 sys=0.00, real=0.00 secs] 
5289.827: [GC (Allocation Failure) 5289.827: [ParNew: 81499K->0K(92160K), 0.0013628 secs] 82917K->1418K(194560K), 0.0015196 secs] [Times: user=0.09 sys=0.02, real=0.00 secs] 
5290.843: [GC (Allocation Failure) 5290.843: [ParNew: 81499K->0K(92160K), 0.0006717 secs] 82917K->1418K(194560K), 0.0007416 secs] [Times: user=0.00 sys=0.00, real=0.00 secs] 
5292.864: [GC (Allocation Failure) 5292.864: [ParNew: 81499K->0K(92160K), 0.0016850 secs] 82917K->1418K(194560K), 0.0018170 secs] [Times: user=0.00 sys=0.00, real=0.00 secs] 
5293.866: [GC (Allocation Failure) 5293.866: [ParNew: 81499K->0K(92160K), 0.0003724 secs] 82917K->1418K(194560K), 0.0004271 secs] [Times: user=0.00 sys=0.00, real=0.00 secs] 
5295.879: [GC (Allocation Failure) 5295.879: [ParNew: 81499K->0K(92160K), 0.0007104 secs] 82917K->1418K(194560K), 0.0007856 secs] [Times: user=0.00 sys=0.00, real=0.00 secs] 
5297.894: [GC (Allocation Failure) 5297.894: [ParNew: 81499K->0K(92160K), 0.0016668 secs] 82917K->1418K(194560K), 0.0018281 secs] [Times: user=0.00 sys=0.00, real=0.00 secs] 
5298.908: [GC (Allocation Failure) 5298.908: [ParNew: 81499K->0K(92160K), 0.0007862 secs] 82917K->1418K(194560K), 0.0008576 secs] [Times: user=0.00 sys=0.00, real=0.00 secs] 
5300.926: [GC (Allocation Failure) 5300.926: [ParNew: 81499K->0K(92160K), 0.0013838 secs] 82917K->1418K(194560K), 0.0016175 secs] [Times: user=0.00 sys=0.00, real=0.00 secs] 
5301.947: [GC (Allocation Failure) 5301.948: [ParNew: 81499K->0K(92160K), 0.0006944 secs] 82917K->1418K(194560K), 0.0007439 secs] [Times: user=0.00 sys=0.00, real=0.00 secs] 
5303.956: [GC (Allocation Failure) 5303.956: [ParNew: 81499K->0K(92160K), 0.0011350 secs] 82917K->1418K(194560K), 0.0012283 secs] [Times: user=0.00 sys=0.00, real=0.00 secs] 
5304.965: [GC (Allocation Failure) 5304.965: [ParNew: 81499K->0K(92160K), 0.0008495 secs] 82917K->1418K(194560K), 0.0009017 secs] [Times: user=0.00 sys=0.00, real=0.00 secs] 
5306.974: [GC (Allocation Failure) 5306.974: [ParNew: 81499K->0K(92160K), 0.0004375 secs] 82917K->1418K(194560K), 0.0005071 secs] [Times: user=0.00 sys=0.00, real=0.00 secs] 
5308.981: [GC (Allocation Failure) 5308.981: [ParNew: 81499K->0K(92160K), 0.0007546 secs] 82917K->1418K(194560K), 0.0008455 secs] [Times: user=0.00 sys=0.00, real=0.00 secs] 
5310.004: [GC (Allocation Failure) 5310.004: [ParNew: 81499K->0K(92160K), 0.0006399 secs] 82917K->1418K(194560K), 0.0007075 secs] [Times: user=0.00 sys=0.00, real=0.00 secs] 
5312.006: [GC (Allocation Failure) 5312.006: [ParNew: 81499K->0K(92160K), 0.0006250 secs] 82917K->1418K(194560K), 0.0006914 secs] [Times: user=0.00 sys=0.00, real=0.00 secs] 
5313.013: [GC (Allocation Failure) 5313.013: [ParNew: 81499K->0K(92160K), 0.0006292 secs] 82917K->1418K(194560K), 0.0006935 secs] [Times: user=0.00 sys=0.00, real=0.00 secs] 
5315.024: [GC (Allocation Failure) 5315.024: [ParNew: 81499K->0K(92160K), 0.0006437 secs] 82917K->1418K(194560K), 0.0006887 secs] [Times: user=0.00 sys=0.00, real=0.00 secs] 
5316.032: [GC (Allocation Failure) 5316.032: [ParNew: 81499K->0K(92160K), 0.0004348 secs] 82917K->1418K(194560K), 0.0005046 secs] [Times: user=0.00 sys=0.00, real=0.00 secs] 
5318.041: [GC (Allocation Failure) 5318.041: [ParNew: 81499K->0K(92160K), 0.0004124 secs] 82917K->1418K(194560K), 0.0004950 secs] [Times: user=0.00 sys=0.00, real=0.00 secs] 
5320.065: [GC (Allocation Failure) 5320.065: [ParNew: 81499K->0K(92160K), 0.0007265 secs] 82917K->1418K(194560K), 0.0008067 secs] [Times: user=0.00 sys=0.00, real=0.00 secs] 
5321.083: [GC (Allocation Failure) 5321.083: [ParNew: 81499K->0K(92160K), 0.0006250 secs] 82917K->1418K(194560K), 0.0006766 secs] [Times: user=0.00 sys=0.00, real=0.00 secs] 
5323.085: [GC (Allocation Failure) 5323.085: [ParNew: 81499K->0K(92160K), 0.0007895 secs] 82917K->1418K(194560K), 0.0008402 secs] [Times: user=0.00 sys=0.00, real=0.00 secs] 
5324.098: [GC (Allocation Failure) 5324.098: [ParNew: 81499K->0K(92160K), 0.0015923 secs] 82917K->1418K(194560K), 0.0017427 secs] [Times: user=0.00 sys=0.00, real=0.00 secs] 
5326.116: [GC (Allocation Failure) 5326.116: [ParNew: 81499K->0K(92160K), 0.0007819 secs] 82917K->1418K(194560K), 0.0008321 secs] [Times: user=0.00 sys=0.00, real=0.00 secs] 
5328.128: [GC (Allocation Failure) 5328.128: [ParNew: 81499K->0K(92160K), 0.0004774 secs] 82917K->1418K(194560K), 0.0005451 secs] [Times: user=0.00 sys=0.00, real=0.00 secs] 
5329.139: [GC (Allocation Failure) 5329.139: [ParNew: 81499K->0K(92160K), 0.0020770 secs] 82917K->1418K(194560K), 0.0022384 secs] [Times: user=0.11 sys=0.00, real=0.00 secs] 
5331.160: [GC (Allocation Failure) 5331.160: [ParNew: 81499K->0K(92160K), 0.0018132 secs] 82917K->1418K(194560K), 0.0019743 secs] [Times: user=0.00 sys=0.00, real=0.00 secs] 
5332.161: [GC (Allocation Failure) 5332.161: [ParNew: 81499K->0K(92160K), 0.0006747 secs] 82917K->1418K(194560K), 0.0007440 secs] [Times: user=0.00 sys=0.00, real=0.00 secs] 
5334.177: [GC (Allocation Failure) 5334.178: [ParNew: 81499K->0K(92160K), 0.0017847 secs] 82917K->1418K(194560K), 0.0020207 secs] [Times: user=0.00 sys=0.00, real=0.00 secs] 
5335.200: [GC (Allocation Failure) 5335.200: [ParNew: 81499K->0K(92160K), 0.0019275 secs] 82917K->1418K(194560K), 0.0020832 secs] [Times: user=0.00 sys=0.00, real=0.00 secs] 
5337.201: [GC (Allocation Failure) 5337.201: [ParNew: 81499K->0K(92160K), 0.0006962 secs] 82917K->1418K(194560K), 0.0007474 secs] [Times: user=0.00 sys=0.00, real=0.00 secs] 
5339.222: [GC (Allocation Failure) 5339.222: [ParNew: 81499K->0K(92160K), 0.0004968 secs] 82917K->1418K(194560K), 0.0005711 secs] [Times: user=0.00 sys=0.00, real=0.00 secs] 
5340.226: [GC (Allocation Failure) 5340.226: [ParNew: 81499K->0K(92160K), 0.0006754 secs] 82917K->1418K(194560K), 0.0007349 secs] [Times: user=0.00 sys=0.00, real=0.00 secs] 
5342.232: [GC (Allocation Failure) 5342.232: [ParNew: 81499K->0K(92160K), 0.0007023 secs] 82917K->1418K(194560K), 0.0007539 secs] [Times: user=0.00 sys=0.00, real=0.00 secs] 
5343.240: [GC (Allocation Failure) 5343.240: [ParNew: 81499K->0K(92160K), 0.0006606 secs] 82917K->1418K(194560K), 0.0007233 secs] [Times: user=0.00 sys=0.00, real=0.00 secs] 
5345.242: [GC (Allocation Failure) 5345.242: [ParNew: 81499K->0K(92160K), 0.0006426 secs] 82917K->1418K(194560K), 0.0006920 secs] [Times: user=0.00 sys=0.00, real=0.00 secs] 
5347.252: [GC (Allocation Failure) 5347.253: [ParNew: 81499K->0K(92160K), 0.0007316 secs] 82917K->1418K(194560K), 0.0008229 secs] [Times: user=0.00 sys=0.00, real=0.00 secs] 
5348.255: [GC (Allocation Failure) 5348.255: [ParNew: 81499K->0K(92160K), 0.0009135 secs] 82917K->1418K(194560K), 0.0009819 secs] [Times: user=0.00 sys=0.00, real=0.00 secs] 
5350.262: [GC (Allocation Failure) 5350.262: [ParNew: 81499K->0K(92160K), 0.0008768 secs] 82917K->1418K(194560K), 0.0009429 secs] [Times: user=0.00 sys=0.00, real=0.00 secs] 
5351.285: [GC (Allocation Failure) 5351.285: [ParNew: 81499K->0K(92160K), 0.0005429 secs] 82917K->1418K(194560K), 0.0005893 secs] [Times: user=0.00 sys=0.00, real=0.00 secs] 
5353.289: [GC (Allocation Failure) 5353.289: [ParNew: 81499K->0K(92160K), 0.0006429 secs] 82917K->1418K(194560K), 0.0007589 secs] [Times: user=0.00 sys=0.00, real=0.00 secs] 
5354.298: [GC (Allocation Failure) 5354.298: [ParNew: 81499K->0K(92160K), 0.0009961 secs] 82917K->1418K(194560K), 0.0010666 secs] [Times: user=0.00 sys=0.00, real=0.00 secs] 
5356.307: [GC (Allocation Failure) 5356.307: [ParNew: 81499K->0K(92160K), 0.0005165 secs] 82917K->1418K(194560K), 0.0005909 secs] [Times: user=0.00 sys=0.00, real=0.00 secs] 
5358.314: [GC (Allocation Failure) 5358.314: [ParNew: 81499K->0K(92160K), 0.0007936 secs] 82917K->1418K(194560K), 0.0008794 secs] [Times: user=0.00 sys=0.00, real=0.00 secs] 
5359.317: [GC (Allocation Failure) 5359.318: [ParNew: 81499K->0K(92160K), 0.0009394 secs] 82917K->1418K(194560K), 0.0010133 secs] [Times: user=0.00 sys=0.00, real=0.00 secs] 
5361.327: [GC (Allocation Failure) 5361.327: [ParNew: 81499K->0K(92160K), 0.0008050 secs] 82917K->1418K(194560K), 0.0008542 secs] [Times: user=0.00 sys=0.00, real=0.00 secs] 
5362.334: [GC (Allocation Failure) 5362.334: [ParNew: 81499K->0K(92160K), 0.0005389 secs] 82917K->1418K(194560K), 0.0006152 secs] [Times: user=0.00 sys=0.00, real=0.00 secs] 
5364.344: [GC (Allocation Failure) 5364.344: [ParNew: 81499K->0K(92160K), 0.0009529 secs] 82917K->1418K(194560K), 0.0010307 secs] [Times: user=0.00 sys=0.00, real=0.00 secs] 
5365.354: [GC (Allocation Failure) 5365.354: [ParNew: 81499K->0K(92160K), 0.0008425 secs] 82917K->1418K(194560K), 0.0009224 secs] [Times: user=0.00 sys=0.00, real=0.00 secs] 
5367.365: [GC (Allocation Failure) 5367.365: [ParNew: 81499K->0K(92160K), 0.0010525 secs] 82917K->1418K(194560K), 0.0011520 secs] [Times: user=0.00 sys=0.00, real=0.00 secs] 
5369.378: [GC (Allocation Failure) 5369.379: [ParNew: 81499K->0K(92160K), 0.0011930 secs] 82917K->1418K(194560K), 0.0013001 secs] [Times: user=0.00 sys=0.00, real=0.00 secs] 
5370.397: [GC (Allocation Failure) 5370.397: [ParNew: 81499K->0K(92160K), 0.0012516 secs] 82917K->1418K(194560K), 0.0013675 secs] [Times: user=0.00 sys=0.00, real=0.00 secs] 
5372.398: [GC (Allocation Failure) 5372.398: [ParNew: 81499K->0K(92160K), 0.0012731 secs] 82917K->1418K(194560K), 0.0013720 secs] [Times: user=0.00 sys=0.00, real=0.00 secs] 
5373.413: [GC (Allocation Failure) 5373.413: [ParNew: 81499K->0K(92160K), 0.0010815 secs] 82917K->1418K(194560K), 0.0011926 secs] [Times: user=0.00 sys=0.00, real=0.00 secs] 
5375.428: [GC (Allocation Failure) 5375.428: [ParNew: 81499K->0K(92160K), 0.0008855 secs] 82917K->1418K(194560K), 0.0010076 secs] [Times: user=0.00 sys=0.00, real=0.00 secs] 
5377.446: [GC (Allocation Failure) 5377.446: [ParNew: 81499K->0K(92160K), 0.0014223 secs] 82917K->1418K(194560K), 0.0015413 secs] [Times: user=0.00 sys=0.00, real=0.00 secs] 
5378.462: [GC (Allocation Failure) 5378.462: [ParNew: 81499K->0K(92160K), 0.0012458 secs] 82917K->1418K(194560K), 0.0013754 secs] [Times: user=0.00 sys=0.00, real=0.00 secs] 
5380.466: [GC (Allocation Failure) 5380.466: [ParNew: 81499K->0K(92160K), 0.0020974 secs] 82917K->1418K(194560K), 0.0022689 secs] [Times: user=0.00 sys=0.00, real=0.00 secs] 
5381.482: [GC (Allocation Failure) 5381.482: [ParNew: 81499K->0K(92160K), 0.0011315 secs] 82917K->1418K(194560K), 0.0012272 secs] [Times: user=0.00 sys=0.00, real=0.00 secs] 
5383.494: [GC (Allocation Failure) 5383.494: [ParNew: 81499K->0K(92160K), 0.0015606 secs] 82917K->1418K(194560K), 0.0017219 secs] [Times: user=0.00 sys=0.00, real=0.00 secs] 
5384.507: [GC (Allocation Failure) 5384.507: [ParNew: 81499K->0K(92160K), 0.0005857 secs] 82917K->1418K(194560K), 0.0006570 secs] [Times: user=0.00 sys=0.00, real=0.00 secs] 
5386.535: [GC (Allocation Failure) 5386.535: [ParNew: 81499K->0K(92160K), 0.0007927 secs] 82917K->1418K(194560K), 0.0008698 secs] [Times: user=0.00 sys=0.00, real=0.00 secs] 
5388.537: [GC (Allocation Failure) 5388.537: [ParNew: 81499K->0K(92160K), 0.0007379 secs] 82917K->1418K(194560K), 0.0008030 secs] [Times: user=0.00 sys=0.00, real=0.00 secs] 
5389.550: [GC (Allocation Failure) 5389.550: [ParNew: 81499K->0K(92160K), 0.0020049 secs] 82917K->1418K(194560K), 0.0021901 secs] [Times: user=0.00 sys=0.00, real=0.00 secs] 
5391.565: [GC (Allocation Failure) 5391.565: [ParNew: 81499K->0K(92160K), 0.0013792 secs] 82917K->1418K(194560K), 0.0014641 secs] [Times: user=0.00 sys=0.00, real=0.00 secs] 
5392.574: [GC (Allocation Failure) 5392.574: [ParNew: 81499K->0K(92160K), 0.0008837 secs] 82917K->1418K(194560K), 0.0009295 secs] [Times: user=0.00 sys=0.00, real=0.00 secs] 
5394.581: [GC (Allocation Failure) 5394.581: [ParNew: 81499K->0K(92160K), 0.0008526 secs] 82917K->1418K(194560K), 0.0009227 secs] [Times: user=0.00 sys=0.00, real=0.00 secs] 
5395.596: [GC (Allocation Failure) 5395.597: [ParNew: 81499K->0K(92160K), 0.0016684 secs] 82917K->1418K(194560K), 0.0018345 secs] [Times: user=0.00 sys=0.00, real=0.00 secs] 
5397.616: [GC (Allocation Failure) 5397.616: [ParNew: 81499K->0K(92160K), 0.0015251 secs] 82917K->1418K(194560K), 0.0016517 secs] [Times: user=0.00 sys=0.00, real=0.00 secs] 
5399.624: [GC (Allocation Failure) 5399.624: [ParNew: 81499K->0K(92160K), 0.0007363 secs] 82917K->1418K(194560K), 0.0008139 secs] [Times: user=0.00 sys=0.00, real=0.00 secs] 
5400.638: [GC (Allocation Failure) 5400.638: [ParNew: 81499K->0K(92160K), 0.0016841 secs] 82917K->1418K(194560K), 0.0018362 secs] [Times: user=0.00 sys=0.00, real=0.00 secs] 
5402.646: [GC (Allocation Failure) 5402.646: [ParNew: 81499K->0K(92160K), 0.0011686 secs] 82917K->1418K(194560K), 0.0012744 secs] [Times: user=0.00 sys=0.00, real=0.00 secs] 
5403.657: [GC (Allocation Failure) 5403.657: [ParNew: 81499K->0K(92160K), 0.0004461 secs] 82917K->1418K(194560K), 0.0004965 secs] [Times: user=0.00 sys=0.00, real=0.00 secs] 
5405.676: [GC (Allocation Failure) 5405.676: [ParNew: 81499K->0K(92160K), 0.0009480 secs] 82917K->1418K(194560K), 0.0010451 secs] [Times: user=0.00 sys=0.00, real=0.00 secs] 
5407.680: [GC (Allocation Failure) 5407.680: [ParNew: 81499K->0K(92160K), 0.0010010 secs] 82917K->1418K(194560K), 0.0010792 secs] [Times: user=0.00 sys=0.00, real=0.00 secs] 
5408.688: [GC (Allocation Failure) 5408.688: [ParNew: 81499K->0K(92160K), 0.0005740 secs] 82917K->1418K(194560K), 0.0006425 secs] [Times: user=0.00 sys=0.00, real=0.00 secs] 
5410.698: [GC (Allocation Failure) 5410.698: [ParNew: 81499K->0K(92160K), 0.0014069 secs] 82917K->1418K(194560K), 0.0016286 secs] [Times: user=0.00 sys=0.00, real=0.00 secs] 
5411.713: [GC (Allocation Failure) 5411.713: [ParNew: 81499K->0K(92160K), 0.0015146 secs] 82917K->1418K(194560K), 0.0016718 secs] [Times: user=0.00 sys=0.00, real=0.00 secs] 
5413.732: [GC (Allocation Failure) 5413.732: [ParNew: 81499K->0K(92160K), 0.0007572 secs] 82917K->1418K(194560K), 0.0009306 secs] [Times: user=0.00 sys=0.00, real=0.00 secs] 
5414.739: [GC (Allocation Failure) 5414.739: [ParNew: 81499K->0K(92160K), 0.0008696 secs] 82917K->1418K(194560K), 0.0009185 secs] [Times: user=0.00 sys=0.00, real=0.00 secs] 
5416.757: [GC (Allocation Failure) 5416.757: [ParNew: 81499K->0K(92160K), 0.0013830 secs] 82917K->1418K(194560K), 0.0015118 secs] [Times: user=0.00 sys=0.00, real=0.00 secs] 
5418.762: [GC (Allocation Failure) 5418.762: [ParNew: 81499K->0K(92160K), 0.0019925 secs] 82917K->1418K(194560K), 0.0021486 secs] [Times: user=0.00 sys=0.00, real=0.00 secs] 
5419.778: [GC (Allocation Failure) 5419.778: [ParNew: 81499K->0K(92160K), 0.0019102 secs] 82917K->1418K(194560K), 0.0020623 secs] [Times: user=0.00 sys=0.00, real=0.00 secs] 
5421.801: [GC (Allocation Failure) 5421.801: [ParNew: 81499K->0K(92160K), 0.0013019 secs] 82917K->1418K(194560K), 0.0014277 secs] [Times: user=0.00 sys=0.00, real=0.00 secs] 
5422.813: [GC (Allocation Failure) 5422.813: [ParNew: 81499K->0K(92160K), 0.0007939 secs] 82917K->1418K(194560K), 0.0008652 secs] [Times: user=0.00 sys=0.00, real=0.00 secs] 
5424.832: [GC (Allocation Failure) 5424.832: [ParNew: 81499K->0K(92160K), 0.0005166 secs] 82917K->1418K(194560K), 0.0005681 secs] [Times: user=0.00 sys=0.00, real=0.00 secs] 
5426.833: [GC (Allocation Failure) 5426.833: [ParNew: 81499K->0K(92160K), 0.0008550 secs] 82917K->1418K(194560K), 0.0009553 secs] [Times: user=0.00 sys=0.00, real=0.00 secs] 
5427.844: [GC (Allocation Failure) 5427.844: [ParNew: 81499K->0K(92160K), 0.0006061 secs] 82917K->1418K(194560K), 0.0006800 secs] [Times: user=0.00 sys=0.00, real=0.00 secs] 
5429.861: [GC (Allocation Failure) 5429.861: [ParNew: 81499K->0K(92160K), 0.0007989 secs] 82917K->1418K(194560K), 0.0008717 secs] [Times: user=0.00 sys=0.00, real=0.00 secs] 
5430.869: [GC (Allocation Failure) 5430.869: [ParNew: 81499K->0K(92160K), 0.0005290 secs] 82917K->1418K(194560K), 0.0006007 secs] [Times: user=0.00 sys=0.00, real=0.00 secs] 
5432.877: [GC (Allocation Failure) 5432.877: [ParNew: 81499K->0K(92160K), 0.0008114 secs] 82917K->1418K(194560K), 0.0008742 secs] [Times: user=0.00 sys=0.00, real=0.00 secs] 
5433.888: [GC (Allocation Failure) 5433.888: [ParNew: 81499K->0K(92160K), 0.0007246 secs] 82917K->1418K(194560K), 0.0007748 secs] [Times: user=0.00 sys=0.00, real=0.00 secs] 
5435.898: [GC (Allocation Failure) 5435.898: [ParNew: 81499K->0K(92160K), 0.0006892 secs] 82917K->1418K(194560K), 0.0007393 secs] [Times: user=0.00 sys=0.00, real=0.00 secs] 
5437.907: [GC (Allocation Failure) 5437.907: [ParNew: 81499K->0K(92160K), 0.0016305 secs] 82917K->1418K(194560K), 0.0017393 secs] [Times: user=0.00 sys=0.00, real=0.00 secs] 
5438.929: [GC (Allocation Failure) 5438.929: [ParNew: 81499K->0K(92160K), 0.0010219 secs] 82917K->1418K(194560K), 0.0011487 secs] [Times: user=0.00 sys=0.00, real=0.00 secs] 
5440.942: [GC (Allocation Failure) 5440.942: [ParNew: 81499K->0K(92160K), 0.0014157 secs] 82917K->1418K(194560K), 0.0015812 secs] [Times: user=0.00 sys=0.00, real=0.00 secs] 
5441.962: [GC (Allocation Failure) 5441.962: [ParNew: 81499K->0K(92160K), 0.0016791 secs] 82917K->1418K(194560K), 0.0018754 secs] [Times: user=0.00 sys=0.00, real=0.00 secs] 
5443.975: [GC (Allocation Failure) 5443.975: [ParNew: 81499K->0K(92160K), 0.0005925 secs] 82917K->1418K(194560K), 0.0006645 secs] [Times: user=0.00 sys=0.00, real=0.00 secs] 
5444.986: [GC (Allocation Failure) 5444.986: [ParNew: 81499K->0K(92160K), 0.0016288 secs] 82917K->1418K(194560K), 0.0017572 secs] [Times: user=0.00 sys=0.00, real=0.00 secs] 
5447.004: [GC (Allocation Failure) 5447.004: [ParNew: 81499K->0K(92160K), 0.0003992 secs] 82917K->1418K(194560K), 0.0004488 secs] [Times: user=0.00 sys=0.00, real=0.00 secs] 
5449.008: [GC (Allocation Failure) 5449.008: [ParNew: 81499K->0K(92160K), 0.0013561 secs] 82917K->1418K(194560K), 0.0015139 secs] [Times: user=0.00 sys=0.00, real=0.00 secs] 
5450.015: [GC (Allocation Failure) 5450.015: [ParNew: 81499K->0K(92160K), 0.0006402 secs] 82917K->1418K(194560K), 0.0007068 secs] [Times: user=0.00 sys=0.00, real=0.00 secs] 
5452.034: [GC (Allocation Failure) 5452.034: [ParNew: 81499K->0K(92160K), 0.0007826 secs] 82917K->1418K(194560K), 0.0008877 secs] [Times: user=0.00 sys=0.00, real=0.00 secs] 
5453.041: [GC (Allocation Failure) 5453.041: [ParNew: 81499K->0K(92160K), 0.0010260 secs] 82917K->1418K(194560K), 0.0010975 secs] [Times: user=0.00 sys=0.00, real=0.00 secs] 
5455.047: [GC (Allocation Failure) 5455.047: [ParNew: 81499K->0K(92160K), 0.0007378 secs] 82917K->1418K(194560K), 0.0007889 secs] [Times: user=0.00 sys=0.00, real=0.00 secs] 
5457.055: [GC (Allocation Failure) 5457.055: [ParNew: 81499K->0K(92160K), 0.0004854 secs] 82917K->1418K(194560K), 0.0005381 secs] [Times: user=0.00 sys=0.00, real=0.00 secs] 
5458.066: [GC (Allocation Failure) 5458.066: [ParNew: 81499K->0K(92160K), 0.0003647 secs] 82917K->1418K(194560K), 0.0004161 secs] [Times: user=0.00 sys=0.00, real=0.00 secs] 
5460.069: [GC (Allocation Failure) 5460.069: [ParNew: 81499K->0K(92160K), 0.0010199 secs] 82917K->1418K(194560K), 0.0010991 secs] [Times: user=0.00 sys=0.00, real=0.00 secs] 
5461.077: [GC (Allocation Failure) 5461.077: [ParNew: 81499K->0K(92160K), 0.0009381 secs] 82917K->1418K(194560K), 0.0010098 secs] [Times: user=0.00 sys=0.00, real=0.00 secs] 
5463.087: [GC (Allocation Failure) 5463.087: [ParNew: 81499K->0K(92160K), 0.0006354 secs] 82917K->1418K(194560K), 0.0006863 secs] [Times: user=0.00 sys=0.00, real=0.00 secs] 
5464.101: [GC (Allocation Failure) 5464.101: [ParNew: 81499K->0K(92160K), 0.0019059 secs] 82917K->1418K(194560K), 0.0020610 secs] [Times: user=0.00 sys=0.00, real=0.00 secs] 
5466.110: [GC (Allocation Failure) 5466.110: [ParNew: 81499K->0K(92160K), 0.0009696 secs] 82917K->1418K(194560K), 0.0010744 secs] [Times: user=0.00 sys=0.00, real=0.00 secs] 
5468.128: [GC (Allocation Failure) 5468.129: [ParNew: 81499K->0K(92160K), 0.0017738 secs] 82917K->1418K(194560K), 0.0019356 secs] [Times: user=0.00 sys=0.00, real=0.00 secs] 
5469.130: [GC (Allocation Failure) 5469.130: [ParNew: 81499K->0K(92160K), 0.0007352 secs] 82917K->1418K(194560K), 0.0007973 secs] [Times: user=0.00 sys=0.00, real=0.00 secs] 
5471.140: [GC (Allocation Failure) 5471.140: [ParNew: 81499K->0K(92160K), 0.0007136 secs] 82917K->1418K(194560K), 0.0008023 secs] [Times: user=0.02 sys=0.00, real=0.00 secs] 
5472.153: [GC (Allocation Failure) 5472.153: [ParNew: 81499K->0K(92160K), 0.0004507 secs] 82917K->1418K(194560K), 0.0005211 secs] [Times: user=0.00 sys=0.00, real=0.00 secs] 
5474.165: [GC (Allocation Failure) 5474.165: [ParNew: 81499K->0K(92160K), 0.0016062 secs] 82917K->1418K(194560K), 0.0017939 secs] [Times: user=0.00 sys=0.00, real=0.00 secs] 
5475.185: [GC (Allocation Failure) 5475.185: [ParNew: 81499K->0K(92160K), 0.0017801 secs] 82917K->1418K(194560K), 0.0019339 secs] [Times: user=0.00 sys=0.00, real=0.00 secs] 
5477.191: [GC (Allocation Failure) 5477.191: [ParNew: 81499K->0K(92160K), 0.0009859 secs] 82917K->1418K(194560K), 0.0010586 secs] [Times: user=0.00 sys=0.00, real=0.00 secs] 
5479.202: [GC (Allocation Failure) 5479.202: [ParNew: 81499K->0K(92160K), 0.0018180 secs] 82917K->1418K(194560K), 0.0019823 secs] [Times: user=0.11 sys=0.00, real=0.00 secs] 
5480.223: [GC (Allocation Failure) 5480.223: [ParNew: 81499K->0K(92160K), 0.0007135 secs] 82917K->1418K(194560K), 0.0007607 secs] [Times: user=0.00 sys=0.00, real=0.00 secs] 
5482.226: [GC (Allocation Failure) 5482.226: [ParNew: 81499K->0K(92160K), 0.0006745 secs] 82917K->1418K(194560K), 0.0007249 secs] [Times: user=0.00 sys=0.00, real=0.00 secs] 
5483.232: [GC (Allocation Failure) 5483.232: [ParNew: 81499K->0K(92160K), 0.0009711 secs] 82917K->1418K(194560K), 0.0010197 secs] [Times: user=0.00 sys=0.00, real=0.00 secs] 
5485.239: [GC (Allocation Failure) 5485.239: [ParNew: 81499K->0K(92160K), 0.0006113 secs] 82917K->1418K(194560K), 0.0006602 secs] [Times: user=0.00 sys=0.00, real=0.00 secs] 
5487.252: [GC (Allocation Failure) 5487.252: [ParNew: 81499K->0K(92160K), 0.0006589 secs] 82917K->1418K(194560K), 0.0007251 secs] [Times: user=0.00 sys=0.00, real=0.00 secs] 
5488.255: [GC (Allocation Failure) 5488.255: [ParNew: 81499K->0K(92160K), 0.0005241 secs] 82917K->1418K(194560K), 0.0005892 secs] [Times: user=0.00 sys=0.00, real=0.00 secs] 
5490.263: [GC (Allocation Failure) 5490.263: [ParNew: 81499K->0K(92160K), 0.0009369 secs] 82917K->1418K(194560K), 0.0010041 secs] [Times: user=0.00 sys=0.00, real=0.00 secs] 
5491.286: [GC (Allocation Failure) 5491.286: [ParNew: 81499K->0K(92160K), 0.0005938 secs] 82917K->1418K(194560K), 0.0006404 secs] [Times: user=0.00 sys=0.00, real=0.00 secs] 
5493.289: [GC (Allocation Failure) 5493.289: [ParNew: 81499K->0K(92160K), 0.0005329 secs] 82917K->1418K(194560K), 0.0006092 secs] [Times: user=0.00 sys=0.00, real=0.00 secs] 
5494.298: [GC (Allocation Failure) 5494.298: [ParNew: 81499K->0K(92160K), 0.0009291 secs] 82917K->1418K(194560K), 0.0010030 secs] [Times: user=0.00 sys=0.00, real=0.00 secs] 
5496.317: [GC (Allocation Failure) 5496.317: [ParNew: 81499K->0K(92160K), 0.0006643 secs] 82917K->1418K(194560K), 0.0007381 secs] [Times: user=0.00 sys=0.00, real=0.00 secs] 
5498.325: [GC (Allocation Failure) 5498.325: [ParNew: 81499K->0K(92160K), 0.0006319 secs] 82917K->1418K(194560K), 0.0006830 secs] [Times: user=0.00 sys=0.00, real=0.00 secs] 
5499.334: [GC (Allocation Failure) 5499.334: [ParNew: 81499K->0K(92160K), 0.0007883 secs] 82917K->1418K(194560K), 0.0008684 secs] [Times: user=0.00 sys=0.00, real=0.00 secs] 
5501.336: [GC (Allocation Failure) 5501.336: [ParNew: 81499K->0K(92160K), 0.0003694 secs] 82917K->1418K(194560K), 0.0004171 secs] [Times: user=0.00 sys=0.00, real=0.00 secs] 
5502.341: [GC (Allocation Failure) 5502.341: [ParNew: 81499K->0K(92160K), 0.0004396 secs] 82917K->1418K(194560K), 0.0005123 secs] [Times: user=0.00 sys=0.00, real=0.00 secs] 
5504.348: [GC (Allocation Failure) 5504.348: [ParNew: 81499K->0K(92160K), 0.0004403 secs] 82917K->1418K(194560K), 0.0004938 secs] [Times: user=0.00 sys=0.00, real=0.00 secs] 
5506.361: [GC (Allocation Failure) 5506.361: [ParNew: 81499K->0K(92160K), 0.0011139 secs] 82917K->1418K(194560K), 0.0012621 secs] [Times: user=0.00 sys=0.00, real=0.00 secs] 
5507.363: [GC (Allocation Failure) 5507.363: [ParNew: 81499K->0K(92160K), 0.0010087 secs] 82917K->1418K(194560K), 0.0010814 secs] [Times: user=0.00 sys=0.00, real=0.00 secs] 
5509.372: [GC (Allocation Failure) 5509.372: [ParNew: 81499K->0K(92160K), 0.0003788 secs] 82917K->1418K(194560K), 0.0004335 secs] [Times: user=0.00 sys=0.00, real=0.00 secs] 
5510.383: [GC (Allocation Failure) 5510.383: [ParNew: 81499K->0K(92160K), 0.0008030 secs] 82917K->1418K(194560K), 0.0009025 secs] [Times: user=0.00 sys=0.00, real=0.00 secs] 
5512.384: [GC (Allocation Failure) 5512.384: [ParNew: 81499K->0K(92160K), 0.0010729 secs] 82917K->1418K(194560K), 0.0011860 secs] [Times: user=0.00 sys=0.00, real=0.00 secs] 
5513.397: [GC (Allocation Failure) 5513.397: [ParNew: 81499K->0K(92160K), 0.0004142 secs] 82917K->1418K(194560K), 0.0004673 secs] [Times: user=0.00 sys=0.00, real=0.00 secs] 
5515.411: [GC (Allocation Failure) 5515.411: [ParNew: 81499K->0K(92160K), 0.0013193 secs] 82917K->1418K(194560K), 0.0014373 secs] [Times: user=0.00 sys=0.00, real=0.00 secs] 
5517.425: [GC (Allocation Failure) 5517.425: [ParNew: 81499K->0K(92160K), 0.0011474 secs] 82917K->1418K(194560K), 0.0012874 secs] [Times: user=0.00 sys=0.00, real=0.00 secs] 
5518.444: [GC (Allocation Failure) 5518.444: [ParNew: 81499K->0K(92160K), 0.0009513 secs] 82917K->1418K(194560K), 0.0010739 secs] [Times: user=0.00 sys=0.00, real=0.00 secs] 
5520.450: [GC (Allocation Failure) 5520.450: [ParNew: 81499K->0K(92160K), 0.0012477 secs] 82917K->1418K(194560K), 0.0013626 secs] [Times: user=0.00 sys=0.00, real=0.00 secs] 
5521.464: [GC (Allocation Failure) 5521.464: [ParNew: 81499K->0K(92160K), 0.0006960 secs] 82917K->1418K(194560K), 0.0007855 secs] [Times: user=0.00 sys=0.00, real=0.00 secs] 
5523.479: [GC (Allocation Failure) 5523.479: [ParNew: 81499K->0K(92160K), 0.0013205 secs] 82917K->1418K(194560K), 0.0014390 secs] [Times: user=0.00 sys=0.00, real=0.00 secs] 
5524.489: [GC (Allocation Failure) 5524.489: [ParNew: 81499K->0K(92160K), 0.0008688 secs] 82917K->1418K(194560K), 0.0009204 secs] [Times: user=0.00 sys=0.00, real=0.00 secs] 
5526.499: [GC (Allocation Failure) 5526.499: [ParNew: 81499K->0K(92160K), 0.0008563 secs] 82917K->1418K(194560K), 0.0009263 secs] [Times: user=0.00 sys=0.00, real=0.00 secs] 
5528.507: [GC (Allocation Failure) 5528.507: [ParNew: 81499K->0K(92160K), 0.0013965 secs] 82917K->1418K(194560K), 0.0015417 secs] [Times: user=0.00 sys=0.00, real=0.00 secs] 
5529.529: [GC (Allocation Failure) 5529.529: [ParNew: 81499K->0K(92160K), 0.0012472 secs] 82917K->1418K(194560K), 0.0014037 secs] [Times: user=0.00 sys=0.00, real=0.00 secs] 
5531.544: [GC (Allocation Failure) 5531.544: [ParNew: 81499K->0K(92160K), 0.0008112 secs] 82917K->1418K(194560K), 0.0009051 secs] [Times: user=0.00 sys=0.00, real=0.00 secs] 
5532.555: [GC (Allocation Failure) 5532.555: [ParNew: 81499K->0K(92160K), 0.0004114 secs] 82917K->1418K(194560K), 0.0004624 secs] [Times: user=0.00 sys=0.00, real=0.00 secs] 
5534.563: [GC (Allocation Failure) 5534.563: [ParNew: 81499K->0K(92160K), 0.0008194 secs] 82917K->1418K(194560K), 0.0009105 secs] [Times: user=0.02 sys=0.00, real=0.00 secs] 
5536.581: [GC (Allocation Failure) 5536.581: [ParNew: 81499K->0K(92160K), 0.0005513 secs] 82917K->1418K(194560K), 0.0006361 secs] [Times: user=0.00 sys=0.00, real=0.00 secs] 
5537.588: [GC (Allocation Failure) 5537.588: [ParNew: 81499K->0K(92160K), 0.0012893 secs] 82917K->1418K(194560K), 0.0014366 secs] [Times: user=0.00 sys=0.00, real=0.00 secs] 
5539.599: [GC (Allocation Failure) 5539.599: [ParNew: 81499K->0K(92160K), 0.0007391 secs] 82917K->1418K(194560K), 0.0008182 secs] [Times: user=0.00 sys=0.00, real=0.00 secs] 
5540.619: [GC (Allocation Failure) 5540.619: [ParNew: 81499K->0K(92160K), 0.0019136 secs] 82917K->1418K(194560K), 0.0020684 secs] [Times: user=0.00 sys=0.00, real=0.00 secs] 
5542.621: [GC (Allocation Failure) 5542.621: [ParNew: 81499K->0K(92160K), 0.0005799 secs] 82917K->1418K(194560K), 0.0006504 secs] [Times: user=0.00 sys=0.00, real=0.00 secs] 
5543.629: [GC (Allocation Failure) 5543.629: [ParNew: 81499K->0K(92160K), 0.0008833 secs] 82917K->1418K(194560K), 0.0009595 secs] [Times: user=0.00 sys=0.00, real=0.00 secs] 
5545.645: [GC (Allocation Failure) 5545.645: [ParNew: 81499K->0K(92160K), 0.0008112 secs] 82917K->1418K(194560K), 0.0008631 secs] [Times: user=0.00 sys=0.00, real=0.00 secs] 
5547.653: [GC (Allocation Failure) 5547.653: [ParNew: 81499K->0K(92160K), 0.0006605 secs] 82917K->1418K(194560K), 0.0007389 secs] [Times: user=0.00 sys=0.00, real=0.00 secs] 
5548.683: [GC (Allocation Failure) 5548.683: [ParNew: 81499K->0K(92160K), 0.0013924 secs] 82917K->1418K(194560K), 0.0015209 secs] [Times: user=0.00 sys=0.00, real=0.00 secs] 
5550.684: [GC (Allocation Failure) 5550.684: [ParNew: 81499K->0K(92160K), 0.0016786 secs] 82917K->1418K(194560K), 0.0018421 secs] [Times: user=0.00 sys=0.00, real=0.00 secs] 
5551.704: [GC (Allocation Failure) 5551.704: [ParNew: 81499K->0K(92160K), 0.0007833 secs] 82917K->1418K(194560K), 0.0008332 secs] [Times: user=0.00 sys=0.00, real=0.00 secs] 
5553.711: [GC (Allocation Failure) 5553.711: [ParNew: 81499K->0K(92160K), 0.0015103 secs] 82917K->1418K(194560K), 0.0016693 secs] [Times: user=0.00 sys=0.00, real=0.00 secs] 
5554.729: [GC (Allocation Failure) 5554.729: [ParNew: 81499K->0K(92160K), 0.0007824 secs] 82917K->1418K(194560K), 0.0008292 secs] [Times: user=0.00 sys=0.00, real=0.00 secs] 
5556.753: [GC (Allocation Failure) 5556.754: [ParNew: 81499K->0K(92160K), 0.0004752 secs] 82917K->1418K(194560K), 0.0005280 secs] [Times: user=0.00 sys=0.00, real=0.00 secs] 
5558.759: [GC (Allocation Failure) 5558.759: [ParNew: 81499K->0K(92160K), 0.0007483 secs] 82917K->1418K(194560K), 0.0008775 secs] [Times: user=0.00 sys=0.00, real=0.00 secs] 
5559.766: [GC (Allocation Failure) 5559.766: [ParNew: 81499K->0K(92160K), 0.0004529 secs] 82917K->1418K(194560K), 0.0005061 secs] [Times: user=0.09 sys=0.00, real=0.00 secs] 
5561.774: [GC (Allocation Failure) 5561.774: [ParNew: 81499K->0K(92160K), 0.0012635 secs] 82917K->1418K(194560K), 0.0013722 secs] [Times: user=0.00 sys=0.00, real=0.00 secs] 
5562.786: [GC (Allocation Failure) 5562.787: [ParNew: 81499K->0K(92160K), 0.0011196 secs] 82917K->1418K(194560K), 0.0012085 secs] [Times: user=0.00 sys=0.00, real=0.00 secs] 
5564.802: [GC (Allocation Failure) 5564.802: [ParNew: 81499K->0K(92160K), 0.0007958 secs] 82917K->1418K(194560K), 0.0008798 secs] [Times: user=0.00 sys=0.00, real=0.00 secs] 
5566.812: [GC (Allocation Failure) 5566.812: [ParNew: 81499K->0K(92160K), 0.0009770 secs] 82917K->1418K(194560K), 0.0010507 secs] [Times: user=0.02 sys=0.00, real=0.00 secs] 
5567.820: [GC (Allocation Failure) 5567.820: [ParNew: 81499K->0K(92160K), 0.0007121 secs] 82917K->1418K(194560K), 0.0007782 secs] [Times: user=0.00 sys=0.00, real=0.00 secs] 
5569.825: [GC (Allocation Failure) 5569.825: [ParNew: 81499K->0K(92160K), 0.0005926 secs] 82917K->1418K(194560K), 0.0006412 secs] [Times: user=0.00 sys=0.00, real=0.00 secs] 
5570.833: [GC (Allocation Failure) 5570.833: [ParNew: 81499K->0K(92160K), 0.0005713 secs] 82917K->1418K(194560K), 0.0006231 secs] [Times: user=0.00 sys=0.00, real=0.00 secs] 
5572.850: [GC (Allocation Failure) 5572.850: [ParNew: 81499K->0K(92160K), 0.0008547 secs] 82917K->1418K(194560K), 0.0010322 secs] [Times: user=0.00 sys=0.00, real=0.00 secs] 
5573.857: [GC (Allocation Failure) 5573.858: [ParNew: 81499K->0K(92160K), 0.0004306 secs] 82917K->1418K(194560K), 0.0005019 secs] [Times: user=0.00 sys=0.00, real=0.00 secs] 
5575.867: [GC (Allocation Failure) 5575.867: [ParNew: 81499K->0K(92160K), 0.0013051 secs] 82917K->1418K(194560K), 0.0013641 secs] [Times: user=0.00 sys=0.00, real=0.00 secs] 
5577.874: [GC (Allocation Failure) 5577.874: [ParNew: 81499K->0K(92160K), 0.0013956 secs] 82917K->1418K(194560K), 0.0015161 secs] [Times: user=0.11 sys=0.00, real=0.00 secs] 
5578.900: [GC (Allocation Failure) 5578.900: [ParNew: 81499K->0K(92160K), 0.0012539 secs] 82917K->1418K(194560K), 0.0014124 secs] [Times: user=0.00 sys=0.00, real=0.00 secs] 
5580.904: [GC (Allocation Failure) 5580.904: [ParNew: 81499K->0K(92160K), 0.0009605 secs] 82917K->1418K(194560K), 0.0010784 secs] [Times: user=0.00 sys=0.00, real=0.00 secs] 
5581.920: [GC (Allocation Failure) 5581.920: [ParNew: 81499K->0K(92160K), 0.0005876 secs] 82917K->1418K(194560K), 0.0006470 secs] [Times: user=0.00 sys=0.00, real=0.00 secs] 
5583.925: [GC (Allocation Failure) 5583.925: [ParNew: 81499K->0K(92160K), 0.0005902 secs] 82917K->1418K(194560K), 0.0006613 secs] [Times: user=0.00 sys=0.00, real=0.00 secs] 
5585.932: [GC (Allocation Failure) 5585.932: [ParNew: 81499K->0K(92160K), 0.0006682 secs] 82917K->1418K(194560K), 0.0007246 secs] [Times: user=0.00 sys=0.00, real=0.00 secs] 
5586.938: [GC (Allocation Failure) 5586.938: [ParNew: 81499K->0K(92160K), 0.0006110 secs] 82917K->1418K(194560K), 0.0006919 secs] [Times: user=0.00 sys=0.00, real=0.00 secs] 
5588.948: [GC (Allocation Failure) 5588.948: [ParNew: 81499K->0K(92160K), 0.0007914 secs] 82917K->1418K(194560K), 0.0008637 secs] [Times: user=0.00 sys=0.00, real=0.00 secs] 
5589.968: [GC (Allocation Failure) 5589.968: [ParNew: 81499K->0K(92160K), 0.0007592 secs] 82917K->1418K(194560K), 0.0008282 secs] [Times: user=0.00 sys=0.00, real=0.00 secs] 
5591.974: [GC (Allocation Failure) 5591.974: [ParNew: 81499K->0K(92160K), 0.0008099 secs] 82917K->1418K(194560K), 0.0008811 secs] [Times: user=0.00 sys=0.00, real=0.00 secs] 
5592.981: [GC (Allocation Failure) 5592.981: [ParNew: 81499K->0K(92160K), 0.0006370 secs] 82917K->1418K(194560K), 0.0007058 secs] [Times: user=0.00 sys=0.00, real=0.00 secs] 
5594.990: [GC (Allocation Failure) 5594.990: [ParNew: 81499K->0K(92160K), 0.0004372 secs] 82917K->1418K(194560K), 0.0004896 secs] [Times: user=0.00 sys=0.00, real=0.00 secs] 
5596.995: [GC (Allocation Failure) 5596.995: [ParNew: 81499K->0K(92160K), 0.0005133 secs] 82917K->1418K(194560K), 0.0005663 secs] [Times: user=0.00 sys=0.00, real=0.00 secs] 
5598.000: [GC (Allocation Failure) 5598.000: [ParNew: 81499K->0K(92160K), 0.0004352 secs] 82917K->1418K(194560K), 0.0004955 secs] [Times: user=0.00 sys=0.00, real=0.00 secs] 
5600.007: [GC (Allocation Failure) 5600.007: [ParNew: 81499K->0K(92160K), 0.0004172 secs] 82917K->1418K(194560K), 0.0004640 secs] [Times: user=0.00 sys=0.00, real=0.00 secs] 
5601.026: [GC (Allocation Failure) 5601.026: [ParNew: 81499K->0K(92160K), 0.0005121 secs] 82917K->1418K(194560K), 0.0005597 secs] [Times: user=0.00 sys=0.00, real=0.00 secs] 
5603.040: [GC (Allocation Failure) 5603.040: [ParNew: 81499K->0K(92160K), 0.0007525 secs] 82917K->1418K(194560K), 0.0008305 secs] [Times: user=0.00 sys=0.00, real=0.00 secs] 
5604.041: [GC (Allocation Failure) 5604.041: [ParNew: 81499K->0K(92160K), 0.0003823 secs] 82917K->1418K(194560K), 0.0004313 secs] [Times: user=0.00 sys=0.00, real=0.00 secs] 
5606.059: [GC (Allocation Failure) 5606.059: [ParNew: 81499K->0K(92160K), 0.0007053 secs] 82917K->1418K(194560K), 0.0007836 secs] [Times: user=0.00 sys=0.00, real=0.00 secs] 
5608.072: [GC (Allocation Failure) 5608.072: [ParNew: 81499K->0K(92160K), 0.0009307 secs] 82917K->1418K(194560K), 0.0010488 secs] [Times: user=0.00 sys=0.00, real=0.00 secs] 
5609.093: [GC (Allocation Failure) 5609.093: [ParNew: 81499K->0K(92160K), 0.0004869 secs] 82917K->1418K(194560K), 0.0005379 secs] [Times: user=0.00 sys=0.00, real=0.00 secs] 
5611.112: [GC (Allocation Failure) 5611.112: [ParNew: 81499K->0K(92160K), 0.0009961 secs] 82917K->1418K(194560K), 0.0010879 secs] [Times: user=0.00 sys=0.00, real=0.00 secs] 
5612.114: [GC (Allocation Failure) 5612.114: [ParNew: 81499K->0K(92160K), 0.0007835 secs] 82917K->1418K(194560K), 0.0008485 secs] [Times: user=0.00 sys=0.00, real=0.00 secs] 
5614.133: [GC (Allocation Failure) 5614.133: [ParNew: 81499K->0K(92160K), 0.0005738 secs] 82917K->1418K(194560K), 0.0006262 secs] [Times: user=0.00 sys=0.00, real=0.00 secs] 
5616.145: [GC (Allocation Failure) 5616.145: [ParNew: 81499K->0K(92160K), 0.0005606 secs] 82917K->1418K(194560K), 0.0006631 secs] [Times: user=0.00 sys=0.00, real=0.00 secs] 
5617.153: [GC (Allocation Failure) 5617.153: [ParNew: 81499K->0K(92160K), 0.0014504 secs] 82917K->1418K(194560K), 0.0016012 secs] [Times: user=0.00 sys=0.00, real=0.00 secs] 
5619.179: [GC (Allocation Failure) 5619.179: [ParNew: 81499K->0K(92160K), 0.0009856 secs] 82917K->1418K(194560K), 0.0011005 secs] [Times: user=0.00 sys=0.00, real=0.00 secs] 
5620.200: [GC (Allocation Failure) 5620.200: [ParNew: 81499K->0K(92160K), 0.0014378 secs] 82917K->1418K(194560K), 0.0015624 secs] [Times: user=0.00 sys=0.00, real=0.00 secs] 
5622.225: [GC (Allocation Failure) 5622.225: [ParNew: 81499K->0K(92160K), 0.0007129 secs] 82917K->1418K(194560K), 0.0007913 secs] [Times: user=0.00 sys=0.00, real=0.00 secs] 
5623.238: [GC (Allocation Failure) 5623.238: [ParNew: 81499K->0K(92160K), 0.0007394 secs] 82917K->1418K(194560K), 0.0008100 secs] [Times: user=0.00 sys=0.00, real=0.00 secs] 
5625.252: [GC (Allocation Failure) 5625.252: [ParNew: 81499K->0K(92160K), 0.0007331 secs] 82917K->1418K(194560K), 0.0007816 secs] [Times: user=0.00 sys=0.00, real=0.00 secs] 
5627.265: [GC (Allocation Failure) 5627.265: [ParNew: 81499K->0K(92160K), 0.0006200 secs] 82917K->1418K(194560K), 0.0006935 secs] [Times: user=0.00 sys=0.00, real=0.00 secs] 
5628.269: [GC (Allocation Failure) 5628.269: [ParNew: 81499K->0K(92160K), 0.0007935 secs] 82917K->1418K(194560K), 0.0008590 secs] [Times: user=0.00 sys=0.00, real=0.00 secs] 
5630.293: [GC (Allocation Failure) 5630.293: [ParNew: 81499K->0K(92160K), 0.0007982 secs] 82917K->1418K(194560K), 0.0008681 secs] [Times: user=0.00 sys=0.00, real=0.00 secs] 
5631.311: [GC (Allocation Failure) 5631.311: [ParNew: 81499K->0K(92160K), 0.0005332 secs] 82917K->1418K(194560K), 0.0005794 secs] [Times: user=0.00 sys=0.00, real=0.00 secs] 
5633.331: [GC (Allocation Failure) 5633.331: [ParNew: 81499K->0K(92160K), 0.0010510 secs] 82917K->1418K(194560K), 0.0011417 secs] [Times: user=0.00 sys=0.00, real=0.00 secs] 
5634.350: [GC (Allocation Failure) 5634.350: [ParNew: 81499K->0K(92160K), 0.0006791 secs] 82917K->1418K(194560K), 0.0007705 secs] [Times: user=0.00 sys=0.00, real=0.00 secs] 
5636.377: [GC (Allocation Failure) 5636.377: [ParNew: 81499K->0K(92160K), 0.0006304 secs] 82917K->1418K(194560K), 0.0006968 secs] [Times: user=0.00 sys=0.00, real=0.00 secs] 
5638.385: [GC (Allocation Failure) 5638.385: [ParNew: 81499K->0K(92160K), 0.0008898 secs] 82917K->1418K(194560K), 0.0009820 secs] [Times: user=0.00 sys=0.00, real=0.00 secs] 
5639.397: [GC (Allocation Failure) 5639.397: [ParNew: 81499K->0K(92160K), 0.0010961 secs] 82917K->1418K(194560K), 0.0011865 secs] [Times: user=0.00 sys=0.00, real=0.00 secs] 
5641.407: [GC (Allocation Failure) 5641.407: [ParNew: 81499K->0K(92160K), 0.0007594 secs] 82917K->1418K(194560K), 0.0008333 secs] [Times: user=0.00 sys=0.00, real=0.00 secs] 
5642.426: [GC (Allocation Failure) 5642.426: [ParNew: 81499K->0K(92160K), 0.0009101 secs] 82917K->1418K(194560K), 0.0009813 secs] [Times: user=0.00 sys=0.00, real=0.00 secs] 
5644.434: [GC (Allocation Failure) 5644.434: [ParNew: 81499K->0K(92160K), 0.0013503 secs] 82917K->1418K(194560K), 0.0014679 secs] [Times: user=0.00 sys=0.00, real=0.00 secs] 
5646.437: [GC (Allocation Failure) 5646.437: [ParNew: 81499K->0K(92160K), 0.0009735 secs] 82917K->1418K(194560K), 0.0010485 secs] [Times: user=0.00 sys=0.00, real=0.00 secs] 
5647.446: [GC (Allocation Failure) 5647.446: [ParNew: 81499K->0K(92160K), 0.0008668 secs] 82917K->1418K(194560K), 0.0009423 secs] [Times: user=0.00 sys=0.00, real=0.00 secs] 
5649.476: [GC (Allocation Failure) 5649.476: [ParNew: 81499K->0K(92160K), 0.0006013 secs] 82917K->1418K(194560K), 0.0006701 secs] [Times: user=0.00 sys=0.00, real=0.00 secs] 
5650.484: [GC (Allocation Failure) 5650.484: [ParNew: 81499K->0K(92160K), 0.0006766 secs] 82917K->1418K(194560K), 0.0007522 secs] [Times: user=0.00 sys=0.00, real=0.00 secs] 
5652.500: [GC (Allocation Failure) 5652.500: [ParNew: 81499K->0K(92160K), 0.0005484 secs] 82917K->1418K(194560K), 0.0006153 secs] [Times: user=0.00 sys=0.00, real=0.00 secs] 
5653.518: [GC (Allocation Failure) 5653.518: [ParNew: 81499K->0K(92160K), 0.0010562 secs] 82917K->1418K(194560K), 0.0011282 secs] [Times: user=0.00 sys=0.00, real=0.00 secs] 
5655.551: [GC (Allocation Failure) 5655.551: [ParNew: 81499K->0K(92160K), 0.0012147 secs] 82917K->1418K(194560K), 0.0013650 secs] [Times: user=0.00 sys=0.00, real=0.00 secs] 
5657.559: [GC (Allocation Failure) 5657.559: [ParNew: 81499K->0K(92160K), 0.0014921 secs] 82917K->1418K(194560K), 0.0016195 secs] [Times: user=0.00 sys=0.00, real=0.00 secs] 
5658.580: [GC (Allocation Failure) 5658.580: [ParNew: 81499K->0K(92160K), 0.0013249 secs] 82917K->1418K(194560K), 0.0014450 secs] [Times: user=0.00 sys=0.00, real=0.00 secs] 
5660.590: [GC (Allocation Failure) 5660.590: [ParNew: 81499K->0K(92160K), 0.0006719 secs] 82917K->1418K(194560K), 0.0007400 secs] [Times: user=0.00 sys=0.00, real=0.00 secs] 
5661.602: [GC (Allocation Failure) 5661.603: [ParNew: 81499K->0K(92160K), 0.0010659 secs] 82917K->1418K(194560K), 0.0011812 secs] [Times: user=0.00 sys=0.00, real=0.00 secs] 
5663.606: [GC (Allocation Failure) 5663.606: [ParNew: 81499K->0K(92160K), 0.0018726 secs] 82917K->1418K(194560K), 0.0020701 secs] [Times: user=0.00 sys=0.00, real=0.00 secs] 
5665.606: [GC (Allocation Failure) 5665.606: [ParNew: 81499K->0K(92160K), 0.0006622 secs] 82917K->1418K(194560K), 0.0007380 secs] [Times: user=0.00 sys=0.00, real=0.00 secs] 
5666.621: [GC (Allocation Failure) 5666.621: [ParNew: 81499K->0K(92160K), 0.0008991 secs] 82917K->1418K(194560K), 0.0010115 secs] [Times: user=0.00 sys=0.00, real=0.00 secs] 
5668.649: [GC (Allocation Failure) 5668.649: [ParNew: 81499K->0K(92160K), 0.0008196 secs] 82917K->1418K(194560K), 0.0009036 secs] [Times: user=0.00 sys=0.00, real=0.00 secs] 
5669.668: [GC (Allocation Failure) 5669.668: [ParNew: 81499K->0K(92160K), 0.0010252 secs] 82917K->1418K(194560K), 0.0011190 secs] [Times: user=0.00 sys=0.00, real=0.00 secs] 
5671.698: [GC (Allocation Failure) 5671.698: [ParNew: 81499K->0K(92160K), 0.0017268 secs] 82917K->1418K(194560K), 0.0018833 secs] [Times: user=0.00 sys=0.00, real=0.00 secs] 
5672.720: [GC (Allocation Failure) 5672.720: [ParNew: 81499K->0K(92160K), 0.0017376 secs] 82917K->1418K(194560K), 0.0018931 secs] [Times: user=0.00 sys=0.00, real=0.00 secs] 
5674.743: [GC (Allocation Failure) 5674.743: [ParNew: 81499K->0K(92160K), 0.0006697 secs] 82917K->1418K(194560K), 0.0007425 secs] [Times: user=0.00 sys=0.00, real=0.00 secs] 
5676.763: [GC (Allocation Failure) 5676.763: [ParNew: 81499K->0K(92160K), 0.0016535 secs] 82917K->1418K(194560K), 0.0018109 secs] [Times: user=0.00 sys=0.00, real=0.00 secs] 
5677.785: [GC (Allocation Failure) 5677.785: [ParNew: 81499K->0K(92160K), 0.0016691 secs] 82917K->1418K(194560K), 0.0018254 secs] [Times: user=0.00 sys=0.00, real=0.00 secs] 
5679.811: [GC (Allocation Failure) 5679.811: [ParNew: 81499K->0K(92160K), 0.0016244 secs] 82917K->1418K(194560K), 0.0017513 secs] [Times: user=0.00 sys=0.00, real=0.00 secs] 
5680.832: [GC (Allocation Failure) 5680.832: [ParNew: 81499K->0K(92160K), 0.0016028 secs] 82917K->1418K(194560K), 0.0017210 secs] [Times: user=0.00 sys=0.00, real=0.00 secs] 
5682.858: [GC (Allocation Failure) 5682.859: [ParNew: 81499K->0K(92160K), 0.0007675 secs] 82917K->1418K(194560K), 0.0008685 secs] [Times: user=0.00 sys=0.00, real=0.00 secs] 
5683.874: [GC (Allocation Failure) 5683.874: [ParNew: 81499K->0K(92160K), 0.0004485 secs] 82917K->1418K(194560K), 0.0005031 secs] [Times: user=0.00 sys=0.00, real=0.00 secs] 
5685.879: [GC (Allocation Failure) 5685.879: [ParNew: 81499K->0K(92160K), 0.0005953 secs] 82917K->1418K(194560K), 0.0006685 secs] [Times: user=0.00 sys=0.00, real=0.00 secs] 
5687.884: [GC (Allocation Failure) 5687.884: [ParNew: 81499K->0K(92160K), 0.0005032 secs] 82917K->1418K(194560K), 0.0005733 secs] [Times: user=0.00 sys=0.00, real=0.00 secs] 
5688.890: [GC (Allocation Failure) 5688.890: [ParNew: 81499K->0K(92160K), 0.0008683 secs] 82917K->1418K(194560K), 0.0009310 secs] [Times: user=0.00 sys=0.00, real=0.00 secs] 
5690.898: [GC (Allocation Failure) 5690.898: [ParNew: 81499K->0K(92160K), 0.0004926 secs] 82917K->1418K(194560K), 0.0005615 secs] [Times: user=0.00 sys=0.00, real=0.00 secs] 
5691.911: [GC (Allocation Failure) 5691.911: [ParNew: 81499K->0K(92160K), 0.0006903 secs] 82917K->1418K(194560K), 0.0007449 secs] [Times: user=0.00 sys=0.00, real=0.00 secs] 
5693.917: [GC (Allocation Failure) 5693.917: [ParNew: 81499K->0K(92160K), 0.0009659 secs] 82917K->1418K(194560K), 0.0010472 secs] [Times: user=0.00 sys=0.00, real=0.00 secs] 
5695.925: [GC (Allocation Failure) 5695.925: [ParNew: 81499K->0K(92160K), 0.0005446 secs] 82917K->1418K(194560K), 0.0006105 secs] [Times: user=0.00 sys=0.00, real=0.00 secs] 
5696.932: [GC (Allocation Failure) 5696.932: [ParNew: 81499K->0K(92160K), 0.0005296 secs] 82917K->1418K(194560K), 0.0005911 secs] [Times: user=0.00 sys=0.00, real=0.00 secs] 
5698.948: [GC (Allocation Failure) 5698.948: [ParNew: 81499K->0K(92160K), 0.0007678 secs] 82917K->1418K(194560K), 0.0008374 secs] [Times: user=0.00 sys=0.00, real=0.00 secs] 
5699.950: [GC (Allocation Failure) 5699.950: [ParNew: 81499K->0K(92160K), 0.0007251 secs] 82917K->1418K(194560K), 0.0007768 secs] [Times: user=0.00 sys=0.00, real=0.00 secs] 
5701.960: [GC (Allocation Failure) 5701.960: [ParNew: 81499K->0K(92160K), 0.0004456 secs] 82917K->1418K(194560K), 0.0005009 secs] [Times: user=0.00 sys=0.00, real=0.00 secs] 
5702.967: [GC (Allocation Failure) 5702.967: [ParNew: 81499K->0K(92160K), 0.0007581 secs] 82917K->1418K(194560K), 0.0008113 secs] [Times: user=0.00 sys=0.00, real=0.00 secs] 
5704.987: [GC (Allocation Failure) 5704.987: [ParNew: 81499K->0K(92160K), 0.0006867 secs] 82917K->1418K(194560K), 0.0007518 secs] [Times: user=0.00 sys=0.00, real=0.00 secs] 
5707.016: [GC (Allocation Failure) 5707.016: [ParNew: 81499K->0K(92160K), 0.0005546 secs] 82917K->1418K(194560K), 0.0006207 secs] [Times: user=0.00 sys=0.00, real=0.00 secs] 
5708.039: [GC (Allocation Failure) 5708.039: [ParNew: 81499K->0K(92160K), 0.0013989 secs] 82917K->1418K(194560K), 0.0015512 secs] [Times: user=0.00 sys=0.00, real=0.00 secs] 
5710.058: [GC (Allocation Failure) 5710.058: [ParNew: 81499K->0K(92160K), 0.0006291 secs] 82917K->1418K(194560K), 0.0006952 secs] [Times: user=0.00 sys=0.00, real=0.00 secs] 
5711.076: [GC (Allocation Failure) 5711.076: [ParNew: 81499K->0K(92160K), 0.0004004 secs] 82917K->1418K(194560K), 0.0004486 secs] [Times: user=0.00 sys=0.00, real=0.00 secs] 
5713.094: [GC (Allocation Failure) 5713.094: [ParNew: 81499K->0K(92160K), 0.0007474 secs] 82917K->1418K(194560K), 0.0007990 secs] [Times: user=0.00 sys=0.00, real=0.00 secs] 
5714.096: [GC (Allocation Failure) 5714.096: [ParNew: 81499K->0K(92160K), 0.0004632 secs] 82917K->1418K(194560K), 0.0005146 secs] [Times: user=0.00 sys=0.00, real=0.00 secs] 
5716.129: [GC (Allocation Failure) 5716.129: [ParNew: 81499K->0K(92160K), 0.0016806 secs] 82917K->1418K(194560K), 0.0018186 secs] [Times: user=0.00 sys=0.00, real=0.00 secs] 
6709.568: [GC (Allocation Failure) 6709.568: [ParNew: 81499K->0K(92160K), 0.0006625 secs] 82917K->1418K(194560K), 0.0007597 secs] [Times: user=0.00 sys=0.00, real=0.00 secs] 
6710.575: [GC (Allocation Failure) 6710.575: [ParNew: 81499K->0K(92160K), 0.0006012 secs] 82917K->1418K(194560K), 0.0006863 secs] [Times: user=0.00 sys=0.00, real=0.00 secs] 
6712.606: [GC (Allocation Failure) 6712.606: [ParNew: 81499K->0K(92160K), 0.0005187 secs] 82917K->1418K(194560K), 0.0005722 secs] [Times: user=0.00 sys=0.00, real=0.00 secs] 
6713.609: [GC (Allocation Failure) 6713.609: [ParNew: 81499K->0K(92160K), 0.0004717 secs] 82917K->1418K(194560K), 0.0005306 secs] [Times: user=0.00 sys=0.00, real=0.00 secs] 
6715.639: [GC (Allocation Failure) 6715.639: [ParNew: 81499K->0K(92160K), 0.0004289 secs] 82917K->1418K(194560K), 0.0004769 secs] [Times: user=0.00 sys=0.00, real=0.00 secs] 
6717.669: [GC (Allocation Failure) 6717.669: [ParNew: 81499K->0K(92160K), 0.0004803 secs] 82917K->1418K(194560K), 0.0005513 secs] [Times: user=0.00 sys=0.00, real=0.00 secs] 
6718.677: [GC (Allocation Failure) 6718.677: [ParNew: 81499K->0K(92160K), 0.0003473 secs] 82917K->1418K(194560K), 0.0003944 secs] [Times: user=0.00 sys=0.00, real=0.00 secs] 
6720.719: [GC (Allocation Failure) 6720.719: [ParNew: 81499K->0K(92160K), 0.0005074 secs] 82917K->1418K(194560K), 0.0005588 secs] [Times: user=0.00 sys=0.00, real=0.00 secs] 
6721.723: [GC (Allocation Failure) 6721.723: [ParNew: 81499K->0K(92160K), 0.0004476 secs] 82917K->1418K(194560K), 0.0004901 secs] [Times: user=0.00 sys=0.00, real=0.00 secs] 
6723.738: [GC (Allocation Failure) 6723.738: [ParNew: 81499K->0K(92160K), 0.0005117 secs] 82917K->1418K(194560K), 0.0005623 secs] [Times: user=0.00 sys=0.00, real=0.00 secs] 
6724.755: [GC (Allocation Failure) 6724.755: [ParNew: 81499K->0K(92160K), 0.0004503 secs] 82917K->1418K(194560K), 0.0004983 secs] [Times: user=0.00 sys=0.00, real=0.00 secs] 
6726.784: [GC (Allocation Failure) 6726.784: [ParNew: 81499K->0K(92160K), 0.0008423 secs] 82917K->1418K(194560K), 0.0009233 secs] [Times: user=0.00 sys=0.00, real=0.00 secs] 
6728.812: [GC (Allocation Failure) 6728.812: [ParNew: 81499K->0K(92160K), 0.0003934 secs] 82917K->1418K(194560K), 0.0004753 secs] [Times: user=0.00 sys=0.00, real=0.00 secs] 
6729.829: [GC (Allocation Failure) 6729.829: [ParNew: 81499K->0K(92160K), 0.0004405 secs] 82917K->1418K(194560K), 0.0004867 secs] [Times: user=0.00 sys=0.00, real=0.00 secs] 
6731.857: [GC (Allocation Failure) 6731.857: [ParNew: 81499K->0K(92160K), 0.0004047 secs] 82917K->1418K(194560K), 0.0004545 secs] [Times: user=0.00 sys=0.00, real=0.00 secs] 
6732.874: [GC (Allocation Failure) 6732.874: [ParNew: 81499K->0K(92160K), 0.0003339 secs] 82917K->1418K(194560K), 0.0003796 secs] [Times: user=0.00 sys=0.00, real=0.00 secs] 
6744.077: [GC (Allocation Failure) 6744.078: [ParNew: 81499K->0K(92160K), 0.0005878 secs] 82917K->1418K(194560K), 0.0006478 secs] [Times: user=0.00 sys=0.00, real=0.00 secs] 
6746.099: [GC (Allocation Failure) 6746.099: [ParNew: 81499K->0K(92160K), 0.0004847 secs] 82917K->1418K(194560K), 0.0005465 secs] [Times: user=0.00 sys=0.00, real=0.00 secs] 
6747.117: [GC (Allocation Failure) 6747.117: [ParNew: 81499K->0K(92160K), 0.0005966 secs] 82917K->1418K(194560K), 0.0006601 secs] [Times: user=0.00 sys=0.00, real=0.00 secs] 
6749.147: [GC (Allocation Failure) 6749.147: [ParNew: 81499K->0K(92160K), 0.0006501 secs] 82917K->1418K(194560K), 0.0007111 secs] [Times: user=0.00 sys=0.00, real=0.00 secs] 
6750.164: [GC (Allocation Failure) 6750.164: [ParNew: 81499K->0K(92160K), 0.0004959 secs] 82917K->1418K(194560K), 0.0005497 secs] [Times: user=0.00 sys=0.00, real=0.00 secs] 
6752.187: [GC (Allocation Failure) 6752.187: [ParNew: 81499K->0K(92160K), 0.0005144 secs] 82917K->1418K(194560K), 0.0005689 secs] [Times: user=0.00 sys=0.00, real=0.00 secs] 
6753.205: [GC (Allocation Failure) 6753.205: [ParNew: 81499K->0K(92160K), 0.0004501 secs] 82917K->1418K(194560K), 0.0004967 secs] [Times: user=0.00 sys=0.00, real=0.00 secs] 
6755.220: [GC (Allocation Failure) 6755.220: [ParNew: 81499K->0K(92160K), 0.0005240 secs] 82917K->1418K(194560K), 0.0005773 secs] [Times: user=0.00 sys=0.00, real=0.00 secs] 
6757.225: [GC (Allocation Failure) 6757.225: [ParNew: 81499K->0K(92160K), 0.0011247 secs] 82917K->1418K(194560K), 0.0011775 secs] [Times: user=0.00 sys=0.00, real=0.00 secs] 
6758.231: [GC (Allocation Failure) 6758.231: [ParNew: 81499K->0K(92160K), 0.0004333 secs] 82917K->1418K(194560K), 0.0005050 secs] [Times: user=0.00 sys=0.00, real=0.00 secs] 
6760.232: [GC (Allocation Failure) 6760.233: [ParNew: 81499K->0K(92160K), 0.0007611 secs] 82917K->1418K(194560K), 0.0008124 secs] [Times: user=0.00 sys=0.00, real=0.00 secs] 
6761.240: [GC (Allocation Failure) 6761.240: [ParNew: 81499K->0K(92160K), 0.0004850 secs] 82917K->1418K(194560K), 0.0005340 secs] [Times: user=0.00 sys=0.00, real=0.00 secs] 
6763.253: [GC (Allocation Failure) 6763.253: [ParNew: 81499K->0K(92160K), 0.0006295 secs] 82917K->1418K(194560K), 0.0006923 secs] [Times: user=0.00 sys=0.00, real=0.00 secs] 
6764.265: [GC (Allocation Failure) 6764.265: [ParNew: 81499K->0K(92160K), 0.0005374 secs] 82917K->1418K(194560K), 0.0006300 secs] [Times: user=0.00 sys=0.00, real=0.00 secs] 
6766.269: [GC (Allocation Failure) 6766.269: [ParNew: 81499K->0K(92160K), 0.0004535 secs] 82917K->1418K(194560K), 0.0005111 secs] [Times: user=0.00 sys=0.00, real=0.00 secs] 
6768.279: [GC (Allocation Failure) 6768.279: [ParNew: 81499K->0K(92160K), 0.0006460 secs] 82917K->1418K(194560K), 0.0006929 secs] [Times: user=0.00 sys=0.00, real=0.00 secs] 
6769.284: [GC (Allocation Failure) 6769.284: [ParNew: 81499K->0K(92160K), 0.0007290 secs] 82917K->1418K(194560K), 0.0007775 secs] [Times: user=0.00 sys=0.00, real=0.00 secs] 
6771.288: [GC (Allocation Failure) 6771.288: [ParNew: 81499K->0K(92160K), 0.0005577 secs] 82917K->1418K(194560K), 0.0006203 secs] [Times: user=0.00 sys=0.00, real=0.00 secs] 
6772.295: [GC (Allocation Failure) 6772.295: [ParNew: 81499K->0K(92160K), 0.0005491 secs] 82917K->1418K(194560K), 0.0006039 secs] [Times: user=0.00 sys=0.00, real=0.00 secs] 
6774.300: [GC (Allocation Failure) 6774.300: [ParNew: 81499K->0K(92160K), 0.0005998 secs] 82917K->1418K(194560K), 0.0006585 secs] [Times: user=0.00 sys=0.00, real=0.00 secs] 
6776.308: [GC (Allocation Failure) 6776.308: [ParNew: 81499K->0K(92160K), 0.0020158 secs] 82917K->1418K(194560K), 0.0021349 secs] [Times: user=0.03 sys=0.00, real=0.00 secs] 
6777.318: [GC (Allocation Failure) 6777.318: [ParNew: 81499K->0K(92160K), 0.0006203 secs] 82917K->1418K(194560K), 0.0006852 secs] [Times: user=0.00 sys=0.00, real=0.00 secs] 
6779.326: [GC (Allocation Failure) 6779.326: [ParNew: 81499K->0K(92160K), 0.0004785 secs] 82917K->1418K(194560K), 0.0005331 secs] [Times: user=0.00 sys=0.00, real=0.00 secs] 
6780.335: [GC (Allocation Failure) 6780.335: [ParNew: 81499K->0K(92160K), 0.0004915 secs] 82917K->1418K(194560K), 0.0005584 secs] [Times: user=0.00 sys=0.00, real=0.00 secs] 
6782.373: [GC (Allocation Failure) 6782.373: [ParNew: 81499K->0K(92160K), 0.0004445 secs] 82917K->1418K(194560K), 0.0005221 secs] [Times: user=0.00 sys=0.00, real=0.00 secs] 
6783.383: [GC (Allocation Failure) 6783.383: [ParNew: 81499K->0K(92160K), 0.0005240 secs] 82917K->1418K(194560K), 0.0005821 secs] [Times: user=0.00 sys=0.00, real=0.00 secs] 
6785.389: [GC (Allocation Failure) 6785.389: [ParNew: 81499K->0K(92160K), 0.0006118 secs] 82917K->1418K(194560K), 0.0006684 secs] [Times: user=0.00 sys=0.00, real=0.00 secs] 
6787.398: [GC (Allocation Failure) 6787.398: [ParNew: 81499K->0K(92160K), 0.0004272 secs] 82917K->1418K(194560K), 0.0004780 secs] [Times: user=0.00 sys=0.00, real=0.00 secs] 
6788.405: [GC (Allocation Failure) 6788.405: [ParNew: 81499K->0K(92160K), 0.0004391 secs] 82917K->1418K(194560K), 0.0004906 secs] [Times: user=0.00 sys=0.00, real=0.00 secs] 
6790.404: [GC (Allocation Failure) 6790.404: [ParNew: 81499K->0K(92160K), 0.0005239 secs] 82917K->1418K(194560K), 0.0005768 secs] [Times: user=0.00 sys=0.00, real=0.00 secs] 
6791.413: [GC (Allocation Failure) 6791.413: [ParNew: 81499K->0K(92160K), 0.0007177 secs] 82917K->1418K(194560K), 0.0007723 secs] [Times: user=0.00 sys=0.00, real=0.00 secs] 
6793.420: [GC (Allocation Failure) 6793.420: [ParNew: 81499K->0K(92160K), 0.0008749 secs] 82917K->1418K(194560K), 0.0009297 secs] [Times: user=0.00 sys=0.00, real=0.00 secs] 
6794.426: [GC (Allocation Failure) 6794.426: [ParNew: 81499K->0K(92160K), 0.0006579 secs] 82917K->1418K(194560K), 0.0007058 secs] [Times: user=0.00 sys=0.00, real=0.00 secs] 
6796.431: [GC (Allocation Failure) 6796.431: [ParNew: 81499K->0K(92160K), 0.0004760 secs] 82917K->1418K(194560K), 0.0005237 secs] [Times: user=0.00 sys=0.00, real=0.00 secs] 
6798.435: [GC (Allocation Failure) 6798.435: [ParNew: 81499K->0K(92160K), 0.0009897 secs] 82917K->1418K(194560K), 0.0010637 secs] [Times: user=0.00 sys=0.00, real=0.00 secs] 
6799.442: [GC (Allocation Failure) 6799.442: [ParNew: 81499K->0K(92160K), 0.0004442 secs] 82917K->1418K(194560K), 0.0005162 secs] [Times: user=0.00 sys=0.00, real=0.00 secs] 
6801.446: [GC (Allocation Failure) 6801.446: [ParNew: 81499K->0K(92160K), 0.0007414 secs] 82917K->1418K(194560K), 0.0007922 secs] [Times: user=0.00 sys=0.00, real=0.00 secs] 
6802.453: [GC (Allocation Failure) 6802.453: [ParNew: 81499K->0K(92160K), 0.0005030 secs] 82917K->1418K(194560K), 0.0005833 secs] [Times: user=0.00 sys=0.00, real=0.00 secs] 
6804.465: [GC (Allocation Failure) 6804.465: [ParNew: 81499K->0K(92160K), 0.0006900 secs] 82917K->1418K(194560K), 0.0007388 secs] [Times: user=0.00 sys=0.00, real=0.00 secs] 
6806.484: [GC (Allocation Failure) 6806.484: [ParNew: 81499K->0K(92160K), 0.0005038 secs] 82917K->1418K(194560K), 0.0005573 secs] [Times: user=0.00 sys=0.00, real=0.00 secs] 
6807.489: [GC (Allocation Failure) 6807.489: [ParNew: 81499K->0K(92160K), 0.0008149 secs] 82917K->1418K(194560K), 0.0008662 secs] [Times: user=0.00 sys=0.00, real=0.00 secs] 
6809.505: [GC (Allocation Failure) 6809.505: [ParNew: 81499K->0K(92160K), 0.0004518 secs] 82917K->1418K(194560K), 0.0005131 secs] [Times: user=0.00 sys=0.00, real=0.00 secs] 
6810.517: [GC (Allocation Failure) 6810.517: [ParNew: 81499K->0K(92160K), 0.0004280 secs] 82917K->1418K(194560K), 0.0004785 secs] [Times: user=0.00 sys=0.00, real=0.00 secs] 
6812.522: [GC (Allocation Failure) 6812.522: [ParNew: 81499K->0K(92160K), 0.0006955 secs] 82917K->1418K(194560K), 0.0007453 secs] [Times: user=0.00 sys=0.00, real=0.00 secs] 
6813.532: [GC (Allocation Failure) 6813.532: [ParNew: 81499K->0K(92160K), 0.0004760 secs] 82917K->1418K(194560K), 0.0005565 secs] [Times: user=0.00 sys=0.00, real=0.00 secs] 
6815.541: [GC (Allocation Failure) 6815.541: [ParNew: 81499K->0K(92160K), 0.0004446 secs] 82917K->1418K(194560K), 0.0004949 secs] [Times: user=0.00 sys=0.00, real=0.00 secs] 
6817.543: [GC (Allocation Failure) 6817.543: [ParNew: 81499K->0K(92160K), 0.0006821 secs] 82917K->1418K(194560K), 0.0007423 secs] [Times: user=0.00 sys=0.00, real=0.00 secs] 
6818.553: [GC (Allocation Failure) 6818.553: [ParNew: 81499K->0K(92160K), 0.0009426 secs] 82917K->1418K(194560K), 0.0010265 secs] [Times: user=0.00 sys=0.00, real=0.00 secs] 
6820.558: [GC (Allocation Failure) 6820.558: [ParNew: 81499K->0K(92160K), 0.0006670 secs] 82917K->1418K(194560K), 0.0007247 secs] [Times: user=0.00 sys=0.00, real=0.00 secs] 
6821.563: [GC (Allocation Failure) 6821.563: [ParNew: 81499K->0K(92160K), 0.0007623 secs] 82917K->1418K(194560K), 0.0008110 secs] [Times: user=0.00 sys=0.00, real=0.00 secs] 
6823.571: [GC (Allocation Failure) 6823.571: [ParNew: 81499K->0K(92160K), 0.0005958 secs] 82917K->1418K(194560K), 0.0006624 secs] [Times: user=0.00 sys=0.00, real=0.00 secs] 
6825.578: [GC (Allocation Failure) 6825.578: [ParNew: 81499K->0K(92160K), 0.0006905 secs] 82917K->1418K(194560K), 0.0007425 secs] [Times: user=0.00 sys=0.00, real=0.00 secs] 
6826.596: [GC (Allocation Failure) 6826.596: [ParNew: 81499K->0K(92160K), 0.0005202 secs] 82917K->1418K(194560K), 0.0005706 secs] [Times: user=0.00 sys=0.00, real=0.00 secs] 
6828.597: [GC (Allocation Failure) 6828.597: [ParNew: 81499K->0K(92160K), 0.0006781 secs] 82917K->1418K(194560K), 0.0007323 secs] [Times: user=0.00 sys=0.00, real=0.00 secs] 
6829.603: [GC (Allocation Failure) 6829.603: [ParNew: 81499K->0K(92160K), 0.0005150 secs] 82917K->1418K(194560K), 0.0005850 secs] [Times: user=0.00 sys=0.00, real=0.00 secs] 
6831.611: [GC (Allocation Failure) 6831.611: [ParNew: 81499K->0K(92160K), 0.0008065 secs] 82917K->1418K(194560K), 0.0008551 secs] [Times: user=0.00 sys=0.00, real=0.00 secs] 
6832.620: [GC (Allocation Failure) 6832.620: [ParNew: 81499K->0K(92160K), 0.0005378 secs] 82917K->1418K(194560K), 0.0005875 secs] [Times: user=0.00 sys=0.00, real=0.00 secs] 
6834.625: [GC (Allocation Failure) 6834.625: [ParNew: 81499K->0K(92160K), 0.0005533 secs] 82917K->1418K(194560K), 0.0006071 secs] [Times: user=0.00 sys=0.00, real=0.00 secs] 
6836.636: [GC (Allocation Failure) 6836.636: [ParNew: 81499K->0K(92160K), 0.0006691 secs] 82917K->1418K(194560K), 0.0007390 secs] [Times: user=0.00 sys=0.00, real=0.00 secs] 
6837.646: [GC (Allocation Failure) 6837.646: [ParNew: 81499K->0K(92160K), 0.0006253 secs] 82917K->1418K(194560K), 0.0007049 secs] [Times: user=0.00 sys=0.00, real=0.00 secs] 
6839.656: [GC (Allocation Failure) 6839.656: [ParNew: 81499K->0K(92160K), 0.0007369 secs] 82917K->1418K(194560K), 0.0008368 secs] [Times: user=0.00 sys=0.00, real=0.00 secs] 
6840.665: [GC (Allocation Failure) 6840.665: [ParNew: 81499K->0K(92160K), 0.0005033 secs] 82917K->1418K(194560K), 0.0005672 secs] [Times: user=0.00 sys=0.00, real=0.00 secs] 
6842.677: [GC (Allocation Failure) 6842.677: [ParNew: 81499K->0K(92160K), 0.0005588 secs] 82917K->1418K(194560K), 0.0006109 secs] [Times: user=0.00 sys=0.00, real=0.00 secs] 
6843.681: [GC (Allocation Failure) 6843.681: [ParNew: 81499K->0K(92160K), 0.0004961 secs] 82917K->1418K(194560K), 0.0005783 secs] [Times: user=0.00 sys=0.00, real=0.00 secs] 
6845.687: [GC (Allocation Failure) 6845.687: [ParNew: 81499K->0K(92160K), 0.0009669 secs] 82917K->1418K(194560K), 0.0010651 secs] [Times: user=0.00 sys=0.00, real=0.00 secs] 
6847.691: [GC (Allocation Failure) 6847.691: [ParNew: 81499K->0K(92160K), 0.0007360 secs] 82917K->1418K(194560K), 0.0007926 secs] [Times: user=0.00 sys=0.00, real=0.00 secs] 
6848.700: [GC (Allocation Failure) 6848.700: [ParNew: 81499K->0K(92160K), 0.0008941 secs] 82917K->1418K(194560K), 0.0009503 secs] [Times: user=0.00 sys=0.00, real=0.00 secs] 
6850.712: [GC (Allocation Failure) 6850.713: [ParNew: 81499K->0K(92160K), 0.0007687 secs] 82917K->1418K(194560K), 0.0008341 secs] [Times: user=0.00 sys=0.00, real=0.00 secs] 
6851.721: [GC (Allocation Failure) 6851.721: [ParNew: 81499K->0K(92160K), 0.0004674 secs] 82917K->1418K(194560K), 0.0005178 secs] [Times: user=0.00 sys=0.00, real=0.00 secs] 
6853.728: [GC (Allocation Failure) 6853.728: [ParNew: 81499K->0K(92160K), 0.0004453 secs] 82917K->1418K(194560K), 0.0004996 secs] [Times: user=0.00 sys=0.00, real=0.00 secs] 
6855.737: [GC (Allocation Failure) 6855.737: [ParNew: 81499K->0K(92160K), 0.0006547 secs] 82917K->1418K(194560K), 0.0007272 secs] [Times: user=0.00 sys=0.00, real=0.00 secs] 
6856.749: [GC (Allocation Failure) 6856.749: [ParNew: 81499K->0K(92160K), 0.0014569 secs] 82917K->1418K(194560K), 0.0015771 secs] [Times: user=0.00 sys=0.00, real=0.00 secs] 
6858.761: [GC (Allocation Failure) 6858.761: [ParNew: 81499K->0K(92160K), 0.0004083 secs] 82917K->1418K(194560K), 0.0004613 secs] [Times: user=0.00 sys=0.00, real=0.00 secs] 
6859.772: [GC (Allocation Failure) 6859.772: [ParNew: 81499K->0K(92160K), 0.0007305 secs] 82917K->1418K(194560K), 0.0007919 secs] [Times: user=0.00 sys=0.00, real=0.00 secs] 
6861.796: [GC (Allocation Failure) 6861.796: [ParNew: 81499K->0K(92160K), 0.0007069 secs] 82917K->1418K(194560K), 0.0007748 secs] [Times: user=0.00 sys=0.00, real=0.00 secs] 
6862.805: [GC (Allocation Failure) 6862.805: [ParNew: 81499K->0K(92160K), 0.0005907 secs] 82917K->1418K(194560K), 0.0006660 secs] [Times: user=0.00 sys=0.00, real=0.00 secs] 
6864.809: [GC (Allocation Failure) 6864.809: [ParNew: 81499K->0K(92160K), 0.0003729 secs] 82917K->1418K(194560K), 0.0004218 secs] [Times: user=0.00 sys=0.00, real=0.00 secs] 
6866.816: [GC (Allocation Failure) 6866.816: [ParNew: 81499K->0K(92160K), 0.0007201 secs] 82917K->1418K(194560K), 0.0007709 secs] [Times: user=0.00 sys=0.00, real=0.00 secs] 
6867.823: [GC (Allocation Failure) 6867.823: [ParNew: 81499K->0K(92160K), 0.0007212 secs] 82917K->1418K(194560K), 0.0008136 secs] [Times: user=0.00 sys=0.00, real=0.00 secs] 
6869.833: [GC (Allocation Failure) 6869.833: [ParNew: 81499K->0K(92160K), 0.0009646 secs] 82917K->1418K(194560K), 0.0010708 secs] [Times: user=0.00 sys=0.00, real=0.00 secs] 
6870.844: [GC (Allocation Failure) 6870.845: [ParNew: 81499K->0K(92160K), 0.0005325 secs] 82917K->1418K(194560K), 0.0005923 secs] [Times: user=0.00 sys=0.00, real=0.00 secs] 
6872.853: [GC (Allocation Failure) 6872.853: [ParNew: 81499K->0K(92160K), 0.0009218 secs] 82917K->1418K(194560K), 0.0009906 secs] [Times: user=0.00 sys=0.00, real=0.00 secs] 
6873.861: [GC (Allocation Failure) 6873.861: [ParNew: 81499K->0K(92160K), 0.0010551 secs] 82917K->1418K(194560K), 0.0011314 secs] [Times: user=0.00 sys=0.00, real=0.00 secs] 
6875.866: [GC (Allocation Failure) 6875.866: [ParNew: 81499K->0K(92160K), 0.0008178 secs] 82917K->1418K(194560K), 0.0008711 secs] [Times: user=0.00 sys=0.00, real=0.00 secs] 
6877.880: [GC (Allocation Failure) 6877.880: [ParNew: 81499K->0K(92160K), 0.0007448 secs] 82917K->1418K(194560K), 0.0008115 secs] [Times: user=0.00 sys=0.00, real=0.00 secs] 
6878.888: [GC (Allocation Failure) 6878.888: [ParNew: 81499K->0K(92160K), 0.0007459 secs] 82917K->1418K(194560K), 0.0007932 secs] [Times: user=0.00 sys=0.00, real=0.00 secs] 
6880.898: [GC (Allocation Failure) 6880.898: [ParNew: 81499K->0K(92160K), 0.0003564 secs] 82917K->1418K(194560K), 0.0004156 secs] [Times: user=0.00 sys=0.00, real=0.00 secs] 
6881.905: [GC (Allocation Failure) 6881.905: [ParNew: 81499K->0K(92160K), 0.0008531 secs] 82917K->1418K(194560K), 0.0009472 secs] [Times: user=0.00 sys=0.00, real=0.00 secs] 
6883.916: [GC (Allocation Failure) 6883.916: [ParNew: 81499K->0K(92160K), 0.0008978 secs] 82917K->1418K(194560K), 0.0009831 secs] [Times: user=0.00 sys=0.00, real=0.00 secs] 
6885.924: [GC (Allocation Failure) 6885.924: [ParNew: 81499K->0K(92160K), 0.0008052 secs] 82917K->1418K(194560K), 0.0008675 secs] [Times: user=0.00 sys=0.00, real=0.00 secs] 
6886.931: [GC (Allocation Failure) 6886.931: [ParNew: 81499K->0K(92160K), 0.0005986 secs] 82917K->1418K(194560K), 0.0006538 secs] [Times: user=0.00 sys=0.00, real=0.00 secs] 
6888.944: [GC (Allocation Failure) 6888.944: [ParNew: 81499K->0K(92160K), 0.0005732 secs] 82917K->1418K(194560K), 0.0006647 secs] [Times: user=0.00 sys=0.00, real=0.00 secs] 
6889.954: [GC (Allocation Failure) 6889.954: [ParNew: 81499K->0K(92160K), 0.0007479 secs] 82917K->1418K(194560K), 0.0008322 secs] [Times: user=0.00 sys=0.00, real=0.00 secs] 
6891.960: [GC (Allocation Failure) 6891.960: [ParNew: 81499K->0K(92160K), 0.0005822 secs] 82917K->1418K(194560K), 0.0006531 secs] [Times: user=0.00 sys=0.00, real=0.00 secs] 
6892.967: [GC (Allocation Failure) 6892.967: [ParNew: 81499K->0K(92160K), 0.0005491 secs] 82917K->1418K(194560K), 0.0006022 secs] [Times: user=0.00 sys=0.00, real=0.00 secs] 
6894.977: [GC (Allocation Failure) 6894.977: [ParNew: 81499K->0K(92160K), 0.0008539 secs] 82917K->1418K(194560K), 0.0009211 secs] [Times: user=0.00 sys=0.00, real=0.00 secs] 
6896.986: [GC (Allocation Failure) 6896.986: [ParNew: 81499K->0K(92160K), 0.0006623 secs] 82917K->1418K(194560K), 0.0007151 secs] [Times: user=0.00 sys=0.00, real=0.00 secs] 
6897.993: [GC (Allocation Failure) 6897.993: [ParNew: 81499K->0K(92160K), 0.0005675 secs] 82917K->1418K(194560K), 0.0006321 secs] [Times: user=0.00 sys=0.00, real=0.00 secs] 
6900.000: [GC (Allocation Failure) 6900.000: [ParNew: 81499K->0K(92160K), 0.0009156 secs] 82917K->1418K(194560K), 0.0009802 secs] [Times: user=0.00 sys=0.00, real=0.00 secs] 
6901.007: [GC (Allocation Failure) 6901.007: [ParNew: 81499K->0K(92160K), 0.0006414 secs] 82917K->1418K(194560K), 0.0007020 secs] [Times: user=0.00 sys=0.00, real=0.00 secs] 
6903.020: [GC (Allocation Failure) 6903.020: [ParNew: 81499K->0K(92160K), 0.0008530 secs] 82917K->1418K(194560K), 0.0009219 secs] [Times: user=0.00 sys=0.00, real=0.00 secs] 
6905.030: [GC (Allocation Failure) 6905.030: [ParNew: 81499K->0K(92160K), 0.0004702 secs] 82917K->1418K(194560K), 0.0005211 secs] [Times: user=0.00 sys=0.00, real=0.00 secs] 
6906.036: [GC (Allocation Failure) 6906.036: [ParNew: 81499K->0K(92160K), 0.0007018 secs] 82917K->1418K(194560K), 0.0007721 secs] [Times: user=0.00 sys=0.00, real=0.00 secs] 
6908.049: [GC (Allocation Failure) 6908.049: [ParNew: 81499K->0K(92160K), 0.0010066 secs] 82917K->1418K(194560K), 0.0011032 secs] [Times: user=0.00 sys=0.00, real=0.00 secs] 
6909.058: [GC (Allocation Failure) 6909.058: [ParNew: 81499K->0K(92160K), 0.0009259 secs] 82917K->1418K(194560K), 0.0009927 secs] [Times: user=0.00 sys=0.00, real=0.00 secs] 
6911.066: [GC (Allocation Failure) 6911.066: [ParNew: 81499K->0K(92160K), 0.0009404 secs] 82917K->1418K(194560K), 0.0010078 secs] [Times: user=0.00 sys=0.00, real=0.00 secs] 
6912.090: [GC (Allocation Failure) 6912.090: [ParNew: 81499K->0K(92160K), 0.0013530 secs] 82917K->1418K(194560K), 0.0014559 secs] [Times: user=0.00 sys=0.00, real=0.00 secs] 
6914.097: [GC (Allocation Failure) 6914.097: [ParNew: 81499K->0K(92160K), 0.0007593 secs] 82917K->1418K(194560K), 0.0008148 secs] [Times: user=0.00 sys=0.00, real=0.00 secs] 
6916.106: [GC (Allocation Failure) 6916.106: [ParNew: 81499K->0K(92160K), 0.0004913 secs] 82917K->1418K(194560K), 0.0005465 secs] [Times: user=0.00 sys=0.00, real=0.00 secs] 
6917.113: [GC (Allocation Failure) 6917.113: [ParNew: 81499K->0K(92160K), 0.0004249 secs] 82917K->1418K(194560K), 0.0004790 secs] [Times: user=0.00 sys=0.00, real=0.00 secs] 
6919.124: [GC (Allocation Failure) 6919.124: [ParNew: 81499K->0K(92160K), 0.0004748 secs] 82917K->1418K(194560K), 0.0005605 secs] [Times: user=0.00 sys=0.00, real=0.00 secs] 
6920.131: [GC (Allocation Failure) 6920.131: [ParNew: 81499K->0K(92160K), 0.0006948 secs] 82917K->1418K(194560K), 0.0007603 secs] [Times: user=0.00 sys=0.00, real=0.00 secs] 
6922.136: [GC (Allocation Failure) 6922.136: [ParNew: 81499K->0K(92160K), 0.0008240 secs] 82917K->1418K(194560K), 0.0009232 secs] [Times: user=0.00 sys=0.00, real=0.00 secs] 
6923.152: [GC (Allocation Failure) 6923.152: [ParNew: 81499K->0K(92160K), 0.0011880 secs] 82917K->1418K(194560K), 0.0013164 secs] [Times: user=0.00 sys=0.00, real=0.00 secs] 
6925.164: [GC (Allocation Failure) 6925.164: [ParNew: 81499K->0K(92160K), 0.0007256 secs] 82917K->1418K(194560K), 0.0007944 secs] [Times: user=0.00 sys=0.00, real=0.00 secs] 
6927.169: [GC (Allocation Failure) 6927.169: [ParNew: 81499K->0K(92160K), 0.0006904 secs] 82917K->1418K(194560K), 0.0007608 secs] [Times: user=0.00 sys=0.00, real=0.00 secs] 
6928.177: [GC (Allocation Failure) 6928.177: [ParNew: 81499K->0K(92160K), 0.0007378 secs] 82917K->1418K(194560K), 0.0007869 secs] [Times: user=0.00 sys=0.00, real=0.00 secs] 
6930.180: [GC (Allocation Failure) 6930.181: [ParNew: 81499K->0K(92160K), 0.0010509 secs] 82917K->1418K(194560K), 0.0011425 secs] [Times: user=0.00 sys=0.00, real=0.00 secs] 
6931.193: [GC (Allocation Failure) 6931.193: [ParNew: 81499K->0K(92160K), 0.0008465 secs] 82917K->1418K(194560K), 0.0009174 secs] [Times: user=0.00 sys=0.00, real=0.00 secs] 
6933.205: [GC (Allocation Failure) 6933.205: [ParNew: 81499K->0K(92160K), 0.0005797 secs] 82917K->1418K(194560K), 0.0006494 secs] [Times: user=0.00 sys=0.00, real=0.00 secs] 
6935.215: [GC (Allocation Failure) 6935.215: [ParNew: 81499K->0K(92160K), 0.0007141 secs] 82917K->1418K(194560K), 0.0007804 secs] [Times: user=0.00 sys=0.00, real=0.00 secs] 
6936.228: [GC (Allocation Failure) 6936.228: [ParNew: 81499K->0K(92160K), 0.0009850 secs] 82917K->1418K(194560K), 0.0010924 secs] [Times: user=0.00 sys=0.00, real=0.00 secs] 
6938.238: [GC (Allocation Failure) 6938.238: [ParNew: 81499K->0K(92160K), 0.0005378 secs] 82917K->1418K(194560K), 0.0006722 secs] [Times: user=0.00 sys=0.00, real=0.00 secs] 
6939.244: [GC (Allocation Failure) 6939.244: [ParNew: 81499K->0K(92160K), 0.0004258 secs] 82917K->1418K(194560K), 0.0004778 secs] [Times: user=0.00 sys=0.00, real=0.00 secs] 
6941.245: [GC (Allocation Failure) 6941.245: [ParNew: 81499K->0K(92160K), 0.0011073 secs] 82917K->1418K(194560K), 0.0011773 secs] [Times: user=0.00 sys=0.00, real=0.00 secs] 
6942.253: [GC (Allocation Failure) 6942.253: [ParNew: 81499K->0K(92160K), 0.0005252 secs] 82917K->1418K(194560K), 0.0006020 secs] [Times: user=0.00 sys=0.00, real=0.00 secs] 
6944.259: [GC (Allocation Failure) 6944.259: [ParNew: 81499K->0K(92160K), 0.0006018 secs] 82917K->1418K(194560K), 0.0006678 secs] [Times: user=0.00 sys=0.00, real=0.00 secs] 
6946.268: [GC (Allocation Failure) 6946.268: [ParNew: 81499K->0K(92160K), 0.0008986 secs] 82917K->1418K(194560K), 0.0009671 secs] [Times: user=0.00 sys=0.00, real=0.00 secs] 
6947.277: [GC (Allocation Failure) 6947.277: [ParNew: 81499K->0K(92160K), 0.0006429 secs] 82917K->1418K(194560K), 0.0006948 secs] [Times: user=0.00 sys=0.00, real=0.00 secs] 
6949.278: [GC (Allocation Failure) 6949.278: [ParNew: 81499K->0K(92160K), 0.0009251 secs] 82917K->1418K(194560K), 0.0009780 secs] [Times: user=0.00 sys=0.00, real=0.00 secs] 
6950.286: [GC (Allocation Failure) 6950.286: [ParNew: 81499K->0K(92160K), 0.0004343 secs] 82917K->1418K(194560K), 0.0005201 secs] [Times: user=0.00 sys=0.00, real=0.00 secs] 
6952.296: [GC (Allocation Failure) 6952.296: [ParNew: 81499K->0K(92160K), 0.0006305 secs] 82917K->1418K(194560K), 0.0007126 secs] [Times: user=0.00 sys=0.00, real=0.00 secs] 
6953.304: [GC (Allocation Failure) 6953.304: [ParNew: 81499K->0K(92160K), 0.0008160 secs] 82917K->1418K(194560K), 0.0008901 secs] [Times: user=0.00 sys=0.00, real=0.00 secs] 
6955.311: [GC (Allocation Failure) 6955.311: [ParNew: 81499K->0K(92160K), 0.0005615 secs] 82917K->1418K(194560K), 0.0006196 secs] [Times: user=0.00 sys=0.00, real=0.00 secs] 
6957.321: [GC (Allocation Failure) 6957.321: [ParNew: 81499K->0K(92160K), 0.0007496 secs] 82917K->1418K(194560K), 0.0008252 secs] [Times: user=0.00 sys=0.00, real=0.00 secs] 
6958.330: [GC (Allocation Failure) 6958.330: [ParNew: 81499K->0K(92160K), 0.0005460 secs] 82917K->1418K(194560K), 0.0006146 secs] [Times: user=0.00 sys=0.00, real=0.00 secs] 
6960.340: [GC (Allocation Failure) 6960.340: [ParNew: 81499K->0K(92160K), 0.0007051 secs] 82917K->1418K(194560K), 0.0007829 secs] [Times: user=0.00 sys=0.00, real=0.00 secs] 
6961.348: [GC (Allocation Failure) 6961.348: [ParNew: 81499K->0K(92160K), 0.0007937 secs] 82917K->1418K(194560K), 0.0008479 secs] [Times: user=0.00 sys=0.00, real=0.00 secs] 
6963.363: [GC (Allocation Failure) 6963.363: [ParNew: 81499K->0K(92160K), 0.0009606 secs] 82917K->1418K(194560K), 0.0010681 secs] [Times: user=0.00 sys=0.00, real=0.00 secs] 
6965.372: [GC (Allocation Failure) 6965.372: [ParNew: 81499K->0K(92160K), 0.0005756 secs] 82917K->1418K(194560K), 0.0006468 secs] [Times: user=0.00 sys=0.00, real=0.00 secs] 
6966.388: [GC (Allocation Failure) 6966.388: [ParNew: 81499K->0K(92160K), 0.0005829 secs] 82917K->1418K(194560K), 0.0006505 secs] [Times: user=0.00 sys=0.00, real=0.00 secs] 
6968.406: [GC (Allocation Failure) 6968.406: [ParNew: 81499K->0K(92160K), 0.0021131 secs] 82917K->1418K(194560K), 0.0022705 secs] [Times: user=0.00 sys=0.00, real=0.00 secs] 
6969.417: [GC (Allocation Failure) 6969.417: [ParNew: 81499K->0K(92160K), 0.0006074 secs] 82917K->1418K(194560K), 0.0006849 secs] [Times: user=0.00 sys=0.00, real=0.00 secs] 
6971.422: [GC (Allocation Failure) 6971.422: [ParNew: 81499K->0K(92160K), 0.0006872 secs] 82917K->1418K(194560K), 0.0007568 secs] [Times: user=0.00 sys=0.00, real=0.00 secs] 
6972.430: [GC (Allocation Failure) 6972.430: [ParNew: 81499K->0K(92160K), 0.0005803 secs] 82917K->1418K(194560K), 0.0006402 secs] [Times: user=0.00 sys=0.00, real=0.00 secs] 
6974.457: [GC (Allocation Failure) 6974.457: [ParNew: 81499K->0K(92160K), 0.0020366 secs] 82917K->1418K(194560K), 0.0021464 secs] [Times: user=0.00 sys=0.00, real=0.00 secs] 
6976.481: [GC (Allocation Failure) 6976.481: [ParNew: 81499K->0K(92160K), 0.0004163 secs] 82917K->1418K(194560K), 0.0004787 secs] [Times: user=0.00 sys=0.00, real=0.00 secs] 
6977.494: [GC (Allocation Failure) 6977.494: [ParNew: 81499K->0K(92160K), 0.0006964 secs] 82917K->1418K(194560K), 0.0007606 secs] [Times: user=0.00 sys=0.00, real=0.00 secs] 
6979.507: [GC (Allocation Failure) 6979.507: [ParNew: 81499K->0K(92160K), 0.0004816 secs] 82917K->1418K(194560K), 0.0005467 secs] [Times: user=0.00 sys=0.00, real=0.00 secs] 
6980.516: [GC (Allocation Failure) 6980.516: [ParNew: 81499K->0K(92160K), 0.0007068 secs] 82917K->1418K(194560K), 0.0007742 secs] [Times: user=0.00 sys=0.00, real=0.00 secs] 
6982.524: [GC (Allocation Failure) 6982.524: [ParNew: 81499K->0K(92160K), 0.0010300 secs] 82917K->1418K(194560K), 0.0010990 secs] [Times: user=0.00 sys=0.00, real=0.00 secs] 
6984.545: [GC (Allocation Failure) 6984.546: [ParNew: 81499K->0K(92160K), 0.0007679 secs] 82917K->1418K(194560K), 0.0008664 secs] [Times: user=0.00 sys=0.00, real=0.00 secs] 
6985.554: [GC (Allocation Failure) 6985.554: [ParNew: 81499K->0K(92160K), 0.0003507 secs] 82917K->1418K(194560K), 0.0004054 secs] [Times: user=0.00 sys=0.00, real=0.00 secs] 
6987.566: [GC (Allocation Failure) 6987.566: [ParNew: 81499K->0K(92160K), 0.0007922 secs] 82917K->1418K(194560K), 0.0008713 secs] [Times: user=0.00 sys=0.00, real=0.00 secs] 
6988.574: [GC (Allocation Failure) 6988.574: [ParNew: 81499K->0K(92160K), 0.0006111 secs] 82917K->1418K(194560K), 0.0006800 secs] [Times: user=0.00 sys=0.00, real=0.00 secs] 
6990.584: [GC (Allocation Failure) 6990.584: [ParNew: 81499K->0K(92160K), 0.0004583 secs] 82917K->1418K(194560K), 0.0005106 secs] [Times: user=0.00 sys=0.00, real=0.00 secs] 
6991.589: [GC (Allocation Failure) 6991.589: [ParNew: 81499K->0K(92160K), 0.0005026 secs] 82917K->1418K(194560K), 0.0005595 secs] [Times: user=0.00 sys=0.00, real=0.00 secs] 
6993.596: [GC (Allocation Failure) 6993.596: [ParNew: 81499K->0K(92160K), 0.0007488 secs] 82917K->1418K(194560K), 0.0008076 secs] [Times: user=0.00 sys=0.00, real=0.00 secs] 
6995.601: [GC (Allocation Failure) 6995.601: [ParNew: 81499K->0K(92160K), 0.0008690 secs] 82917K->1418K(194560K), 0.0009457 secs] [Times: user=0.00 sys=0.00, real=0.00 secs] 
6996.612: [GC (Allocation Failure) 6996.612: [ParNew: 81499K->0K(92160K), 0.0010299 secs] 82917K->1418K(194560K), 0.0011092 secs] [Times: user=0.00 sys=0.00, real=0.00 secs] 
6998.624: [GC (Allocation Failure) 6998.624: [ParNew: 81499K->0K(92160K), 0.0005076 secs] 82917K->1418K(194560K), 0.0005932 secs] [Times: user=0.00 sys=0.00, real=0.00 secs] 
6999.631: [GC (Allocation Failure) 6999.631: [ParNew: 81499K->0K(92160K), 0.0006889 secs] 82917K->1418K(194560K), 0.0007649 secs] [Times: user=0.00 sys=0.00, real=0.00 secs] 
7001.648: [GC (Allocation Failure) 7001.648: [ParNew: 81499K->0K(92160K), 0.0013658 secs] 82917K->1418K(194560K), 0.0014608 secs] [Times: user=0.00 sys=0.00, real=0.00 secs] 
7002.662: [GC (Allocation Failure) 7002.662: [ParNew: 81499K->0K(92160K), 0.0008736 secs] 82917K->1418K(194560K), 0.0009197 secs] [Times: user=0.00 sys=0.00, real=0.00 secs] 
7004.675: [GC (Allocation Failure) 7004.675: [ParNew: 81499K->0K(92160K), 0.0007788 secs] 82917K->1418K(194560K), 0.0008589 secs] [Times: user=0.00 sys=0.00, real=0.00 secs] 
7006.684: [GC (Allocation Failure) 7006.684: [ParNew: 81499K->0K(92160K), 0.0005081 secs] 82917K->1418K(194560K), 0.0005623 secs] [Times: user=0.00 sys=0.00, real=0.00 secs] 
7007.687: [GC (Allocation Failure) 7007.687: [ParNew: 81499K->0K(92160K), 0.0004979 secs] 82917K->1418K(194560K), 0.0005655 secs] [Times: user=0.00 sys=0.00, real=0.00 secs] 
7009.693: [GC (Allocation Failure) 7009.694: [ParNew: 81499K->0K(92160K), 0.0008095 secs] 82917K->1418K(194560K), 0.0008593 secs] [Times: user=0.00 sys=0.00, real=0.00 secs] 
7010.701: [GC (Allocation Failure) 7010.701: [ParNew: 81499K->0K(92160K), 0.0005612 secs] 82917K->1418K(194560K), 0.0006322 secs] [Times: user=0.00 sys=0.00, real=0.00 secs] 
7012.705: [GC (Allocation Failure) 7012.705: [ParNew: 81499K->0K(92160K), 0.0006907 secs] 82917K->1418K(194560K), 0.0007408 secs] [Times: user=0.00 sys=0.00, real=0.00 secs] 
7014.708: [GC (Allocation Failure) 7014.708: [ParNew: 81499K->0K(92160K), 0.0005841 secs] 82917K->1418K(194560K), 0.0006453 secs] [Times: user=0.00 sys=0.00, real=0.00 secs] 
7015.718: [GC (Allocation Failure) 7015.718: [ParNew: 81499K->0K(92160K), 0.0005288 secs] 82917K->1418K(194560K), 0.0005907 secs] [Times: user=0.00 sys=0.00, real=0.00 secs] 
7017.723: [GC (Allocation Failure) 7017.723: [ParNew: 81499K->0K(92160K), 0.0007130 secs] 82917K->1418K(194560K), 0.0007685 secs] [Times: user=0.00 sys=0.00, real=0.00 secs] 
7018.730: [GC (Allocation Failure) 7018.730: [ParNew: 81499K->0K(92160K), 0.0008763 secs] 82917K->1418K(194560K), 0.0009278 secs] [Times: user=0.00 sys=0.00, real=0.00 secs] 
7020.738: [GC (Allocation Failure) 7020.738: [ParNew: 81499K->0K(92160K), 0.0006196 secs] 82917K->1418K(194560K), 0.0006976 secs] [Times: user=0.00 sys=0.00, real=0.00 secs] 
7021.748: [GC (Allocation Failure) 7021.748: [ParNew: 81499K->0K(92160K), 0.0008524 secs] 82917K->1418K(194560K), 0.0009016 secs] [Times: user=0.00 sys=0.00, real=0.00 secs] 
7023.754: [GC (Allocation Failure) 7023.754: [ParNew: 81499K->0K(92160K), 0.0004107 secs] 82917K->1418K(194560K), 0.0004699 secs] [Times: user=0.00 sys=0.00, real=0.00 secs] 
7025.764: [GC (Allocation Failure) 7025.764: [ParNew: 81499K->0K(92160K), 0.0003858 secs] 82917K->1418K(194560K), 0.0004591 secs] [Times: user=0.00 sys=0.00, real=0.00 secs] 
7026.769: [GC (Allocation Failure) 7026.769: [ParNew: 81499K->0K(92160K), 0.0008366 secs] 82917K->1418K(194560K), 0.0009165 secs] [Times: user=0.00 sys=0.00, real=0.00 secs] 
7028.790: [GC (Allocation Failure) 7028.791: [ParNew: 81499K->0K(92160K), 0.0015147 secs] 82917K->1418K(194560K), 0.0016232 secs] [Times: user=0.00 sys=0.00, real=0.00 secs] 
7029.798: [GC (Allocation Failure) 7029.799: [ParNew: 81499K->0K(92160K), 0.0008091 secs] 82917K->1418K(194560K), 0.0008836 secs] [Times: user=0.00 sys=0.00, real=0.00 secs] 
7031.806: [GC (Allocation Failure) 7031.806: [ParNew: 81499K->0K(92160K), 0.0004483 secs] 82917K->1418K(194560K), 0.0005210 secs] [Times: user=0.00 sys=0.00, real=0.00 secs] 
7032.812: [GC (Allocation Failure) 7032.812: [ParNew: 81499K->0K(92160K), 0.0006506 secs] 82917K->1418K(194560K), 0.0007244 secs] [Times: user=0.00 sys=0.00, real=0.00 secs] 
7034.818: [GC (Allocation Failure) 7034.818: [ParNew: 81499K->0K(92160K), 0.0004406 secs] 82917K->1418K(194560K), 0.0005349 secs] [Times: user=0.00 sys=0.00, real=0.00 secs] 
7036.829: [GC (Allocation Failure) 7036.829: [ParNew: 81499K->0K(92160K), 0.0008336 secs] 82917K->1418K(194560K), 0.0008923 secs] [Times: user=0.00 sys=0.00, real=0.00 secs] 
7037.836: [GC (Allocation Failure) 7037.837: [ParNew: 81499K->0K(92160K), 0.0005930 secs] 82917K->1418K(194560K), 0.0006619 secs] [Times: user=0.00 sys=0.00, real=0.00 secs] 
7039.844: [GC (Allocation Failure) 7039.844: [ParNew: 81499K->0K(92160K), 0.0004631 secs] 82917K->1418K(194560K), 0.0005179 secs] [Times: user=0.00 sys=0.00, real=0.00 secs] 
7040.852: [GC (Allocation Failure) 7040.852: [ParNew: 81499K->0K(92160K), 0.0008066 secs] 82917K->1418K(194560K), 0.0008776 secs] [Times: user=0.00 sys=0.00, real=0.00 secs] 
7042.860: [GC (Allocation Failure) 7042.860: [ParNew: 81499K->0K(92160K), 0.0007159 secs] 82917K->1418K(194560K), 0.0007826 secs] [Times: user=0.00 sys=0.00, real=0.00 secs] 
7044.880: [GC (Allocation Failure) 7044.880: [ParNew: 81499K->0K(92160K), 0.0007690 secs] 82917K->1418K(194560K), 0.0008345 secs] [Times: user=0.00 sys=0.00, real=0.00 secs] 
7045.885: [GC (Allocation Failure) 7045.885: [ParNew: 81499K->0K(92160K), 0.0006802 secs] 82917K->1418K(194560K), 0.0007538 secs] [Times: user=0.00 sys=0.00, real=0.00 secs] 
7047.895: [GC (Allocation Failure) 7047.895: [ParNew: 81499K->0K(92160K), 0.0008889 secs] 82917K->1418K(194560K), 0.0009344 secs] [Times: user=0.00 sys=0.00, real=0.00 secs] 
7048.907: [GC (Allocation Failure) 7048.907: [ParNew: 81499K->0K(92160K), 0.0017372 secs] 82917K->1418K(194560K), 0.0018913 secs] [Times: user=0.00 sys=0.00, real=0.00 secs] 
7050.917: [GC (Allocation Failure) 7050.917: [ParNew: 81499K->0K(92160K), 0.0004378 secs] 82917K->1418K(194560K), 0.0005112 secs] [Times: user=0.00 sys=0.00, real=0.00 secs] 
7051.922: [GC (Allocation Failure) 7051.922: [ParNew: 81499K->0K(92160K), 0.0003843 secs] 82917K->1418K(194560K), 0.0004374 secs] [Times: user=0.00 sys=0.00, real=0.00 secs] 
7053.927: [GC (Allocation Failure) 7053.927: [ParNew: 81499K->0K(92160K), 0.0004224 secs] 82917K->1418K(194560K), 0.0005049 secs] [Times: user=0.00 sys=0.00, real=0.00 secs] 
7055.934: [GC (Allocation Failure) 7055.934: [ParNew: 81499K->0K(92160K), 0.0007250 secs] 82917K->1418K(194560K), 0.0008059 secs] [Times: user=0.00 sys=0.00, real=0.00 secs] 
7056.941: [GC (Allocation Failure) 7056.941: [ParNew: 81499K->0K(92160K), 0.0008188 secs] 82917K->1418K(194560K), 0.0008980 secs] [Times: user=0.00 sys=0.00, real=0.00 secs] 
7058.947: [GC (Allocation Failure) 7058.948: [ParNew: 81499K->0K(92160K), 0.0010515 secs] 82917K->1418K(194560K), 0.0011582 secs] [Times: user=0.00 sys=0.00, real=0.00 secs] 
7059.959: [GC (Allocation Failure) 7059.959: [ParNew: 81499K->0K(92160K), 0.0003990 secs] 82917K->1418K(194560K), 0.0004560 secs] [Times: user=0.00 sys=0.00, real=0.00 secs] 
7061.965: [GC (Allocation Failure) 7061.965: [ParNew: 81499K->0K(92160K), 0.0007388 secs] 82917K->1418K(194560K), 0.0008026 secs] [Times: user=0.00 sys=0.00, real=0.00 secs] 
7063.971: [GC (Allocation Failure) 7063.971: [ParNew: 81499K->0K(92160K), 0.0005012 secs] 82917K->1418K(194560K), 0.0005599 secs] [Times: user=0.00 sys=0.00, real=0.00 secs] 
7064.982: [GC (Allocation Failure) 7064.982: [ParNew: 81499K->0K(92160K), 0.0010517 secs] 82917K->1418K(194560K), 0.0011500 secs] [Times: user=0.00 sys=0.00, real=0.00 secs] 
7066.982: [GC (Allocation Failure) 7066.982: [ParNew: 81499K->0K(92160K), 0.0005667 secs] 82917K->1418K(194560K), 0.0006239 secs] [Times: user=0.00 sys=0.00, real=0.00 secs] 
7067.990: [GC (Allocation Failure) 7067.990: [ParNew: 81499K->0K(92160K), 0.0006855 secs] 82917K->1418K(194560K), 0.0007423 secs] [Times: user=0.00 sys=0.00, real=0.00 secs] 
7069.996: [GC (Allocation Failure) 7069.996: [ParNew: 81499K->0K(92160K), 0.0005672 secs] 82917K->1418K(194560K), 0.0006279 secs] [Times: user=0.00 sys=0.00, real=0.00 secs] 
7071.003: [GC (Allocation Failure) 7071.003: [ParNew: 81499K->0K(92160K), 0.0005477 secs] 82917K->1418K(194560K), 0.0006072 secs] [Times: user=0.00 sys=0.00, real=0.00 secs] 
7073.009: [GC (Allocation Failure) 7073.009: [ParNew: 81499K->0K(92160K), 0.0005033 secs] 82917K->1418K(194560K), 0.0005602 secs] [Times: user=0.00 sys=0.00, real=0.00 secs] 
7075.023: [GC (Allocation Failure) 7075.023: [ParNew: 81499K->0K(92160K), 0.0005648 secs] 82917K->1418K(194560K), 0.0006342 secs] [Times: user=0.00 sys=0.00, real=0.00 secs] 
7076.031: [GC (Allocation Failure) 7076.031: [ParNew: 81499K->0K(92160K), 0.0009293 secs] 82917K->1418K(194560K), 0.0010266 secs] [Times: user=0.00 sys=0.00, real=0.00 secs] 
7078.042: [GC (Allocation Failure) 7078.042: [ParNew: 81499K->0K(92160K), 0.0005243 secs] 82917K->1418K(194560K), 0.0005787 secs] [Times: user=0.00 sys=0.00, real=0.00 secs] 
7079.050: [GC (Allocation Failure) 7079.050: [ParNew: 81499K->0K(92160K), 0.0005105 secs] 82917K->1418K(194560K), 0.0005774 secs] [Times: user=0.00 sys=0.00, real=0.00 secs] 
7081.057: [GC (Allocation Failure) 7081.057: [ParNew: 81499K->0K(92160K), 0.0006514 secs] 82917K->1418K(194560K), 0.0007217 secs] [Times: user=0.00 sys=0.00, real=0.00 secs] 
7082.065: [GC (Allocation Failure) 7082.065: [ParNew: 81499K->0K(92160K), 0.0008884 secs] 82917K->1418K(194560K), 0.0009670 secs] [Times: user=0.00 sys=0.00, real=0.00 secs] 
7084.074: [GC (Allocation Failure) 7084.074: [ParNew: 81499K->0K(92160K), 0.0007198 secs] 82917K->1418K(194560K), 0.0007714 secs] [Times: user=0.00 sys=0.00, real=0.00 secs] 
7086.080: [GC (Allocation Failure) 7086.080: [ParNew: 81499K->0K(92160K), 0.0009030 secs] 82917K->1418K(194560K), 0.0009743 secs] [Times: user=0.00 sys=0.00, real=0.00 secs] 
7087.091: [GC (Allocation Failure) 7087.091: [ParNew: 81499K->0K(92160K), 0.0006650 secs] 82917K->1418K(194560K), 0.0007590 secs] [Times: user=0.00 sys=0.01, real=0.00 secs] 
7089.106: [GC (Allocation Failure) 7089.106: [ParNew: 81499K->0K(92160K), 0.0006671 secs] 82917K->1418K(194560K), 0.0007383 secs] [Times: user=0.00 sys=0.00, real=0.00 secs] 
7090.117: [GC (Allocation Failure) 7090.117: [ParNew: 81499K->0K(92160K), 0.0005672 secs] 82917K->1418K(194560K), 0.0006403 secs] [Times: user=0.00 sys=0.00, real=0.00 secs] 
7092.121: [GC (Allocation Failure) 7092.121: [ParNew: 81499K->0K(92160K), 0.0003486 secs] 82917K->1418K(194560K), 0.0004025 secs] [Times: user=0.00 sys=0.00, real=0.00 secs] 
7094.131: [GC (Allocation Failure) 7094.131: [ParNew: 81499K->0K(92160K), 0.0006921 secs] 82917K->1418K(194560K), 0.0007435 secs] [Times: user=0.00 sys=0.00, real=0.00 secs] 
7095.137: [GC (Allocation Failure) 7095.137: [ParNew: 81499K->0K(92160K), 0.0005104 secs] 82917K->1418K(194560K), 0.0005624 secs] [Times: user=0.00 sys=0.00, real=0.00 secs] 
7097.147: [GC (Allocation Failure) 7097.147: [ParNew: 81499K->0K(92160K), 0.0005264 secs] 82917K->1418K(194560K), 0.0005832 secs] [Times: user=0.00 sys=0.00, real=0.00 secs] 
7098.155: [GC (Allocation Failure) 7098.155: [ParNew: 81499K->0K(92160K), 0.0004501 secs] 82917K->1418K(194560K), 0.0005168 secs] [Times: user=0.00 sys=0.00, real=0.00 secs] 
23752.737: [GC (Allocation Failure) 23752.737: [ParNew: 81499K->0K(92160K), 0.0005882 secs] 82917K->1418K(194560K), 0.0006645 secs] [Times: user=0.00 sys=0.00, real=0.00 secs] 
23753.745: [GC (Allocation Failure) 23753.745: [ParNew: 81499K->0K(92160K), 0.0005753 secs] 82917K->1418K(194560K), 0.0006457 secs] [Times: user=0.00 sys=0.00, real=0.00 secs] 
23755.764: [GC (Allocation Failure) 23755.764: [ParNew: 81499K->0K(92160K), 0.0004846 secs] 82917K->1418K(194560K), 0.0005425 secs] [Times: user=0.00 sys=0.00, real=0.00 secs] 
23757.780: [GC (Allocation Failure) 23757.780: [ParNew: 81499K->0K(92160K), 0.0004943 secs] 82917K->1418K(194560K), 0.0005390 secs] [Times: user=0.00 sys=0.00, real=0.00 secs] 
23758.783: [GC (Allocation Failure) 23758.783: [ParNew: 81499K->0K(92160K), 0.0006710 secs] 82917K->1418K(194560K), 0.0007142 secs] [Times: user=0.00 sys=0.00, real=0.00 secs] 
23760.789: [GC (Allocation Failure) 23760.789: [ParNew: 81499K->0K(92160K), 0.0004562 secs] 82917K->1418K(194560K), 0.0005009 secs] [Times: user=0.00 sys=0.00, real=0.00 secs] 
23761.791: [GC (Allocation Failure) 23761.791: [ParNew: 81499K->0K(92160K), 0.0005473 secs] 82917K->1418K(194560K), 0.0005895 secs] [Times: user=0.00 sys=0.00, real=0.00 secs] 
23763.794: [GC (Allocation Failure) 23763.794: [ParNew: 81499K->0K(92160K), 0.0004428 secs] 82917K->1418K(194560K), 0.0004879 secs] [Times: user=0.00 sys=0.00, real=0.00 secs] 
23764.797: [GC (Allocation Failure) 23764.797: [ParNew: 81499K->0K(92160K), 0.0005301 secs] 82917K->1418K(194560K), 0.0005771 secs] [Times: user=0.00 sys=0.00, real=0.00 secs] 
23766.802: [GC (Allocation Failure) 23766.802: [ParNew: 81499K->0K(92160K), 0.0004832 secs] 82917K->1418K(194560K), 0.0005293 secs] [Times: user=0.00 sys=0.00, real=0.00 secs] 
23768.805: [GC (Allocation Failure) 23768.805: [ParNew: 81499K->0K(92160K), 0.0005600 secs] 82917K->1418K(194560K), 0.0006052 secs] [Times: user=0.00 sys=0.00, real=0.00 secs] 
23769.809: [GC (Allocation Failure) 23769.809: [ParNew: 81499K->0K(92160K), 0.0004741 secs] 82917K->1418K(194560K), 0.0005213 secs] [Times: user=0.00 sys=0.00, real=0.00 secs] 
23771.814: [GC (Allocation Failure) 23771.814: [ParNew: 81499K->0K(92160K), 0.0005597 secs] 82917K->1418K(194560K), 0.0006153 secs] [Times: user=0.00 sys=0.00, real=0.00 secs] 
23772.817: [GC (Allocation Failure) 23772.817: [ParNew: 81499K->0K(92160K), 0.0006881 secs] 82917K->1418K(194560K), 0.0007351 secs] [Times: user=0.00 sys=0.00, real=0.00 secs] 
23774.820: [GC (Allocation Failure) 23774.820: [ParNew: 81499K->0K(92160K), 0.0005275 secs] 82917K->1418K(194560K), 0.0005734 secs] [Times: user=0.00 sys=0.00, real=0.00 secs] 
23776.821: [GC (Allocation Failure) 23776.821: [ParNew: 81499K->0K(92160K), 0.0006069 secs] 82917K->1418K(194560K), 0.0006489 secs] [Times: user=0.00 sys=0.00, real=0.00 secs] 
23777.823: [GC (Allocation Failure) 23777.823: [ParNew: 81499K->0K(92160K), 0.0004734 secs] 82917K->1418K(194560K), 0.0005225 secs] [Times: user=0.00 sys=0.00, real=0.00 secs] 
23779.825: [GC (Allocation Failure) 23779.825: [ParNew: 81499K->0K(92160K), 0.0006065 secs] 82917K->1418K(194560K), 0.0006521 secs] [Times: user=0.00 sys=0.00, real=0.00 secs] 
23780.829: [GC (Allocation Failure) 23780.829: [ParNew: 81499K->0K(92160K), 0.0004220 secs] 82917K->1418K(194560K), 0.0004720 secs] [Times: user=0.00 sys=0.00, real=0.00 secs] 
23782.829: [GC (Allocation Failure) 23782.829: [ParNew: 81499K->0K(92160K), 0.0005797 secs] 82917K->1418K(194560K), 0.0006254 secs] [Times: user=0.00 sys=0.00, real=0.00 secs] 
23783.831: [GC (Allocation Failure) 23783.831: [ParNew: 81499K->0K(92160K), 0.0004596 secs] 82917K->1418K(194560K), 0.0005255 secs] [Times: user=0.00 sys=0.00, real=0.00 secs] 
23785.842: [GC (Allocation Failure) 23785.842: [ParNew: 81499K->0K(92160K), 0.0006092 secs] 82917K->1418K(194560K), 0.0006582 secs] [Times: user=0.00 sys=0.00, real=0.00 secs] 
23787.849: [GC (Allocation Failure) 23787.849: [ParNew: 81499K->0K(92160K), 0.0008901 secs] 82917K->1418K(194560K), 0.0009636 secs] [Times: user=0.00 sys=0.00, real=0.00 secs] 
23788.854: [GC (Allocation Failure) 23788.854: [ParNew: 81499K->0K(92160K), 0.0007036 secs] 82917K->1418K(194560K), 0.0007520 secs] [Times: user=0.00 sys=0.00, real=0.00 secs] 
23790.854: [GC (Allocation Failure) 23790.854: [ParNew: 81499K->0K(92160K), 0.0011701 secs] 82917K->1418K(194560K), 0.0012320 secs] [Times: user=0.00 sys=0.00, real=0.00 secs] 
23791.861: [GC (Allocation Failure) 23791.861: [ParNew: 81499K->0K(92160K), 0.0005852 secs] 82917K->1418K(194560K), 0.0006340 secs] [Times: user=0.00 sys=0.00, real=0.00 secs] 
23793.865: [GC (Allocation Failure) 23793.865: [ParNew: 81499K->0K(92160K), 0.0007133 secs] 82917K->1418K(194560K), 0.0007648 secs] [Times: user=0.00 sys=0.00, real=0.00 secs] 
23795.871: [GC (Allocation Failure) 23795.871: [ParNew: 81499K->0K(92160K), 0.0005265 secs] 82917K->1418K(194560K), 0.0005802 secs] [Times: user=0.00 sys=0.00, real=0.00 secs] 
23796.874: [GC (Allocation Failure) 23796.874: [ParNew: 81499K->0K(92160K), 0.0007228 secs] 82917K->1418K(194560K), 0.0007935 secs] [Times: user=0.00 sys=0.00, real=0.00 secs] 
23798.880: [GC (Allocation Failure) 23798.880: [ParNew: 81499K->0K(92160K), 0.0004212 secs] 82917K->1418K(194560K), 0.0004978 secs] [Times: user=0.00 sys=0.00, real=0.00 secs] 
23799.881: [GC (Allocation Failure) 23799.881: [ParNew: 81499K->0K(92160K), 0.0007526 secs] 82917K->1418K(194560K), 0.0008056 secs] [Times: user=0.00 sys=0.00, real=0.00 secs] 
23801.886: [GC (Allocation Failure) 23801.886: [ParNew: 81499K->0K(92160K), 0.0004009 secs] 82917K->1418K(194560K), 0.0004646 secs] [Times: user=0.00 sys=0.00, real=0.00 secs] 
23802.891: [GC (Allocation Failure) 23802.891: [ParNew: 81499K->0K(92160K), 0.0008442 secs] 82917K->1418K(194560K), 0.0009039 secs] [Times: user=0.00 sys=0.00, real=0.00 secs] 
23804.897: [GC (Allocation Failure) 23804.897: [ParNew: 81499K->0K(92160K), 0.0007050 secs] 82917K->1418K(194560K), 0.0007580 secs] [Times: user=0.00 sys=0.00, real=0.00 secs] 
23806.900: [GC (Allocation Failure) 23806.900: [ParNew: 81499K->0K(92160K), 0.0006641 secs] 82917K->1418K(194560K), 0.0007383 secs] [Times: user=0.00 sys=0.00, real=0.00 secs] 
23807.907: [GC (Allocation Failure) 23807.907: [ParNew: 81499K->0K(92160K), 0.0004235 secs] 82917K->1418K(194560K), 0.0004940 secs] [Times: user=0.00 sys=0.00, real=0.00 secs] 
23809.910: [GC (Allocation Failure) 23809.910: [ParNew: 81499K->0K(92160K), 0.0004523 secs] 82917K->1418K(194560K), 0.0005370 secs] [Times: user=0.00 sys=0.00, real=0.00 secs] 
23810.915: [GC (Allocation Failure) 23810.915: [ParNew: 81499K->0K(92160K), 0.0007291 secs] 82917K->1418K(194560K), 0.0007796 secs] [Times: user=0.00 sys=0.00, real=0.00 secs] 
23812.915: [GC (Allocation Failure) 23812.915: [ParNew: 81499K->0K(92160K), 0.0007745 secs] 82917K->1418K(194560K), 0.0008261 secs] [Times: user=0.00 sys=0.00, real=0.00 secs] 
23813.921: [GC (Allocation Failure) 23813.921: [ParNew: 81499K->0K(92160K), 0.0007149 secs] 82917K->1418K(194560K), 0.0007740 secs] [Times: user=0.00 sys=0.00, real=0.00 secs] 
23815.923: [GC (Allocation Failure) 23815.923: [ParNew: 81499K->0K(92160K), 0.0004421 secs] 82917K->1418K(194560K), 0.0004948 secs] [Times: user=0.00 sys=0.00, real=0.00 secs] 
23817.930: [GC (Allocation Failure) 23817.930: [ParNew: 81499K->0K(92160K), 0.0006822 secs] 82917K->1418K(194560K), 0.0007338 secs] [Times: user=0.00 sys=0.00, real=0.00 secs] 
23818.933: [GC (Allocation Failure) 23818.934: [ParNew: 81499K->0K(92160K), 0.0007209 secs] 82917K->1418K(194560K), 0.0007699 secs] [Times: user=0.00 sys=0.00, real=0.00 secs] 
23820.937: [GC (Allocation Failure) 23820.937: [ParNew: 81499K->0K(92160K), 0.0004454 secs] 82917K->1418K(194560K), 0.0005211 secs] [Times: user=0.00 sys=0.00, real=0.00 secs] 
23821.943: [GC (Allocation Failure) 23821.943: [ParNew: 81499K->0K(92160K), 0.0006559 secs] 82917K->1418K(194560K), 0.0007272 secs] [Times: user=0.00 sys=0.00, real=0.00 secs] 
23823.947: [GC (Allocation Failure) 23823.947: [ParNew: 81499K->0K(92160K), 0.0004230 secs] 82917K->1418K(194560K), 0.0004978 secs] [Times: user=0.00 sys=0.00, real=0.00 secs] 
23825.948: [GC (Allocation Failure) 23825.948: [ParNew: 81499K->0K(92160K), 0.0008327 secs] 82917K->1418K(194560K), 0.0008822 secs] [Times: user=0.00 sys=0.00, real=0.00 secs] 
23826.955: [GC (Allocation Failure) 23826.955: [ParNew: 81499K->0K(92160K), 0.0007374 secs] 82917K->1418K(194560K), 0.0008234 secs] [Times: user=0.00 sys=0.00, real=0.00 secs] 
23828.961: [GC (Allocation Failure) 23828.961: [ParNew: 81499K->0K(92160K), 0.0003989 secs] 82917K->1418K(194560K), 0.0004618 secs] [Times: user=0.00 sys=0.00, real=0.00 secs] 
23829.967: [GC (Allocation Failure) 23829.967: [ParNew: 81499K->0K(92160K), 0.0008314 secs] 82917K->1418K(194560K), 0.0008799 secs] [Times: user=0.00 sys=0.00, real=0.00 secs] 
23831.976: [GC (Allocation Failure) 23831.976: [ParNew: 81499K->0K(92160K), 0.0004266 secs] 82917K->1418K(194560K), 0.0004703 secs] [Times: user=0.00 sys=0.00, real=0.00 secs] 
23832.979: [GC (Allocation Failure) 23832.979: [ParNew: 81499K->0K(92160K), 0.0004692 secs] 82917K->1418K(194560K), 0.0005244 secs] [Times: user=0.00 sys=0.00, real=0.00 secs] 
23834.986: [GC (Allocation Failure) 23834.986: [ParNew: 81499K->0K(92160K), 0.0006627 secs] 82917K->1418K(194560K), 0.0007136 secs] [Times: user=0.00 sys=0.00, real=0.00 secs] 
23836.988: [GC (Allocation Failure) 23836.988: [ParNew: 81499K->0K(92160K), 0.0004703 secs] 82917K->1418K(194560K), 0.0005422 secs] [Times: user=0.00 sys=0.00, real=0.00 secs] 
23837.990: [GC (Allocation Failure) 23837.990: [ParNew: 81499K->0K(92160K), 0.0009706 secs] 82917K->1418K(194560K), 0.0010226 secs] [Times: user=0.00 sys=0.00, real=0.00 secs] 
23839.996: [GC (Allocation Failure) 23839.996: [ParNew: 81499K->0K(92160K), 0.0004588 secs] 82917K->1418K(194560K), 0.0005302 secs] [Times: user=0.00 sys=0.00, real=0.00 secs] 
23840.997: [GC (Allocation Failure) 23840.997: [ParNew: 81499K->0K(92160K), 0.0006868 secs] 82917K->1418K(194560K), 0.0007351 secs] [Times: user=0.00 sys=0.00, real=0.00 secs] 
23843.001: [GC (Allocation Failure) 23843.001: [ParNew: 81499K->0K(92160K), 0.0004972 secs] 82917K->1418K(194560K), 0.0005480 secs] [Times: user=0.00 sys=0.00, real=0.00 secs] 
23844.007: [GC (Allocation Failure) 23844.007: [ParNew: 81499K->0K(92160K), 0.0008471 secs] 82917K->1418K(194560K), 0.0009088 secs] [Times: user=0.00 sys=0.00, real=0.00 secs] 
23846.023: [GC (Allocation Failure) 23846.023: [ParNew: 81499K->0K(92160K), 0.0016891 secs] 82917K->1418K(194560K), 0.0018273 secs] [Times: user=0.13 sys=0.00, real=0.00 secs] 
23848.041: [GC (Allocation Failure) 23848.041: [ParNew: 81499K->0K(92160K), 0.0017418 secs] 82917K->1418K(194560K), 0.0018962 secs] [Times: user=0.00 sys=0.00, real=0.00 secs] 
23849.060: [GC (Allocation Failure) 23849.060: [ParNew: 81499K->0K(92160K), 0.0016196 secs] 82917K->1418K(194560K), 0.0017762 secs] [Times: user=0.00 sys=0.00, real=0.00 secs] 
23851.074: [GC (Allocation Failure) 23851.074: [ParNew: 81499K->0K(92160K), 0.0012369 secs] 82917K->1418K(194560K), 0.0013972 secs] [Times: user=0.00 sys=0.00, real=0.00 secs] 
23852.092: [GC (Allocation Failure) 23852.092: [ParNew: 81499K->0K(92160K), 0.0016273 secs] 82917K->1418K(194560K), 0.0018142 secs] [Times: user=0.00 sys=0.00, real=0.00 secs] 
23854.109: [GC (Allocation Failure) 23854.110: [ParNew: 81499K->0K(92160K), 0.0016631 secs] 82917K->1418K(194560K), 0.0018185 secs] [Times: user=0.00 sys=0.00, real=0.00 secs] 
23856.128: [GC (Allocation Failure) 23856.129: [ParNew: 81499K->0K(92160K), 0.0012401 secs] 82917K->1418K(194560K), 0.0013293 secs] [Times: user=0.00 sys=0.00, real=0.00 secs] 
23857.143: [GC (Allocation Failure) 23857.143: [ParNew: 81499K->0K(92160K), 0.0013238 secs] 82917K->1418K(194560K), 0.0014811 secs] [Times: user=0.00 sys=0.00, real=0.00 secs] 
23859.156: [GC (Allocation Failure) 23859.156: [ParNew: 81499K->0K(92160K), 0.0013517 secs] 82917K->1418K(194560K), 0.0014538 secs] [Times: user=0.00 sys=0.00, real=0.00 secs] 
23860.175: [GC (Allocation Failure) 23860.175: [ParNew: 81499K->0K(92160K), 0.0018853 secs] 82917K->1418K(194560K), 0.0020396 secs] [Times: user=0.00 sys=0.00, real=0.00 secs] 
23862.192: [GC (Allocation Failure) 23862.192: [ParNew: 81499K->0K(92160K), 0.0007523 secs] 82917K->1418K(194560K), 0.0008343 secs] [Times: user=0.00 sys=0.00, real=0.00 secs] 
23863.197: [GC (Allocation Failure) 23863.198: [ParNew: 81499K->0K(92160K), 0.0008661 secs] 82917K->1418K(194560K), 0.0009147 secs] [Times: user=0.00 sys=0.00, real=0.00 secs] 
23865.211: [GC (Allocation Failure) 23865.211: [ParNew: 81499K->0K(92160K), 0.0008021 secs] 82917K->1418K(194560K), 0.0008902 secs] [Times: user=0.11 sys=0.02, real=0.00 secs] 
23867.219: [GC (Allocation Failure) 23867.219: [ParNew: 81499K->0K(92160K), 0.0004814 secs] 82917K->1418K(194560K), 0.0005478 secs] [Times: user=0.00 sys=0.00, real=0.00 secs] 
23868.232: [GC (Allocation Failure) 23868.232: [ParNew: 81499K->0K(92160K), 0.0020293 secs] 82917K->1418K(194560K), 0.0021891 secs] [Times: user=0.00 sys=0.00, real=0.00 secs] 
23870.250: [GC (Allocation Failure) 23870.251: [ParNew: 81499K->0K(92160K), 0.0016168 secs] 82917K->1418K(194560K), 0.0017809 secs] [Times: user=0.00 sys=0.00, real=0.00 secs] 
23871.273: [GC (Allocation Failure) 23871.273: [ParNew: 81499K->0K(92160K), 0.0012402 secs] 82917K->1418K(194560K), 0.0014021 secs] [Times: user=0.00 sys=0.00, real=0.00 secs] 
23873.290: [GC (Allocation Failure) 23873.290: [ParNew: 81499K->0K(92160K), 0.0012823 secs] 82917K->1418K(194560K), 0.0014371 secs] [Times: user=0.00 sys=0.00, real=0.00 secs] 
23875.305: [GC (Allocation Failure) 23875.305: [ParNew: 81499K->0K(92160K), 0.0019002 secs] 82917K->1418K(194560K), 0.0020557 secs] [Times: user=0.00 sys=0.00, real=0.00 secs] 
23876.316: [GC (Allocation Failure) 23876.316: [ParNew: 81499K->0K(92160K), 0.0015380 secs] 82917K->1418K(194560K), 0.0016979 secs] [Times: user=0.00 sys=0.00, real=0.00 secs] 
23878.330: [GC (Allocation Failure) 23878.330: [ParNew: 81499K->0K(92160K), 0.0016693 secs] 82917K->1418K(194560K), 0.0018238 secs] [Times: user=0.00 sys=0.00, real=0.00 secs] 
23879.351: [GC (Allocation Failure) 23879.351: [ParNew: 81499K->0K(92160K), 0.0019338 secs] 82917K->1418K(194560K), 0.0020852 secs] [Times: user=0.00 sys=0.00, real=0.00 secs] 
23881.368: [GC (Allocation Failure) 23881.368: [ParNew: 81499K->0K(92160K), 0.0006398 secs] 82917K->1418K(194560K), 0.0007233 secs] [Times: user=0.00 sys=0.00, real=0.00 secs] 
23882.375: [GC (Allocation Failure) 23882.375: [ParNew: 81499K->0K(92160K), 0.0004755 secs] 82917K->1418K(194560K), 0.0005481 secs] [Times: user=0.00 sys=0.00, real=0.00 secs] 
23884.388: [GC (Allocation Failure) 23884.388: [ParNew: 81499K->0K(92160K), 0.0019577 secs] 82917K->1418K(194560K), 0.0021515 secs] [Times: user=0.00 sys=0.00, real=0.00 secs] 
23886.407: [GC (Allocation Failure) 23886.407: [ParNew: 81499K->0K(92160K), 0.0015613 secs] 82917K->1418K(194560K), 0.0017177 secs] [Times: user=0.00 sys=0.00, real=0.00 secs] 
23887.428: [GC (Allocation Failure) 23887.428: [ParNew: 81499K->0K(92160K), 0.0013839 secs] 82917K->1418K(194560K), 0.0014984 secs] [Times: user=0.00 sys=0.00, real=0.00 secs] 
23889.439: [GC (Allocation Failure) 23889.439: [ParNew: 81499K->0K(92160K), 0.0015084 secs] 82917K->1418K(194560K), 0.0016328 secs] [Times: user=0.00 sys=0.00, real=0.00 secs] 
23890.449: [GC (Allocation Failure) 23890.449: [ParNew: 81499K->0K(92160K), 0.0007056 secs] 82917K->1418K(194560K), 0.0007873 secs] [Times: user=0.00 sys=0.00, real=0.00 secs] 
23892.471: [GC (Allocation Failure) 23892.471: [ParNew: 81499K->0K(92160K), 0.0004949 secs] 82917K->1418K(194560K), 0.0005626 secs] [Times: user=0.00 sys=0.00, real=0.00 secs] 
23893.477: [GC (Allocation Failure) 23893.477: [ParNew: 81499K->0K(92160K), 0.0007409 secs] 82917K->1418K(194560K), 0.0007921 secs] [Times: user=0.13 sys=0.00, real=0.00 secs] 
23895.494: [GC (Allocation Failure) 23895.495: [ParNew: 81499K->0K(92160K), 0.0015831 secs] 82917K->1418K(194560K), 0.0017737 secs] [Times: user=0.00 sys=0.00, real=0.00 secs] 
23897.504: [GC (Allocation Failure) 23897.504: [ParNew: 81499K->0K(92160K), 0.0015082 secs] 82917K->1418K(194560K), 0.0016674 secs] [Times: user=0.00 sys=0.00, real=0.00 secs] 
23898.516: [GC (Allocation Failure) 23898.516: [ParNew: 81499K->0K(92160K), 0.0006722 secs] 82917K->1418K(194560K), 0.0007223 secs] [Times: user=0.00 sys=0.00, real=0.00 secs] 
23900.532: [GC (Allocation Failure) 23900.532: [ParNew: 81499K->0K(92160K), 0.0016846 secs] 82917K->1418K(194560K), 0.0018425 secs] [Times: user=0.00 sys=0.00, real=0.00 secs] 
23901.543: [GC (Allocation Failure) 23901.543: [ParNew: 81499K->0K(92160K), 0.0004609 secs] 82917K->1418K(194560K), 0.0005329 secs] [Times: user=0.00 sys=0.00, real=0.00 secs] 
23903.554: [GC (Allocation Failure) 23903.554: [ParNew: 81499K->0K(92160K), 0.0006075 secs] 82917K->1418K(194560K), 0.0006652 secs] [Times: user=0.00 sys=0.00, real=0.00 secs] 
23905.569: [GC (Allocation Failure) 23905.569: [ParNew: 81499K->0K(92160K), 0.0016034 secs] 82917K->1418K(194560K), 0.0017557 secs] [Times: user=0.00 sys=0.00, real=0.00 secs] 
23906.586: [GC (Allocation Failure) 23906.586: [ParNew: 81499K->0K(92160K), 0.0004419 secs] 82917K->1418K(194560K), 0.0005134 secs] [Times: user=0.00 sys=0.00, real=0.00 secs] 
23908.595: [GC (Allocation Failure) 23908.595: [ParNew: 81499K->0K(92160K), 0.0016417 secs] 82917K->1418K(194560K), 0.0017955 secs] [Times: user=0.00 sys=0.00, real=0.00 secs] 
23909.615: [GC (Allocation Failure) 23909.615: [ParNew: 81499K->0K(92160K), 0.0006740 secs] 82917K->1418K(194560K), 0.0007246 secs] [Times: user=0.00 sys=0.00, real=0.00 secs] 
23911.620: [GC (Allocation Failure) 23911.620: [ParNew: 81499K->0K(92160K), 0.0005016 secs] 82917K->1418K(194560K), 0.0005477 secs] [Times: user=0.00 sys=0.00, real=0.00 secs] 
23912.629: [GC (Allocation Failure) 23912.629: [ParNew: 81499K->0K(92160K), 0.0010092 secs] 82917K->1418K(194560K), 0.0010583 secs] [Times: user=0.00 sys=0.00, real=0.00 secs] 
23914.638: [GC (Allocation Failure) 23914.638: [ParNew: 81499K->0K(92160K), 0.0006178 secs] 82917K->1418K(194560K), 0.0006704 secs] [Times: user=0.00 sys=0.00, real=0.00 secs] 
23916.647: [GC (Allocation Failure) 23916.647: [ParNew: 81499K->0K(92160K), 0.0014851 secs] 82917K->1418K(194560K), 0.0017335 secs] [Times: user=0.00 sys=0.00, real=0.00 secs] 
23917.659: [GC (Allocation Failure) 23917.659: [ParNew: 81499K->0K(92160K), 0.0009307 secs] 82917K->1418K(194560K), 0.0009831 secs] [Times: user=0.00 sys=0.00, real=0.00 secs] 
23919.663: [GC (Allocation Failure) 23919.663: [ParNew: 81499K->0K(92160K), 0.0005637 secs] 82917K->1418K(194560K), 0.0006152 secs] [Times: user=0.00 sys=0.00, real=0.00 secs] 
23920.667: [GC (Allocation Failure) 23920.667: [ParNew: 81499K->0K(92160K), 0.0008138 secs] 82917K->1418K(194560K), 0.0008701 secs] [Times: user=0.00 sys=0.00, real=0.00 secs] 
23922.677: [GC (Allocation Failure) 23922.677: [ParNew: 81499K->0K(92160K), 0.0014453 secs] 82917K->1418K(194560K), 0.0015981 secs] [Times: user=0.00 sys=0.00, real=0.00 secs] 
23923.694: [GC (Allocation Failure) 23923.694: [ParNew: 81499K->0K(92160K), 0.0017288 secs] 82917K->1418K(194560K), 0.0018787 secs] [Times: user=0.05 sys=0.00, real=0.01 secs] 
23925.710: [GC (Allocation Failure) 23925.711: [ParNew: 81499K->0K(92160K), 0.0007745 secs] 82917K->1418K(194560K), 0.0008233 secs] [Times: user=0.00 sys=0.00, real=0.00 secs] 
23927.722: [GC (Allocation Failure) 23927.722: [ParNew: 81499K->0K(92160K), 0.0010997 secs] 82917K->1418K(194560K), 0.0012088 secs] [Times: user=0.00 sys=0.00, real=0.00 secs] 
23928.734: [GC (Allocation Failure) 23928.735: [ParNew: 81499K->0K(92160K), 0.0010833 secs] 82917K->1418K(194560K), 0.0011833 secs] [Times: user=0.00 sys=0.00, real=0.00 secs] 
23930.748: [GC (Allocation Failure) 23930.748: [ParNew: 81499K->0K(92160K), 0.0015639 secs] 82917K->1418K(194560K), 0.0017239 secs] [Times: user=0.00 sys=0.00, real=0.00 secs] 
23931.753: [GC (Allocation Failure) 23931.753: [ParNew: 81499K->0K(92160K), 0.0006014 secs] 82917K->1418K(194560K), 0.0006507 secs] [Times: user=0.00 sys=0.00, real=0.00 secs] 
23933.761: [GC (Allocation Failure) 23933.761: [ParNew: 81499K->0K(92160K), 0.0012267 secs] 82917K->1418K(194560K), 0.0013497 secs] [Times: user=0.00 sys=0.00, real=0.00 secs] 
23935.767: [GC (Allocation Failure) 23935.767: [ParNew: 81499K->0K(92160K), 0.0012284 secs] 82917K->1418K(194560K), 0.0013905 secs] [Times: user=0.00 sys=0.00, real=0.00 secs] 
23936.785: [GC (Allocation Failure) 23936.785: [ParNew: 81499K->0K(92160K), 0.0007281 secs] 82917K->1418K(194560K), 0.0008031 secs] [Times: user=0.00 sys=0.00, real=0.00 secs] 
23938.790: [GC (Allocation Failure) 23938.790: [ParNew: 81499K->0K(92160K), 0.0011534 secs] 82917K->1418K(194560K), 0.0012556 secs] [Times: user=0.00 sys=0.00, real=0.00 secs] 
23939.802: [GC (Allocation Failure) 23939.802: [ParNew: 81499K->0K(92160K), 0.0010684 secs] 82917K->1418K(194560K), 0.0011581 secs] [Times: user=0.00 sys=0.00, real=0.00 secs] 
23941.816: [GC (Allocation Failure) 23941.817: [ParNew: 81499K->0K(92160K), 0.0006852 secs] 82917K->1418K(194560K), 0.0007616 secs] [Times: user=0.00 sys=0.00, real=0.00 secs] 
23942.825: [GC (Allocation Failure) 23942.825: [ParNew: 81499K->0K(92160K), 0.0007807 secs] 82917K->1418K(194560K), 0.0008321 secs] [Times: user=0.00 sys=0.00, real=0.00 secs] 
23944.844: [GC (Allocation Failure) 23944.844: [ParNew: 81499K->0K(92160K), 0.0017114 secs] 82917K->1418K(194560K), 0.0018729 secs] [Times: user=0.00 sys=0.00, real=0.00 secs] 
23946.858: [GC (Allocation Failure) 23946.858: [ParNew: 81499K->0K(92160K), 0.0015268 secs] 82917K->1418K(194560K), 0.0017222 secs] [Times: user=0.00 sys=0.00, real=0.00 secs] 
23947.866: [GC (Allocation Failure) 23947.866: [ParNew: 81499K->0K(92160K), 0.0004182 secs] 82917K->1418K(194560K), 0.0004699 secs] [Times: user=0.00 sys=0.00, real=0.00 secs] 
23949.881: [GC (Allocation Failure) 23949.882: [ParNew: 81499K->0K(92160K), 0.0012949 secs] 82917K->1418K(194560K), 0.0014507 secs] [Times: user=0.13 sys=0.00, real=0.00 secs] 
23950.902: [GC (Allocation Failure) 23950.902: [ParNew: 81499K->0K(92160K), 0.0012311 secs] 82917K->1418K(194560K), 0.0013472 secs] [Times: user=0.00 sys=0.00, real=0.00 secs] 
23952.916: [GC (Allocation Failure) 23952.916: [ParNew: 81499K->0K(92160K), 0.0004232 secs] 82917K->1418K(194560K), 0.0004814 secs] [Times: user=0.00 sys=0.00, real=0.00 secs] 
23954.927: [GC (Allocation Failure) 23954.927: [ParNew: 81499K->0K(92160K), 0.0008730 secs] 82917K->1418K(194560K), 0.0010127 secs] [Times: user=0.00 sys=0.00, real=0.00 secs] 
23955.944: [GC (Allocation Failure) 23955.944: [ParNew: 81499K->0K(92160K), 0.0009187 secs] 82917K->1418K(194560K), 0.0010358 secs] [Times: user=0.00 sys=0.00, real=0.00 secs] 
23957.955: [GC (Allocation Failure) 23957.955: [ParNew: 81499K->0K(92160K), 0.0017124 secs] 82917K->1418K(194560K), 0.0019378 secs] [Times: user=0.00 sys=0.00, real=0.00 secs] 
23958.962: [GC (Allocation Failure) 23958.962: [ParNew: 81499K->0K(92160K), 0.0004152 secs] 82917K->1418K(194560K), 0.0004798 secs] [Times: user=0.00 sys=0.00, real=0.00 secs] 
23960.967: [GC (Allocation Failure) 23960.967: [ParNew: 81499K->0K(92160K), 0.0011141 secs] 82917K->1418K(194560K), 0.0012132 secs] [Times: user=0.00 sys=0.00, real=0.00 secs] 
23961.978: [GC (Allocation Failure) 23961.978: [ParNew: 81499K->0K(92160K), 0.0003862 secs] 82917K->1418K(194560K), 0.0004465 secs] [Times: user=0.00 sys=0.00, real=0.00 secs] 
23963.986: [GC (Allocation Failure) 23963.986: [ParNew: 81499K->0K(92160K), 0.0003778 secs] 82917K->1418K(194560K), 0.0004261 secs] [Times: user=0.00 sys=0.00, real=0.00 secs] 
23965.993: [GC (Allocation Failure) 23965.993: [ParNew: 81499K->0K(92160K), 0.0011927 secs] 82917K->1418K(194560K), 0.0012907 secs] [Times: user=0.00 sys=0.00, real=0.00 secs] 
23967.005: [GC (Allocation Failure) 23967.005: [ParNew: 81499K->0K(92160K), 0.0009907 secs] 82917K->1418K(194560K), 0.0010825 secs] [Times: user=0.00 sys=0.00, real=0.00 secs] 
23969.020: [GC (Allocation Failure) 23969.020: [ParNew: 81499K->0K(92160K), 0.0018899 secs] 82917K->1418K(194560K), 0.0020483 secs] [Times: user=0.00 sys=0.00, real=0.00 secs] 
23970.039: [GC (Allocation Failure) 23970.039: [ParNew: 81499K->0K(92160K), 0.0018858 secs] 82917K->1418K(194560K), 0.0020455 secs] [Times: user=0.00 sys=0.00, real=0.00 secs] 
23972.057: [GC (Allocation Failure) 23972.057: [ParNew: 81499K->0K(92160K), 0.0006027 secs] 82917K->1418K(194560K), 0.0006606 secs] [Times: user=0.00 sys=0.00, real=0.00 secs] 
23973.061: [GC (Allocation Failure) 23973.061: [ParNew: 81499K->0K(92160K), 0.0008010 secs] 82917K->1418K(194560K), 0.0008823 secs] [Times: user=0.00 sys=0.00, real=0.00 secs] 
23975.069: [GC (Allocation Failure) 23975.069: [ParNew: 81499K->0K(92160K), 0.0004432 secs] 82917K->1418K(194560K), 0.0004896 secs] [Times: user=0.13 sys=0.00, real=0.00 secs] 
23977.078: [GC (Allocation Failure) 23977.078: [ParNew: 81499K->0K(92160K), 0.0007458 secs] 82917K->1418K(194560K), 0.0008211 secs] [Times: user=0.00 sys=0.00, real=0.00 secs] 
23978.091: [GC (Allocation Failure) 23978.091: [ParNew: 81499K->0K(92160K), 0.0017131 secs] 82917K->1418K(194560K), 0.0018652 secs] [Times: user=0.00 sys=0.00, real=0.00 secs] 
23980.104: [GC (Allocation Failure) 23980.104: [ParNew: 81499K->0K(92160K), 0.0004446 secs] 82917K->1418K(194560K), 0.0005171 secs] [Times: user=0.00 sys=0.00, real=0.00 secs] 
23981.111: [GC (Allocation Failure) 23981.111: [ParNew: 81499K->0K(92160K), 0.0018637 secs] 82917K->1418K(194560K), 0.0019693 secs] [Times: user=0.00 sys=0.00, real=0.00 secs] 
23983.118: [GC (Allocation Failure) 23983.118: [ParNew: 81499K->0K(92160K), 0.0008780 secs] 82917K->1418K(194560K), 0.0009357 secs] [Times: user=0.00 sys=0.00, real=0.00 secs] 
23985.125: [GC (Allocation Failure) 23985.125: [ParNew: 81499K->0K(92160K), 0.0005144 secs] 82917K->1418K(194560K), 0.0006088 secs] [Times: user=0.00 sys=0.00, real=0.00 secs] 
23986.131: [GC (Allocation Failure) 23986.131: [ParNew: 81499K->0K(92160K), 0.0003877 secs] 82917K->1418K(194560K), 0.0004619 secs] [Times: user=0.00 sys=0.00, real=0.00 secs] 
23988.137: [GC (Allocation Failure) 23988.137: [ParNew: 81499K->0K(92160K), 0.0009017 secs] 82917K->1418K(194560K), 0.0009830 secs] [Times: user=0.00 sys=0.00, real=0.00 secs] 
23989.146: [GC (Allocation Failure) 23989.146: [ParNew: 81499K->0K(92160K), 0.0008519 secs] 82917K->1418K(194560K), 0.0009109 secs] [Times: user=0.00 sys=0.00, real=0.00 secs] 
23991.153: [GC (Allocation Failure) 23991.153: [ParNew: 81499K->0K(92160K), 0.0005420 secs] 82917K->1418K(194560K), 0.0005901 secs] [Times: user=0.00 sys=0.00, real=0.00 secs] 
23992.158: [GC (Allocation Failure) 23992.159: [ParNew: 81499K->0K(92160K), 0.0004016 secs] 82917K->1418K(194560K), 0.0004489 secs] [Times: user=0.00 sys=0.00, real=0.00 secs] 
24031.164: [GC (Allocation Failure) 24031.164: [ParNew: 81499K->0K(92160K), 0.0007914 secs] 82917K->1418K(194560K), 0.0008540 secs] [Times: user=0.00 sys=0.00, real=0.00 secs] 
24033.173: [GC (Allocation Failure) 24033.173: [ParNew: 81499K->0K(92160K), 0.0005995 secs] 82917K->1418K(194560K), 0.0006847 secs] [Times: user=0.00 sys=0.00, real=0.00 secs] 
24034.181: [GC (Allocation Failure) 24034.181: [ParNew: 81499K->0K(92160K), 0.0007543 secs] 82917K->1418K(194560K), 0.0008290 secs] [Times: user=0.00 sys=0.00, real=0.00 secs] 
24036.187: [GC (Allocation Failure) 24036.187: [ParNew: 81499K->0K(92160K), 0.0003963 secs] 82917K->1418K(194560K), 0.0004801 secs] [Times: user=0.00 sys=0.00, real=0.00 secs] 
24037.194: [GC (Allocation Failure) 24037.194: [ParNew: 81499K->0K(92160K), 0.0004928 secs] 82917K->1418K(194560K), 0.0005387 secs] [Times: user=0.00 sys=0.00, real=0.00 secs] 
24039.200: [GC (Allocation Failure) 24039.200: [ParNew: 81499K->0K(92160K), 0.0004046 secs] 82917K->1418K(194560K), 0.0004552 secs] [Times: user=0.00 sys=0.00, real=0.00 secs] 
24040.204: [GC (Allocation Failure) 24040.204: [ParNew: 81499K->0K(92160K), 0.0008155 secs] 82917K->1418K(194560K), 0.0008652 secs] [Times: user=0.00 sys=0.00, real=0.00 secs] 
24042.212: [GC (Allocation Failure) 24042.212: [ParNew: 81499K->0K(92160K), 0.0008726 secs] 82917K->1418K(194560K), 0.0009458 secs] [Times: user=0.00 sys=0.00, real=0.00 secs] 
24044.219: [GC (Allocation Failure) 24044.219: [ParNew: 81499K->0K(92160K), 0.0006530 secs] 82917K->1418K(194560K), 0.0007157 secs] [Times: user=0.00 sys=0.00, real=0.00 secs] 
24045.224: [GC (Allocation Failure) 24045.224: [ParNew: 81499K->0K(92160K), 0.0007472 secs] 82917K->1418K(194560K), 0.0007973 secs] [Times: user=0.00 sys=0.00, real=0.00 secs] 
24047.230: [GC (Allocation Failure) 24047.230: [ParNew: 81499K->0K(92160K), 0.0006429 secs] 82917K->1418K(194560K), 0.0007022 secs] [Times: user=0.00 sys=0.00, real=0.00 secs] 
24048.239: [GC (Allocation Failure) 24048.239: [ParNew: 81499K->0K(92160K), 0.0004520 secs] 82917K->1418K(194560K), 0.0005308 secs] [Times: user=0.00 sys=0.00, real=0.00 secs] 
24091.824: [GC (Allocation Failure) 24091.824: [ParNew: 81499K->0K(92160K), 0.0006363 secs] 82917K->1418K(194560K), 0.0007165 secs] [Times: user=0.00 sys=0.00, real=0.00 secs] 
24093.827: [GC (Allocation Failure) 24093.827: [ParNew: 81499K->0K(92160K), 0.0005695 secs] 82917K->1418K(194560K), 0.0006546 secs] [Times: user=0.00 sys=0.00, real=0.00 secs] 
24094.833: [GC (Allocation Failure) 24094.833: [ParNew: 81499K->0K(92160K), 0.0004628 secs] 82917K->1418K(194560K), 0.0005319 secs] [Times: user=0.00 sys=0.00, real=0.00 secs] 
24096.852: [GC (Allocation Failure) 24096.852: [ParNew: 81499K->0K(92160K), 0.0003958 secs] 82917K->1418K(194560K), 0.0004766 secs] [Times: user=0.00 sys=0.00, real=0.00 secs] 
24097.854: [GC (Allocation Failure) 24097.854: [ParNew: 81499K->0K(92160K), 0.0005395 secs] 82917K->1418K(194560K), 0.0006019 secs] [Times: user=0.00 sys=0.00, real=0.00 secs] 
24099.872: [GC (Allocation Failure) 24099.872: [ParNew: 81499K->0K(92160K), 0.0004927 secs] 82917K->1418K(194560K), 0.0005717 secs] [Times: user=0.00 sys=0.00, real=0.00 secs] 
24100.875: [GC (Allocation Failure) 24100.875: [ParNew: 81499K->0K(92160K), 0.0020285 secs] 82917K->1418K(194560K), 0.0021321 secs] [Times: user=0.00 sys=0.00, real=0.00 secs] 
24102.882: [GC (Allocation Failure) 24102.883: [ParNew: 81499K->0K(92160K), 0.0008729 secs] 82917K->1418K(194560K), 0.0009242 secs] [Times: user=0.00 sys=0.00, real=0.00 secs] 
24104.893: [GC (Allocation Failure) 24104.893: [ParNew: 81499K->0K(92160K), 0.0006065 secs] 82917K->1418K(194560K), 0.0006895 secs] [Times: user=0.00 sys=0.00, real=0.00 secs] 
24105.902: [GC (Allocation Failure) 24105.902: [ParNew: 81499K->0K(92160K), 0.0004335 secs] 82917K->1418K(194560K), 0.0004769 secs] [Times: user=0.00 sys=0.00, real=0.00 secs] 
24107.923: [GC (Allocation Failure) 24107.923: [ParNew: 81499K->0K(92160K), 0.0008774 secs] 82917K->1418K(194560K), 0.0009305 secs] [Times: user=0.00 sys=0.00, real=0.00 secs] 
24108.926: [GC (Allocation Failure) 24108.926: [ParNew: 81499K->0K(92160K), 0.0004244 secs] 82917K->1418K(194560K), 0.0004716 secs] [Times: user=0.00 sys=0.00, real=0.00 secs] 
24122.513: [GC (Allocation Failure) 24122.513: [ParNew: 81499K->0K(92160K), 0.0006112 secs] 82917K->1418K(194560K), 0.0006957 secs] [Times: user=0.00 sys=0.00, real=0.00 secs] 
24124.535: [GC (Allocation Failure) 24124.535: [ParNew: 81499K->0K(92160K), 0.0005037 secs] 82917K->1418K(194560K), 0.0005709 secs] [Times: user=0.00 sys=0.00, real=0.00 secs] 
24125.537: [GC (Allocation Failure) 24125.537: [ParNew: 81499K->0K(92160K), 0.0004919 secs] 82917K->1418K(194560K), 0.0005398 secs] [Times: user=0.00 sys=0.00, real=0.00 secs] 
24127.545: [GC (Allocation Failure) 24127.545: [ParNew: 81499K->0K(92160K), 0.0004245 secs] 82917K->1418K(194560K), 0.0004988 secs] [Times: user=0.00 sys=0.00, real=0.00 secs] 
24128.551: [GC (Allocation Failure) 24128.551: [ParNew: 81499K->0K(92160K), 0.0007758 secs] 82917K->1418K(194560K), 0.0008498 secs] [Times: user=0.00 sys=0.00, real=0.00 secs] 
24130.560: [GC (Allocation Failure) 24130.560: [ParNew: 81499K->0K(92160K), 0.0010467 secs] 82917K->1418K(194560K), 0.0010984 secs] [Times: user=0.00 sys=0.00, real=0.00 secs] 
24131.566: [GC (Allocation Failure) 24131.566: [ParNew: 81499K->0K(92160K), 0.0010516 secs] 82917K->1418K(194560K), 0.0010978 secs] [Times: user=0.00 sys=0.00, real=0.00 secs] 
24133.584: [GC (Allocation Failure) 24133.584: [ParNew: 81499K->0K(92160K), 0.0009565 secs] 82917K->1418K(194560K), 0.0010178 secs] [Times: user=0.00 sys=0.00, real=0.00 secs] 
24135.591: [GC (Allocation Failure) 24135.591: [ParNew: 81499K->0K(92160K), 0.0005309 secs] 82917K->1418K(194560K), 0.0005987 secs] [Times: user=0.00 sys=0.00, real=0.00 secs] 
24136.610: [GC (Allocation Failure) 24136.610: [ParNew: 81499K->0K(92160K), 0.0003809 secs] 82917K->1418K(194560K), 0.0004277 secs] [Times: user=0.00 sys=0.00, real=0.00 secs] 
24154.691: [GC (Allocation Failure) 24154.691: [ParNew: 81499K->0K(92160K), 0.0005343 secs] 82917K->1418K(194560K), 0.0006144 secs] [Times: user=0.00 sys=0.00, real=0.00 secs] 
24155.695: [GC (Allocation Failure) 24155.695: [ParNew: 81499K->0K(92160K), 0.0004968 secs] 82917K->1418K(194560K), 0.0005524 secs] [Times: user=0.00 sys=0.00, real=0.00 secs] 
24157.707: [GC (Allocation Failure) 24157.707: [ParNew: 81499K->0K(92160K), 0.0006205 secs] 82917K->1418K(194560K), 0.0006928 secs] [Times: user=0.00 sys=0.00, real=0.00 secs] 
24158.718: [GC (Allocation Failure) 24158.718: [ParNew: 81499K->0K(92160K), 0.0003613 secs] 82917K->1418K(194560K), 0.0004131 secs] [Times: user=0.00 sys=0.00, real=0.00 secs] 
24160.720: [GC (Allocation Failure) 24160.720: [ParNew: 81499K->0K(92160K), 0.0005060 secs] 82917K->1418K(194560K), 0.0005586 secs] [Times: user=0.00 sys=0.00, real=0.00 secs] 
24162.732: [GC (Allocation Failure) 24162.732: [ParNew: 81499K->0K(92160K), 0.0005049 secs] 82917K->1418K(194560K), 0.0005604 secs] [Times: user=0.00 sys=0.00, real=0.00 secs] 
24163.734: [GC (Allocation Failure) 24163.734: [ParNew: 81499K->0K(92160K), 0.0005029 secs] 82917K->1418K(194560K), 0.0005572 secs] [Times: user=0.00 sys=0.00, real=0.00 secs] 
24165.739: [GC (Allocation Failure) 24165.739: [ParNew: 81499K->0K(92160K), 0.0009948 secs] 82917K->1418K(194560K), 0.0010627 secs] [Times: user=0.00 sys=0.00, real=0.00 secs] 
24166.748: [GC (Allocation Failure) 24166.748: [ParNew: 81499K->0K(92160K), 0.0004737 secs] 82917K->1418K(194560K), 0.0005297 secs] [Times: user=0.00 sys=0.00, real=0.00 secs] 
24168.761: [GC (Allocation Failure) 24168.761: [ParNew: 81499K->0K(92160K), 0.0003887 secs] 82917K->1418K(194560K), 0.0004364 secs] [Times: user=0.00 sys=0.00, real=0.00 secs] 
24196.161: [GC (Allocation Failure) 24196.161: [ParNew: 81499K->0K(92160K), 0.0006501 secs] 82917K->1418K(194560K), 0.0007351 secs] [Times: user=0.00 sys=0.00, real=0.00 secs] 
24197.190: [GC (Allocation Failure) 24197.190: [ParNew: 81499K->0K(92160K), 0.0028607 secs] 82917K->1418K(194560K), 0.0031742 secs] [Times: user=0.00 sys=0.00, real=0.00 secs] 
24199.236: [GC (Allocation Failure) 24199.236: [ParNew: 81499K->0K(92160K), 0.0017312 secs] 82917K->1418K(194560K), 0.0019768 secs] [Times: user=0.00 sys=0.00, real=0.00 secs] 
24200.250: [GC (Allocation Failure) 24200.250: [ParNew: 81499K->0K(92160K), 0.0007524 secs] 82917K->1418K(194560K), 0.0008171 secs] [Times: user=0.00 sys=0.00, real=0.00 secs] 
24202.258: [GC (Allocation Failure) 24202.258: [ParNew: 81499K->0K(92160K), 0.0007084 secs] 82917K->1418K(194560K), 0.0007591 secs] [Times: user=0.00 sys=0.00, real=0.00 secs] 
24203.262: [GC (Allocation Failure) 24203.262: [ParNew: 81499K->0K(92160K), 0.0008527 secs] 82917K->1418K(194560K), 0.0009023 secs] [Times: user=0.00 sys=0.00, real=0.00 secs] 
24205.268: [GC (Allocation Failure) 24205.269: [ParNew: 81499K->0K(92160K), 0.0006718 secs] 82917K->1418K(194560K), 0.0007234 secs] [Times: user=0.00 sys=0.00, real=0.00 secs] 
24207.273: [GC (Allocation Failure) 24207.273: [ParNew: 81499K->0K(92160K), 0.0004315 secs] 82917K->1418K(194560K), 0.0005036 secs] [Times: user=0.00 sys=0.00, real=0.00 secs] 
24208.278: [GC (Allocation Failure) 24208.278: [ParNew: 81499K->0K(92160K), 0.0006334 secs] 82917K->1418K(194560K), 0.0006861 secs] [Times: user=0.00 sys=0.00, real=0.00 secs] 
24210.284: [GC (Allocation Failure) 24210.284: [ParNew: 81499K->0K(92160K), 0.0004758 secs] 82917K->1418K(194560K), 0.0005268 secs] [Times: user=0.00 sys=0.00, real=0.00 secs] 
24211.289: [GC (Allocation Failure) 24211.289: [ParNew: 81499K->0K(92160K), 0.0004443 secs] 82917K->1418K(194560K), 0.0005164 secs] [Times: user=0.00 sys=0.00, real=0.00 secs] 
24213.296: [GC (Allocation Failure) 24213.296: [ParNew: 81499K->0K(92160K), 0.0005433 secs] 82917K->1418K(194560K), 0.0005972 secs] [Times: user=0.00 sys=0.00, real=0.00 secs] 
24214.301: [GC (Allocation Failure) 24214.301: [ParNew: 81499K->0K(92160K), 0.0008378 secs] 82917K->1418K(194560K), 0.0008866 secs] [Times: user=0.00 sys=0.00, real=0.00 secs] 
24216.307: [GC (Allocation Failure) 24216.307: [ParNew: 81499K->0K(92160K), 0.0004480 secs] 82917K->1418K(194560K), 0.0005179 secs] [Times: user=0.00 sys=0.00, real=0.00 secs] 
24218.313: [GC (Allocation Failure) 24218.313: [ParNew: 81499K->0K(92160K), 0.0004055 secs] 82917K->1418K(194560K), 0.0004612 secs] [Times: user=0.00 sys=0.00, real=0.00 secs] 
24219.318: [GC (Allocation Failure) 24219.318: [ParNew: 81499K->0K(92160K), 0.0003915 secs] 82917K->1418K(194560K), 0.0004450 secs] [Times: user=0.00 sys=0.00, real=0.00 secs] 
24221.323: [GC (Allocation Failure) 24221.323: [ParNew: 81499K->0K(92160K), 0.0007349 secs] 82917K->1418K(194560K), 0.0008123 secs] [Times: user=0.00 sys=0.00, real=0.00 secs] 
24222.329: [GC (Allocation Failure) 24222.329: [ParNew: 81499K->0K(92160K), 0.0005597 secs] 82917K->1418K(194560K), 0.0006132 secs] [Times: user=0.00 sys=0.00, real=0.00 secs] 
24224.334: [GC (Allocation Failure) 24224.334: [ParNew: 81499K->0K(92160K), 0.0004561 secs] 82917K->1418K(194560K), 0.0005279 secs] [Times: user=0.00 sys=0.00, real=0.00 secs] 
24226.339: [GC (Allocation Failure) 24226.339: [ParNew: 81499K->0K(92160K), 0.0007349 secs] 82917K->1418K(194560K), 0.0007896 secs] [Times: user=0.00 sys=0.00, real=0.00 secs] 
24227.346: [GC (Allocation Failure) 24227.346: [ParNew: 81499K->0K(92160K), 0.0007133 secs] 82917K->1418K(194560K), 0.0007786 secs] [Times: user=0.00 sys=0.00, real=0.00 secs] 
24229.352: [GC (Allocation Failure) 24229.352: [ParNew: 81499K->0K(92160K), 0.0004710 secs] 82917K->1418K(194560K), 0.0005392 secs] [Times: user=0.02 sys=0.00, real=0.00 secs] 
24230.369: [GC (Allocation Failure) 24230.369: [ParNew: 81499K->0K(92160K), 0.0004823 secs] 82917K->1418K(194560K), 0.0005572 secs] [Times: user=0.00 sys=0.00, real=0.00 secs] 
24232.375: [GC (Allocation Failure) 24232.375: [ParNew: 81499K->0K(92160K), 0.0004413 secs] 82917K->1418K(194560K), 0.0004916 secs] [Times: user=0.00 sys=0.00, real=0.00 secs] 
24233.380: [GC (Allocation Failure) 24233.380: [ParNew: 81499K->0K(92160K), 0.0007354 secs] 82917K->1418K(194560K), 0.0007776 secs] [Times: user=0.00 sys=0.00, real=0.00 secs] 
24235.385: [GC (Allocation Failure) 24235.385: [ParNew: 81499K->0K(92160K), 0.0004381 secs] 82917K->1418K(194560K), 0.0005084 secs] [Times: user=0.00 sys=0.00, real=0.00 secs] 
24237.389: [GC (Allocation Failure) 24237.389: [ParNew: 81499K->0K(92160K), 0.0005833 secs] 82917K->1418K(194560K), 0.0006563 secs] [Times: user=0.00 sys=0.00, real=0.00 secs] 
24238.396: [GC (Allocation Failure) 24238.396: [ParNew: 81499K->0K(92160K), 0.0004209 secs] 82917K->1418K(194560K), 0.0004943 secs] [Times: user=0.00 sys=0.00, real=0.00 secs] 
24240.401: [GC (Allocation Failure) 24240.401: [ParNew: 81499K->0K(92160K), 0.0008295 secs] 82917K->1418K(194560K), 0.0009125 secs] [Times: user=0.00 sys=0.00, real=0.00 secs] 
24241.407: [GC (Allocation Failure) 24241.407: [ParNew: 81499K->0K(92160K), 0.0006639 secs] 82917K->1418K(194560K), 0.0007618 secs] [Times: user=0.00 sys=0.00, real=0.00 secs] 
24243.412: [GC (Allocation Failure) 24243.412: [ParNew: 81499K->0K(92160K), 0.0004433 secs] 82917K->1418K(194560K), 0.0005222 secs] [Times: user=0.00 sys=0.00, real=0.00 secs] 
24245.416: [GC (Allocation Failure) 24245.416: [ParNew: 81499K->0K(92160K), 0.0008120 secs] 82917K->1418K(194560K), 0.0008631 secs] [Times: user=0.00 sys=0.00, real=0.00 secs] 
24246.423: [GC (Allocation Failure) 24246.423: [ParNew: 81499K->0K(92160K), 0.0006458 secs] 82917K->1418K(194560K), 0.0006937 secs] [Times: user=0.00 sys=0.00, real=0.00 secs] 
24248.430: [GC (Allocation Failure) 24248.430: [ParNew: 81499K->0K(92160K), 0.0005645 secs] 82917K->1418K(194560K), 0.0006316 secs] [Times: user=0.09 sys=0.00, real=0.00 secs] 
24249.436: [GC (Allocation Failure) 24249.436: [ParNew: 81499K->0K(92160K), 0.0005551 secs] 82917K->1418K(194560K), 0.0006167 secs] [Times: user=0.00 sys=0.00, real=0.00 secs] 
24251.441: [GC (Allocation Failure) 24251.441: [ParNew: 81499K->0K(92160K), 0.0006139 secs] 82917K->1418K(194560K), 0.0006674 secs] [Times: user=0.00 sys=0.00, real=0.00 secs] 
24252.446: [GC (Allocation Failure) 24252.446: [ParNew: 81499K->0K(92160K), 0.0007203 secs] 82917K->1418K(194560K), 0.0007666 secs] [Times: user=0.00 sys=0.00, real=0.00 secs] 
24254.452: [GC (Allocation Failure) 24254.452: [ParNew: 81499K->0K(92160K), 0.0004308 secs] 82917K->1418K(194560K), 0.0005024 secs] [Times: user=0.00 sys=0.00, real=0.00 secs] 
24256.456: [GC (Allocation Failure) 24256.456: [ParNew: 81499K->0K(92160K), 0.0004638 secs] 82917K->1418K(194560K), 0.0005140 secs] [Times: user=0.00 sys=0.00, real=0.00 secs] 
24257.462: [GC (Allocation Failure) 24257.462: [ParNew: 81499K->0K(92160K), 0.0004810 secs] 82917K->1418K(194560K), 0.0005433 secs] [Times: user=0.00 sys=0.00, real=0.00 secs] 
24259.467: [GC (Allocation Failure) 24259.467: [ParNew: 81499K->0K(92160K), 0.0006959 secs] 82917K->1418K(194560K), 0.0007707 secs] [Times: user=0.00 sys=0.00, real=0.00 secs] 
24260.472: [GC (Allocation Failure) 24260.472: [ParNew: 81499K->0K(92160K), 0.0008634 secs] 82917K->1418K(194560K), 0.0009129 secs] [Times: user=0.00 sys=0.00, real=0.00 secs] 
24262.478: [GC (Allocation Failure) 24262.478: [ParNew: 81499K->0K(92160K), 0.0007568 secs] 82917K->1418K(194560K), 0.0008169 secs] [Times: user=0.00 sys=0.00, real=0.00 secs] 
24263.483: [GC (Allocation Failure) 24263.483: [ParNew: 81499K->0K(92160K), 0.0005026 secs] 82917K->1418K(194560K), 0.0005619 secs] [Times: user=0.00 sys=0.00, real=0.00 secs] 
24265.489: [GC (Allocation Failure) 24265.489: [ParNew: 81499K->0K(92160K), 0.0008236 secs] 82917K->1418K(194560K), 0.0008714 secs] [Times: user=0.00 sys=0.00, real=0.00 secs] 
24267.496: [GC (Allocation Failure) 24267.496: [ParNew: 81499K->0K(92160K), 0.0004564 secs] 82917K->1418K(194560K), 0.0005295 secs] [Times: user=0.00 sys=0.00, real=0.00 secs] 
24268.502: [GC (Allocation Failure) 24268.502: [ParNew: 81499K->0K(92160K), 0.0007549 secs] 82917K->1418K(194560K), 0.0008089 secs] [Times: user=0.00 sys=0.00, real=0.00 secs] 
24270.508: [GC (Allocation Failure) 24270.508: [ParNew: 81499K->0K(92160K), 0.0008365 secs] 82917K->1418K(194560K), 0.0008949 secs] [Times: user=0.00 sys=0.00, real=0.00 secs] 
24271.515: [GC (Allocation Failure) 24271.515: [ParNew: 81499K->0K(92160K), 0.0005861 secs] 82917K->1418K(194560K), 0.0006456 secs] [Times: user=0.00 sys=0.00, real=0.00 secs] 
24273.520: [GC (Allocation Failure) 24273.520: [ParNew: 81499K->0K(92160K), 0.0007272 secs] 82917K->1418K(194560K), 0.0007770 secs] [Times: user=0.00 sys=0.00, real=0.00 secs] 
24275.524: [GC (Allocation Failure) 24275.524: [ParNew: 81499K->0K(92160K), 0.0007654 secs] 82917K->1418K(194560K), 0.0008175 secs] [Times: user=0.00 sys=0.00, real=0.00 secs] 
24276.530: [GC (Allocation Failure) 24276.530: [ParNew: 81499K->0K(92160K), 0.0005392 secs] 82917K->1418K(194560K), 0.0006210 secs] [Times: user=0.00 sys=0.00, real=0.00 secs] 
24278.536: [GC (Allocation Failure) 24278.536: [ParNew: 81499K->0K(92160K), 0.0004815 secs] 82917K->1418K(194560K), 0.0005346 secs] [Times: user=0.00 sys=0.00, real=0.00 secs] 
24279.541: [GC (Allocation Failure) 24279.541: [ParNew: 81499K->0K(92160K), 0.0007419 secs] 82917K->1418K(194560K), 0.0007926 secs] [Times: user=0.00 sys=0.00, real=0.00 secs] 
24281.546: [GC (Allocation Failure) 24281.546: [ParNew: 81499K->0K(92160K), 0.0005927 secs] 82917K->1418K(194560K), 0.0006442 secs] [Times: user=0.00 sys=0.00, real=0.00 secs] 
24282.552: [GC (Allocation Failure) 24282.552: [ParNew: 81499K->0K(92160K), 0.0005156 secs] 82917K->1418K(194560K), 0.0005665 secs] [Times: user=0.00 sys=0.00, real=0.00 secs] 
24284.556: [GC (Allocation Failure) 24284.556: [ParNew: 81499K->0K(92160K), 0.0009496 secs] 82917K->1418K(194560K), 0.0010021 secs] [Times: user=0.00 sys=0.00, real=0.00 secs] 
24286.562: [GC (Allocation Failure) 24286.562: [ParNew: 81499K->0K(92160K), 0.0005601 secs] 82917K->1418K(194560K), 0.0006132 secs] [Times: user=0.00 sys=0.00, real=0.00 secs] 
24287.569: [GC (Allocation Failure) 24287.569: [ParNew: 81499K->0K(92160K), 0.0012435 secs] 82917K->1418K(194560K), 0.0013145 secs] [Times: user=0.00 sys=0.00, real=0.00 secs] 
24289.578: [GC (Allocation Failure) 24289.578: [ParNew: 81499K->0K(92160K), 0.0007519 secs] 82917K->1418K(194560K), 0.0008283 secs] [Times: user=0.00 sys=0.00, real=0.00 secs] 
24290.587: [GC (Allocation Failure) 24290.587: [ParNew: 81499K->0K(92160K), 0.0008770 secs] 82917K->1418K(194560K), 0.0009576 secs] [Times: user=0.00 sys=0.00, real=0.00 secs] 
24292.597: [GC (Allocation Failure) 24292.597: [ParNew: 81499K->0K(92160K), 0.0010136 secs] 82917K->1418K(194560K), 0.0010925 secs] [Times: user=0.00 sys=0.00, real=0.00 secs] 
24293.606: [GC (Allocation Failure) 24293.606: [ParNew: 81499K->0K(92160K), 0.0009085 secs] 82917K->1418K(194560K), 0.0009854 secs] [Times: user=0.00 sys=0.00, real=0.00 secs] 
24295.616: [GC (Allocation Failure) 24295.616: [ParNew: 81499K->0K(92160K), 0.0006876 secs] 82917K->1418K(194560K), 0.0007515 secs] [Times: user=0.00 sys=0.00, real=0.00 secs] 
24297.622: [GC (Allocation Failure) 24297.622: [ParNew: 81499K->0K(92160K), 0.0012860 secs] 82917K->1418K(194560K), 0.0013826 secs] [Times: user=0.00 sys=0.00, real=0.00 secs] 
24298.631: [GC (Allocation Failure) 24298.631: [ParNew: 81499K->0K(92160K), 0.0006668 secs] 82917K->1418K(194560K), 0.0007307 secs] [Times: user=0.00 sys=0.00, real=0.00 secs] 
24300.638: [GC (Allocation Failure) 24300.638: [ParNew: 81499K->0K(92160K), 0.0011600 secs] 82917K->1418K(194560K), 0.0012586 secs] [Times: user=0.00 sys=0.00, real=0.00 secs] 
24301.651: [GC (Allocation Failure) 24301.651: [ParNew: 81499K->0K(92160K), 0.0007896 secs] 82917K->1418K(194560K), 0.0008873 secs] [Times: user=0.00 sys=0.00, real=0.00 secs] 
24303.657: [GC (Allocation Failure) 24303.657: [ParNew: 81499K->0K(92160K), 0.0004575 secs] 82917K->1418K(194560K), 0.0005094 secs] [Times: user=0.00 sys=0.00, real=0.00 secs] 
24305.662: [GC (Allocation Failure) 24305.662: [ParNew: 81499K->0K(92160K), 0.0005495 secs] 82917K->1418K(194560K), 0.0006235 secs] [Times: user=0.00 sys=0.00, real=0.00 secs] 
24306.669: [GC (Allocation Failure) 24306.669: [ParNew: 81499K->0K(92160K), 0.0004060 secs] 82917K->1418K(194560K), 0.0004526 secs] [Times: user=0.00 sys=0.00, real=0.00 secs] 
24308.675: [GC (Allocation Failure) 24308.675: [ParNew: 81499K->0K(92160K), 0.0004390 secs] 82917K->1418K(194560K), 0.0004865 secs] [Times: user=0.00 sys=0.00, real=0.00 secs] 
24309.681: [GC (Allocation Failure) 24309.681: [ParNew: 81499K->0K(92160K), 0.0003631 secs] 82917K->1418K(194560K), 0.0004188 secs] [Times: user=0.00 sys=0.00, real=0.00 secs] 
24311.687: [GC (Allocation Failure) 24311.687: [ParNew: 81499K->0K(92160K), 0.0004692 secs] 82917K->1418K(194560K), 0.0005183 secs] [Times: user=0.00 sys=0.00, real=0.00 secs] 
24312.692: [GC (Allocation Failure) 24312.693: [ParNew: 81499K->0K(92160K), 0.0004667 secs] 82917K->1418K(194560K), 0.0005179 secs] [Times: user=0.00 sys=0.00, real=0.00 secs] 
24314.698: [GC (Allocation Failure) 24314.698: [ParNew: 81499K->0K(92160K), 0.0005382 secs] 82917K->1418K(194560K), 0.0005921 secs] [Times: user=0.00 sys=0.00, real=0.00 secs] 
24316.703: [GC (Allocation Failure) 24316.703: [ParNew: 81499K->0K(92160K), 0.0008345 secs] 82917K->1418K(194560K), 0.0009402 secs] [Times: user=0.00 sys=0.00, real=0.00 secs] 
24317.712: [GC (Allocation Failure) 24317.713: [ParNew: 81499K->0K(92160K), 0.0005079 secs] 82917K->1418K(194560K), 0.0006226 secs] [Times: user=0.00 sys=0.00, real=0.00 secs] 
24319.724: [GC (Allocation Failure) 24319.724: [ParNew: 81499K->0K(92160K), 0.0012221 secs] 82917K->1418K(194560K), 0.0013307 secs] [Times: user=0.00 sys=0.00, real=0.00 secs] 
24320.737: [GC (Allocation Failure) 24320.737: [ParNew: 81499K->0K(92160K), 0.0010450 secs] 82917K->1418K(194560K), 0.0011502 secs] [Times: user=0.00 sys=0.00, real=0.00 secs] 
24322.752: [GC (Allocation Failure) 24322.752: [ParNew: 81499K->0K(92160K), 0.0013222 secs] 82917K->1418K(194560K), 0.0014510 secs] [Times: user=0.00 sys=0.00, real=0.00 secs] 
24324.768: [GC (Allocation Failure) 24324.768: [ParNew: 81499K->0K(92160K), 0.0015954 secs] 82917K->1418K(194560K), 0.0017317 secs] [Times: user=0.00 sys=0.00, real=0.00 secs] 
24325.782: [GC (Allocation Failure) 24325.782: [ParNew: 81499K->0K(92160K), 0.0008770 secs] 82917K->1418K(194560K), 0.0009469 secs] [Times: user=0.00 sys=0.00, real=0.00 secs] 
24327.796: [GC (Allocation Failure) 24327.796: [ParNew: 81499K->0K(92160K), 0.0010802 secs] 82917K->1418K(194560K), 0.0011794 secs] [Times: user=0.00 sys=0.00, real=0.00 secs] 
24328.812: [GC (Allocation Failure) 24328.813: [ParNew: 81499K->0K(92160K), 0.0009688 secs] 82917K->1418K(194560K), 0.0011545 secs] [Times: user=0.00 sys=0.00, real=0.00 secs] 
24330.828: [GC (Allocation Failure) 24330.828: [ParNew: 81499K->0K(92160K), 0.0011850 secs] 82917K->1418K(194560K), 0.0012928 secs] [Times: user=0.00 sys=0.00, real=0.00 secs] 
24331.844: [GC (Allocation Failure) 24331.844: [ParNew: 81499K->0K(92160K), 0.0005999 secs] 82917K->1418K(194560K), 0.0006459 secs] [Times: user=0.00 sys=0.00, real=0.00 secs] 
24333.851: [GC (Allocation Failure) 24333.851: [ParNew: 81499K->0K(92160K), 0.0007649 secs] 82917K->1418K(194560K), 0.0009389 secs] [Times: user=0.00 sys=0.00, real=0.00 secs] 
24335.859: [GC (Allocation Failure) 24335.859: [ParNew: 81499K->0K(92160K), 0.0009997 secs] 82917K->1418K(194560K), 0.0010878 secs] [Times: user=0.00 sys=0.00, real=0.00 secs] 
24336.870: [GC (Allocation Failure) 24336.870: [ParNew: 81499K->0K(92160K), 0.0009919 secs] 82917K->1418K(194560K), 0.0011070 secs] [Times: user=0.00 sys=0.00, real=0.00 secs] 
24338.886: [GC (Allocation Failure) 24338.886: [ParNew: 81499K->0K(92160K), 0.0007423 secs] 82917K->1418K(194560K), 0.0008159 secs] [Times: user=0.00 sys=0.00, real=0.00 secs] 
24339.894: [GC (Allocation Failure) 24339.894: [ParNew: 81499K->0K(92160K), 0.0007181 secs] 82917K->1418K(194560K), 0.0007644 secs] [Times: user=0.00 sys=0.00, real=0.00 secs] 
24341.903: [GC (Allocation Failure) 24341.903: [ParNew: 81499K->0K(92160K), 0.0013192 secs] 82917K->1418K(194560K), 0.0014770 secs] [Times: user=0.00 sys=0.00, real=0.00 secs] 
24342.916: [GC (Allocation Failure) 24342.916: [ParNew: 81499K->0K(92160K), 0.0010573 secs] 82917K->1418K(194560K), 0.0011524 secs] [Times: user=0.00 sys=0.00, real=0.00 secs] 
24344.934: [GC (Allocation Failure) 24344.934: [ParNew: 81499K->0K(92160K), 0.0015107 secs] 82917K->1418K(194560K), 0.0016179 secs] [Times: user=0.00 sys=0.00, real=0.00 secs] 
